Archive member included to satisfy reference by file (symbol)

C:/PROGRAM FILES (X86)/ARM GNU TOOLCHAIN ARM-NONE-EABI/13.3 REL1/BIN/../lib/gcc/arm-none-eabi/13.3.1/thumb/v7e-m+fp/hard\libc_nano.a(libc_a-exit.o)
                              C:/PROGRAM FILES (X86)/ARM GNU TOOLCHAIN ARM-NONE-EABI/13.3 REL1/BIN/../lib/gcc/arm-none-eabi/13.3.1/thumb/v7e-m+fp/hard/crt0.o (exit)
C:/PROGRAM FILES (X86)/ARM GNU TOOLCHAIN ARM-NONE-EABI/13.3 REL1/BIN/../lib/gcc/arm-none-eabi/13.3.1/thumb/v7e-m+fp/hard\libc_nano.a(libc_a-malloc.o)
                              build/debug/linea_math.o (malloc)
C:/PROGRAM FILES (X86)/ARM GNU TOOLCHAIN ARM-NONE-EABI/13.3 REL1/BIN/../lib/gcc/arm-none-eabi/13.3.1/thumb/v7e-m+fp/hard\libc_nano.a(libc_a-mallocr.o)
                              C:/PROGRAM FILES (X86)/ARM GNU TOOLCHAIN ARM-NONE-EABI/13.3 REL1/BIN/../lib/gcc/arm-none-eabi/13.3.1/thumb/v7e-m+fp/hard\libc_nano.a(libc_a-malloc.o) (_malloc_r)
C:/PROGRAM FILES (X86)/ARM GNU TOOLCHAIN ARM-NONE-EABI/13.3 REL1/BIN/../lib/gcc/arm-none-eabi/13.3.1/thumb/v7e-m+fp/hard\libc_nano.a(libc_a-mlock.o)
                              C:/PROGRAM FILES (X86)/ARM GNU TOOLCHAIN ARM-NONE-EABI/13.3 REL1/BIN/../lib/gcc/arm-none-eabi/13.3.1/thumb/v7e-m+fp/hard\libc_nano.a(libc_a-mallocr.o) (__malloc_lock)
C:/PROGRAM FILES (X86)/ARM GNU TOOLCHAIN ARM-NONE-EABI/13.3 REL1/BIN/../lib/gcc/arm-none-eabi/13.3.1/thumb/v7e-m+fp/hard\libc_nano.a(libc_a-findfp.o)
                              C:/PROGRAM FILES (X86)/ARM GNU TOOLCHAIN ARM-NONE-EABI/13.3 REL1/BIN/../lib/gcc/arm-none-eabi/13.3.1/thumb/v7e-m+fp/hard\libc_nano.a(libc_a-exit.o) (__stdio_exit_handler)
C:/PROGRAM FILES (X86)/ARM GNU TOOLCHAIN ARM-NONE-EABI/13.3 REL1/BIN/../lib/gcc/arm-none-eabi/13.3.1/thumb/v7e-m+fp/hard\libc_nano.a(libc_a-fwalk.o)
                              C:/PROGRAM FILES (X86)/ARM GNU TOOLCHAIN ARM-NONE-EABI/13.3 REL1/BIN/../lib/gcc/arm-none-eabi/13.3.1/thumb/v7e-m+fp/hard\libc_nano.a(libc_a-findfp.o) (_fwalk_sglue)
C:/PROGRAM FILES (X86)/ARM GNU TOOLCHAIN ARM-NONE-EABI/13.3 REL1/BIN/../lib/gcc/arm-none-eabi/13.3.1/thumb/v7e-m+fp/hard\libc_nano.a(libc_a-printf.o)
                              build/debug/dbg_trace.o (printf)
C:/PROGRAM FILES (X86)/ARM GNU TOOLCHAIN ARM-NONE-EABI/13.3 REL1/BIN/../lib/gcc/arm-none-eabi/13.3.1/thumb/v7e-m+fp/hard\libc_nano.a(libc_a-putchar.o)
                              build/debug/linea.o (putchar)
C:/PROGRAM FILES (X86)/ARM GNU TOOLCHAIN ARM-NONE-EABI/13.3 REL1/BIN/../lib/gcc/arm-none-eabi/13.3.1/thumb/v7e-m+fp/hard\libc_nano.a(libc_a-stdio.o)
                              C:/PROGRAM FILES (X86)/ARM GNU TOOLCHAIN ARM-NONE-EABI/13.3 REL1/BIN/../lib/gcc/arm-none-eabi/13.3.1/thumb/v7e-m+fp/hard\libc_nano.a(libc_a-findfp.o) (__sread)
C:/PROGRAM FILES (X86)/ARM GNU TOOLCHAIN ARM-NONE-EABI/13.3 REL1/BIN/../lib/gcc/arm-none-eabi/13.3.1/thumb/v7e-m+fp/hard\libc_nano.a(libc_a-vprintf.o)
                              build/debug/dbg_trace.o (vprintf)
C:/PROGRAM FILES (X86)/ARM GNU TOOLCHAIN ARM-NONE-EABI/13.3 REL1/BIN/../lib/gcc/arm-none-eabi/13.3.1/thumb/v7e-m+fp/hard\libc_nano.a(libc_a-memcmp.o)
                              build/debug/osal.o (memcmp)
C:/PROGRAM FILES (X86)/ARM GNU TOOLCHAIN ARM-NONE-EABI/13.3 REL1/BIN/../lib/gcc/arm-none-eabi/13.3.1/thumb/v7e-m+fp/hard\libc_nano.a(libc_a-memset.o)
                              C:/PROGRAM FILES (X86)/ARM GNU TOOLCHAIN ARM-NONE-EABI/13.3 REL1/BIN/../lib/gcc/arm-none-eabi/13.3.1/thumb/v7e-m+fp/hard/crt0.o (memset)
C:/PROGRAM FILES (X86)/ARM GNU TOOLCHAIN ARM-NONE-EABI/13.3 REL1/BIN/../lib/gcc/arm-none-eabi/13.3.1/thumb/v7e-m+fp/hard\libc_nano.a(libc_a-strrchr.o)
                              build/debug/dbg_trace.o (strrchr)
C:/PROGRAM FILES (X86)/ARM GNU TOOLCHAIN ARM-NONE-EABI/13.3 REL1/BIN/../lib/gcc/arm-none-eabi/13.3.1/thumb/v7e-m+fp/hard\libc_nano.a(libc_a-closer.o)
                              C:/PROGRAM FILES (X86)/ARM GNU TOOLCHAIN ARM-NONE-EABI/13.3 REL1/BIN/../lib/gcc/arm-none-eabi/13.3.1/thumb/v7e-m+fp/hard\libc_nano.a(libc_a-stdio.o) (_close_r)
C:/PROGRAM FILES (X86)/ARM GNU TOOLCHAIN ARM-NONE-EABI/13.3 REL1/BIN/../lib/gcc/arm-none-eabi/13.3.1/thumb/v7e-m+fp/hard\libc_nano.a(libc_a-reent.o)
                              C:/PROGRAM FILES (X86)/ARM GNU TOOLCHAIN ARM-NONE-EABI/13.3 REL1/BIN/../lib/gcc/arm-none-eabi/13.3.1/thumb/v7e-m+fp/hard\libc_nano.a(libc_a-closer.o) (errno)
C:/PROGRAM FILES (X86)/ARM GNU TOOLCHAIN ARM-NONE-EABI/13.3 REL1/BIN/../lib/gcc/arm-none-eabi/13.3.1/thumb/v7e-m+fp/hard\libc_nano.a(libc_a-impure.o)
                              C:/PROGRAM FILES (X86)/ARM GNU TOOLCHAIN ARM-NONE-EABI/13.3 REL1/BIN/../lib/gcc/arm-none-eabi/13.3.1/thumb/v7e-m+fp/hard\libc_nano.a(libc_a-malloc.o) (_impure_ptr)
C:/PROGRAM FILES (X86)/ARM GNU TOOLCHAIN ARM-NONE-EABI/13.3 REL1/BIN/../lib/gcc/arm-none-eabi/13.3.1/thumb/v7e-m+fp/hard\libc_nano.a(libc_a-lseekr.o)
[...]
Memory Configuration

Name             Origin             Length             Attributes
FLASH            0x08000000         0x00080000         xr
RAM1             0x20000008         0x0002fff8         xrw
RAM_SHARED       0x20030000         0x00002800         xrw
*default*        0x00000000         0xffffffff

Linker script and memory map

LOAD C:/PROGRAM FILES (X86)/ARM GNU TOOLCHAIN ARM-NONE-EABI/13.3 REL1/BIN/../lib/gcc/arm-none-eabi/13.3.1/thumb/v7e-m+fp/hard/crti.o
LOAD C:/PROGRAM FILES (X86)/ARM GNU TOOLCHAIN ARM-NONE-EABI/13.3 REL1/BIN/../lib/gcc/arm-none-eabi/13.3.1/thumb/v7e-m+fp/hard/crtbegin.o
LOAD C:/PROGRAM FILES (X86)/ARM GNU TOOLCHAIN ARM-NONE-EABI/13.3 REL1/BIN/../lib/gcc/arm-none-eabi/13.3.1/thumb/v7e-m+fp/hard/crt0.o
LOAD build/debug/BCG.o
LOAD build/debug/app_ble.o
LOAD build/debug/app_debug.o
LOAD build/debug/app_entry.o
LOAD build/debug/ble_events.o
LOAD build/debug/ble_gap_aci.o
LOAD build/debug/ble_gatt_aci.o
LOAD build/debug/ble_hal_aci.o
LOAD build/debug/ble_hci_le.o
LOAD build/debug/ble_l2cap_aci.o
LOAD build/debug/custom_app.o
LOAD build/debug/custom_stm.o
LOAD build/debug/dbg_trace.o
LOAD build/debug/hci_tl.o
LOAD build/debug/hci_tl_if.o
LOAD build/debug/hw_ipcc.o
LOAD build/debug/hw_timerserver.o
LOAD build/debug/linea.o
LOAD build/debug/linea_bsp_linea_v1.o
LOAD build/debug/linea_math.o
LOAD build/debug/linea_passive_pen.o
LOAD build/debug/main.o
LOAD build/debug/osal.o
LOAD build/debug/otp.o
LOAD build/debug/shci.o
LOAD build/debug/shci_tl.o
LOAD build/debug/shci_tl_if.o
LOAD build/debug/stm32_lpm.o
LOAD build/debug/stm32_lpm_if.o
LOAD build/debug/stm32_seq.o
LOAD build/debug/stm32wbxx_hal.o
LOAD build/debug/stm32wbxx_hal_adc.o
LOAD build/debug/stm32wbxx_hal_adc_ex.o
LOAD build/debug/stm32wbxx_hal_cortex.o
LOAD build/debug/stm32wbxx_hal_dma.o
LOAD build/debug/stm32wbxx_hal_dma_ex.o
LOAD build/debug/stm32wbxx_hal_exti.o
LOAD build/debug/stm32wbxx_hal_flash.o
LOAD build/debug/stm32wbxx_hal_flash_ex.o
LOAD build/debug/stm32wbxx_hal_gpio.o
LOAD build/debug/stm32wbxx_hal_hsem.o
LOAD build/debug/stm32wbxx_hal_i2c.o
LOAD build/debug/stm32wbxx_hal_i2c_ex.o
LOAD build/debug/stm32wbxx_hal_ipcc.o
LOAD build/debug/stm32wbxx_hal_msp.o
LOAD build/debug/stm32wbxx_hal_pcd.o
LOAD build/debug/stm32wbxx_hal_pcd_ex.o
LOAD build/debug/stm32wbxx_hal_pwr.o
LOAD build/debug/stm32wbxx_hal_pwr_ex.o
LOAD build/debug/stm32wbxx_hal_rcc.o
LOAD build/debug/stm32wbxx_hal_rcc_ex.o
LOAD build/debug/stm32wbxx_hal_rtc.o
LOAD build/debug/stm32wbxx_hal_rtc_ex.o
LOAD build/debug/stm32wbxx_hal_tim.o
LOAD build/debug/stm32wbxx_hal_tim_ex.o
LOAD build/debug/stm32wbxx_hal_uart.o
LOAD build/debug/stm32wbxx_hal_uart_ex.o
LOAD build/debug/stm32wbxx_it.o
LOAD build/debug/stm32wbxx_ll_adc.o
LOAD build/debug/stm32wbxx_ll_rcc.o
LOAD build/debug/stm32wbxx_ll_usb.o
LOAD build/debug/stm_list.o
LOAD build/debug/stm_queue.o
LOAD build/debug/svc_ctl.o
LOAD build/debug/syscalls.o
LOAD build/debug/sysmem.o
LOAD build/debug/system_stm32wbxx.o
LOAD build/debug/tl_mbox.o
LOAD build/debug/usb_device.o
LOAD build/debug/usbd_conf.o
LOAD build/debug/usbd_core.o
LOAD build/debug/usbd_ctlreq.o
LOAD build/debug/usbd_desc.o
LOAD build/debug/usbd_hid.o
LOAD build/debug/usbd_ioreq.o
LOAD build/debug/startup_stm32wb55xx_cm4.o
LOAD C:/PROGRAM FILES (X86)/ARM GNU TOOLCHAIN ARM-NONE-EABI/13.3 REL1/BIN/../lib/gcc/arm-none-eabi/13.3.1/thumb/v7e-m+fp/hard\libc_nano.a
LOAD C:/PROGRAM FILES (X86)/ARM GNU TOOLCHAIN ARM-NONE-EABI/13.3 REL1/BIN/../lib/gcc/arm-none-eabi/13.3.1/thumb/v7e-m+fp/hard\libm.a
LOAD C:/PROGRAM FILES (X86)/ARM GNU TOOLCHAIN ARM-NONE-EABI/13.3 REL1/BIN/../lib/gcc/arm-none-eabi/13.3.1/thumb/v7e-m+fp/hard\libnosys.a
START GROUP
LOAD C:/PROGRAM FILES (X86)/ARM GNU TOOLCHAIN ARM-NONE-EABI/13.3 REL1/BIN/../lib/gcc/arm-none-eabi/13.3.1/thumb/v7e-m+fp/hard\libgcc.a
LOAD C:/PROGRAM FILES (X86)/ARM GNU TOOLCHAIN ARM-NONE-EABI/13.3 REL1/BIN/../lib/gcc/arm-none-eabi/13.3.1/thumb/v7e-m+fp/hard\libc_nano.a
END GROUP
START GROUP
LOAD C:/PROGRAM FILES (X86)/ARM GNU TOOLCHAIN ARM-NONE-EABI/13.3 REL1/BIN/../lib/gcc/arm-none-eabi/13.3.1/thumb/v7e-m+fp/hard\libgcc.a
LOAD C:/PROGRAM FILES (X86)/ARM GNU TOOLCHAIN ARM-NONE-EABI/13.3 REL1/BIN/../lib/gcc/arm-none-eabi/13.3.1/thumb/v7e-m+fp/hard\libc_nano.a
END GROUP
LOAD C:/PROGRAM FILES (X86)/ARM GNU TOOLCHAIN ARM-NONE-EABI/13.3 REL1/BIN/../lib/gcc/arm-none-eabi/13.3.1/thumb/v7e-m+fp/hard/crtend.o
LOAD C:/PROGRAM FILES (X86)/ARM GNU TOOLCHAIN ARM-NONE-EABI/13.3 REL1/BIN/../lib/gcc/arm-none-eabi/13.3.1/thumb/v7e-m+fp/hard/crtn.o
                0x20030000                        _estack = 0x20030000
                0x00000200                        _Min_Heap_Size = 0x200
                0x00000400                        _Min_Stack_Size = 0x400

.isr_vector     0x08000000      0x13c
                0x08000000                        . = ALIGN (0x4)
 *(.isr_vector)
 .isr_vector    0x08000000      0x13c build/debug/startup_stm32wb55xx_cm4.o
                0x08000000                g_pfnVectors
                0x0800013c                        . = ALIGN (0x4)

.text           0x08000140     0xb2fc
                0x08000140                        . = ALIGN (0x4)
 *(.text)
 .text          0x08000140       0xa0 C:/PROGRAM FILES (X86)/ARM GNU TOOLCHAIN ARM-NONE-EABI/13.3 REL1/BIN/../lib/gcc/arm-none-eabi/13.3.1/thumb/v7e-m+fp/hard\libc_nano.a(libc_a-memchr.o)
                0x08000140                memchr
 .text          0x080001e0      0x378 C:/PROGRAM FILES (X86)/ARM GNU TOOLCHAIN ARM-NONE-EABI/13.3 REL1/BIN/../lib/gcc/arm-none-eabi/13.3.1/thumb/v7e-m+fp/hard\libgcc.a(_arm_addsubdf3.o)
                0x080001e0                __aeabi_drsub
                0x080001e8                __aeabi_dsub
                0x080001e8                __subdf3
                0x080001ec                __aeabi_dadd
                0x080001ec                __adddf3
                0x08000464                __floatunsidf
                0x08000464                __aeabi_ui2d
                0x08000484                __floatsidf
                0x08000484                __aeabi_i2d
                0x080004a8                __aeabi_f2d
                0x080004a8                __extendsfdf2
                0x080004ec                __floatundidf
                0x080004ec                __aeabi_ul2d
                0x080004fc                __floatdidf
                0x080004fc                __aeabi_l2d
 .text          0x08000558       0x30 C:/PROGRAM FILES (X86)/ARM GNU TOOLCHAIN ARM-NONE-EABI/13.3 REL1/BIN/../lib/gcc/arm-none-eabi/13.3.1/thumb/v7e-m+fp/hard\libgcc.a(_aeabi_uldivmod.o)
                0x08000558                __aeabi_uldivmod
 .text          0x08000588        0x4 C:/PROGRAM FILES (X86)/ARM GNU TOOLCHAIN ARM-NONE-EABI/13.3 REL1/BIN/../lib/gcc/arm-none-eabi/13.3.1/thumb/v7e-m+fp/hard\libgcc.a(_dvmd_tls.o)
                0x08000588                __aeabi_idiv0
                0x08000588                __aeabi_ldiv0
 *(.text*)
 .text.deregister_tm_clones
                0x0800058c       0x1c C:/PROGRAM FILES (X86)/ARM GNU TOOLCHAIN ARM-NONE-EABI/13.3 REL1/BIN/../lib/gcc/arm-none-eabi/13.3.1/thumb/v7e-m+fp/hard/crtbegin.o
 .text.register_tm_clones
                0x080005a8       0x24 C:/PROGRAM FILES (X86)/ARM GNU TOOLCHAIN ARM-NONE-EABI/13.3 REL1/BIN/../lib/gcc/arm-none-eabi/13.3.1/thumb/v7e-m+fp/hard/crtbegin.o
 .text.__do_global_dtors_aux
                0x080005cc       0x28 C:/PROGRAM FILES (X86)/ARM GNU TOOLCHAIN ARM-NONE-EABI/13.3 REL1/BIN/../lib/gcc/arm-none-eabi/13.3.1/thumb/v7e-m+fp/hard/crtbegin.o
 .text.frame_dummy
                0x080005f4       0x24 C:/PROGRAM FILES (X86)/ARM GNU TOOLCHAIN ARM-NONE-EABI/13.3 REL1/BIN/../lib/gcc/arm-none-eabi/13.3.1/thumb/v7e-m+fp/hard/crtbegin.o
 .text.Adv_Cancel
                0x08000618       0x20 build/debug/app_ble.o
 .text.Ble_Tl_Init
                0x08000638       0x28 build/debug/app_ble.o
 .text.BLE_UserEvtRx
                0x08000660       0x1a build/debug/app_ble.o
 .text.BLE_StatusNot
                0x0800067a       0x18 build/debug/app_ble.o
 *fill*         0x08000692        0x2 
 .text.BleGetBdAddress
                0x08000694       0x4c build/debug/app_ble.o
 .text.Ble_Hci_Gap_Gatt_Init
                0x080006e0       0xdc build/debug/app_ble.o
 .text.Adv_Request
                0x080007bc       0x3c build/debug/app_ble.o
 .text.APP_BLE_Init
                0x080007f8       0x94 build/debug/app_ble.o
                0x080007f8                APP_BLE_Init
 .text.SVCCTL_App_Notification
                0x0800088c       0xc4 build/debug/app_ble.o
                0x0800088c                SVCCTL_App_Notification
 .text.hci_notify_asynch_evt
                0x08000950        0xc build/debug/app_ble.o
                0x08000950                hci_notify_asynch_evt
 .text.hci_cmd_resp_release
                0x0800095c        0xa build/debug/app_ble.o
                0x0800095c                hci_cmd_resp_release
 .text.hci_cmd_resp_wait
                0x08000966        0xa build/debug/app_ble.o
                0x08000966                hci_cmd_resp_wait
 .text.APPD_EnableCPU2
                0x08000970       0x34 build/debug/app_debug.o
                0x08000970                APPD_EnableCPU2
 .text.Init_Rtc
                0x080009a4       0x1c build/debug/app_entry.o
 .text.APPE_SysStatusNot
                0x080009c0        0x2 build/debug/app_entry.o
 *fill*         0x080009c2        0x2 
 .text.Config_HSE
                0x080009c4       0x2c build/debug/app_entry.o
 .text.SystemPower_Config
                0x080009f0       0x2c build/debug/app_entry.o
 .text.appe_Tl_Init
                0x08000a1c       0x60 build/debug/app_entry.o
 .text.APPE_SysEvtReadyProcessing
                0x08000a7c       0x60 build/debug/app_entry.o
 .text.APPE_SysUserEvtRx
                0x08000adc       0x24 build/debug/app_entry.o
 .text.MX_APPE_Config
                0x08000b00       0x14 build/debug/app_entry.o
                0x08000b00                MX_APPE_Config
 .text.Init_Exti
                0x08000b14       0x14 build/debug/app_entry.o
                0x08000b14                Init_Exti
 .text.System_Init
                0x08000b28        0xc build/debug/app_entry.o
 .text.MX_APPE_Init
                0x08000b34       0x1c build/debug/app_entry.o
                0x08000b34                MX_APPE_Init
 .text.MX_APPE_Process
                0x08000b50        0xc build/debug/app_entry.o
                0x08000b50                MX_APPE_Process
 .text.UTIL_SEQ_Idle
                0x08000b5c        0x2 build/debug/app_entry.o
                0x08000b5c                UTIL_SEQ_Idle
 .text.shci_notify_asynch_evt
                0x08000b5e        0xc build/debug/app_entry.o
                0x08000b5e                shci_notify_asynch_evt
 .text.shci_cmd_resp_release
                0x08000b6a        0xa build/debug/app_entry.o
                0x08000b6a                shci_cmd_resp_release
 .text.shci_cmd_resp_wait
                0x08000b74        0xa build/debug/app_entry.o
                0x08000b74                shci_cmd_resp_wait
 .text.aci_gap_set_non_discoverable
                0x08000b7e       0x42 build/debug/ble_gap_aci.o
                0x08000b7e                aci_gap_set_non_discoverable
 .text.aci_gap_set_discoverable
                0x08000bc0       0xb4 build/debug/ble_gap_aci.o
                0x08000bc0                aci_gap_set_discoverable
 .text.aci_gap_set_io_capability
                0x08000c74       0x4c build/debug/ble_gap_aci.o
                0x08000c74                aci_gap_set_io_capability
 .text.aci_gap_set_authentication_requirement
                0x08000cc0       0x80 build/debug/ble_gap_aci.o
                0x08000cc0                aci_gap_set_authentication_requirement
 .text.aci_gap_pass_key_resp
                0x08000d40       0x52 build/debug/ble_gap_aci.o
                0x08000d40                aci_gap_pass_key_resp
 .text.aci_gap_init
                0x08000d92       0x7e build/debug/ble_gap_aci.o
                0x08000d92                aci_gap_init
 .text.aci_gap_update_adv_data
                0x08000e10       0x5a build/debug/ble_gap_aci.o
                0x08000e10                aci_gap_update_adv_data
 .text.aci_gap_configure_filter_accept_list
                0x08000e6a       0x42 build/debug/ble_gap_aci.o
                0x08000e6a                aci_gap_configure_filter_accept_list
 .text.aci_gap_numeric_comparison_value_confirm_yesno
                0x08000eac       0x52 build/debug/ble_gap_aci.o
                0x08000eac                aci_gap_numeric_comparison_value_confirm_yesno
 .text.aci_gatt_init
                0x08000efe       0x44 build/debug/ble_gatt_aci.o
                0x08000efe                aci_gatt_init
 .text.aci_gatt_add_service
                0x08000f42       0xa0 build/debug/ble_gatt_aci.o
                0x08000f42                aci_gatt_add_service
 .text.aci_gatt_add_char
                0x08000fe2       0xc0 build/debug/ble_gatt_aci.o
                0x08000fe2                aci_gatt_add_char
 .text.aci_gatt_update_char_value
                0x080010a2       0x6a build/debug/ble_gatt_aci.o
                0x080010a2                aci_gatt_update_char_value
 .text.aci_gatt_confirm_indication
                0x0800110c       0x50 build/debug/ble_gatt_aci.o
                0x0800110c                aci_gatt_confirm_indication
 .text.aci_hal_write_config_data
                0x0800115c       0x60 build/debug/ble_hal_aci.o
                0x0800115c                aci_hal_write_config_data
 .text.aci_hal_set_tx_power_level
                0x080011bc       0x52 build/debug/ble_hal_aci.o
                0x080011bc                aci_hal_set_tx_power_level
 .text.aci_hal_set_radio_activity_mask
                0x0800120e       0x4e build/debug/ble_hal_aci.o
                0x0800120e                aci_hal_set_radio_activity_mask
 .text.hci_reset
                0x0800125c       0x40 build/debug/ble_hci_le.o
                0x0800125c                hci_reset
 .text.hci_le_set_default_phy
                0x0800129c       0x56 build/debug/ble_hci_le.o
                0x0800129c                hci_le_set_default_phy
 .text.Custom_STM_App_Notification
                0x080012f2        0x2 build/debug/custom_app.o
                0x080012f2                Custom_STM_App_Notification
 .text.Custom_APP_Notification
                0x080012f4        0x2 build/debug/custom_app.o
                0x080012f4                Custom_APP_Notification
 .text.Custom_APP_Init
                0x080012f6        0x2 build/debug/custom_app.o
                0x080012f6                Custom_APP_Init
 .text.Custom_STM_Event_Handler
                0x080012f8       0x7c build/debug/custom_stm.o
 .text.SVCCTL_InitCustomSvc
                0x08001374       0xfc build/debug/custom_stm.o
                0x08001374                SVCCTL_InitCustomSvc
 .text.NotifyCmdStatus
                0x08001470       0x20 build/debug/hci_tl.o
 .text.TlInit   0x08001490       0x48 build/debug/hci_tl.o
 .text.SendCmd  0x080014d8       0x30 build/debug/hci_tl.o
 .text.hci_init
                0x08001508       0x24 build/debug/hci_tl.o
                0x08001508                hci_init
 .text.hci_user_evt_proc
                0x0800152c       0x80 build/debug/hci_tl.o
                0x0800152c                hci_user_evt_proc
 .text.hci_send_req
                0x080015ac       0xac build/debug/hci_tl.o
                0x080015ac                hci_send_req
 .text.TlEvtReceived
                0x08001658       0x34 build/debug/hci_tl.o
 .text.hci_register_io_bus
                0x0800168c       0x14 build/debug/hci_tl_if.o
                0x0800168c                hci_register_io_bus
 .text.HW_IPCC_MM_FreeBufHandler
                0x080016a0       0x2c build/debug/hw_ipcc.o
 .text.HW_IPCC_Enable
                0x080016cc       0x50 build/debug/hw_ipcc.o
                0x080016cc                HW_IPCC_Enable
 .text.HW_IPCC_Init
                0x0800171c       0x44 build/debug/hw_ipcc.o
                0x0800171c                HW_IPCC_Init
 .text.HW_IPCC_BLE_Init
                0x08001760       0x1c build/debug/hw_ipcc.o
                0x08001760                HW_IPCC_BLE_Init
 .text.HW_IPCC_BLE_SendCmd
                0x0800177c       0x10 build/debug/hw_ipcc.o
                0x0800177c                HW_IPCC_BLE_SendCmd
 .text.HW_IPCC_BLE_AclDataEvtHandler
                0x0800178c       0x20 build/debug/hw_ipcc.o
 .text.HW_IPCC_BLE_EvtHandler
                0x080017ac       0x14 build/debug/hw_ipcc.o
 .text.HW_IPCC_SYS_Init
                0x080017c0       0x1c build/debug/hw_ipcc.o
                0x080017c0                HW_IPCC_SYS_Init
 .text.HW_IPCC_SYS_SendCmd
                0x080017dc       0x20 build/debug/hw_ipcc.o
                0x080017dc                HW_IPCC_SYS_SendCmd
 .text.HW_IPCC_SYS_CmdEvtHandler
                0x080017fc       0x20 build/debug/hw_ipcc.o
 .text.HW_IPCC_Tx_Handler
                0x0800181c       0x58 build/debug/hw_ipcc.o
                0x0800181c                HW_IPCC_Tx_Handler
 .text.HW_IPCC_SYS_EvtHandler
                0x08001874       0x14 build/debug/hw_ipcc.o
 .text.HW_IPCC_MM_SendFreeBuf
                0x08001888       0x3c build/debug/hw_ipcc.o
                0x08001888                HW_IPCC_MM_SendFreeBuf
 .text.HW_IPCC_TRACES_Init
                0x080018c4       0x1c build/debug/hw_ipcc.o
                0x080018c4                HW_IPCC_TRACES_Init
 .text.HW_IPCC_TRACES_EvtHandler
                0x080018e0       0x14 build/debug/hw_ipcc.o
 .text.HW_IPCC_Rx_Handler
                0x080018f4       0x58 build/debug/hw_ipcc.o
                0x080018f4                HW_IPCC_Rx_Handler
 .text.ReadRtcSsrValue
                0x0800194c       0x20 build/debug/hw_timerserver.o
 .text.LinkTimerAfter
                0x0800196c       0x40 build/debug/hw_timerserver.o
 .text.LinkTimerBefore
                0x080019ac       0x68 build/debug/hw_timerserver.o
 .text.UnlinkTimer
                0x08001a14       0xa0 build/debug/hw_timerserver.o
 .text.ReturnTimeElapsed
                0x08001ab4       0x54 build/debug/hw_timerserver.o
 .text.linkTimer
                0x08001b08       0xdc build/debug/hw_timerserver.o
 .text.RestartWakeupCounter
                0x08001be4       0x88 build/debug/hw_timerserver.o
 .text.RescheduleTimerList
                0x08001c6c       0xd4 build/debug/hw_timerserver.o
 .text.HW_TS_Init
                0x08001d40      0x150 build/debug/hw_timerserver.o
                0x08001d40                HW_TS_Init
 .text.HW_TS_Stop
                0x08001e90       0xc0 build/debug/hw_timerserver.o
                0x08001e90                HW_TS_Stop
 .text.HW_TS_Start
                0x08001f50       0xa0 build/debug/hw_timerserver.o
                0x08001f50                HW_TS_Start
 .text.HW_TS_RTC_Int_AppNot
                0x08001ff0        0x6 build/debug/hw_timerserver.o
                0x08001ff0                HW_TS_RTC_Int_AppNot
 *fill*         0x08001ff6        0x2 
 .text.HW_TS_RTC_Wakeup_Handler
                0x08001ff8       0xe4 build/debug/hw_timerserver.o
                0x08001ff8                HW_TS_RTC_Wakeup_Handler
 .text.linea_scan_for_pen
                0x080020dc       0xc4 build/debug/linea.o
 .text.linea_init
                0x080021a0       0x70 build/debug/linea.o
                0x080021a0                linea_init
 .text.linea_get_position
                0x08002210       0x74 build/debug/linea.o
                0x08002210                linea_get_position
 .text.linea_track_pen
                0x08002284       0xec build/debug/linea.o
 .text.linea_cycle
                0x08002370       0x30 build/debug/linea.o
                0x08002370                linea_cycle
 .text.linea_coil_select
                0x080023a0      0x3f0 build/debug/linea_bsp_linea_v1.o
                0x080023a0                linea_coil_select
 .text.linea_TIM_init
                0x08002790       0x44 build/debug/linea_bsp_linea_v1.o
                0x08002790                linea_TIM_init
 .text.linea_ADC_init
                0x080027d4       0x20 build/debug/linea_bsp_linea_v1.o
                0x080027d4                linea_ADC_init
 .text.linea_set_freq
                0x080027f4       0x84 build/debug/linea_bsp_linea_v1.o
                0x080027f4                linea_set_freq
 .text._linea_adc_multisample
                0x08002878       0x60 build/debug/linea_bsp_linea_v1.o
                0x08002878                _linea_adc_multisample
 .text.linea_simple_take_sample
                0x080028d8       0xa8 build/debug/linea_bsp_linea_v1.o
                0x080028d8                linea_simple_take_sample
 .text.linea_transmit
                0x08002980       0x28 build/debug/linea_bsp_linea_v1.o
                0x08002980                linea_transmit
 .text.MX_GPIO_Init
                0x080029a8      0x130 build/debug/main.o
 .text.Error_Handler
                0x08002ad8        0x4 build/debug/main.o
                0x08002ad8                Error_Handler
 .text.MX_IPCC_Init
                0x08002adc       0x1c build/debug/main.o
 .text.MX_ADC1_Init
                0x08002af8       0x80 build/debug/main.o
 .text.MX_I2C1_Init
                0x08002b78       0x54 build/debug/main.o
 .text.MX_TIM1_Init
                0x08002bcc      0x114 build/debug/main.o
 .text.MX_TIM16_Init
                0x08002ce0       0xb0 build/debug/main.o
 .text.MX_USART1_UART_Init
                0x08002d90       0x60 build/debug/main.o
 .text.MX_TIM2_Init
                0x08002df0       0x98 build/debug/main.o
 .text.MX_RTC_Init
                0x08002e88       0x44 build/debug/main.o
 .text.SystemClock_Config
                0x08002ecc       0xc8 build/debug/main.o
                0x08002ecc                SystemClock_Config
 .text.PeriphCommonClock_Config
                0x08002f94       0x64 build/debug/main.o
                0x08002f94                PeriphCommonClock_Config
 .text.main     0x08002ff8       0x4c build/debug/main.o
                0x08002ff8                main
 .text.Osal_MemCpy
                0x08003044        0x8 build/debug/osal.o
                0x08003044                Osal_MemCpy
 .text.Osal_MemSet
                0x0800304c        0x8 build/debug/osal.o
                0x0800304c                Osal_MemSet
 .text.OTP_Read
                0x08003054       0x28 build/debug/otp.o
                0x08003054                OTP_Read
 .text.SHCI_C2_BLE_Init
                0x0800307c       0x1e build/debug/shci.o
                0x0800307c                SHCI_C2_BLE_Init
 .text.SHCI_C2_DEBUG_Init
                0x0800309a       0x1e build/debug/shci.o
                0x0800309a                SHCI_C2_DEBUG_Init
 .text.SHCI_C2_Config
                0x080030b8       0x1c build/debug/shci.o
                0x080030b8                SHCI_C2_Config
 .text.SHCI_GetWirelessFwInfo
                0x080030d4       0x90 build/debug/shci.o
                0x080030d4                SHCI_GetWirelessFwInfo
 .text.Cmd_SetStatus
                0x08003164       0x30 build/debug/shci_tl.o
 .text.TlInit   0x08003194       0x4c build/debug/shci_tl.o
 .text.TlUserEvtReceived
                0x080031e0       0x18 build/debug/shci_tl.o
 .text.shci_init
                0x080031f8       0x24 build/debug/shci_tl.o
                0x080031f8                shci_init
 .text.shci_user_evt_proc
                0x0800321c       0x80 build/debug/shci_tl.o
                0x0800321c                shci_user_evt_proc
 .text.shci_send
                0x0800329c       0x68 build/debug/shci_tl.o
                0x0800329c                shci_send
 .text.TlCmdEvtReceived
                0x08003304        0xa build/debug/shci_tl.o
 *fill*         0x0800330e        0x2 
 .text.shci_register_io_bus
                0x08003310       0x14 build/debug/shci_tl_if.o
                0x08003310                shci_register_io_bus
 .text.UTIL_LPM_Init
                0x08003324       0x14 build/debug/stm32_lpm.o
                0x08003324                UTIL_LPM_Init
 .text.UTIL_LPM_SetOffMode
                0x08003338       0x2c build/debug/stm32_lpm.o
                0x08003338                UTIL_LPM_SetOffMode
 .text.UTIL_SEQ_SetTask
                0x08003364       0x28 build/debug/stm32_seq.o
                0x08003364                UTIL_SEQ_SetTask
 .text.UTIL_SEQ_PauseTask
                0x0800338c       0x1c build/debug/stm32_seq.o
                0x0800338c                UTIL_SEQ_PauseTask
 .text.UTIL_SEQ_ResumeTask
                0x080033a8       0x18 build/debug/stm32_seq.o
                0x080033a8                UTIL_SEQ_ResumeTask
 .text.UTIL_SEQ_SetEvt
                0x080033c0       0x18 build/debug/stm32_seq.o
                0x080033c0                UTIL_SEQ_SetEvt
 .text.UTIL_SEQ_PreIdle
                0x080033d8        0x2 build/debug/stm32_seq.o
                0x080033d8                UTIL_SEQ_PreIdle
 .text.UTIL_SEQ_PostIdle
                0x080033da        0x2 build/debug/stm32_seq.o
                0x080033da                UTIL_SEQ_PostIdle
 .text.SEQ_BitPosition
                0x080033dc       0x12 build/debug/stm32_seq.o
                0x080033dc                SEQ_BitPosition
 *fill*         0x080033ee        0x2 
 .text.UTIL_SEQ_Run
                0x080033f0      0x12c build/debug/stm32_seq.o
                0x080033f0                UTIL_SEQ_Run
 .text.UTIL_SEQ_EvtIdle
                0x0800351c        0xa build/debug/stm32_seq.o
                0x0800351c                UTIL_SEQ_EvtIdle
 *fill*         0x08003526        0x2 
 .text.UTIL_SEQ_WaitEvt
                0x08003528       0x58 build/debug/stm32_seq.o
                0x08003528                UTIL_SEQ_WaitEvt
 .text.UTIL_SEQ_RegTask
                0x08003580       0x20 build/debug/stm32_seq.o
                0x08003580                UTIL_SEQ_RegTask
 .text.HAL_InitTick
                0x080035a0       0x50 build/debug/stm32wbxx_hal.o
                0x080035a0                HAL_InitTick
 .text.HAL_Init
                0x080035f0       0x2c build/debug/stm32wbxx_hal.o
                0x080035f0                HAL_Init
 .text.HAL_IncTick
                0x0800361c       0x18 build/debug/stm32wbxx_hal.o
                0x0800361c                HAL_IncTick
 .text.HAL_GetTick
                0x08003634        0xc build/debug/stm32wbxx_hal.o
                0x08003634                HAL_GetTick
 .text.HAL_GetTickPrio
                0x08003640        0xc build/debug/stm32wbxx_hal.o
                0x08003640                HAL_GetTickPrio
 .text.LL_ADC_REG_SetSequencerRanks
                0x0800364c       0x30 build/debug/stm32wbxx_hal_adc.o
 .text.LL_ADC_SetChannelSamplingTime
                0x0800367c       0x2c build/debug/stm32wbxx_hal_adc.o
 .text.HAL_ADC_Init
                0x080036a8      0x1d8 build/debug/stm32wbxx_hal_adc.o
                0x080036a8                HAL_ADC_Init
 .text.HAL_ADC_PollForConversion
                0x08003880       0xb4 build/debug/stm32wbxx_hal_adc.o
                0x08003880                HAL_ADC_PollForConversion
 .text.HAL_ADC_GetValue
                0x08003934        0x6 build/debug/stm32wbxx_hal_adc.o
                0x08003934                HAL_ADC_GetValue
 *fill*         0x0800393a        0x2 
 .text.HAL_ADC_ConfigChannel
                0x0800393c      0x42c build/debug/stm32wbxx_hal_adc.o
                0x0800393c                HAL_ADC_ConfigChannel
 .text.ADC_Enable
                0x08003d68       0xd0 build/debug/stm32wbxx_hal_adc.o
                0x08003d68                ADC_Enable
 .text.HAL_ADC_Start
                0x08003e38       0x78 build/debug/stm32wbxx_hal_adc.o
                0x08003e38                HAL_ADC_Start
 .text.__NVIC_EnableIRQ
                0x08003eb0       0x1c build/debug/stm32wbxx_hal_cortex.o
 .text.__NVIC_DisableIRQ
                0x08003ecc       0x24 build/debug/stm32wbxx_hal_cortex.o
 .text.__NVIC_SetPriority
                0x08003ef0       0x28 build/debug/stm32wbxx_hal_cortex.o
 .text.NVIC_EncodePriority
                0x08003f18       0x3e build/debug/stm32wbxx_hal_cortex.o
 *fill*         0x08003f56        0x2 
 .text.HAL_NVIC_SetPriorityGrouping
                0x08003f58       0x24 build/debug/stm32wbxx_hal_cortex.o
                0x08003f58                HAL_NVIC_SetPriorityGrouping
 .text.HAL_NVIC_SetPriority
                0x08003f7c       0x20 build/debug/stm32wbxx_hal_cortex.o
                0x08003f7c                HAL_NVIC_SetPriority
 .text.HAL_NVIC_EnableIRQ
                0x08003f9c        0x8 build/debug/stm32wbxx_hal_cortex.o
                0x08003f9c                HAL_NVIC_EnableIRQ
 .text.HAL_NVIC_DisableIRQ
                0x08003fa4        0x8 build/debug/stm32wbxx_hal_cortex.o
                0x08003fa4                HAL_NVIC_DisableIRQ
 .text.HAL_SYSTICK_Config
                0x08003fac       0x28 build/debug/stm32wbxx_hal_cortex.o
                0x08003fac                HAL_SYSTICK_Config
 .text.HAL_NVIC_SetPendingIRQ
                0x08003fd4       0x1c build/debug/stm32wbxx_hal_cortex.o
                0x08003fd4                HAL_NVIC_SetPendingIRQ
 .text.HAL_NVIC_ClearPendingIRQ
                0x08003ff0       0x1c build/debug/stm32wbxx_hal_cortex.o
                0x08003ff0                HAL_NVIC_ClearPendingIRQ
 .text.HAL_GPIO_Init
                0x0800400c      0x1b4 build/debug/stm32wbxx_hal_gpio.o
                0x0800400c                HAL_GPIO_Init
 .text.HAL_GPIO_WritePin
                0x080041c0        0xa build/debug/stm32wbxx_hal_gpio.o
                0x080041c0                HAL_GPIO_WritePin
 .text.HAL_HSEM_FreeCallback
                0x080041ca        0x2 build/debug/stm32wbxx_hal_hsem.o
                0x080041ca                HAL_HSEM_FreeCallback
 .text.HAL_HSEM_IRQHandler
                0x080041cc       0x1c build/debug/stm32wbxx_hal_hsem.o
                0x080041cc                HAL_HSEM_IRQHandler
 .text.HAL_I2C_Init
                0x080041e8       0xc8 build/debug/stm32wbxx_hal_i2c.o
                0x080041e8                HAL_I2C_Init
 .text.HAL_I2CEx_ConfigAnalogFilter
                0x080042b0       0x5c build/debug/stm32wbxx_hal_i2c_ex.o
                0x080042b0                HAL_I2CEx_ConfigAnalogFilter
 .text.HAL_I2CEx_ConfigDigitalFilter
                0x0800430c       0x58 build/debug/stm32wbxx_hal_i2c_ex.o
                0x0800430c                HAL_I2CEx_ConfigDigitalFilter
 .text.HAL_IPCC_RxCallback
                0x08004364        0x2 build/debug/stm32wbxx_hal_ipcc.o
                0x08004364                HAL_IPCC_RxCallback
 .text.HAL_IPCC_TxCallback
                0x08004366        0x2 build/debug/stm32wbxx_hal_ipcc.o
                0x08004366                HAL_IPCC_TxCallback
 .text.IPCC_SetDefaultCallbacks
                0x08004368       0x28 build/debug/stm32wbxx_hal_ipcc.o
                0x08004368                IPCC_SetDefaultCallbacks
 .text.IPCC_Reset_Register
                0x08004390       0x10 build/debug/stm32wbxx_hal_ipcc.o
                0x08004390                IPCC_Reset_Register
 .text.HAL_IPCC_Init
                0x080043a0       0x3c build/debug/stm32wbxx_hal_ipcc.o
                0x080043a0                HAL_IPCC_Init
 .text.HAL_MspInit
                0x080043dc       0x30 build/debug/stm32wbxx_hal_msp.o
                0x080043dc                HAL_MspInit
 .text.HAL_ADC_MspInit
                0x0800440c       0x60 build/debug/stm32wbxx_hal_msp.o
                0x0800440c                HAL_ADC_MspInit
 .text.HAL_I2C_MspInit
                0x0800446c       0x8c build/debug/stm32wbxx_hal_msp.o
                0x0800446c                HAL_I2C_MspInit
 .text.HAL_IPCC_MspInit
                0x080044f8       0x50 build/debug/stm32wbxx_hal_msp.o
                0x080044f8                HAL_IPCC_MspInit
 .text.HAL_RTC_MspInit
                0x08004548       0x74 build/debug/stm32wbxx_hal_msp.o
                0x08004548                HAL_RTC_MspInit
 .text.HAL_TIM_Base_MspInit
                0x080045bc       0x70 build/debug/stm32wbxx_hal_msp.o
                0x080045bc                HAL_TIM_Base_MspInit
 .text.HAL_TIM_PWM_MspInit
                0x0800462c       0x26 build/debug/stm32wbxx_hal_msp.o
                0x0800462c                HAL_TIM_PWM_MspInit
 *fill*         0x08004652        0x2 
 .text.HAL_TIM_MspPostInit
                0x08004654       0xe8 build/debug/stm32wbxx_hal_msp.o
                0x08004654                HAL_TIM_MspPostInit
 .text.HAL_UART_MspInit
                0x0800473c       0xb0 build/debug/stm32wbxx_hal_msp.o
                0x0800473c                HAL_UART_MspInit
 .text.HAL_PCD_EP_DB_Receive
                0x080047ec      0x118 build/debug/stm32wbxx_hal_pcd.o
 .text.HAL_PCD_Init
                0x08004904       0xb6 build/debug/stm32wbxx_hal_pcd.o
                0x08004904                HAL_PCD_Init
 .text.HAL_PCD_Start
                0x080049ba       0x2a build/debug/stm32wbxx_hal_pcd.o
                0x080049ba                HAL_PCD_Start
 .text.HAL_PCD_EP_DB_Transmit
                0x080049e4      0x472 build/debug/stm32wbxx_hal_pcd.o
 .text.PCD_EP_ISR_Handler
                0x08004e56      0x4c4 build/debug/stm32wbxx_hal_pcd.o
 .text.HAL_PCD_SetAddress
                0x0800531a       0x26 build/debug/stm32wbxx_hal_pcd.o
                0x0800531a                HAL_PCD_SetAddress
 .text.HAL_PCD_IRQHandler
                0x08005340      0x1b2 build/debug/stm32wbxx_hal_pcd.o
                0x08005340                HAL_PCD_IRQHandler
 .text.HAL_PCD_EP_Open
                0x080054f2       0x86 build/debug/stm32wbxx_hal_pcd.o
                0x080054f2                HAL_PCD_EP_Open
 .text.HAL_PCD_EP_Close
                0x08005578       0x6c build/debug/stm32wbxx_hal_pcd.o
                0x08005578                HAL_PCD_EP_Close
 .text.HAL_PCD_EP_Receive
                0x080055e4       0x3a build/debug/stm32wbxx_hal_pcd.o
                0x080055e4                HAL_PCD_EP_Receive
 .text.HAL_PCD_EP_Transmit
                0x0800561e       0x4c build/debug/stm32wbxx_hal_pcd.o
                0x0800561e                HAL_PCD_EP_Transmit
 .text.HAL_PCD_EP_SetStall
                0x0800566a       0x72 build/debug/stm32wbxx_hal_pcd.o
                0x0800566a                HAL_PCD_EP_SetStall
 .text.HAL_PCD_EP_ClrStall
                0x080056dc       0x7e build/debug/stm32wbxx_hal_pcd.o
                0x080056dc                HAL_PCD_EP_ClrStall
 .text.HAL_PCDEx_PMAConfig
                0x0800575a       0x38 build/debug/stm32wbxx_hal_pcd_ex.o
                0x0800575a                HAL_PCDEx_PMAConfig
 .text.HAL_PCDEx_ActivateLPM
                0x08005792       0x2c build/debug/stm32wbxx_hal_pcd_ex.o
                0x08005792                HAL_PCDEx_ActivateLPM
 *fill*         0x080057be        0x2 
 .text.HAL_PWR_EnableBkUpAccess
                0x080057c0       0x10 build/debug/stm32wbxx_hal_pwr.o
                0x080057c0                HAL_PWR_EnableBkUpAccess
 .text.HAL_PWREx_GetVoltageRange
                0x080057d0       0x10 build/debug/stm32wbxx_hal_pwr_ex.o
                0x080057d0                HAL_PWREx_GetVoltageRange
 .text.HAL_PWREx_EnableVddUSB
                0x080057e0       0x10 build/debug/stm32wbxx_hal_pwr_ex.o
                0x080057e0                HAL_PWREx_EnableVddUSB
 .text.RCC_SetFlashLatency
                0x080057f0       0xc0 build/debug/stm32wbxx_hal_rcc.o
 .text.RCC_SetFlashLatencyFromMSIRange
                0x080058b0       0x4c build/debug/stm32wbxx_hal_rcc.o
 .text.HAL_RCC_GetSysClockFreq
                0x080058fc       0xc0 build/debug/stm32wbxx_hal_rcc.o
                0x080058fc                HAL_RCC_GetSysClockFreq
 .text.HAL_RCC_GetHCLKFreq
                0x080059bc       0x20 build/debug/stm32wbxx_hal_rcc.o
                0x080059bc                HAL_RCC_GetHCLKFreq
 .text.HAL_RCC_OscConfig
                0x080059dc      0x718 build/debug/stm32wbxx_hal_rcc.o
                0x080059dc                HAL_RCC_OscConfig
 .text.HAL_RCC_ClockConfig
                0x080060f4      0x264 build/debug/stm32wbxx_hal_rcc.o
                0x080060f4                HAL_RCC_ClockConfig
 .text.HAL_RCC_GetPCLK1Freq
                0x08006358       0x24 build/debug/stm32wbxx_hal_rcc.o
                0x08006358                HAL_RCC_GetPCLK1Freq
 .text.HAL_RCC_GetPCLK2Freq
                0x0800637c       0x24 build/debug/stm32wbxx_hal_rcc.o
                0x0800637c                HAL_RCC_GetPCLK2Freq
 .text.LL_RCC_SetI2CClockSource
                0x080063a0       0x20 build/debug/stm32wbxx_hal_rcc_ex.o
 .text.RCCEx_PLLSAI1_ConfigNP
                0x080063c0       0x8e build/debug/stm32wbxx_hal_rcc_ex.o
 .text.RCCEx_PLLSAI1_ConfigNQ
                0x0800644e       0x8e build/debug/stm32wbxx_hal_rcc_ex.o
 .text.RCCEx_PLLSAI1_ConfigNR
                0x080064dc       0x8e build/debug/stm32wbxx_hal_rcc_ex.o
 .text.HAL_RCCEx_PeriphCLKConfig
                0x0800656a      0x2f2 build/debug/stm32wbxx_hal_rcc_ex.o
                0x0800656a                HAL_RCCEx_PeriphCLKConfig
 .text.HAL_RCCEx_EnableMSIPLLMode
                0x0800685c        0xe build/debug/stm32wbxx_hal_rcc_ex.o
                0x0800685c                HAL_RCCEx_EnableMSIPLLMode
 *fill*         0x0800686a        0x2 
 .text.HAL_RTC_WaitForSynchro
                0x0800686c       0x34 build/debug/stm32wbxx_hal_rtc.o
                0x0800686c                HAL_RTC_WaitForSynchro
 .text.RTC_EnterInitMode
                0x080068a0       0x48 build/debug/stm32wbxx_hal_rtc.o
                0x080068a0                RTC_EnterInitMode
 .text.RTC_ExitInitMode
                0x080068e8       0x2c build/debug/stm32wbxx_hal_rtc.o
                0x080068e8                RTC_ExitInitMode
 .text.HAL_RTC_Init
                0x08006914       0xaa build/debug/stm32wbxx_hal_rtc.o
                0x08006914                HAL_RTC_Init
 *fill*         0x080069be        0x2 
 .text.HAL_RTCEx_SetWakeUpTimer_IT
                0x080069c0      0x12c build/debug/stm32wbxx_hal_rtc_ex.o
                0x080069c0                HAL_RTCEx_SetWakeUpTimer_IT
 .text.TIM_OC1_SetConfig
                0x08006aec       0x7c build/debug/stm32wbxx_hal_tim.o
 .text.TIM_OC3_SetConfig
                0x08006b68       0x70 build/debug/stm32wbxx_hal_tim.o
 .text.TIM_OC4_SetConfig
                0x08006bd8       0x5c build/debug/stm32wbxx_hal_tim.o
 .text.TIM_OC5_SetConfig
                0x08006c34       0x58 build/debug/stm32wbxx_hal_tim.o
 .text.TIM_OC6_SetConfig
                0x08006c8c       0x5c build/debug/stm32wbxx_hal_tim.o
 .text.TIM_TI1_ConfigInputStage
                0x08006ce8       0x26 build/debug/stm32wbxx_hal_tim.o
 .text.TIM_TI2_ConfigInputStage
                0x08006d0e       0x28 build/debug/stm32wbxx_hal_tim.o
 .text.TIM_ITRx_SetConfig
                0x08006d36       0x14 build/debug/stm32wbxx_hal_tim.o
 .text.HAL_TIM_OC_MspInit
                0x08006d4a        0x2 build/debug/stm32wbxx_hal_tim.o
                0x08006d4a                HAL_TIM_OC_MspInit
 .text.HAL_TIM_OnePulse_MspInit
                0x08006d4c        0x2 build/debug/stm32wbxx_hal_tim.o
                0x08006d4c                HAL_TIM_OnePulse_MspInit
 .text.HAL_TIM_PeriodElapsedCallback
                0x08006d4e        0x2 build/debug/stm32wbxx_hal_tim.o
                0x08006d4e                HAL_TIM_PeriodElapsedCallback
 .text.HAL_TIM_OC_DelayElapsedCallback
                0x08006d50        0x2 build/debug/stm32wbxx_hal_tim.o
                0x08006d50                HAL_TIM_OC_DelayElapsedCallback
 .text.HAL_TIM_IC_CaptureCallback
                0x08006d52        0x2 build/debug/stm32wbxx_hal_tim.o
                0x08006d52                HAL_TIM_IC_CaptureCallback
 .text.HAL_TIM_PWM_PulseFinishedCallback
                0x08006d54        0x2 build/debug/stm32wbxx_hal_tim.o
                0x08006d54                HAL_TIM_PWM_PulseFinishedCallback
 .text.HAL_TIM_TriggerCallback
                0x08006d56        0x2 build/debug/stm32wbxx_hal_tim.o
                0x08006d56                HAL_TIM_TriggerCallback
 .text.HAL_TIM_IRQHandler
                0x08006d58      0x17a build/debug/stm32wbxx_hal_tim.o
                0x08006d58                HAL_TIM_IRQHandler
 *fill*         0x08006ed2        0x2 
 .text.TIM_Base_SetConfig
                0x08006ed4       0x78 build/debug/stm32wbxx_hal_tim.o
                0x08006ed4                TIM_Base_SetConfig
 .text.HAL_TIM_Base_Init
                0x08006f4c       0x60 build/debug/stm32wbxx_hal_tim.o
                0x08006f4c                HAL_TIM_Base_Init
 .text.HAL_TIM_OC_Init
                0x08006fac       0x60 build/debug/stm32wbxx_hal_tim.o
                0x08006fac                HAL_TIM_OC_Init
 .text.HAL_TIM_PWM_Init
                0x0800700c       0x60 build/debug/stm32wbxx_hal_tim.o
                0x0800700c                HAL_TIM_PWM_Init
 .text.HAL_TIM_OnePulse_Init
                0x0800706c       0x5c build/debug/stm32wbxx_hal_tim.o
                0x0800706c                HAL_TIM_OnePulse_Init
 .text.TIM_OC2_SetConfig
                0x080070c8       0x74 build/debug/stm32wbxx_hal_tim.o
                0x080070c8                TIM_OC2_SetConfig
 .text.HAL_TIM_OC_ConfigChannel
                0x0800713c       0x7a build/debug/stm32wbxx_hal_tim.o
                0x0800713c                HAL_TIM_OC_ConfigChannel
 .text.HAL_TIM_PWM_ConfigChannel
                0x080071b6      0x13a build/debug/stm32wbxx_hal_tim.o
                0x080071b6                HAL_TIM_PWM_ConfigChannel
 .text.TIM_ETR_SetConfig
                0x080072f0       0x1a build/debug/stm32wbxx_hal_tim.o
                0x080072f0                TIM_ETR_SetConfig
 *fill*         0x0800730a        0x2 
 .text.HAL_TIM_ConfigClockSource
                0x0800730c      0x100 build/debug/stm32wbxx_hal_tim.o
                0x0800730c                HAL_TIM_ConfigClockSource
 .text.TIM_CCxChannelCmd
                0x0800740c       0x1e build/debug/stm32wbxx_hal_tim.o
                0x0800740c                TIM_CCxChannelCmd
 *fill*         0x0800742a        0x2 
 .text.HAL_TIM_PWM_Start
                0x0800742c      0x130 build/debug/stm32wbxx_hal_tim.o
                0x0800742c                HAL_TIM_PWM_Start
 .text.HAL_TIMEx_MasterConfigSynchronization
                0x0800755c       0x68 build/debug/stm32wbxx_hal_tim_ex.o
                0x0800755c                HAL_TIMEx_MasterConfigSynchronization
 .text.HAL_TIMEx_ConfigBreakDeadTime
                0x080075c4       0x98 build/debug/stm32wbxx_hal_tim_ex.o
                0x080075c4                HAL_TIMEx_ConfigBreakDeadTime
 .text.HAL_TIMEx_CommutCallback
                0x0800765c        0x2 build/debug/stm32wbxx_hal_tim_ex.o
                0x0800765c                HAL_TIMEx_CommutCallback
 .text.HAL_TIMEx_BreakCallback
                0x0800765e        0x2 build/debug/stm32wbxx_hal_tim_ex.o
                0x0800765e                HAL_TIMEx_BreakCallback
 .text.HAL_TIMEx_Break2Callback
                0x08007660        0x2 build/debug/stm32wbxx_hal_tim_ex.o
                0x08007660                HAL_TIMEx_Break2Callback
 .text.UART_EndRxTransfer
                0x08007662       0x56 build/debug/stm32wbxx_hal_uart.o
 .text.UART_SetConfig
                0x080076b8      0x25c build/debug/stm32wbxx_hal_uart.o
                0x080076b8                UART_SetConfig
 .text.UART_AdvFeatureConfig
                0x08007914       0xca build/debug/stm32wbxx_hal_uart.o
                0x08007914                UART_AdvFeatureConfig
 .text.UART_WaitOnFlagUntilTimeout
                0x080079de       0x9e build/debug/stm32wbxx_hal_uart.o
                0x080079de                UART_WaitOnFlagUntilTimeout
 .text.UART_CheckIdleState
                0x08007a7c       0xca build/debug/stm32wbxx_hal_uart.o
                0x08007a7c                UART_CheckIdleState
 .text.HAL_UART_Init
                0x08007b46       0x66 build/debug/stm32wbxx_hal_uart.o
                0x08007b46                HAL_UART_Init
 .text.UARTEx_SetNbDataToProcess
                0x08007bac       0x4c build/debug/stm32wbxx_hal_uart_ex.o
 .text.HAL_UARTEx_DisableFifoMode
                0x08007bf8       0x3e build/debug/stm32wbxx_hal_uart_ex.o
                0x08007bf8                HAL_UARTEx_DisableFifoMode
 .text.HAL_UARTEx_SetTxFifoThreshold
                0x08007c36       0x4a build/debug/stm32wbxx_hal_uart_ex.o
                0x08007c36                HAL_UARTEx_SetTxFifoThreshold
 .text.HAL_UARTEx_SetRxFifoThreshold
                0x08007c80       0x4a build/debug/stm32wbxx_hal_uart_ex.o
                0x08007c80                HAL_UARTEx_SetRxFifoThreshold
 .text.NMI_Handler
                0x08007cca        0x2 build/debug/stm32wbxx_it.o
                0x08007cca                NMI_Handler
 .text.HardFault_Handler
                0x08007ccc        0x2 build/debug/stm32wbxx_it.o
                0x08007ccc                HardFault_Handler
 .text.MemManage_Handler
                0x08007cce        0x2 build/debug/stm32wbxx_it.o
                0x08007cce                MemManage_Handler
 .text.BusFault_Handler
                0x08007cd0        0x2 build/debug/stm32wbxx_it.o
                0x08007cd0                BusFault_Handler
 .text.UsageFault_Handler
                0x08007cd2        0x2 build/debug/stm32wbxx_it.o
                0x08007cd2                UsageFault_Handler
 .text.SVC_Handler
                0x08007cd4        0x2 build/debug/stm32wbxx_it.o
                0x08007cd4                SVC_Handler
 .text.DebugMon_Handler
                0x08007cd6        0x2 build/debug/stm32wbxx_it.o
                0x08007cd6                DebugMon_Handler
 .text.PendSV_Handler
                0x08007cd8        0x2 build/debug/stm32wbxx_it.o
                0x08007cd8                PendSV_Handler
 .text.SysTick_Handler
                0x08007cda        0x8 build/debug/stm32wbxx_it.o
                0x08007cda                SysTick_Handler
 .text.RTC_WKUP_IRQHandler
                0x08007ce2        0x8 build/debug/stm32wbxx_it.o
                0x08007ce2                RTC_WKUP_IRQHandler
 *fill*         0x08007cea        0x2 
 .text.USB_LP_IRQHandler
                0x08007cec       0x10 build/debug/stm32wbxx_it.o
                0x08007cec                USB_LP_IRQHandler
 .text.TIM1_UP_TIM16_IRQHandler
                0x08007cfc       0x18 build/debug/stm32wbxx_it.o
                0x08007cfc                TIM1_UP_TIM16_IRQHandler
 .text.IPCC_C1_RX_IRQHandler
                0x08007d14        0x8 build/debug/stm32wbxx_it.o
                0x08007d14                IPCC_C1_RX_IRQHandler
 .text.IPCC_C1_TX_IRQHandler
                0x08007d1c        0x8 build/debug/stm32wbxx_it.o
                0x08007d1c                IPCC_C1_TX_IRQHandler
 .text.HSEM_IRQHandler
                0x08007d24        0x8 build/debug/stm32wbxx_it.o
                0x08007d24                HSEM_IRQHandler
 .text.USB_EnableGlobalInt
                0x08007d2c       0x12 build/debug/stm32wbxx_ll_usb.o
                0x08007d2c                USB_EnableGlobalInt
 .text.USB_DisableGlobalInt
                0x08007d3e       0x14 build/debug/stm32wbxx_ll_usb.o
                0x08007d3e                USB_DisableGlobalInt
 .text.USB_DevInit
                0x08007d52       0x22 build/debug/stm32wbxx_ll_usb.o
                0x08007d52                USB_DevInit
 .text.USB_ActivateEndpoint
                0x08007d74      0x51a build/debug/stm32wbxx_ll_usb.o
                0x08007d74                USB_ActivateEndpoint
 .text.USB_DeactivateEndpoint
                0x0800828e      0x1d6 build/debug/stm32wbxx_ll_usb.o
                0x0800828e                USB_DeactivateEndpoint
 .text.USB_EPSetStall
                0x08008464       0x4a build/debug/stm32wbxx_ll_usb.o
                0x08008464                USB_EPSetStall
 .text.USB_EPClearStall
                0x080084ae       0x9c build/debug/stm32wbxx_ll_usb.o
                0x080084ae                USB_EPClearStall
 .text.USB_SetDevAddress
                0x0800854a        0xc build/debug/stm32wbxx_ll_usb.o
                0x0800854a                USB_SetDevAddress
 .text.USB_DevConnect
                0x08008556       0x16 build/debug/stm32wbxx_ll_usb.o
                0x08008556                USB_DevConnect
 .text.USB_ReadInterrupts
                0x0800856c        0x8 build/debug/stm32wbxx_ll_usb.o
                0x0800856c                USB_ReadInterrupts
 .text.USB_WritePMA
                0x08008574       0x24 build/debug/stm32wbxx_ll_usb.o
                0x08008574                USB_WritePMA
 .text.USB_EPStartXfer
                0x08008598      0x584 build/debug/stm32wbxx_ll_usb.o
                0x08008598                USB_EPStartXfer
 .text.USB_ReadPMA
                0x08008b1c       0x30 build/debug/stm32wbxx_ll_usb.o
                0x08008b1c                USB_ReadPMA
 .text.LST_init_head
                0x08008b4c        0x6 build/debug/stm_list.o
                0x08008b4c                LST_init_head
 .text.LST_is_empty
                0x08008b52       0x18 build/debug/stm_list.o
                0x08008b52                LST_is_empty
 .text.LST_insert_head
                0x08008b6a       0x18 build/debug/stm_list.o
                0x08008b6a                LST_insert_head
 .text.LST_insert_tail
                0x08008b82       0x18 build/debug/stm_list.o
                0x08008b82                LST_insert_tail
 .text.LST_remove_node
                0x08008b9a       0x18 build/debug/stm_list.o
                0x08008b9a                LST_remove_node
 .text.LST_remove_head
                0x08008bb2       0x18 build/debug/stm_list.o
                0x08008bb2                LST_remove_head
 .text.BAS_Init
                0x08008bca        0x2 build/debug/svc_ctl.o
                0x08008bca                BAS_Init
 .text.BLS_Init
                0x08008bcc        0x2 build/debug/svc_ctl.o
                0x08008bcc                BLS_Init
 .text.CRS_STM_Init
                0x08008bce        0x2 build/debug/svc_ctl.o
                0x08008bce                CRS_STM_Init
 .text.DIS_Init
                0x08008bd0        0x2 build/debug/svc_ctl.o
                0x08008bd0                DIS_Init
 .text.EDS_STM_Init
                0x08008bd2        0x2 build/debug/svc_ctl.o
                0x08008bd2                EDS_STM_Init
 .text.HIDS_Init
                0x08008bd4        0x2 build/debug/svc_ctl.o
                0x08008bd4                HIDS_Init
 .text.HRS_Init
                0x08008bd6        0x2 build/debug/svc_ctl.o
                0x08008bd6                HRS_Init
 .text.HTS_Init
                0x08008bd8        0x2 build/debug/svc_ctl.o
                0x08008bd8                HTS_Init
 .text.IAS_Init
                0x08008bda        0x2 build/debug/svc_ctl.o
                0x08008bda                IAS_Init
 .text.LLS_Init
                0x08008bdc        0x2 build/debug/svc_ctl.o
                0x08008bdc                LLS_Init
 .text.TPS_Init
                0x08008bde        0x2 build/debug/svc_ctl.o
                0x08008bde                TPS_Init
 .text.MOTENV_STM_Init
                0x08008be0        0x2 build/debug/svc_ctl.o
                0x08008be0                MOTENV_STM_Init
 .text.P2PS_STM_Init
                0x08008be2        0x2 build/debug/svc_ctl.o
                0x08008be2                P2PS_STM_Init
 .text.ZDD_STM_Init
                0x08008be4        0x2 build/debug/svc_ctl.o
                0x08008be4                ZDD_STM_Init
 .text.OTAS_STM_Init
                0x08008be6        0x2 build/debug/svc_ctl.o
                0x08008be6                OTAS_STM_Init
 .text.MESH_Init
                0x08008be8        0x2 build/debug/svc_ctl.o
                0x08008be8                MESH_Init
 .text.BVOPUS_STM_Init
                0x08008bea        0x2 build/debug/svc_ctl.o
                0x08008bea                BVOPUS_STM_Init
 .text.SVCCTL_SvcInit
                0x08008bec       0x4c build/debug/svc_ctl.o
                0x08008bec                SVCCTL_SvcInit
 .text.SVCCTL_Init
                0x08008c38       0x1c build/debug/svc_ctl.o
                0x08008c38                SVCCTL_Init
 .text.SVCCTL_RegisterSvcHandler
                0x08008c54       0x14 build/debug/svc_ctl.o
                0x08008c54                SVCCTL_RegisterSvcHandler
 .text.SVCCTL_UserEvtRx
                0x08008c68       0x54 build/debug/svc_ctl.o
                0x08008c68                SVCCTL_UserEvtRx
 .text._read    0x08008cbc       0x20 build/debug/syscalls.o
                0x08008cbc                _read
 .text._write   0x08008cdc       0x1c build/debug/syscalls.o
                0x08008cdc                _write
 .text._close   0x08008cf8        0x6 build/debug/syscalls.o
                0x08008cf8                _close
 .text._fstat   0x08008cfe        0xa build/debug/syscalls.o
                0x08008cfe                _fstat
 .text._isatty  0x08008d08        0x4 build/debug/syscalls.o
                0x08008d08                _isatty
 .text._lseek   0x08008d0c        0x4 build/debug/syscalls.o
                0x08008d0c                _lseek
 .text._sbrk    0x08008d10       0x48 build/debug/sysmem.o
                0x08008d10                _sbrk
 .text.SystemInit
                0x08008d58       0x64 build/debug/system_stm32wbxx.o
                0x08008d58                SystemInit
 .text.SendFreeBuf
                0x08008dbc       0x34 build/debug/tl_mbox.o
 .text.TL_Enable
                0x08008df0        0x8 build/debug/tl_mbox.o
                0x08008df0                TL_Enable
 .text.TL_Init  0x08008df8       0x60 build/debug/tl_mbox.o
                0x08008df8                TL_Init
 .text.TL_BLE_Init
                0x08008e58       0x48 build/debug/tl_mbox.o
                0x08008e58                TL_BLE_Init
 .text.TL_BLE_SendCmd
                0x08008ea0       0x1c build/debug/tl_mbox.o
                0x08008ea0                TL_BLE_SendCmd
 .text.HW_IPCC_BLE_RxEvtNot
                0x08008ebc       0x30 build/debug/tl_mbox.o
                0x08008ebc                HW_IPCC_BLE_RxEvtNot
 .text.HW_IPCC_BLE_AclDataAckNot
                0x08008eec       0x10 build/debug/tl_mbox.o
                0x08008eec                HW_IPCC_BLE_AclDataAckNot
 .text.TL_SYS_Init
                0x08008efc       0x3c build/debug/tl_mbox.o
                0x08008efc                TL_SYS_Init
 .text.TL_SYS_SendCmd
                0x08008f38       0x1c build/debug/tl_mbox.o
                0x08008f38                TL_SYS_SendCmd
 .text.HW_IPCC_SYS_CmdEvtNot
                0x08008f54       0x1c build/debug/tl_mbox.o
                0x08008f54                HW_IPCC_SYS_CmdEvtNot
 .text.HW_IPCC_SYS_EvtNot
                0x08008f70       0x30 build/debug/tl_mbox.o
                0x08008f70                HW_IPCC_SYS_EvtNot
 .text.TL_MM_Init
                0x08008fa0       0x48 build/debug/tl_mbox.o
                0x08008fa0                TL_MM_Init
 .text.TL_MM_EvtDone
                0x08008fe8       0x1c build/debug/tl_mbox.o
                0x08008fe8                TL_MM_EvtDone
 .text.TL_TRACES_Init
                0x08009004       0x20 build/debug/tl_mbox.o
                0x08009004                TL_TRACES_Init
 .text.TL_TRACES_EvtReceived
                0x08009024        0x2 build/debug/tl_mbox.o
                0x08009024                TL_TRACES_EvtReceived
 *fill*         0x08009026        0x2 
 .text.HW_IPCC_TRACES_EvtNot
                0x08009028       0x28 build/debug/tl_mbox.o
                0x08009028                HW_IPCC_TRACES_EvtNot
 .text.MX_USB_Device_Init
                0x08009050       0x40 build/debug/usb_device.o
                0x08009050                MX_USB_Device_Init
 .text.USBD_Get_USB_Status
                0x08009090       0x14 build/debug/usbd_conf.o
 .text.SystemClockConfig_Resume
                0x080090a4        0x8 build/debug/usbd_conf.o
 .text.HAL_PCD_MspInit
                0x080090ac       0x74 build/debug/usbd_conf.o
                0x080090ac                HAL_PCD_MspInit
 .text.HAL_PCD_SetupStageCallback
                0x08009120       0x10 build/debug/usbd_conf.o
                0x08009120                HAL_PCD_SetupStageCallback
 .text.HAL_PCD_DataOutStageCallback
                0x08009130       0x18 build/debug/usbd_conf.o
                0x08009130                HAL_PCD_DataOutStageCallback
 .text.HAL_PCD_DataInStageCallback
                0x08009148       0x16 build/debug/usbd_conf.o
                0x08009148                HAL_PCD_DataInStageCallback
 .text.HAL_PCD_SOFCallback
                0x0800915e        0xc build/debug/usbd_conf.o
                0x0800915e                HAL_PCD_SOFCallback
 .text.HAL_PCD_ResetCallback
                0x0800916a       0x24 build/debug/usbd_conf.o
                0x0800916a                HAL_PCD_ResetCallback
 *fill*         0x0800918e        0x2 
 .text.HAL_PCD_SuspendCallback
                0x08009190       0x20 build/debug/usbd_conf.o
                0x08009190                HAL_PCD_SuspendCallback
 .text.HAL_PCD_ResumeCallback
                0x080091b0       0x28 build/debug/usbd_conf.o
                0x080091b0                HAL_PCD_ResumeCallback
 .text.USBD_LL_Init
                0x080091d8       0x70 build/debug/usbd_conf.o
                0x080091d8                USBD_LL_Init
 .text.USBD_LL_Start
                0x08009248       0x10 build/debug/usbd_conf.o
                0x08009248                USBD_LL_Start
 .text.USBD_LL_OpenEP
                0x08009258       0x16 build/debug/usbd_conf.o
                0x08009258                USBD_LL_OpenEP
 .text.USBD_LL_CloseEP
                0x0800926e       0x10 build/debug/usbd_conf.o
                0x0800926e                USBD_LL_CloseEP
 .text.USBD_LL_StallEP
                0x0800927e       0x10 build/debug/usbd_conf.o
                0x0800927e                USBD_LL_StallEP
 .text.USBD_LL_ClearStallEP
                0x0800928e       0x10 build/debug/usbd_conf.o
                0x0800928e                USBD_LL_ClearStallEP
 .text.USBD_LL_IsStallEP
                0x0800929e       0x2c build/debug/usbd_conf.o
                0x0800929e                USBD_LL_IsStallEP
 .text.USBD_LL_SetUSBAddress
                0x080092ca       0x10 build/debug/usbd_conf.o
                0x080092ca                USBD_LL_SetUSBAddress
 .text.USBD_LL_Transmit
                0x080092da       0x10 build/debug/usbd_conf.o
                0x080092da                USBD_LL_Transmit
 .text.USBD_LL_PrepareReceive
                0x080092ea       0x10 build/debug/usbd_conf.o
                0x080092ea                USBD_LL_PrepareReceive
 *fill*         0x080092fa        0x2 
 .text.HAL_PCDEx_LPM_Callback
                0x080092fc       0x44 build/debug/usbd_conf.o
                0x080092fc                HAL_PCDEx_LPM_Callback
 .text.USBD_static_malloc
                0x08009340        0x8 build/debug/usbd_conf.o
                0x08009340                USBD_static_malloc
 .text.USBD_static_free
                0x08009348        0x2 build/debug/usbd_conf.o
                0x08009348                USBD_static_free
 .text.USBD_Init
                0x0800934a       0x2e build/debug/usbd_core.o
                0x0800934a                USBD_Init
 .text.USBD_RegisterClass
                0x08009378       0x40 build/debug/usbd_core.o
                0x08009378                USBD_RegisterClass
 .text.USBD_Start
                0x080093b8        0x8 build/debug/usbd_core.o
                0x080093b8                USBD_Start
 .text.USBD_SetClassConfig
                0x080093c0       0x12 build/debug/usbd_core.o
                0x080093c0                USBD_SetClassConfig
 .text.USBD_ClrClassConfig
                0x080093d2       0x12 build/debug/usbd_core.o
                0x080093d2                USBD_ClrClassConfig
 .text.USBD_LL_SetupStage
                0x080093e4       0x58 build/debug/usbd_core.o
                0x080093e4                USBD_LL_SetupStage
 .text.USBD_LL_Reset
                0x0800943c       0x64 build/debug/usbd_core.o
                0x0800943c                USBD_LL_Reset
 .text.USBD_LL_SetSpeed
                0x080094a0        0x6 build/debug/usbd_core.o
                0x080094a0                USBD_LL_SetSpeed
 .text.USBD_LL_Suspend
                0x080094a6       0x1e build/debug/usbd_core.o
                0x080094a6                USBD_LL_Suspend
 .text.USBD_LL_Resume
                0x080094c4       0x1a build/debug/usbd_core.o
                0x080094c4                USBD_LL_Resume
 .text.USBD_LL_SOF
                0x080094de       0x22 build/debug/usbd_core.o
                0x080094de                USBD_LL_SOF
 .text.USBD_CoreFindIF
                0x08009500        0x4 build/debug/usbd_core.o
                0x08009500                USBD_CoreFindIF
 .text.USBD_CoreFindEP
                0x08009504        0x4 build/debug/usbd_core.o
                0x08009504                USBD_CoreFindEP
 .text.USBD_LL_DataOutStage
                0x08009508       0xc4 build/debug/usbd_core.o
                0x08009508                USBD_LL_DataOutStage
 .text.USBD_LL_DataInStage
                0x080095cc       0xd6 build/debug/usbd_core.o
                0x080095cc                USBD_LL_DataInStage
 .text.USBD_GetNextDesc
                0x080096a2        0xe build/debug/usbd_core.o
                0x080096a2                USBD_GetNextDesc
 .text.USBD_GetEpDesc
                0x080096b0       0x3e build/debug/usbd_core.o
                0x080096b0                USBD_GetEpDesc
 .text.USBD_GetLen
                0x080096ee       0x14 build/debug/usbd_ctlreq.o
 .text.USBD_ParseSetupRequest
                0x08009702       0x28 build/debug/usbd_ctlreq.o
                0x08009702                USBD_ParseSetupRequest
 .text.USBD_CtlError
                0x0800972a       0x14 build/debug/usbd_ctlreq.o
                0x0800972a                USBD_CtlError
 .text.USBD_GetDescriptor
                0x0800973e      0x1ac build/debug/usbd_ctlreq.o
 .text.USBD_SetAddress
                0x080098ea       0x50 build/debug/usbd_ctlreq.o
 *fill*         0x0800993a        0x2 
 .text.USBD_SetConfig
                0x0800993c       0xcc build/debug/usbd_ctlreq.o
 .text.USBD_GetConfig
                0x08009a08       0x40 build/debug/usbd_ctlreq.o
 .text.USBD_GetStatus
                0x08009a48       0x38 build/debug/usbd_ctlreq.o
 .text.USBD_SetFeature
                0x08009a80       0x2a build/debug/usbd_ctlreq.o
 .text.USBD_ClrFeature
                0x08009aaa       0x26 build/debug/usbd_ctlreq.o
 .text.USBD_StdDevReq
                0x08009ad0       0x76 build/debug/usbd_ctlreq.o
                0x08009ad0                USBD_StdDevReq
 .text.USBD_StdItfReq
                0x08009b46       0x84 build/debug/usbd_ctlreq.o
                0x08009b46                USBD_StdItfReq
 .text.USBD_StdEPReq
                0x08009bca      0x230 build/debug/usbd_ctlreq.o
                0x08009bca                USBD_StdEPReq
 .text.USBD_GetString
                0x08009dfa       0x46 build/debug/usbd_ctlreq.o
                0x08009dfa                USBD_GetString
 .text.USBD_HID_DeviceDescriptor
                0x08009e40        0xc build/debug/usbd_desc.o
                0x08009e40                USBD_HID_DeviceDescriptor
 .text.USBD_HID_LangIDStrDescriptor
                0x08009e4c        0xc build/debug/usbd_desc.o
                0x08009e4c                USBD_HID_LangIDStrDescriptor
 .text.IntToUnicode
                0x08009e58       0x46 build/debug/usbd_desc.o
 *fill*         0x08009e9e        0x2 
 .text.Get_SerialNum
                0x08009ea0       0x38 build/debug/usbd_desc.o
 .text.USBD_HID_SerialStrDescriptor
                0x08009ed8       0x14 build/debug/usbd_desc.o
                0x08009ed8                USBD_HID_SerialStrDescriptor
 .text.USBD_HID_ProductStrDescriptor
                0x08009eec       0x24 build/debug/usbd_desc.o
                0x08009eec                USBD_HID_ProductStrDescriptor
 .text.USBD_HID_ManufacturerStrDescriptor
                0x08009f10       0x1c build/debug/usbd_desc.o
                0x08009f10                USBD_HID_ManufacturerStrDescriptor
 .text.USBD_HID_ConfigStrDescriptor
                0x08009f2c       0x24 build/debug/usbd_desc.o
                0x08009f2c                USBD_HID_ConfigStrDescriptor
 .text.USBD_HID_InterfaceStrDescriptor
                0x08009f50       0x24 build/debug/usbd_desc.o
                0x08009f50                USBD_HID_InterfaceStrDescriptor
 .text.USBD_HID_DataIn
                0x08009f74       0x10 build/debug/usbd_hid.o
 .text.USBD_HID_GetDeviceQualifierDesc
                0x08009f84        0xc build/debug/usbd_hid.o
 .text.USBD_HID_GetOtherSpeedCfgDesc
                0x08009f90       0x20 build/debug/usbd_hid.o
 .text.USBD_HID_GetFSCfgDesc
                0x08009fb0       0x20 build/debug/usbd_hid.o
 .text.USBD_HID_GetHSCfgDesc
                0x08009fd0       0x20 build/debug/usbd_hid.o
 .text.USBD_HID_Setup
                0x08009ff0      0x12c build/debug/usbd_hid.o
 .text.USBD_HID_DeInit
                0x0800a11c       0x30 build/debug/usbd_hid.o
 .text.USBD_HID_Init
                0x0800a14c       0x50 build/debug/usbd_hid.o
 .text.USBD_CtlSendData
                0x0800a19c       0x1a build/debug/usbd_ioreq.o
                0x0800a19c                USBD_CtlSendData
 .text.USBD_CtlContinueSendData
                0x0800a1b6       0x10 build/debug/usbd_ioreq.o
                0x0800a1b6                USBD_CtlContinueSendData
 .text.USBD_CtlContinueRx
                0x0800a1c6       0x10 build/debug/usbd_ioreq.o
                0x0800a1c6                USBD_CtlContinueRx
 .text.USBD_CtlSendStatus
                0x0800a1d6       0x16 build/debug/usbd_ioreq.o
                0x0800a1d6                USBD_CtlSendStatus
 .text.USBD_CtlReceiveStatus
                0x0800a1ec       0x16 build/debug/usbd_ioreq.o
                0x0800a1ec                USBD_CtlReceiveStatus
 .text.data_initializers
                0x0800a202       0x18 build/debug/startup_stm32wb55xx_cm4.o
 *fill*         0x0800a21a        0x2 
 .text.Reset_Handler
                0x0800a21c       0x58 build/debug/startup_stm32wb55xx_cm4.o
                0x0800a21c                Reset_Handler
 .text.Default_Handler
                0x0800a274        0x2 build/debug/startup_stm32wb55xx_cm4.o
                0x0800a274                RTC_Alarm_IRQHandler
                0x0800a274                EXTI2_IRQHandler
                0x0800a274                TIM1_CC_IRQHandler
                0x0800a274                TSC_IRQHandler
                0x0800a274                USB_HP_IRQHandler
                0x0800a274                EXTI3_IRQHandler
                0x0800a274                LPTIM2_IRQHandler
                0x0800a274                I2C3_ER_IRQHandler
                0x0800a274                EXTI0_IRQHandler
                0x0800a274                FPU_IRQHandler
                0x0800a274                AES1_IRQHandler
                0x0800a274                SPI1_IRQHandler
                0x0800a274                PWR_SOTF_BLEACT_802ACT_RFPHASE_IRQHandler
                0x0800a274                DMA2_Channel2_IRQHandler
                0x0800a274                DMA1_Channel4_IRQHandler
                0x0800a274                ADC1_IRQHandler
                0x0800a274                PKA_IRQHandler
                0x0800a274                DMA1_Channel7_IRQHandler
                0x0800a274                LCD_IRQHandler
                0x0800a274                DMA2_Channel1_IRQHandler
                0x0800a274                QUADSPI_IRQHandler
                0x0800a274                I2C1_EV_IRQHandler
                0x0800a274                DMAMUX1_OVR_IRQHandler
                0x0800a274                DMA1_Channel6_IRQHandler
                0x0800a274                DMA2_Channel4_IRQHandler
                0x0800a274                RCC_IRQHandler
                0x0800a274                DMA1_Channel1_IRQHandler
                0x0800a274                Default_Handler
                0x0800a274                DMA2_Channel7_IRQHandler
                0x0800a274                EXTI15_10_IRQHandler
                0x0800a274                C2SEV_PWR_C2H_IRQHandler
                0x0800a274                AES2_IRQHandler
                0x0800a274                I2C3_EV_IRQHandler
                0x0800a274                EXTI9_5_IRQHandler
                0x0800a274                PVD_PVM_IRQHandler
                0x0800a274                SPI2_IRQHandler
                0x0800a274                DMA2_Channel5_IRQHandler
                0x0800a274                CRS_IRQHandler
                0x0800a274                DMA1_Channel5_IRQHandler
                0x0800a274                EXTI4_IRQHandler
                0x0800a274                RNG_IRQHandler
                0x0800a274                TIM1_TRG_COM_TIM17_IRQHandler
                0x0800a274                TAMP_STAMP_LSECSS_IRQHandler
                0x0800a274                DMA1_Channel3_IRQHandler
                0x0800a274                COMP_IRQHandler
                0x0800a274                WWDG_IRQHandler
                0x0800a274                LPUART1_IRQHandler
                0x0800a274                DMA2_Channel6_IRQHandler
                0x0800a274                TIM2_IRQHandler
                0x0800a274                TIM1_BRK_IRQHandler
                0x0800a274                EXTI1_IRQHandler
                0x0800a274                DMA1_Channel2_IRQHandler
                0x0800a274                FLASH_IRQHandler
                0x0800a274                USART1_IRQHandler
                0x0800a274                I2C1_ER_IRQHandler
                0x0800a274                LPTIM1_IRQHandler
                0x0800a274                SAI1_IRQHandler
                0x0800a274                DMA2_Channel3_IRQHandler
 *fill*         0x0800a276        0x2 
 .text.sbrk_aligned
                0x0800a278       0x44 C:/PROGRAM FILES (X86)/ARM GNU TOOLCHAIN ARM-NONE-EABI/13.3 REL1/BIN/../lib/gcc/arm-none-eabi/13.3.1/thumb/v7e-m+fp/hard\libc_nano.a(libc_a-mallocr.o)
 .text._malloc_r
                0x0800a2bc      0x100 C:/PROGRAM FILES (X86)/ARM GNU TOOLCHAIN ARM-NONE-EABI/13.3 REL1/BIN/../lib/gcc/arm-none-eabi/13.3.1/thumb/v7e-m+fp/hard\libc_nano.a(libc_a-mallocr.o)
                0x0800a2bc                _malloc_r
 .text.__malloc_lock
                0x0800a3bc        0xc C:/PROGRAM FILES (X86)/ARM GNU TOOLCHAIN ARM-NONE-EABI/13.3 REL1/BIN/../lib/gcc/arm-none-eabi/13.3.1/thumb/v7e-m+fp/hard\libc_nano.a(libc_a-mlock.o)
                0x0800a3bc                __malloc_lock
 .text.__malloc_unlock
                0x0800a3c8        0xc C:/PROGRAM FILES (X86)/ARM GNU TOOLCHAIN ARM-NONE-EABI/13.3 REL1/BIN/../lib/gcc/arm-none-eabi/13.3.1/thumb/v7e-m+fp/hard\libc_nano.a(libc_a-mlock.o)
                0x0800a3c8                __malloc_unlock
 .text.std      0x0800a3d4       0x6c C:/PROGRAM FILES (X86)/ARM GNU TOOLCHAIN ARM-NONE-EABI/13.3 REL1/BIN/../lib/gcc/arm-none-eabi/13.3.1/thumb/v7e-m+fp/hard\libc_nano.a(libc_a-findfp.o)
 .text.stdio_exit_handler
                0x0800a440       0x18 C:/PROGRAM FILES (X86)/ARM GNU TOOLCHAIN ARM-NONE-EABI/13.3 REL1/BIN/../lib/gcc/arm-none-eabi/13.3.1/thumb/v7e-m+fp/hard\libc_nano.a(libc_a-findfp.o)
 .text.cleanup_stdio
                0x0800a458       0x40 C:/PROGRAM FILES (X86)/ARM GNU TOOLCHAIN ARM-NONE-EABI/13.3 REL1/BIN/../lib/gcc/arm-none-eabi/13.3.1/thumb/v7e-m+fp/hard\libc_nano.a(libc_a-findfp.o)
 .text.global_stdio_init.part.0
                0x0800a498       0x3c C:/PROGRAM FILES (X86)/ARM GNU TOOLCHAIN ARM-NONE-EABI/13.3 REL1/BIN/../lib/gcc/arm-none-eabi/13.3.1/thumb/v7e-m+fp/hard\libc_nano.a(libc_a-findfp.o)
 .text.__sfp_lock_acquire
                0x0800a4d4        0xc C:/PROGRAM FILES (X86)/ARM GNU TOOLCHAIN ARM-NONE-EABI/13.3 REL1/BIN/../lib/gcc/arm-none-eabi/13.3.1/thumb/v7e-m+fp/hard\libc_nano.a(libc_a-findfp.o)
                0x0800a4d4                __sfp_lock_acquire
 .text.__sfp_lock_release
                0x0800a4e0        0xc C:/PROGRAM FILES (X86)/ARM GNU TOOLCHAIN ARM-NONE-EABI/13.3 REL1/BIN/../lib/gcc/arm-none-eabi/13.3.1/thumb/v7e-m+fp/hard\libc_nano.a(libc_a-findfp.o)
                0x0800a4e0                __sfp_lock_release
 .text.__sinit  0x0800a4ec       0x30 C:/PROGRAM FILES (X86)/ARM GNU TOOLCHAIN ARM-NONE-EABI/13.3 REL1/BIN/../lib/gcc/arm-none-eabi/13.3.1/thumb/v7e-m+fp/hard\libc_nano.a(libc_a-findfp.o)
                0x0800a4ec                __sinit
 .text._fwalk_sglue
                0x0800a51c       0x3c C:/PROGRAM FILES (X86)/ARM GNU TOOLCHAIN ARM-NONE-EABI/13.3 REL1/BIN/../lib/gcc/arm-none-eabi/13.3.1/thumb/v7e-m+fp/hard\libc_nano.a(libc_a-fwalk.o)
                0x0800a51c                _fwalk_sglue
 .text.printf   0x0800a558       0x24 C:/PROGRAM FILES (X86)/ARM GNU TOOLCHAIN ARM-NONE-EABI/13.3 REL1/BIN/../lib/gcc/arm-none-eabi/13.3.1/thumb/v7e-m+fp/hard\libc_nano.a(libc_a-printf.o)
                0x0800a558                iprintf
                0x0800a558                printf
 .text.putchar  0x0800a57c       0x10 C:/PROGRAM FILES (X86)/ARM GNU TOOLCHAIN ARM-NONE-EABI/13.3 REL1/BIN/../lib/gcc/arm-none-eabi/13.3.1/thumb/v7e-m+fp/hard\libc_nano.a(libc_a-putchar.o)
                0x0800a57c                putchar
 .text.__sread  0x0800a58c       0x22 C:/PROGRAM FILES (X86)/ARM GNU TOOLCHAIN ARM-NONE-EABI/13.3 REL1/BIN/../lib/gcc/arm-none-eabi/13.3.1/thumb/v7e-m+fp/hard\libc_nano.a(libc_a-stdio.o)
                0x0800a58c                __sread
 .text.__swrite
                0x0800a5ae       0x38 C:/PROGRAM FILES (X86)/ARM GNU TOOLCHAIN ARM-NONE-EABI/13.3 REL1/BIN/../lib/gcc/arm-none-eabi/13.3.1/thumb/v7e-m+fp/hard\libc_nano.a(libc_a-stdio.o)
                0x0800a5ae                __swrite
 .text.__sseek  0x0800a5e6       0x24 C:/PROGRAM FILES (X86)/ARM GNU TOOLCHAIN ARM-NONE-EABI/13.3 REL1/BIN/../lib/gcc/arm-none-eabi/13.3.1/thumb/v7e-m+fp/hard\libc_nano.a(libc_a-stdio.o)
                0x0800a5e6                __sseek
 .text.__sclose
                0x0800a60a        0x8 C:/PROGRAM FILES (X86)/ARM GNU TOOLCHAIN ARM-NONE-EABI/13.3 REL1/BIN/../lib/gcc/arm-none-eabi/13.3.1/thumb/v7e-m+fp/hard\libc_nano.a(libc_a-stdio.o)
                0x0800a60a                __sclose
 .text.memset   0x0800a612       0x10 C:/PROGRAM FILES (X86)/ARM GNU TOOLCHAIN ARM-NONE-EABI/13.3 REL1/BIN/../lib/gcc/arm-none-eabi/13.3.1/thumb/v7e-m+fp/hard\libc_nano.a(libc_a-memset.o)
                0x0800a612                memset
 *fill*         0x0800a622        0x2 
 .text._close_r
                0x0800a624       0x20 C:/PROGRAM FILES (X86)/ARM GNU TOOLCHAIN ARM-NONE-EABI/13.3 REL1/BIN/../lib/gcc/arm-none-eabi/13.3.1/thumb/v7e-m+fp/hard\libc_nano.a(libc_a-closer.o)
                0x0800a624                _close_r
 .text._lseek_r
                0x0800a644       0x24 C:/PROGRAM FILES (X86)/ARM GNU TOOLCHAIN ARM-NONE-EABI/13.3 REL1/BIN/../lib/gcc/arm-none-eabi/13.3.1/thumb/v7e-m+fp/hard\libc_nano.a(libc_a-lseekr.o)
                0x0800a644                _lseek_r
 .text._read_r  0x0800a668       0x24 C:/PROGRAM FILES (X86)/ARM GNU TOOLCHAIN ARM-NONE-EABI/13.3 REL1/BIN/../lib/gcc/arm-none-eabi/13.3.1/thumb/v7e-m+fp/hard\libc_nano.a(libc_a-readr.o)
                0x0800a668                _read_r
 .text._sbrk_r  0x0800a68c       0x20 C:/PROGRAM FILES (X86)/ARM GNU TOOLCHAIN ARM-NONE-EABI/13.3 REL1/BIN/../lib/gcc/arm-none-eabi/13.3.1/thumb/v7e-m+fp/hard\libc_nano.a(libc_a-sbrkr.o)
                0x0800a68c                _sbrk_r
 .text._write_r
                0x0800a6ac       0x24 C:/PROGRAM FILES (X86)/ARM GNU TOOLCHAIN ARM-NONE-EABI/13.3 REL1/BIN/../lib/gcc/arm-none-eabi/13.3.1/thumb/v7e-m+fp/hard\libc_nano.a(libc_a-writer.o)
                0x0800a6ac                _write_r
 .text.__errno  0x0800a6d0        0xc C:/PROGRAM FILES (X86)/ARM GNU TOOLCHAIN ARM-NONE-EABI/13.3 REL1/BIN/../lib/gcc/arm-none-eabi/13.3.1/thumb/v7e-m+fp/hard\libc_nano.a(libc_a-errno.o)
                0x0800a6d0                __errno
 .text.__libc_init_array
                0x0800a6dc       0x48 C:/PROGRAM FILES (X86)/ARM GNU TOOLCHAIN ARM-NONE-EABI/13.3 REL1/BIN/../lib/gcc/arm-none-eabi/13.3.1/thumb/v7e-m+fp/hard\libc_nano.a(libc_a-init.o)
                0x0800a6dc                __libc_init_array
 .text.__retarget_lock_init_recursive
                0x0800a724        0x2 C:/PROGRAM FILES (X86)/ARM GNU TOOLCHAIN ARM-NONE-EABI/13.3 REL1/BIN/../lib/gcc/arm-none-eabi/13.3.1/thumb/v7e-m+fp/hard\libc_nano.a(libc_a-lock.o)
                0x0800a724                __retarget_lock_init_recursive
 .text.__retarget_lock_acquire_recursive
                0x0800a726        0x2 C:/PROGRAM FILES (X86)/ARM GNU TOOLCHAIN ARM-NONE-EABI/13.3 REL1/BIN/../lib/gcc/arm-none-eabi/13.3.1/thumb/v7e-m+fp/hard\libc_nano.a(libc_a-lock.o)
                0x0800a726                __retarget_lock_acquire_recursive
 .text.__retarget_lock_release_recursive
                0x0800a728        0x2 C:/PROGRAM FILES (X86)/ARM GNU TOOLCHAIN ARM-NONE-EABI/13.3 REL1/BIN/../lib/gcc/arm-none-eabi/13.3.1/thumb/v7e-m+fp/hard\libc_nano.a(libc_a-lock.o)
                0x0800a728                __retarget_lock_release_recursive
 .text.memcpy   0x0800a72a       0x1c C:/PROGRAM FILES (X86)/ARM GNU TOOLCHAIN ARM-NONE-EABI/13.3 REL1/BIN/../lib/gcc/arm-none-eabi/13.3.1/thumb/v7e-m+fp/hard\libc_nano.a(libc_a-memcpy-stub.o)
                0x0800a72a                memcpy
 *fill*         0x0800a746        0x2 
 .text._free_r  0x0800a748       0x94 C:/PROGRAM FILES (X86)/ARM GNU TOOLCHAIN ARM-NONE-EABI/13.3 REL1/BIN/../lib/gcc/arm-none-eabi/13.3.1/thumb/v7e-m+fp/hard\libc_nano.a(libc_a-freer.o)
                0x0800a748                _free_r
 .text.__sfputc_r
                0x0800a7dc       0x2e C:/PROGRAM FILES (X86)/ARM GNU TOOLCHAIN ARM-NONE-EABI/13.3 REL1/BIN/../lib/gcc/arm-none-eabi/13.3.1/thumb/v7e-m+fp/hard\libc_nano.a(libc_a-nano-vfprintf.o)
 .text.__sfputs_r
                0x0800a80a       0x24 C:/PROGRAM FILES (X86)/ARM GNU TOOLCHAIN ARM-NONE-EABI/13.3 REL1/BIN/../lib/gcc/arm-none-eabi/13.3.1/thumb/v7e-m+fp/hard\libc_nano.a(libc_a-nano-vfprintf.o)
                0x0800a80a                __sfputs_r
 *fill*         0x0800a82e        0x2 
 .text._vfprintf_r
                0x0800a830      0x230 C:/PROGRAM FILES (X86)/ARM GNU TOOLCHAIN ARM-NONE-EABI/13.3 REL1/BIN/../lib/gcc/arm-none-eabi/13.3.1/thumb/v7e-m+fp/hard\libc_nano.a(libc_a-nano-vfprintf.o)
                0x0800a830                _vfprintf_r
                0x0800a830                _vfiprintf_r
 .text._printf_common
                0x0800aa60       0xda C:/PROGRAM FILES (X86)/ARM GNU TOOLCHAIN ARM-NONE-EABI/13.3 REL1/BIN/../lib/gcc/arm-none-eabi/13.3.1/thumb/v7e-m+fp/hard\libc_nano.a(libc_a-nano-vfprintf_i.o)
                0x0800aa60                _printf_common
 *fill*         0x0800ab3a        0x2 
 .text._printf_i
                0x0800ab3c      0x23c C:/PROGRAM FILES (X86)/ARM GNU TOOLCHAIN ARM-NONE-EABI/13.3 REL1/BIN/../lib/gcc/arm-none-eabi/13.3.1/thumb/v7e-m+fp/hard\libc_nano.a(libc_a-nano-vfprintf_i.o)
                0x0800ab3c                _printf_i
 .text.__sflush_r
                0x0800ad78      0x108 C:/PROGRAM FILES (X86)/ARM GNU TOOLCHAIN ARM-NONE-EABI/13.3 REL1/BIN/../lib/gcc/arm-none-eabi/13.3.1/thumb/v7e-m+fp/hard\libc_nano.a(libc_a-fflush.o)
                0x0800ad78                __sflush_r
 .text._fflush_r
                0x0800ae80       0x50 C:/PROGRAM FILES (X86)/ARM GNU TOOLCHAIN ARM-NONE-EABI/13.3 REL1/BIN/../lib/gcc/arm-none-eabi/13.3.1/thumb/v7e-m+fp/hard\libc_nano.a(libc_a-fflush.o)
                0x0800ae80                _fflush_r
 .text._putc_r  0x0800aed0       0x68 C:/PROGRAM FILES (X86)/ARM GNU TOOLCHAIN ARM-NONE-EABI/13.3 REL1/BIN/../lib/gcc/arm-none-eabi/13.3.1/thumb/v7e-m+fp/hard\libc_nano.a(libc_a-putc.o)
                0x0800aed0                _putc_r
 .text.__swbuf_r
                0x0800af38       0x7c C:/PROGRAM FILES (X86)/ARM GNU TOOLCHAIN ARM-NONE-EABI/13.3 REL1/BIN/../lib/gcc/arm-none-eabi/13.3.1/thumb/v7e-m+fp/hard\libc_nano.a(libc_a-wbuf.o)
                0x0800af38                __swbuf_r
 .text.__swsetup_r
                0x0800afb4       0xac C:/PROGRAM FILES (X86)/ARM GNU TOOLCHAIN ARM-NONE-EABI/13.3 REL1/BIN/../lib/gcc/arm-none-eabi/13.3.1/thumb/v7e-m+fp/hard\libc_nano.a(libc_a-wsetup.o)
                0x0800afb4                __swsetup_r
 .text.__swhatbuf_r
                0x0800b060       0x4c C:/PROGRAM FILES (X86)/ARM GNU TOOLCHAIN ARM-NONE-EABI/13.3 REL1/BIN/../lib/gcc/arm-none-eabi/13.3.1/thumb/v7e-m+fp/hard\libc_nano.a(libc_a-makebuf.o)
                0x0800b060                __swhatbuf_r
 .text.__smakebuf_r
                0x0800b0ac       0x78 C:/PROGRAM FILES (X86)/ARM GNU TOOLCHAIN ARM-NONE-EABI/13.3 REL1/BIN/../lib/gcc/arm-none-eabi/13.3.1/thumb/v7e-m+fp/hard\libc_nano.a(libc_a-makebuf.o)
                0x0800b0ac                __smakebuf_r
 .text._fstat_r
                0x0800b124       0x24 C:/PROGRAM FILES (X86)/ARM GNU TOOLCHAIN ARM-NONE-EABI/13.3 REL1/BIN/../lib/gcc/arm-none-eabi/13.3.1/thumb/v7e-m+fp/hard\libc_nano.a(libc_a-fstatr.o)
                0x0800b124                _fstat_r
 .text._isatty_r
                0x0800b148       0x20 C:/PROGRAM FILES (X86)/ARM GNU TOOLCHAIN ARM-NONE-EABI/13.3 REL1/BIN/../lib/gcc/arm-none-eabi/13.3.1/thumb/v7e-m+fp/hard\libc_nano.a(libc_a-isattyr.o)
                0x0800b148                _isatty_r
 .text.__udivmoddi4
                0x0800b168      0x2bc C:/PROGRAM FILES (X86)/ARM GNU TOOLCHAIN ARM-NONE-EABI/13.3 REL1/BIN/../lib/gcc/arm-none-eabi/13.3.1/thumb/v7e-m+fp/hard\libgcc.a(_udivmoddi4.o)
                0x0800b168                __udivmoddi4
 *(.glue_7)
 .glue_7        0x0800b424        0x0 linker stubs
 *(.glue_7t)
 .glue_7t       0x0800b424        0x0 linker stubs
 *(.eh_frame)
 .eh_frame      0x0800b424        0x0 C:/PROGRAM FILES (X86)/ARM GNU TOOLCHAIN ARM-NONE-EABI/13.3 REL1/BIN/../lib/gcc/arm-none-eabi/13.3.1/thumb/v7e-m+fp/hard/crtbegin.o
 *(.init)
 .init          0x0800b424        0x4 C:/PROGRAM FILES (X86)/ARM GNU TOOLCHAIN ARM-NONE-EABI/13.3 REL1/BIN/../lib/gcc/arm-none-eabi/13.3.1/thumb/v7e-m+fp/hard/crti.o
                0x0800b424                _init
 .init          0x0800b428        0x8 C:/PROGRAM FILES (X86)/ARM GNU TOOLCHAIN ARM-NONE-EABI/13.3 REL1/BIN/../lib/gcc/arm-none-eabi/13.3.1/thumb/v7e-m+fp/hard/crtn.o
 *(.fini)
 .fini          0x0800b430        0x4 C:/PROGRAM FILES (X86)/ARM GNU TOOLCHAIN ARM-NONE-EABI/13.3 REL1/BIN/../lib/gcc/arm-none-eabi/13.3.1/thumb/v7e-m+fp/hard/crti.o
                0x0800b430                _fini
 .fini          0x0800b434        0x8 C:/PROGRAM FILES (X86)/ARM GNU TOOLCHAIN ARM-NONE-EABI/13.3 REL1/BIN/../lib/gcc/arm-none-eabi/13.3.1/thumb/v7e-m+fp/hard/crtn.o
                0x0800b43c                        . = ALIGN (0x4)
                0x0800b43c                        _etext = .

.vfp11_veneer   0x0800b43c        0x0
 .vfp11_veneer  0x0800b43c        0x0 linker stubs

.v4_bx          0x0800b43c        0x0
 .v4_bx         0x0800b43c        0x0 linker stubs

.iplt           0x0800b43c        0x0
 .iplt          0x0800b43c        0x0 C:/PROGRAM FILES (X86)/ARM GNU TOOLCHAIN ARM-NONE-EABI/13.3 REL1/BIN/../lib/gcc/arm-none-eabi/13.3.1/thumb/v7e-m+fp/hard/crtbegin.o

.rodata         0x0800b43c      0x43c
                0x0800b43c                        . = ALIGN (0x4)
 *(.rodata)
 .rodata        0x0800b43c       0x3a build/debug/app_ble.o
 *fill*         0x0800b476        0x2 
 .rodata        0x0800b478       0x1b build/debug/app_debug.o
 *fill*         0x0800b493        0x1 
 .rodata        0x0800b494       0x2c build/debug/stm32wbxx_hal_rcc.o
 *(.rodata*)
 .rodata.Ble_Hci_Gap_Gatt_Init.str1.4
                0x0800b4c0      0x162 build/debug/app_ble.o
                                  0x9 (size before relaxing)
 *fill*         0x0800b622        0x2 
 .rodata.a_BLE_CfgErValue
                0x0800b624       0x10 build/debug/app_ble.o
 .rodata.a_BLE_CfgIrValue
                0x0800b634       0x10 build/debug/app_ble.o
 .rodata.a_MBdAddr
                0x0800b644        0x6 build/debug/app_ble.o
 *fill*         0x0800b64a        0x2 
 .rodata.aGpioConfigList
                0x0800b64c      0x130 build/debug/app_debug.o
 .rodata.linea_scan_for_pen.str1.4
                0x0800b77c       0x30 build/debug/linea.o
 .rodata.linea_init.str1.4
                0x0800b77c       0x46 build/debug/linea.o
 .rodata.linea_track_pen.str1.4
                0x0800b77c       0x23 build/debug/linea.o
 .rodata.linea_TIM_init.str1.4
                0x0800b77c       0x33 build/debug/linea_bsp_linea_v1.o
 .rodata.linea_ADC_init.str1.4
                0x0800b77c       0x10 build/debug/linea_bsp_linea_v1.o
 .rodata.linea_set_freq.str1.4
                0x0800b77c       0x18 build/debug/linea_bsp_linea_v1.o
 .rodata.linea_transmit.str1.4
                0x0800b77c       0x21 build/debug/linea_bsp_linea_v1.o
 .rodata.UARTPrescTable
                0x0800b77c       0x18 build/debug/stm32wbxx_hal_uart.o
                0x0800b77c                UARTPrescTable
 .rodata.denominator.0
                0x0800b794        0x8 build/debug/stm32wbxx_hal_uart_ex.o
 .rodata.numerator.1
                0x0800b79c        0x8 build/debug/stm32wbxx_hal_uart_ex.o
 .rodata.MSIRangeTable
                0x0800b7a4       0x40 build/debug/system_stm32wbxx.o
                0x0800b7a4                MSIRangeTable
 .rodata.APBPrescTable
                0x0800b7e4       0x20 build/debug/system_stm32wbxx.o
                0x0800b7e4                APBPrescTable
 .rodata.AHBPrescTable
                0x0800b804       0x40 build/debug/system_stm32wbxx.o
                0x0800b804                AHBPrescTable
 .rodata.USBD_HID_ProductStrDescriptor.str1.4
                0x0800b844       0x16 build/debug/usbd_desc.o
 .rodata.USBD_HID_ManufacturerStrDescriptor.str1.4
                0x0800b844       0x13 build/debug/usbd_desc.o
 .rodata.USBD_HID_ConfigStrDescriptor.str1.4
                0x0800b844        0xb build/debug/usbd_desc.o
 .rodata.USBD_HID_InterfaceStrDescriptor.str1.4
                0x0800b844        0xe build/debug/usbd_desc.o
 .rodata._vfprintf_r.str1.1
                0x0800b844       0x33 C:/PROGRAM FILES (X86)/ARM GNU TOOLCHAIN ARM-NONE-EABI/13.3 REL1/BIN/../lib/gcc/arm-none-eabi/13.3.1/thumb/v7e-m+fp/hard\libc_nano.a(libc_a-nano-vfprintf.o)
                                 0x11 (size before relaxing)
 .rodata._printf_i.str1.1
                0x0800b877       0x22 C:/PROGRAM FILES (X86)/ARM GNU TOOLCHAIN ARM-NONE-EABI/13.3 REL1/BIN/../lib/gcc/arm-none-eabi/13.3.1/thumb/v7e-m+fp/hard\libc_nano.a(libc_a-nano-vfprintf_i.o)
                0x0800b89c                        . = ALIGN (0x4)
 *fill*         0x0800b877        0x1 

.ARM.extab
 *(.ARM.extab* .gnu.linkonce.armextab.*)

.ARM            0x0800b878        0x8
                0x0800b878                        __exidx_start = .
 *(.ARM.exidx*)
 .ARM.exidx     0x0800b878        0x8 C:/PROGRAM FILES (X86)/ARM GNU TOOLCHAIN ARM-NONE-EABI/13.3 REL1/BIN/../lib/gcc/arm-none-eabi/13.3.1/thumb/v7e-m+fp/hard\libc_nano.a(libc_a-memchr.o)
 .ARM.exidx.text.__udivmoddi4
                0x0800b880        0x0 C:/PROGRAM FILES (X86)/ARM GNU TOOLCHAIN ARM-NONE-EABI/13.3 REL1/BIN/../lib/gcc/arm-none-eabi/13.3.1/thumb/v7e-m+fp/hard\libgcc.a(_udivmoddi4.o)
                                  0x8 (size before relaxing)
                0x0800b880                        __exidx_end = .

.preinit_array  0x0800b880        0x0
                0x0800b880                        PROVIDE (__preinit_array_start = .)
 *(.preinit_array*)
                0x0800b880                        PROVIDE (__preinit_array_end = .)

.init_array     0x0800b880        0x4
                0x0800b880                        PROVIDE (__init_array_start = .)
 *(SORT_BY_NAME(.init_array.*))
 *(.init_array*)
 .init_array    0x0800b880        0x4 C:/PROGRAM FILES (X86)/ARM GNU TOOLCHAIN ARM-NONE-EABI/13.3 REL1/BIN/../lib/gcc/arm-none-eabi/13.3.1/thumb/v7e-m+fp/hard/crtbegin.o
                0x0800b884                        PROVIDE (__init_array_end = .)

.fini_array     0x0800b884        0x4
                [!provide]                        PROVIDE (__fini_array_start = .)
 *(SORT_BY_NAME(.fini_array.*))
 *(.fini_array*)
 .fini_array    0x0800b884        0x4 C:/PROGRAM FILES (X86)/ARM GNU TOOLCHAIN ARM-NONE-EABI/13.3 REL1/BIN/../lib/gcc/arm-none-eabi/13.3.1/thumb/v7e-m+fp/hard/crtbegin.o
                [!provide]                        PROVIDE (__fini_array_end = .)
                0x0800b888                        _sidata = LOADADDR (.data)

.rel.dyn        0x0800b888        0x0
 .rel.iplt      0x0800b888        0x0 C:/PROGRAM FILES (X86)/ARM GNU TOOLCHAIN ARM-NONE-EABI/13.3 REL1/BIN/../lib/gcc/arm-none-eabi/13.3.1/thumb/v7e-m+fp/hard/crtbegin.o

.data           0x20000008      0x1c0 load address 0x0800b888
                0x20000008                        . = ALIGN (0x4)
                0x20000008                        _sdata = .
 *(.data)
 *(.data*)
 .data.a_AdvData
                0x20000008        0x7 build/debug/app_ble.o
                0x20000008                a_AdvData
 *fill*         0x2000000f        0x1 
 .data.SizeCharwrite
                0x20000010        0x2 build/debug/custom_stm.o
                0x20000010                SizeCharwrite
 .data.scanning_x.1
                0x20000012        0x1 build/debug/linea.o
 *fill*         0x20000013        0x1 
 .data.linea_pos_x
                0x20000014        0xc build/debug/linea.o
 .data.ExN_Pin  0x20000020        0xc build/debug/linea_bsp_linea_v1.o
                0x20000020                ExN_Pin
 .data.ExN_GPIO_Port
                0x2000002c       0x18 build/debug/linea_bsp_linea_v1.o
                0x2000002c                ExN_GPIO_Port
 .data.SuperMask
                0x20000044        0x4 build/debug/stm32_seq.o
 .data.TaskMask
                0x20000048        0x4 build/debug/stm32_seq.o
 .data.uwTickFreq
                0x2000004c        0x1 build/debug/stm32wbxx_hal.o
                0x2000004c                uwTickFreq
 *fill*         0x2000004d        0x3 
 .data.uwTickPrio
                0x20000050        0x4 build/debug/stm32wbxx_hal.o
                0x20000050                uwTickPrio
 .data.SystemCoreClock
                0x20000054        0x4 build/debug/system_stm32wbxx.o
                0x20000054                SystemCoreClock
 .data.USBD_StringSerial
                0x20000058       0x1a build/debug/usbd_desc.o
                0x20000058                USBD_StringSerial
 *fill*         0x20000072        0x2 
 .data.USBD_LangIDDesc
                0x20000074        0x4 build/debug/usbd_desc.o
                0x20000074                USBD_LangIDDesc
 .data.USBD_HID_DeviceDesc
                0x20000078       0x12 build/debug/usbd_desc.o
                0x20000078                USBD_HID_DeviceDesc
 *fill*         0x2000008a        0x2 
 .data.HID_Desc
                0x2000008c       0x20 build/debug/usbd_desc.o
                0x2000008c                HID_Desc
 .data.HID_MOUSE_ReportDesc
                0x200000ac       0x4a build/debug/usbd_hid.o
 *fill*         0x200000f6        0x2 
 .data.USBD_HID_DeviceQualifierDesc
                0x200000f8        0xa build/debug/usbd_hid.o
 *fill*         0x20000102        0x2 
 .data.USBD_HID_Desc
                0x20000104        0x9 build/debug/usbd_hid.o
 *fill*         0x2000010d        0x3 
 .data.USBD_HID_CfgDesc
                0x20000110       0x22 build/debug/usbd_hid.o
 *fill*         0x20000132        0x2 
 .data.USBD_HID
                0x20000134       0x38 build/debug/usbd_hid.o
                0x20000134                USBD_HID
 .data.__sglue  0x2000016c        0xc C:/PROGRAM FILES (X86)/ARM GNU TOOLCHAIN ARM-NONE-EABI/13.3 REL1/BIN/../lib/gcc/arm-none-eabi/13.3.1/thumb/v7e-m+fp/hard\libc_nano.a(libc_a-findfp.o)
                0x2000016c                __sglue
 .data._impure_ptr
                0x20000178        0x4 C:/PROGRAM FILES (X86)/ARM GNU TOOLCHAIN ARM-NONE-EABI/13.3 REL1/BIN/../lib/gcc/arm-none-eabi/13.3.1/thumb/v7e-m+fp/hard\libc_nano.a(libc_a-impure.o)
                0x20000178                _impure_ptr
 .data._impure_data
                0x2000017c       0x4c C:/PROGRAM FILES (X86)/ARM GNU TOOLCHAIN ARM-NONE-EABI/13.3 REL1/BIN/../lib/gcc/arm-none-eabi/13.3.1/thumb/v7e-m+fp/hard\libc_nano.a(libc_a-impure.o)
                0x2000017c                _impure_data
                0x200001c8                        . = ALIGN (0x4)
                0x200001c8                        _edata = .

.tm_clone_table
                0x200001c8        0x0 load address 0x0800ba48
 .tm_clone_table
                0x200001c8        0x0 C:/PROGRAM FILES (X86)/ARM GNU TOOLCHAIN ARM-NONE-EABI/13.3 REL1/BIN/../lib/gcc/arm-none-eabi/13.3.1/thumb/v7e-m+fp/hard/crtbegin.o
 .tm_clone_table
                0x200001c8        0x0 C:/PROGRAM FILES (X86)/ARM GNU TOOLCHAIN ARM-NONE-EABI/13.3 REL1/BIN/../lib/gcc/arm-none-eabi/13.3.1/thumb/v7e-m+fp/hard/crtend.o

.igot.plt       0x200001c8        0x0 load address 0x0800ba48
 .igot.plt      0x200001c8        0x0 C:/PROGRAM FILES (X86)/ARM GNU TOOLCHAIN ARM-NONE-EABI/13.3 REL1/BIN/../lib/gcc/arm-none-eabi/13.3.1/thumb/v7e-m+fp/hard/crtbegin.o

BLE_DRIVER_CONTEXT
                0x200001c8       0x38 load address 0x0800ba48
 BLE_DRIVER_CONTEXT
                0x200001c8       0x11 build/debug/hci_tl.o
                0x200001c8                UserEventFlow
 *fill*         0x200001d9        0x3 
 BLE_DRIVER_CONTEXT
                0x200001dc       0x24 build/debug/svc_ctl.o
                0x200001dc                SVCCTL_CltHandler
                0x200001e0                SVCCTL_EvtHandler

SYSTEM_DRIVER_CONTEXT
                0x20000200       0x14 load address 0x0800ba80
 SYSTEM_DRIVER_CONTEXT
                0x20000200       0x14 build/debug/shci_tl.o
                0x20000200                SHCI_TL_UserEventFlow
                0x20000214                        . = ALIGN (0x4)

.bss            0x20000214      0xe38 load address 0x0800ba94
                0x20000214                        _sbss = .
                0x20000214                        __bss_start__ = _sbss
 *(.bss)
 *(.bss*)
 .bss.completed.1