Archive member included to satisfy reference by file (symbol)

C:/PROGRAM FILES (X86)/ARM GNU TOOLCHAIN ARM-NONE-EABI/13.3 REL1/BIN/../lib/gcc/arm-none-eabi/13.3.1/thumb/v7e-m+fp/hard\libc_nano.a(libc_a-exit.o)
                              C:/PROGRAM FILES (X86)/ARM GNU TOOLCHAIN ARM-NONE-EABI/13.3 REL1/BIN/../lib/gcc/arm-none-eabi/13.3.1/thumb/v7e-m+fp/hard/crt0.o (exit)
C:/PROGRAM FILES (X86)/ARM GNU TOOLCHAIN ARM-NONE-EABI/13.3 REL1/BIN/../lib/gcc/arm-none-eabi/13.3.1/thumb/v7e-m+fp/hard\libc_nano.a(libc_a-findfp.o)
                              C:/PROGRAM FILES (X86)/ARM GNU TOOLCHAIN ARM-NONE-EABI/13.3 REL1/BIN/../lib/gcc/arm-none-eabi/13.3.1/thumb/v7e-m+fp/hard\libc_nano.a(libc_a-exit.o) (__stdio_exit_handler)
C:/PROGRAM FILES (X86)/ARM GNU TOOLCHAIN ARM-NONE-EABI/13.3 REL1/BIN/../lib/gcc/arm-none-eabi/13.3.1/thumb/v7e-m+fp/hard\libc_nano.a(libc_a-fwalk.o)
                              C:/PROGRAM FILES (X86)/ARM GNU TOOLCHAIN ARM-NONE-EABI/13.3 REL1/BIN/../lib/gcc/arm-none-eabi/13.3.1/thumb/v7e-m+fp/hard\libc_nano.a(libc_a-findfp.o) (_fwalk_sglue)
C:/PROGRAM FILES (X86)/ARM GNU TOOLCHAIN ARM-NONE-EABI/13.3 REL1/BIN/../lib/gcc/arm-none-eabi/13.3.1/thumb/v7e-m+fp/hard\libc_nano.a(libc_a-printf.o)
                              build/debug/dbg_trace.o (printf)
C:/PROGRAM FILES (X86)/ARM GNU TOOLCHAIN ARM-NONE-EABI/13.3 REL1/BIN/../lib/gcc/arm-none-eabi/13.3.1/thumb/v7e-m+fp/hard\libc_nano.a(libc_a-stdio.o)
                              C:/PROGRAM FILES (X86)/ARM GNU TOOLCHAIN ARM-NONE-EABI/13.3 REL1/BIN/../lib/gcc/arm-none-eabi/13.3.1/thumb/v7e-m+fp/hard\libc_nano.a(libc_a-findfp.o) (__sread)
C:/PROGRAM FILES (X86)/ARM GNU TOOLCHAIN ARM-NONE-EABI/13.3 REL1/BIN/../lib/gcc/arm-none-eabi/13.3.1/thumb/v7e-m+fp/hard\libc_nano.a(libc_a-vprintf.o)
                              build/debug/dbg_trace.o (vprintf)
C:/PROGRAM FILES (X86)/ARM GNU TOOLCHAIN ARM-NONE-EABI/13.3 REL1/BIN/../lib/gcc/arm-none-eabi/13.3.1/thumb/v7e-m+fp/hard\libc_nano.a(libc_a-memcmp.o)
                              build/debug/osal.o (memcmp)
C:/PROGRAM FILES (X86)/ARM GNU TOOLCHAIN ARM-NONE-EABI/13.3 REL1/BIN/../lib/gcc/arm-none-eabi/13.3.1/thumb/v7e-m+fp/hard\libc_nano.a(libc_a-memset.o)
                              C:/PROGRAM FILES (X86)/ARM GNU TOOLCHAIN ARM-NONE-EABI/13.3 REL1/BIN/../lib/gcc/arm-none-eabi/13.3.1/thumb/v7e-m+fp/hard/crt0.o (memset)
C:/PROGRAM FILES (X86)/ARM GNU TOOLCHAIN ARM-NONE-EABI/13.3 REL1/BIN/../lib/gcc/arm-none-eabi/13.3.1/thumb/v7e-m+fp/hard\libc_nano.a(libc_a-strrchr.o)
                              build/debug/dbg_trace.o (strrchr)
C:/PROGRAM FILES (X86)/ARM GNU TOOLCHAIN ARM-NONE-EABI/13.3 REL1/BIN/../lib/gcc/arm-none-eabi/13.3.1/thumb/v7e-m+fp/hard\libc_nano.a(libc_a-closer.o)
                              C:/PROGRAM FILES (X86)/ARM GNU TOOLCHAIN ARM-NONE-EABI/13.3 REL1/BIN/../lib/gcc/arm-none-eabi/13.3.1/thumb/v7e-m+fp/hard\libc_nano.a(libc_a-stdio.o) (_close_r)
C:/PROGRAM FILES (X86)/ARM GNU TOOLCHAIN ARM-NONE-EABI/13.3 REL1/BIN/../lib/gcc/arm-none-eabi/13.3.1/thumb/v7e-m+fp/hard\libc_nano.a(libc_a-reent.o)
                              C:/PROGRAM FILES (X86)/ARM GNU TOOLCHAIN ARM-NONE-EABI/13.3 REL1/BIN/../lib/gcc/arm-none-eabi/13.3.1/thumb/v7e-m+fp/hard\libc_nano.a(libc_a-closer.o) (errno)
C:/PROGRAM FILES (X86)/ARM GNU TOOLCHAIN ARM-NONE-EABI/13.3 REL1/BIN/../lib/gcc/arm-none-eabi/13.3.1/thumb/v7e-m+fp/hard\libc_nano.a(libc_a-impure.o)
                              C:/PROGRAM FILES (X86)/ARM GNU TOOLCHAIN ARM-NONE-EABI/13.3 REL1/BIN/../lib/gcc/arm-none-eabi/13.3.1/thumb/v7e-m+fp/hard\libc_nano.a(libc_a-printf.o) (_impure_ptr)
C:/PROGRAM FILES (X86)/ARM GNU TOOLCHAIN ARM-NONE-EABI/13.3 REL1/BIN/../lib/gcc/arm-none-eabi/13.3.1/thumb/v7e-m+fp/hard\libc_nano.a(libc_a-lseekr.o)
                              C:/PROGRAM FILES (X86)/ARM GNU TOOLCHAIN ARM-NONE-EABI/13.3 REL1/BIN/../lib/gcc/arm-none-eabi/13.3.1/thumb/v7e-m+fp/hard\libc_nano.a(libc_a-stdio.o) (_lseek_r)
C:/PROGRAM FILES (X86)/ARM GNU TOOLCHAIN ARM-NONE-EABI/13.3 REL1/BIN/../lib/gcc/arm-none-eabi/13.3.1/thumb/v7e-m+fp/hard\libc_nano.a(libc_a-readr.o)
                              C:/PROGRAM FILES (X86)/ARM GNU TOOLCHAIN ARM-NONE-EABI/13.3 REL1/BIN/../lib/gcc/arm-none-eabi/13.3.1/thumb/v7e-m+fp/hard\libc_nano.a(libc_a-stdio.o) (_read_r)
C:/PROGRAM FILES (X86)/ARM GNU TOOLCHAIN ARM-NONE-EABI/13.3 REL1/BIN/../lib/gcc/arm-none-eabi/13.3.1/thumb/v7e-m+fp/hard\libc_nano.a(libc_a-writer.o)
                              C:/PROGRAM FILES (X86)/ARM GNU TOOLCHAIN ARM-NONE-EABI/13.3 REL1/BIN/../lib/gcc/arm-none-eabi/13.3.1/thumb/v7e-m+fp/hard\libc_nano.a(libc_a-stdio.o) (_write_r)
C:/PROGRAM FILES (X86)/ARM GNU TOOLCHAIN ARM-NONE-EABI/13.3 REL1/BIN/../lib/gcc/arm-none-eabi/13.3.1/thumb/v7e-m+fp/hard\libc_nano.a(libc_a-errno.o)
                              build/debug/syscalls.o (__errno)
C:/PROGRAM FILES (X86)/ARM GNU TOOLCHAIN ARM-NONE-EABI/13.3 REL1/BIN/../lib/gcc/arm-none-eabi/13.3.1/thumb/v7e-m+fp/hard\libc_nano.a(libc_a-init.o)
[...]
Memory Configuration

Name             Origin             Length             Attributes
FLASH            0x08000000         0x00080000         xr
RAM1             0x20000008         0x0002fff8         xrw
RAM_SHARED       0x20030000         0x00002800         xrw
*default*        0x00000000         0xffffffff

Linker script and memory map

LOAD C:/PROGRAM FILES (X86)/ARM GNU TOOLCHAIN ARM-NONE-EABI/13.3 REL1/BIN/../lib/gcc/arm-none-eabi/13.3.1/thumb/v7e-m+fp/hard/crti.o
LOAD C:/PROGRAM FILES (X86)/ARM GNU TOOLCHAIN ARM-NONE-EABI/13.3 REL1/BIN/../lib/gcc/arm-none-eabi/13.3.1/thumb/v7e-m+fp/hard/crtbegin.o
LOAD C:/PROGRAM FILES (X86)/ARM GNU TOOLCHAIN ARM-NONE-EABI/13.3 REL1/BIN/../lib/gcc/arm-none-eabi/13.3.1/thumb/v7e-m+fp/hard/crt0.o
LOAD build/debug/app_ble.o
LOAD build/debug/app_debug.o
LOAD build/debug/app_entry.o
LOAD build/debug/ble_gap_aci.o
LOAD build/debug/ble_gatt_aci.o
LOAD build/debug/ble_hal_aci.o
LOAD build/debug/ble_hci_le.o
LOAD build/debug/ble_l2cap_aci.o
LOAD build/debug/dbg_trace.o
LOAD build/debug/hci_tl.o
LOAD build/debug/hci_tl_if.o
LOAD build/debug/hw_ipcc.o
LOAD build/debug/hw_timerserver.o
LOAD build/debug/main.o
LOAD build/debug/osal.o
LOAD build/debug/otp.o
LOAD build/debug/p2p_server_app.o
LOAD build/debug/p2p_stm.o
LOAD build/debug/shci.o
LOAD build/debug/shci_tl.o
LOAD build/debug/shci_tl_if.o
LOAD build/debug/stm32_lpm.o
LOAD build/debug/stm32_lpm_if.o
LOAD build/debug/stm32_seq.o
LOAD build/debug/stm32wbxx_hal.o
LOAD build/debug/stm32wbxx_hal_adc.o
LOAD build/debug/stm32wbxx_hal_adc_ex.o
LOAD build/debug/stm32wbxx_hal_cortex.o
LOAD build/debug/stm32wbxx_hal_dma.o
LOAD build/debug/stm32wbxx_hal_dma_ex.o
LOAD build/debug/stm32wbxx_hal_exti.o
LOAD build/debug/stm32wbxx_hal_flash.o
LOAD build/debug/stm32wbxx_hal_flash_ex.o
LOAD build/debug/stm32wbxx_hal_gpio.o
LOAD build/debug/stm32wbxx_hal_hsem.o
LOAD build/debug/stm32wbxx_hal_i2c.o
LOAD build/debug/stm32wbxx_hal_i2c_ex.o
LOAD build/debug/stm32wbxx_hal_ipcc.o
LOAD build/debug/stm32wbxx_hal_msp.o
LOAD build/debug/stm32wbxx_hal_pcd.o
LOAD build/debug/stm32wbxx_hal_pcd_ex.o
LOAD build/debug/stm32wbxx_hal_pwr.o
LOAD build/debug/stm32wbxx_hal_pwr_ex.o
LOAD build/debug/stm32wbxx_hal_rcc.o
LOAD build/debug/stm32wbxx_hal_rcc_ex.o
LOAD build/debug/stm32wbxx_hal_rtc.o
LOAD build/debug/stm32wbxx_hal_rtc_ex.o
LOAD build/debug/stm32wbxx_hal_tim.o
LOAD build/debug/stm32wbxx_hal_tim_ex.o
LOAD build/debug/stm32wbxx_hal_uart.o
LOAD build/debug/stm32wbxx_hal_uart_ex.o
LOAD build/debug/stm32wbxx_it.o
LOAD build/debug/stm32wbxx_ll_adc.o
LOAD build/debug/stm32wbxx_ll_rcc.o
LOAD build/debug/stm32wbxx_ll_usb.o
LOAD build/debug/stm_list.o
LOAD build/debug/stm_queue.o
LOAD build/debug/svc_ctl.o
LOAD build/debug/syscalls.o
LOAD build/debug/sysmem.o
LOAD build/debug/system_stm32wbxx.o
LOAD build/debug/tl_mbox.o
LOAD build/debug/usb_device.o
LOAD build/debug/usbd_conf.o
LOAD build/debug/usbd_core.o
LOAD build/debug/usbd_ctlreq.o
LOAD build/debug/usbd_desc.o
LOAD build/debug/usbd_hid.o
LOAD build/debug/usbd_ioreq.o
LOAD build/debug/startup_stm32wb55xx_cm4.o
LOAD C:/PROGRAM FILES (X86)/ARM GNU TOOLCHAIN ARM-NONE-EABI/13.3 REL1/BIN/../lib/gcc/arm-none-eabi/13.3.1/thumb/v7e-m+fp/hard\libc_nano.a
LOAD C:/PROGRAM FILES (X86)/ARM GNU TOOLCHAIN ARM-NONE-EABI/13.3 REL1/BIN/../lib/gcc/arm-none-eabi/13.3.1/thumb/v7e-m+fp/hard\libm.a
LOAD C:/PROGRAM FILES (X86)/ARM GNU TOOLCHAIN ARM-NONE-EABI/13.3 REL1/BIN/../lib/gcc/arm-none-eabi/13.3.1/thumb/v7e-m+fp/hard\libnosys.a
START GROUP
LOAD C:/PROGRAM FILES (X86)/ARM GNU TOOLCHAIN ARM-NONE-EABI/13.3 REL1/BIN/../lib/gcc/arm-none-eabi/13.3.1/thumb/v7e-m+fp/hard\libgcc.a
LOAD C:/PROGRAM FILES (X86)/ARM GNU TOOLCHAIN ARM-NONE-EABI/13.3 REL1/BIN/../lib/gcc/arm-none-eabi/13.3.1/thumb/v7e-m+fp/hard\libc_nano.a
END GROUP
START GROUP
LOAD C:/PROGRAM FILES (X86)/ARM GNU TOOLCHAIN ARM-NONE-EABI/13.3 REL1/BIN/../lib/gcc/arm-none-eabi/13.3.1/thumb/v7e-m+fp/hard\libgcc.a
LOAD C:/PROGRAM FILES (X86)/ARM GNU TOOLCHAIN ARM-NONE-EABI/13.3 REL1/BIN/../lib/gcc/arm-none-eabi/13.3.1/thumb/v7e-m+fp/hard\libc_nano.a
END GROUP
LOAD C:/PROGRAM FILES (X86)/ARM GNU TOOLCHAIN ARM-NONE-EABI/13.3 REL1/BIN/../lib/gcc/arm-none-eabi/13.3.1/thumb/v7e-m+fp/hard/crtend.o
LOAD C:/PROGRAM FILES (X86)/ARM GNU TOOLCHAIN ARM-NONE-EABI/13.3 REL1/BIN/../lib/gcc/arm-none-eabi/13.3.1/thumb/v7e-m+fp/hard/crtn.o
                0x20030000                        _estack = 0x20030000
                0x00000200                        _Min_Heap_Size = 0x200
                0x00000400                        _Min_Stack_Size = 0x400

.isr_vector     0x08000000      0x13c
                0x08000000                        . = ALIGN (0x4)
 *(.isr_vector)
 .isr_vector    0x08000000      0x13c build/debug/startup_stm32wb55xx_cm4.o
                0x08000000                g_pfnVectors
                0x0800013c                        . = ALIGN (0x4)

.text           0x0800013c     0x91b0
                0x0800013c                        . = ALIGN (0x4)
 *(.text)
 .text          0x0800013c       0x30 C:/PROGRAM FILES (X86)/ARM GNU TOOLCHAIN ARM-NONE-EABI/13.3 REL1/BIN/../lib/gcc/arm-none-eabi/13.3.1/thumb/v7e-m+fp/hard\libgcc.a(_aeabi_uldivmod.o)
                0x0800013c                __aeabi_uldivmod
 .text          0x0800016c        0x4 C:/PROGRAM FILES (X86)/ARM GNU TOOLCHAIN ARM-NONE-EABI/13.3 REL1/BIN/../lib/gcc/arm-none-eabi/13.3.1/thumb/v7e-m+fp/hard\libgcc.a(_dvmd_tls.o)
                0x0800016c                __aeabi_idiv0
                0x0800016c                __aeabi_ldiv0
 *(.text*)
 .text.deregister_tm_clones
                0x08000170       0x1c C:/PROGRAM FILES (X86)/ARM GNU TOOLCHAIN ARM-NONE-EABI/13.3 REL1/BIN/../lib/gcc/arm-none-eabi/13.3.1/thumb/v7e-m+fp/hard/crtbegin.o
 .text.register_tm_clones
                0x0800018c       0x24 C:/PROGRAM FILES (X86)/ARM GNU TOOLCHAIN ARM-NONE-EABI/13.3 REL1/BIN/../lib/gcc/arm-none-eabi/13.3.1/thumb/v7e-m+fp/hard/crtbegin.o
 .text.__do_global_dtors_aux
                0x080001b0       0x28 C:/PROGRAM FILES (X86)/ARM GNU TOOLCHAIN ARM-NONE-EABI/13.3 REL1/BIN/../lib/gcc/arm-none-eabi/13.3.1/thumb/v7e-m+fp/hard/crtbegin.o
 .text.frame_dummy
                0x080001d8       0x24 C:/PROGRAM FILES (X86)/ARM GNU TOOLCHAIN ARM-NONE-EABI/13.3 REL1/BIN/../lib/gcc/arm-none-eabi/13.3.1/thumb/v7e-m+fp/hard/crtbegin.o
 .text.Switch_OFF_GPIO
                0x080001fc        0x2 build/debug/app_ble.o
 .text.Adv_Cancel_Req
                0x080001fe        0xc build/debug/app_ble.o
 *fill*         0x0800020a        0x2 
 .text.Adv_Cancel
                0x0800020c       0x20 build/debug/app_ble.o
 .text.Ble_Tl_Init
                0x0800022c       0x28 build/debug/app_ble.o
 .text.BLE_UserEvtRx
                0x08000254       0x1a build/debug/app_ble.o
 .text.BLE_StatusNot
                0x0800026e       0x18 build/debug/app_ble.o
 *fill*         0x08000286        0x2 
 .text.BleGetBdAddress
                0x08000288       0x4c build/debug/app_ble.o
 .text.Ble_Hci_Gap_Gatt_Init
                0x080002d4       0xfc build/debug/app_ble.o
 .text.Adv_Request
                0x080003d0       0xa0 build/debug/app_ble.o
 .text.APP_BLE_Init
                0x08000470       0xcc build/debug/app_ble.o
                0x08000470                APP_BLE_Init
 .text.SVCCTL_App_Notification
                0x0800053c       0xb8 build/debug/app_ble.o
                0x0800053c                SVCCTL_App_Notification
 .text.hci_notify_asynch_evt
                0x080005f4        0xc build/debug/app_ble.o
                0x080005f4                hci_notify_asynch_evt
 .text.hci_cmd_resp_release
                0x08000600        0xa build/debug/app_ble.o
                0x08000600                hci_cmd_resp_release
 .text.hci_cmd_resp_wait
                0x0800060a        0xa build/debug/app_ble.o
                0x0800060a                hci_cmd_resp_wait
 .text.APPD_EnableCPU2
                0x08000614       0x34 build/debug/app_debug.o
                0x08000614                APPD_EnableCPU2
 .text.Init_Rtc
                0x08000648       0x1c build/debug/app_entry.o
 .text.APPE_SysStatusNot
                0x08000664        0x2 build/debug/app_entry.o
 *fill*         0x08000666        0x2 
 .text.Config_HSE
                0x08000668       0x2c build/debug/app_entry.o
 .text.SystemPower_Config
                0x08000694       0x2c build/debug/app_entry.o
 .text.appe_Tl_Init
                0x080006c0       0x60 build/debug/app_entry.o
 .text.APPE_SysEvtReadyProcessing
                0x08000720       0x60 build/debug/app_entry.o
 .text.APPE_SysUserEvtRx
                0x08000780       0x24 build/debug/app_entry.o
 .text.MX_APPE_Config
                0x080007a4       0x14 build/debug/app_entry.o
                0x080007a4                MX_APPE_Config
 .text.Init_Exti
                0x080007b8       0x14 build/debug/app_entry.o
                0x080007b8                Init_Exti
 .text.System_Init
                0x080007cc        0xc build/debug/app_entry.o
 .text.MX_APPE_Init
                0x080007d8       0x1c build/debug/app_entry.o
                0x080007d8                MX_APPE_Init
 .text.MX_APPE_Process
                0x080007f4        0xc build/debug/app_entry.o
                0x080007f4                MX_APPE_Process
 .text.UTIL_SEQ_Idle
                0x08000800        0x2 build/debug/app_entry.o
                0x08000800                UTIL_SEQ_Idle
 .text.shci_notify_asynch_evt
                0x08000802        0xc build/debug/app_entry.o
                0x08000802                shci_notify_asynch_evt
 .text.shci_cmd_resp_release
                0x0800080e        0xa build/debug/app_entry.o
                0x0800080e                shci_cmd_resp_release
 .text.shci_cmd_resp_wait
                0x08000818        0xa build/debug/app_entry.o
                0x08000818                shci_cmd_resp_wait
 .text.aci_gap_set_non_discoverable
                0x08000822       0x42 build/debug/ble_gap_aci.o
                0x08000822                aci_gap_set_non_discoverable
 .text.aci_gap_set_discoverable
                0x08000864       0xb4 build/debug/ble_gap_aci.o
                0x08000864                aci_gap_set_discoverable
 .text.aci_gap_set_io_capability
                0x08000918       0x4c build/debug/ble_gap_aci.o
                0x08000918                aci_gap_set_io_capability
 .text.aci_gap_set_authentication_requirement
                0x08000964       0x80 build/debug/ble_gap_aci.o
                0x08000964                aci_gap_set_authentication_requirement
 .text.aci_gap_init
                0x080009e4       0x7e build/debug/ble_gap_aci.o
                0x080009e4                aci_gap_init
 .text.aci_gap_update_adv_data
                0x08000a62       0x5a build/debug/ble_gap_aci.o
                0x08000a62                aci_gap_update_adv_data
 .text.aci_gap_configure_filter_accept_list
                0x08000abc       0x42 build/debug/ble_gap_aci.o
                0x08000abc                aci_gap_configure_filter_accept_list
 .text.aci_gatt_init
                0x08000afe       0x44 build/debug/ble_gatt_aci.o
                0x08000afe                aci_gatt_init
 .text.aci_gatt_add_service
                0x08000b42       0xa0 build/debug/ble_gatt_aci.o
                0x08000b42                aci_gatt_add_service
 .text.aci_gatt_add_char
                0x08000be2       0xc0 build/debug/ble_gatt_aci.o
                0x08000be2                aci_gatt_add_char
 .text.aci_gatt_update_char_value
                0x08000ca2       0x6a build/debug/ble_gatt_aci.o
                0x08000ca2                aci_gatt_update_char_value
 .text.aci_gatt_confirm_indication
                0x08000d0c       0x50 build/debug/ble_gatt_aci.o
                0x08000d0c                aci_gatt_confirm_indication
 .text.aci_hal_write_config_data
                0x08000d5c       0x60 build/debug/ble_hal_aci.o
                0x08000d5c                aci_hal_write_config_data
 .text.aci_hal_set_tx_power_level
                0x08000dbc       0x52 build/debug/ble_hal_aci.o
                0x08000dbc                aci_hal_set_tx_power_level
 .text.aci_hal_set_radio_activity_mask
                0x08000e0e       0x4e build/debug/ble_hal_aci.o
                0x08000e0e                aci_hal_set_radio_activity_mask
 .text.hci_reset
                0x08000e5c       0x40 build/debug/ble_hci_le.o
                0x08000e5c                hci_reset
 .text.hci_le_read_phy
                0x08000e9c       0x64 build/debug/ble_hci_le.o
                0x08000e9c                hci_le_read_phy
 .text.hci_le_set_default_phy
                0x08000f00       0x56 build/debug/ble_hci_le.o
                0x08000f00                hci_le_set_default_phy
 *fill*         0x08000f56        0x2 
 .text.NotifyCmdStatus
                0x08000f58       0x20 build/debug/hci_tl.o
 .text.TlInit   0x08000f78       0x48 build/debug/hci_tl.o
 .text.SendCmd  0x08000fc0       0x30 build/debug/hci_tl.o
 .text.hci_init
                0x08000ff0       0x24 build/debug/hci_tl.o
                0x08000ff0                hci_init
 .text.hci_user_evt_proc
                0x08001014       0x80 build/debug/hci_tl.o
                0x08001014                hci_user_evt_proc
 .text.hci_send_req
                0x08001094       0xac build/debug/hci_tl.o
                0x08001094                hci_send_req
 .text.TlEvtReceived
                0x08001140       0x34 build/debug/hci_tl.o
 .text.hci_register_io_bus
                0x08001174       0x14 build/debug/hci_tl_if.o
                0x08001174                hci_register_io_bus
 .text.HW_IPCC_Enable
                0x08001188       0x50 build/debug/hw_ipcc.o
                0x08001188                HW_IPCC_Enable
 .text.HW_IPCC_Init
                0x080011d8       0x44 build/debug/hw_ipcc.o
                0x080011d8                HW_IPCC_Init
 .text.HW_IPCC_BLE_Init
                0x0800121c       0x1c build/debug/hw_ipcc.o
                0x0800121c                HW_IPCC_BLE_Init
 .text.HW_IPCC_BLE_SendCmd
                0x08001238       0x10 build/debug/hw_ipcc.o
                0x08001238                HW_IPCC_BLE_SendCmd
 .text.HW_IPCC_SYS_Init
                0x08001248       0x1c build/debug/hw_ipcc.o
                0x08001248                HW_IPCC_SYS_Init
 .text.HW_IPCC_SYS_SendCmd
                0x08001264       0x20 build/debug/hw_ipcc.o
                0x08001264                HW_IPCC_SYS_SendCmd
 .text.HW_IPCC_MM_SendFreeBuf
                0x08001284       0x3c build/debug/hw_ipcc.o
                0x08001284                HW_IPCC_MM_SendFreeBuf
 .text.HW_IPCC_TRACES_Init
                0x080012c0       0x1c build/debug/hw_ipcc.o
                0x080012c0                HW_IPCC_TRACES_Init
 .text.ReadRtcSsrValue
                0x080012dc       0x20 build/debug/hw_timerserver.o
 .text.LinkTimerAfter
                0x080012fc       0x40 build/debug/hw_timerserver.o
 .text.LinkTimerBefore
                0x0800133c       0x68 build/debug/hw_timerserver.o
 .text.UnlinkTimer
                0x080013a4       0xa0 build/debug/hw_timerserver.o
 .text.ReturnTimeElapsed
                0x08001444       0x54 build/debug/hw_timerserver.o
 .text.linkTimer
                0x08001498       0xdc build/debug/hw_timerserver.o
 .text.RestartWakeupCounter
                0x08001574       0x88 build/debug/hw_timerserver.o
 .text.RescheduleTimerList
                0x080015fc       0xd4 build/debug/hw_timerserver.o
 .text.HW_TS_Init
                0x080016d0      0x150 build/debug/hw_timerserver.o
                0x080016d0                HW_TS_Init
 .text.HW_TS_Create
                0x08001820       0x70 build/debug/hw_timerserver.o
                0x08001820                HW_TS_Create
 .text.HW_TS_Stop
                0x08001890       0xc0 build/debug/hw_timerserver.o
                0x08001890                HW_TS_Stop
 .text.HW_TS_Start
                0x08001950       0xa0 build/debug/hw_timerserver.o
                0x08001950                HW_TS_Start
 .text.MX_GPIO_Init
                0x080019f0      0x130 build/debug/main.o
 .text.Error_Handler
                0x08001b20        0x4 build/debug/main.o
                0x08001b20                Error_Handler
 .text.MX_IPCC_Init
                0x08001b24       0x1c build/debug/main.o
 .text.MX_ADC1_Init
                0x08001b40       0x80 build/debug/main.o
 .text.MX_I2C1_Init
                0x08001bc0       0x54 build/debug/main.o
 .text.MX_TIM1_Init
                0x08001c14      0x114 build/debug/main.o
 .text.MX_TIM16_Init
                0x08001d28       0xb0 build/debug/main.o
 .text.MX_USART1_UART_Init
                0x08001dd8       0x60 build/debug/main.o
 .text.MX_TIM2_Init
                0x08001e38       0x98 build/debug/main.o
 .text.MX_RTC_Init
                0x08001ed0       0x44 build/debug/main.o
 .text.SystemClock_Config
                0x08001f14       0xc8 build/debug/main.o
                0x08001f14                SystemClock_Config
 .text.PeriphCommonClock_Config
                0x08001fdc       0x58 build/debug/main.o
                0x08001fdc                PeriphCommonClock_Config
 .text.main     0x08002034       0x5c build/debug/main.o
                0x08002034                main
 .text.Osal_MemCpy
                0x08002090        0x8 build/debug/osal.o
                0x08002090                Osal_MemCpy
 .text.Osal_MemSet
                0x08002098        0x8 build/debug/osal.o
                0x08002098                Osal_MemSet
 .text.OTP_Read
                0x080020a0       0x28 build/debug/otp.o
                0x080020a0                OTP_Read
 .text.P2PS_STM_App_Notification
                0x080020c8        0x2 build/debug/p2p_server_app.o
                0x080020c8                P2PS_STM_App_Notification
 .text.P2PS_APP_Notification
                0x080020ca        0x2 build/debug/p2p_server_app.o
                0x080020ca                P2PS_APP_Notification
 .text.P2PS_APP_Init
                0x080020cc        0x2 build/debug/p2p_server_app.o
                0x080020cc                P2PS_APP_Init
 *fill*         0x080020ce        0x2 
 .text.PeerToPeer_Event_Handler
                0x080020d0       0x84 build/debug/p2p_stm.o
 .text.P2PS_STM_Init
                0x08002154      0x198 build/debug/p2p_stm.o
                0x08002154                P2PS_STM_Init
 .text.SHCI_C2_BLE_Init
                0x080022ec       0x1e build/debug/shci.o
                0x080022ec                SHCI_C2_BLE_Init
 .text.SHCI_C2_DEBUG_Init
                0x0800230a       0x1e build/debug/shci.o
                0x0800230a                SHCI_C2_DEBUG_Init
 .text.SHCI_C2_Config
                0x08002328       0x1c build/debug/shci.o
                0x08002328                SHCI_C2_Config
 .text.SHCI_GetWirelessFwInfo
                0x08002344       0x90 build/debug/shci.o
                0x08002344                SHCI_GetWirelessFwInfo
 .text.Cmd_SetStatus
                0x080023d4       0x30 build/debug/shci_tl.o
 .text.TlInit   0x08002404       0x4c build/debug/shci_tl.o
 .text.TlUserEvtReceived
                0x08002450       0x18 build/debug/shci_tl.o
 .text.shci_init
                0x08002468       0x24 build/debug/shci_tl.o
                0x08002468                shci_init
 .text.shci_user_evt_proc
                0x0800248c       0x80 build/debug/shci_tl.o
                0x0800248c                shci_user_evt_proc
 .text.shci_send
                0x0800250c       0x68 build/debug/shci_tl.o
                0x0800250c                shci_send
 .text.TlCmdEvtReceived
                0x08002574        0xa build/debug/shci_tl.o
 *fill*         0x0800257e        0x2 
 .text.shci_register_io_bus
                0x08002580       0x14 build/debug/shci_tl_if.o
                0x08002580                shci_register_io_bus
 .text.UTIL_LPM_Init
                0x08002594       0x14 build/debug/stm32_lpm.o
                0x08002594                UTIL_LPM_Init
 .text.UTIL_LPM_SetOffMode
                0x080025a8       0x2c build/debug/stm32_lpm.o
                0x080025a8                UTIL_LPM_SetOffMode
 .text.UTIL_SEQ_SetTask
                0x080025d4       0x28 build/debug/stm32_seq.o
                0x080025d4                UTIL_SEQ_SetTask
 .text.UTIL_SEQ_PauseTask
                0x080025fc       0x1c build/debug/stm32_seq.o
                0x080025fc                UTIL_SEQ_PauseTask
 .text.UTIL_SEQ_ResumeTask
                0x08002618       0x18 build/debug/stm32_seq.o
                0x08002618                UTIL_SEQ_ResumeTask
 .text.UTIL_SEQ_SetEvt
                0x08002630       0x18 build/debug/stm32_seq.o
                0x08002630                UTIL_SEQ_SetEvt
 .text.UTIL_SEQ_PreIdle
                0x08002648        0x2 build/debug/stm32_seq.o
                0x08002648                UTIL_SEQ_PreIdle
 .text.UTIL_SEQ_PostIdle
                0x0800264a        0x2 build/debug/stm32_seq.o
                0x0800264a                UTIL_SEQ_PostIdle
 .text.SEQ_BitPosition
                0x0800264c       0x12 build/debug/stm32_seq.o
                0x0800264c                SEQ_BitPosition
 *fill*         0x0800265e        0x2 
 .text.UTIL_SEQ_Run
                0x08002660      0x12c build/debug/stm32_seq.o
                0x08002660                UTIL_SEQ_Run
 .text.UTIL_SEQ_EvtIdle
                0x0800278c        0xa build/debug/stm32_seq.o
                0x0800278c                UTIL_SEQ_EvtIdle
 *fill*         0x08002796        0x2 
 .text.UTIL_SEQ_WaitEvt
                0x08002798       0x58 build/debug/stm32_seq.o
                0x08002798                UTIL_SEQ_WaitEvt
 .text.UTIL_SEQ_RegTask
                0x080027f0       0x20 build/debug/stm32_seq.o
                0x080027f0                UTIL_SEQ_RegTask
 .text.HAL_InitTick
                0x08002810       0x50 build/debug/stm32wbxx_hal.o
                0x08002810                HAL_InitTick
 .text.HAL_Init
                0x08002860       0x2c build/debug/stm32wbxx_hal.o
                0x08002860                HAL_Init
 .text.HAL_IncTick
                0x0800288c       0x18 build/debug/stm32wbxx_hal.o
                0x0800288c                HAL_IncTick
 .text.HAL_GetTick
                0x080028a4        0xc build/debug/stm32wbxx_hal.o
                0x080028a4                HAL_GetTick
 .text.HAL_GetTickPrio
                0x080028b0        0xc build/debug/stm32wbxx_hal.o
                0x080028b0                HAL_GetTickPrio
 .text.LL_ADC_REG_SetSequencerRanks
                0x080028bc       0x30 build/debug/stm32wbxx_hal_adc.o
 .text.LL_ADC_SetChannelSamplingTime
                0x080028ec       0x2c build/debug/stm32wbxx_hal_adc.o
 .text.HAL_ADC_Init
                0x08002918      0x1d8 build/debug/stm32wbxx_hal_adc.o
                0x08002918                HAL_ADC_Init
 .text.HAL_ADC_ConfigChannel
                0x08002af0      0x42c build/debug/stm32wbxx_hal_adc.o
                0x08002af0                HAL_ADC_ConfigChannel
 .text.__NVIC_EnableIRQ
                0x08002f1c       0x1c build/debug/stm32wbxx_hal_cortex.o
 .text.__NVIC_DisableIRQ
                0x08002f38       0x24 build/debug/stm32wbxx_hal_cortex.o
 .text.__NVIC_SetPriority
                0x08002f5c       0x28 build/debug/stm32wbxx_hal_cortex.o
 .text.NVIC_EncodePriority
                0x08002f84       0x3e build/debug/stm32wbxx_hal_cortex.o
 *fill*         0x08002fc2        0x2 
 .text.HAL_NVIC_SetPriorityGrouping
                0x08002fc4       0x24 build/debug/stm32wbxx_hal_cortex.o
                0x08002fc4                HAL_NVIC_SetPriorityGrouping
 .text.HAL_NVIC_SetPriority
                0x08002fe8       0x20 build/debug/stm32wbxx_hal_cortex.o
                0x08002fe8                HAL_NVIC_SetPriority
 .text.HAL_NVIC_EnableIRQ
                0x08003008        0x8 build/debug/stm32wbxx_hal_cortex.o
                0x08003008                HAL_NVIC_EnableIRQ
 .text.HAL_NVIC_DisableIRQ
                0x08003010        0x8 build/debug/stm32wbxx_hal_cortex.o
                0x08003010                HAL_NVIC_DisableIRQ
 .text.HAL_SYSTICK_Config
                0x08003018       0x28 build/debug/stm32wbxx_hal_cortex.o
                0x08003018                HAL_SYSTICK_Config
 .text.HAL_NVIC_SetPendingIRQ
                0x08003040       0x1c build/debug/stm32wbxx_hal_cortex.o
                0x08003040                HAL_NVIC_SetPendingIRQ
 .text.HAL_NVIC_ClearPendingIRQ
                0x0800305c       0x1c build/debug/stm32wbxx_hal_cortex.o
                0x0800305c                HAL_NVIC_ClearPendingIRQ
 .text.HAL_GPIO_Init
                0x08003078      0x1b4 build/debug/stm32wbxx_hal_gpio.o
                0x08003078                HAL_GPIO_Init
 .text.HAL_GPIO_WritePin
                0x0800322c        0xa build/debug/stm32wbxx_hal_gpio.o
                0x0800322c                HAL_GPIO_WritePin
 .text.HAL_HSEM_FreeCallback
                0x08003236        0x2 build/debug/stm32wbxx_hal_hsem.o
                0x08003236                HAL_HSEM_FreeCallback
 .text.HAL_HSEM_IRQHandler
                0x08003238       0x1c build/debug/stm32wbxx_hal_hsem.o
                0x08003238                HAL_HSEM_IRQHandler
 .text.HAL_I2C_Init
                0x08003254       0xc8 build/debug/stm32wbxx_hal_i2c.o
                0x08003254                HAL_I2C_Init
 .text.HAL_I2CEx_ConfigAnalogFilter
                0x0800331c       0x5c build/debug/stm32wbxx_hal_i2c_ex.o
                0x0800331c                HAL_I2CEx_ConfigAnalogFilter
 .text.HAL_I2CEx_ConfigDigitalFilter
                0x08003378       0x58 build/debug/stm32wbxx_hal_i2c_ex.o
                0x08003378                HAL_I2CEx_ConfigDigitalFilter
 .text.HAL_IPCC_RxCallback
                0x080033d0        0x2 build/debug/stm32wbxx_hal_ipcc.o
                0x080033d0                HAL_IPCC_RxCallback
 .text.HAL_IPCC_TxCallback
                0x080033d2        0x2 build/debug/stm32wbxx_hal_ipcc.o
                0x080033d2                HAL_IPCC_TxCallback
 .text.IPCC_SetDefaultCallbacks
                0x080033d4       0x28 build/debug/stm32wbxx_hal_ipcc.o
                0x080033d4                IPCC_SetDefaultCallbacks
 .text.IPCC_Reset_Register
                0x080033fc       0x10 build/debug/stm32wbxx_hal_ipcc.o
                0x080033fc                IPCC_Reset_Register
 .text.HAL_IPCC_Init
                0x0800340c       0x3c build/debug/stm32wbxx_hal_ipcc.o
                0x0800340c                HAL_IPCC_Init
 .text.HAL_MspInit
                0x08003448       0x30 build/debug/stm32wbxx_hal_msp.o
                0x08003448                HAL_MspInit
 .text.HAL_ADC_MspInit
                0x08003478       0x60 build/debug/stm32wbxx_hal_msp.o
                0x08003478                HAL_ADC_MspInit
 .text.HAL_I2C_MspInit
                0x080034d8       0x8c build/debug/stm32wbxx_hal_msp.o
                0x080034d8                HAL_I2C_MspInit
 .text.HAL_IPCC_MspInit
                0x08003564       0x2c build/debug/stm32wbxx_hal_msp.o
                0x08003564                HAL_IPCC_MspInit
 .text.HAL_RTC_MspInit
                0x08003590       0x64 build/debug/stm32wbxx_hal_msp.o
                0x08003590                HAL_RTC_MspInit
 .text.HAL_TIM_Base_MspInit
                0x080035f4       0x70 build/debug/stm32wbxx_hal_msp.o
                0x080035f4                HAL_TIM_Base_MspInit
 .text.HAL_TIM_PWM_MspInit
                0x08003664       0x26 build/debug/stm32wbxx_hal_msp.o
                0x08003664                HAL_TIM_PWM_MspInit
 *fill*         0x0800368a        0x2 
 .text.HAL_TIM_MspPostInit
                0x0800368c       0xe8 build/debug/stm32wbxx_hal_msp.o
                0x0800368c                HAL_TIM_MspPostInit
 .text.HAL_UART_MspInit
                0x08003774       0xb0 build/debug/stm32wbxx_hal_msp.o
                0x08003774                HAL_UART_MspInit
 .text.HAL_PCD_EP_DB_Receive
                0x08003824      0x118 build/debug/stm32wbxx_hal_pcd.o
 .text.HAL_PCD_Init
                0x0800393c       0xb6 build/debug/stm32wbxx_hal_pcd.o
                0x0800393c                HAL_PCD_Init
 .text.HAL_PCD_Start
                0x080039f2       0x2a build/debug/stm32wbxx_hal_pcd.o
                0x080039f2                HAL_PCD_Start
 .text.HAL_PCD_EP_DB_Transmit
                0x08003a1c      0x472 build/debug/stm32wbxx_hal_pcd.o
 .text.PCD_EP_ISR_Handler
                0x08003e8e      0x4c4 build/debug/stm32wbxx_hal_pcd.o
 .text.HAL_PCD_SetAddress
                0x08004352       0x26 build/debug/stm32wbxx_hal_pcd.o
                0x08004352                HAL_PCD_SetAddress
 .text.HAL_PCD_IRQHandler
                0x08004378      0x1b2 build/debug/stm32wbxx_hal_pcd.o
                0x08004378                HAL_PCD_IRQHandler
 .text.HAL_PCD_EP_Open
                0x0800452a       0x86 build/debug/stm32wbxx_hal_pcd.o
                0x0800452a                HAL_PCD_EP_Open
 .text.HAL_PCD_EP_Close
                0x080045b0       0x6c build/debug/stm32wbxx_hal_pcd.o
                0x080045b0                HAL_PCD_EP_Close
 .text.HAL_PCD_EP_Receive
                0x0800461c       0x3a build/debug/stm32wbxx_hal_pcd.o
                0x0800461c                HAL_PCD_EP_Receive
 .text.HAL_PCD_EP_Transmit
                0x08004656       0x4c build/debug/stm32wbxx_hal_pcd.o
                0x08004656                HAL_PCD_EP_Transmit
 .text.HAL_PCD_EP_SetStall
                0x080046a2       0x72 build/debug/stm32wbxx_hal_pcd.o
                0x080046a2                HAL_PCD_EP_SetStall
 .text.HAL_PCD_EP_ClrStall
                0x08004714       0x7e build/debug/stm32wbxx_hal_pcd.o
                0x08004714                HAL_PCD_EP_ClrStall
 .text.HAL_PCDEx_PMAConfig
                0x08004792       0x38 build/debug/stm32wbxx_hal_pcd_ex.o
                0x08004792                HAL_PCDEx_PMAConfig
 .text.HAL_PCDEx_ActivateLPM
                0x080047ca       0x2c build/debug/stm32wbxx_hal_pcd_ex.o
                0x080047ca                HAL_PCDEx_ActivateLPM
 *fill*         0x080047f6        0x2 
 .text.HAL_PWR_EnableBkUpAccess
                0x080047f8       0x10 build/debug/stm32wbxx_hal_pwr.o
                0x080047f8                HAL_PWR_EnableBkUpAccess
 .text.HAL_PWREx_GetVoltageRange
                0x08004808       0x10 build/debug/stm32wbxx_hal_pwr_ex.o
                0x08004808                HAL_PWREx_GetVoltageRange
 .text.HAL_PWREx_EnableVddUSB
                0x08004818       0x10 build/debug/stm32wbxx_hal_pwr_ex.o
                0x08004818                HAL_PWREx_EnableVddUSB
 .text.RCC_SetFlashLatency
                0x08004828       0xc0 build/debug/stm32wbxx_hal_rcc.o
 .text.RCC_SetFlashLatencyFromMSIRange
                0x080048e8       0x4c build/debug/stm32wbxx_hal_rcc.o
 .text.HAL_RCC_GetSysClockFreq
                0x08004934       0xc0 build/debug/stm32wbxx_hal_rcc.o
                0x08004934                HAL_RCC_GetSysClockFreq
 .text.HAL_RCC_GetHCLKFreq
                0x080049f4       0x20 build/debug/stm32wbxx_hal_rcc.o
                0x080049f4                HAL_RCC_GetHCLKFreq
 .text.HAL_RCC_OscConfig
                0x08004a14      0x718 build/debug/stm32wbxx_hal_rcc.o
                0x08004a14                HAL_RCC_OscConfig
 .text.HAL_RCC_ClockConfig
                0x0800512c      0x264 build/debug/stm32wbxx_hal_rcc.o
                0x0800512c                HAL_RCC_ClockConfig
 .text.HAL_RCC_GetPCLK1Freq
                0x08005390       0x24 build/debug/stm32wbxx_hal_rcc.o
                0x08005390                HAL_RCC_GetPCLK1Freq
 .text.HAL_RCC_GetPCLK2Freq
                0x080053b4       0x24 build/debug/stm32wbxx_hal_rcc.o
                0x080053b4                HAL_RCC_GetPCLK2Freq
 .text.LL_RCC_SetI2CClockSource
                0x080053d8       0x20 build/debug/stm32wbxx_hal_rcc_ex.o
 .text.RCCEx_PLLSAI1_ConfigNP
                0x080053f8       0x8e build/debug/stm32wbxx_hal_rcc_ex.o
 .text.RCCEx_PLLSAI1_ConfigNQ
                0x08005486       0x8e build/debug/stm32wbxx_hal_rcc_ex.o
 .text.RCCEx_PLLSAI1_ConfigNR
                0x08005514       0x8e build/debug/stm32wbxx_hal_rcc_ex.o
 .text.HAL_RCCEx_PeriphCLKConfig
                0x080055a2      0x2f2 build/debug/stm32wbxx_hal_rcc_ex.o
                0x080055a2                HAL_RCCEx_PeriphCLKConfig
 .text.HAL_RCCEx_EnableMSIPLLMode
                0x08005894        0xe build/debug/stm32wbxx_hal_rcc_ex.o
                0x08005894                HAL_RCCEx_EnableMSIPLLMode
 *fill*         0x080058a2        0x2 
 .text.HAL_RTC_WaitForSynchro
                0x080058a4       0x34 build/debug/stm32wbxx_hal_rtc.o
                0x080058a4                HAL_RTC_WaitForSynchro
 .text.RTC_EnterInitMode
                0x080058d8       0x48 build/debug/stm32wbxx_hal_rtc.o
                0x080058d8                RTC_EnterInitMode
 .text.RTC_ExitInitMode
                0x08005920       0x2c build/debug/stm32wbxx_hal_rtc.o
                0x08005920                RTC_ExitInitMode
 .text.HAL_RTC_Init
                0x0800594c       0xaa build/debug/stm32wbxx_hal_rtc.o
                0x0800594c                HAL_RTC_Init
 .text.HAL_RTCEx_SetWakeUpTimer
                0x080059f6       0xde build/debug/stm32wbxx_hal_rtc_ex.o
                0x080059f6                HAL_RTCEx_SetWakeUpTimer
 .text.TIM_OC1_SetConfig
                0x08005ad4       0x7c build/debug/stm32wbxx_hal_tim.o
 .text.TIM_OC3_SetConfig
                0x08005b50       0x70 build/debug/stm32wbxx_hal_tim.o
 .text.TIM_OC4_SetConfig
                0x08005bc0       0x5c build/debug/stm32wbxx_hal_tim.o
 .text.TIM_OC5_SetConfig
                0x08005c1c       0x58 build/debug/stm32wbxx_hal_tim.o
 .text.TIM_OC6_SetConfig
                0x08005c74       0x5c build/debug/stm32wbxx_hal_tim.o
 .text.TIM_TI1_ConfigInputStage
                0x08005cd0       0x26 build/debug/stm32wbxx_hal_tim.o
 .text.TIM_TI2_ConfigInputStage
                0x08005cf6       0x28 build/debug/stm32wbxx_hal_tim.o
 .text.TIM_ITRx_SetConfig
                0x08005d1e       0x14 build/debug/stm32wbxx_hal_tim.o
 .text.HAL_TIM_OC_MspInit
                0x08005d32        0x2 build/debug/stm32wbxx_hal_tim.o
                0x08005d32                HAL_TIM_OC_MspInit
 .text.HAL_TIM_OnePulse_MspInit
                0x08005d34        0x2 build/debug/stm32wbxx_hal_tim.o
                0x08005d34                HAL_TIM_OnePulse_MspInit
 .text.HAL_TIM_PeriodElapsedCallback
                0x08005d36        0x2 build/debug/stm32wbxx_hal_tim.o
                0x08005d36                HAL_TIM_PeriodElapsedCallback
 .text.HAL_TIM_OC_DelayElapsedCallback
                0x08005d38        0x2 build/debug/stm32wbxx_hal_tim.o
                0x08005d38                HAL_TIM_OC_DelayElapsedCallback
 .text.HAL_TIM_IC_CaptureCallback
                0x08005d3a        0x2 build/debug/stm32wbxx_hal_tim.o
                0x08005d3a                HAL_TIM_IC_CaptureCallback
 .text.HAL_TIM_PWM_PulseFinishedCallback
                0x08005d3c        0x2 build/debug/stm32wbxx_hal_tim.o
                0x08005d3c                HAL_TIM_PWM_PulseFinishedCallback
 .text.HAL_TIM_TriggerCallback
                0x08005d3e        0x2 build/debug/stm32wbxx_hal_tim.o
                0x08005d3e                HAL_TIM_TriggerCallback
 .text.HAL_TIM_IRQHandler
                0x08005d40      0x17a build/debug/stm32wbxx_hal_tim.o
                0x08005d40                HAL_TIM_IRQHandler
 *fill*         0x08005eba        0x2 
 .text.TIM_Base_SetConfig
                0x08005ebc       0x78 build/debug/stm32wbxx_hal_tim.o
                0x08005ebc                TIM_Base_SetConfig
 .text.HAL_TIM_Base_Init
                0x08005f34       0x60 build/debug/stm32wbxx_hal_tim.o
                0x08005f34                HAL_TIM_Base_Init
 .text.HAL_TIM_OC_Init
                0x08005f94       0x60 build/debug/stm32wbxx_hal_tim.o
                0x08005f94                HAL_TIM_OC_Init
 .text.HAL_TIM_PWM_Init
                0x08005ff4       0x60 build/debug/stm32wbxx_hal_tim.o
                0x08005ff4                HAL_TIM_PWM_Init
 .text.HAL_TIM_OnePulse_Init
                0x08006054       0x5c build/debug/stm32wbxx_hal_tim.o
                0x08006054                HAL_TIM_OnePulse_Init
 .text.TIM_OC2_SetConfig
                0x080060b0       0x74 build/debug/stm32wbxx_hal_tim.o
                0x080060b0                TIM_OC2_SetConfig
 .text.HAL_TIM_OC_ConfigChannel
                0x08006124       0x7a build/debug/stm32wbxx_hal_tim.o
                0x08006124                HAL_TIM_OC_ConfigChannel
 .text.HAL_TIM_PWM_ConfigChannel
                0x0800619e      0x13a build/debug/stm32wbxx_hal_tim.o
                0x0800619e                HAL_TIM_PWM_ConfigChannel
 .text.TIM_ETR_SetConfig
                0x080062d8       0x1a build/debug/stm32wbxx_hal_tim.o
                0x080062d8                TIM_ETR_SetConfig
 *fill*         0x080062f2        0x2 
 .text.HAL_TIM_ConfigClockSource
                0x080062f4      0x100 build/debug/stm32wbxx_hal_tim.o
                0x080062f4                HAL_TIM_ConfigClockSource
 .text.HAL_TIMEx_MasterConfigSynchronization
                0x080063f4       0x68 build/debug/stm32wbxx_hal_tim_ex.o
                0x080063f4                HAL_TIMEx_MasterConfigSynchronization
 .text.HAL_TIMEx_ConfigBreakDeadTime
                0x0800645c       0x98 build/debug/stm32wbxx_hal_tim_ex.o
                0x0800645c                HAL_TIMEx_ConfigBreakDeadTime
 .text.HAL_TIMEx_CommutCallback
                0x080064f4        0x2 build/debug/stm32wbxx_hal_tim_ex.o
                0x080064f4                HAL_TIMEx_CommutCallback
 .text.HAL_TIMEx_BreakCallback
                0x080064f6        0x2 build/debug/stm32wbxx_hal_tim_ex.o
                0x080064f6                HAL_TIMEx_BreakCallback
 .text.HAL_TIMEx_Break2Callback
                0x080064f8        0x2 build/debug/stm32wbxx_hal_tim_ex.o
                0x080064f8                HAL_TIMEx_Break2Callback
 .text.UART_EndRxTransfer
                0x080064fa       0x56 build/debug/stm32wbxx_hal_uart.o
 .text.UART_SetConfig
                0x08006550      0x25c build/debug/stm32wbxx_hal_uart.o
                0x08006550                UART_SetConfig
 .text.UART_AdvFeatureConfig
                0x080067ac       0xca build/debug/stm32wbxx_hal_uart.o
                0x080067ac                UART_AdvFeatureConfig
 .text.UART_WaitOnFlagUntilTimeout
                0x08006876       0x9e build/debug/stm32wbxx_hal_uart.o
                0x08006876                UART_WaitOnFlagUntilTimeout
 .text.UART_CheckIdleState
                0x08006914       0xca build/debug/stm32wbxx_hal_uart.o
                0x08006914                UART_CheckIdleState
 .text.HAL_UART_Init
                0x080069de       0x66 build/debug/stm32wbxx_hal_uart.o
                0x080069de                HAL_UART_Init
 .text.UARTEx_SetNbDataToProcess
                0x08006a44       0x4c build/debug/stm32wbxx_hal_uart_ex.o
 .text.HAL_UARTEx_DisableFifoMode
                0x08006a90       0x3e build/debug/stm32wbxx_hal_uart_ex.o
                0x08006a90                HAL_UARTEx_DisableFifoMode
 .text.HAL_UARTEx_SetTxFifoThreshold
                0x08006ace       0x4a build/debug/stm32wbxx_hal_uart_ex.o
                0x08006ace                HAL_UARTEx_SetTxFifoThreshold
 .text.HAL_UARTEx_SetRxFifoThreshold
                0x08006b18       0x4a build/debug/stm32wbxx_hal_uart_ex.o
                0x08006b18                HAL_UARTEx_SetRxFifoThreshold
 .text.NMI_Handler
                0x08006b62        0x2 build/debug/stm32wbxx_it.o
                0x08006b62                NMI_Handler
 .text.HardFault_Handler
                0x08006b64        0x2 build/debug/stm32wbxx_it.o
                0x08006b64                HardFault_Handler
 .text.MemManage_Handler
                0x08006b66        0x2 build/debug/stm32wbxx_it.o
                0x08006b66                MemManage_Handler
 .text.BusFault_Handler
                0x08006b68        0x2 build/debug/stm32wbxx_it.o
                0x08006b68                BusFault_Handler
 .text.UsageFault_Handler
                0x08006b6a        0x2 build/debug/stm32wbxx_it.o
                0x08006b6a                UsageFault_Handler
 .text.SVC_Handler
                0x08006b6c        0x2 build/debug/stm32wbxx_it.o
                0x08006b6c                SVC_Handler
 .text.DebugMon_Handler
                0x08006b6e        0x2 build/debug/stm32wbxx_it.o
                0x08006b6e                DebugMon_Handler
 .text.PendSV_Handler
                0x08006b70        0x2 build/debug/stm32wbxx_it.o
                0x08006b70                PendSV_Handler
 .text.SysTick_Handler
                0x08006b72        0x8 build/debug/stm32wbxx_it.o
                0x08006b72                SysTick_Handler
 *fill*         0x08006b7a        0x2 
 .text.USB_LP_IRQHandler
                0x08006b7c       0x10 build/debug/stm32wbxx_it.o
                0x08006b7c                USB_LP_IRQHandler
 .text.TIM1_UP_TIM16_IRQHandler
                0x08006b8c       0x18 build/debug/stm32wbxx_it.o
                0x08006b8c                TIM1_UP_TIM16_IRQHandler
 .text.HSEM_IRQHandler
                0x08006ba4        0x8 build/debug/stm32wbxx_it.o
                0x08006ba4                HSEM_IRQHandler
 .text.USB_EnableGlobalInt
                0x08006bac       0x12 build/debug/stm32wbxx_ll_usb.o
                0x08006bac                USB_EnableGlobalInt
 .text.USB_DisableGlobalInt
                0x08006bbe       0x14 build/debug/stm32wbxx_ll_usb.o
                0x08006bbe                USB_DisableGlobalInt
 .text.USB_DevInit
                0x08006bd2       0x22 build/debug/stm32wbxx_ll_usb.o
                0x08006bd2                USB_DevInit
 .text.USB_ActivateEndpoint
                0x08006bf4      0x51a build/debug/stm32wbxx_ll_usb.o
                0x08006bf4                USB_ActivateEndpoint
 .text.USB_DeactivateEndpoint
                0x0800710e      0x1d6 build/debug/stm32wbxx_ll_usb.o
                0x0800710e                USB_DeactivateEndpoint
 .text.USB_EPSetStall
                0x080072e4       0x4a build/debug/stm32wbxx_ll_usb.o
                0x080072e4                USB_EPSetStall
 .text.USB_EPClearStall
                0x0800732e       0x9c build/debug/stm32wbxx_ll_usb.o
                0x0800732e                USB_EPClearStall
 .text.USB_SetDevAddress
                0x080073ca        0xc build/debug/stm32wbxx_ll_usb.o
                0x080073ca                USB_SetDevAddress
 .text.USB_DevConnect
                0x080073d6       0x16 build/debug/stm32wbxx_ll_usb.o
                0x080073d6                USB_DevConnect
 .text.USB_ReadInterrupts
                0x080073ec        0x8 build/debug/stm32wbxx_ll_usb.o
                0x080073ec                USB_ReadInterrupts
 .text.USB_WritePMA
                0x080073f4       0x24 build/debug/stm32wbxx_ll_usb.o
                0x080073f4                USB_WritePMA
 .text.USB_EPStartXfer
                0x08007418      0x584 build/debug/stm32wbxx_ll_usb.o
                0x08007418                USB_EPStartXfer
 .text.USB_ReadPMA
                0x0800799c       0x30 build/debug/stm32wbxx_ll_usb.o
                0x0800799c                USB_ReadPMA
 .text.LST_init_head
                0x080079cc        0x6 build/debug/stm_list.o
                0x080079cc                LST_init_head
 .text.LST_is_empty
                0x080079d2       0x18 build/debug/stm_list.o
                0x080079d2                LST_is_empty
 .text.LST_insert_head
                0x080079ea       0x18 build/debug/stm_list.o
                0x080079ea                LST_insert_head
 .text.LST_insert_tail
                0x08007a02       0x18 build/debug/stm_list.o
                0x08007a02                LST_insert_tail
 .text.LST_remove_node
                0x08007a1a       0x18 build/debug/stm_list.o
                0x08007a1a                LST_remove_node
 .text.LST_remove_head
                0x08007a32       0x18 build/debug/stm_list.o
                0x08007a32                LST_remove_head
 .text.BAS_Init
                0x08007a4a        0x2 build/debug/svc_ctl.o
                0x08007a4a                BAS_Init
 .text.BLS_Init
                0x08007a4c        0x2 build/debug/svc_ctl.o
                0x08007a4c                BLS_Init
 .text.CRS_STM_Init
                0x08007a4e        0x2 build/debug/svc_ctl.o
                0x08007a4e                CRS_STM_Init
 .text.DIS_Init
                0x08007a50        0x2 build/debug/svc_ctl.o
                0x08007a50                DIS_Init
 .text.EDS_STM_Init
                0x08007a52        0x2 build/debug/svc_ctl.o
                0x08007a52                EDS_STM_Init
 .text.HIDS_Init
                0x08007a54        0x2 build/debug/svc_ctl.o
                0x08007a54                HIDS_Init
 .text.HRS_Init
                0x08007a56        0x2 build/debug/svc_ctl.o
                0x08007a56                HRS_Init
 .text.HTS_Init
                0x08007a58        0x2 build/debug/svc_ctl.o
                0x08007a58                HTS_Init
 .text.IAS_Init
                0x08007a5a        0x2 build/debug/svc_ctl.o
                0x08007a5a                IAS_Init
 .text.LLS_Init
                0x08007a5c        0x2 build/debug/svc_ctl.o
                0x08007a5c                LLS_Init
 .text.TPS_Init
                0x08007a5e        0x2 build/debug/svc_ctl.o
                0x08007a5e                TPS_Init
 .text.MOTENV_STM_Init
                0x08007a60        0x2 build/debug/svc_ctl.o
                0x08007a60                MOTENV_STM_Init
 .text.ZDD_STM_Init
                0x08007a62        0x2 build/debug/svc_ctl.o
                0x08007a62                ZDD_STM_Init
 .text.OTAS_STM_Init
                0x08007a64        0x2 build/debug/svc_ctl.o
                0x08007a64                OTAS_STM_Init
 .text.MESH_Init
                0x08007a66        0x2 build/debug/svc_ctl.o
                0x08007a66                MESH_Init
 .text.BVOPUS_STM_Init
                0x08007a68        0x2 build/debug/svc_ctl.o
                0x08007a68                BVOPUS_STM_Init
 .text.SVCCTL_InitCustomSvc
                0x08007a6a        0x2 build/debug/svc_ctl.o
                0x08007a6a                SVCCTL_InitCustomSvc
 .text.SVCCTL_SvcInit
                0x08007a6c       0x4c build/debug/svc_ctl.o
                0x08007a6c                SVCCTL_SvcInit
 .text.SVCCTL_Init
                0x08007ab8       0x1c build/debug/svc_ctl.o
                0x08007ab8                SVCCTL_Init
 .text.SVCCTL_RegisterSvcHandler
                0x08007ad4       0x14 build/debug/svc_ctl.o
                0x08007ad4                SVCCTL_RegisterSvcHandler
 .text.SVCCTL_UserEvtRx
                0x08007ae8       0x54 build/debug/svc_ctl.o
                0x08007ae8                SVCCTL_UserEvtRx
 .text.SystemInit
                0x08007b3c       0x64 build/debug/system_stm32wbxx.o
                0x08007b3c                SystemInit
 .text.SendFreeBuf
                0x08007ba0       0x34 build/debug/tl_mbox.o
 .text.TL_Enable
                0x08007bd4        0x8 build/debug/tl_mbox.o
                0x08007bd4                TL_Enable
 .text.TL_Init  0x08007bdc       0x60 build/debug/tl_mbox.o
                0x08007bdc                TL_Init
 .text.TL_BLE_Init
                0x08007c3c       0x48 build/debug/tl_mbox.o
                0x08007c3c                TL_BLE_Init
 .text.TL_BLE_SendCmd
                0x08007c84       0x1c build/debug/tl_mbox.o
                0x08007c84                TL_BLE_SendCmd
 .text.TL_SYS_Init
                0x08007ca0       0x3c build/debug/tl_mbox.o
                0x08007ca0                TL_SYS_Init
 .text.TL_SYS_SendCmd
                0x08007cdc       0x1c build/debug/tl_mbox.o
                0x08007cdc                TL_SYS_SendCmd
 .text.TL_MM_Init
                0x08007cf8       0x48 build/debug/tl_mbox.o
                0x08007cf8                TL_MM_Init
 .text.TL_MM_EvtDone
                0x08007d40       0x1c build/debug/tl_mbox.o
                0x08007d40                TL_MM_EvtDone
 .text.TL_TRACES_Init
                0x08007d5c       0x20 build/debug/tl_mbox.o
                0x08007d5c                TL_TRACES_Init
 .text.MX_USB_Device_Init
                0x08007d7c       0x40 build/debug/usb_device.o
                0x08007d7c                MX_USB_Device_Init
 .text.USBD_Get_USB_Status
                0x08007dbc       0x14 build/debug/usbd_conf.o
 .text.SystemClockConfig_Resume
                0x08007dd0        0x8 build/debug/usbd_conf.o
 .text.HAL_PCD_MspInit
                0x08007dd8       0x74 build/debug/usbd_conf.o
                0x08007dd8                HAL_PCD_MspInit
 .text.HAL_PCD_SetupStageCallback
                0x08007e4c       0x10 build/debug/usbd_conf.o
                0x08007e4c                HAL_PCD_SetupStageCallback
 .text.HAL_PCD_DataOutStageCallback
                0x08007e5c       0x18 build/debug/usbd_conf.o
                0x08007e5c                HAL_PCD_DataOutStageCallback
 .text.HAL_PCD_DataInStageCallback
                0x08007e74       0x16 build/debug/usbd_conf.o
                0x08007e74                HAL_PCD_DataInStageCallback
 .text.HAL_PCD_SOFCallback
                0x08007e8a        0xc build/debug/usbd_conf.o
                0x08007e8a                HAL_PCD_SOFCallback
 .text.HAL_PCD_ResetCallback
                0x08007e96       0x24 build/debug/usbd_conf.o
                0x08007e96                HAL_PCD_ResetCallback
 *fill*         0x08007eba        0x2 
 .text.HAL_PCD_SuspendCallback
                0x08007ebc       0x20 build/debug/usbd_conf.o
                0x08007ebc                HAL_PCD_SuspendCallback
 .text.HAL_PCD_ResumeCallback
                0x08007edc       0x28 build/debug/usbd_conf.o
                0x08007edc                HAL_PCD_ResumeCallback
 .text.USBD_LL_Init
                0x08007f04       0x70 build/debug/usbd_conf.o
                0x08007f04                USBD_LL_Init
 .text.USBD_LL_Start
                0x08007f74       0x10 build/debug/usbd_conf.o
                0x08007f74                USBD_LL_Start
 .text.USBD_LL_OpenEP
                0x08007f84       0x16 build/debug/usbd_conf.o
                0x08007f84                USBD_LL_OpenEP
 .text.USBD_LL_CloseEP
                0x08007f9a       0x10 build/debug/usbd_conf.o
                0x08007f9a                USBD_LL_CloseEP
 .text.USBD_LL_StallEP
                0x08007faa       0x10 build/debug/usbd_conf.o
                0x08007faa                USBD_LL_StallEP
 .text.USBD_LL_ClearStallEP
                0x08007fba       0x10 build/debug/usbd_conf.o
                0x08007fba                USBD_LL_ClearStallEP
 .text.USBD_LL_IsStallEP
                0x08007fca       0x2c build/debug/usbd_conf.o
                0x08007fca                USBD_LL_IsStallEP
 .text.USBD_LL_SetUSBAddress
                0x08007ff6       0x10 build/debug/usbd_conf.o
                0x08007ff6                USBD_LL_SetUSBAddress
 .text.USBD_LL_Transmit
                0x08008006       0x10 build/debug/usbd_conf.o
                0x08008006                USBD_LL_Transmit
 .text.USBD_LL_PrepareReceive
                0x08008016       0x10 build/debug/usbd_conf.o
                0x08008016                USBD_LL_PrepareReceive
 *fill*         0x08008026        0x2 
 .text.HAL_PCDEx_LPM_Callback
                0x08008028       0x44 build/debug/usbd_conf.o
                0x08008028                HAL_PCDEx_LPM_Callback
 .text.USBD_static_malloc
                0x0800806c        0x8 build/debug/usbd_conf.o
                0x0800806c                USBD_static_malloc
 .text.USBD_static_free
                0x08008074        0x2 build/debug/usbd_conf.o
                0x08008074                USBD_static_free
 .text.USBD_Init
                0x08008076       0x2e build/debug/usbd_core.o
                0x08008076                USBD_Init
 .text.USBD_RegisterClass
                0x080080a4       0x40 build/debug/usbd_core.o
                0x080080a4                USBD_RegisterClass
 .text.USBD_Start
                0x080080e4        0x8 build/debug/usbd_core.o
                0x080080e4                USBD_Start
 .text.USBD_SetClassConfig
                0x080080ec       0x12 build/debug/usbd_core.o
                0x080080ec                USBD_SetClassConfig
 .text.USBD_ClrClassConfig
                0x080080fe       0x12 build/debug/usbd_core.o
                0x080080fe                USBD_ClrClassConfig
 .text.USBD_LL_SetupStage
                0x08008110       0x58 build/debug/usbd_core.o
                0x08008110                USBD_LL_SetupStage
 .text.USBD_LL_Reset
                0x08008168       0x64 build/debug/usbd_core.o
                0x08008168                USBD_LL_Reset
 .text.USBD_LL_SetSpeed
                0x080081cc        0x6 build/debug/usbd_core.o
                0x080081cc                USBD_LL_SetSpeed
 .text.USBD_LL_Suspend
                0x080081d2       0x1e build/debug/usbd_core.o
                0x080081d2                USBD_LL_Suspend
 .text.USBD_LL_Resume
                0x080081f0       0x1a build/debug/usbd_core.o
                0x080081f0                USBD_LL_Resume
 .text.USBD_LL_SOF
                0x0800820a       0x22 build/debug/usbd_core.o
                0x0800820a                USBD_LL_SOF
 .text.USBD_CoreFindIF
                0x0800822c        0x4 build/debug/usbd_core.o
                0x0800822c                USBD_CoreFindIF
 .text.USBD_CoreFindEP
                0x08008230        0x4 build/debug/usbd_core.o
                0x08008230                USBD_CoreFindEP
 .text.USBD_LL_DataOutStage
                0x08008234       0xc4 build/debug/usbd_core.o
                0x08008234                USBD_LL_DataOutStage
 .text.USBD_LL_DataInStage
                0x080082f8       0xd6 build/debug/usbd_core.o
                0x080082f8                USBD_LL_DataInStage
 .text.USBD_GetNextDesc
                0x080083ce        0xe build/debug/usbd_core.o
                0x080083ce                USBD_GetNextDesc
 .text.USBD_GetEpDesc
                0x080083dc       0x3e build/debug/usbd_core.o
                0x080083dc                USBD_GetEpDesc
 .text.USBD_GetLen
                0x0800841a       0x14 build/debug/usbd_ctlreq.o
 .text.USBD_ParseSetupRequest
                0x0800842e       0x28 build/debug/usbd_ctlreq.o
                0x0800842e                USBD_ParseSetupRequest
 .text.USBD_CtlError
                0x08008456       0x14 build/debug/usbd_ctlreq.o
                0x08008456                USBD_CtlError
 .text.USBD_GetDescriptor
                0x0800846a      0x1ac build/debug/usbd_ctlreq.o
 .text.USBD_SetAddress
                0x08008616       0x50 build/debug/usbd_ctlreq.o
 *fill*         0x08008666        0x2 
 .text.USBD_SetConfig
                0x08008668       0xcc build/debug/usbd_ctlreq.o
 .text.USBD_GetConfig
                0x08008734       0x40 build/debug/usbd_ctlreq.o
 .text.USBD_GetStatus
                0x08008774       0x38 build/debug/usbd_ctlreq.o
 .text.USBD_SetFeature
                0x080087ac       0x2a build/debug/usbd_ctlreq.o
 .text.USBD_ClrFeature
                0x080087d6       0x26 build/debug/usbd_ctlreq.o
 .text.USBD_StdDevReq
                0x080087fc       0x76 build/debug/usbd_ctlreq.o
                0x080087fc                USBD_StdDevReq
 .text.USBD_StdItfReq
                0x08008872       0x84 build/debug/usbd_ctlreq.o
                0x08008872                USBD_StdItfReq
 .text.USBD_StdEPReq
                0x080088f6      0x230 build/debug/usbd_ctlreq.o
                0x080088f6                USBD_StdEPReq
 .text.USBD_GetString
                0x08008b26       0x46 build/debug/usbd_ctlreq.o
                0x08008b26                USBD_GetString
 .text.USBD_HID_DeviceDescriptor
                0x08008b6c        0xc build/debug/usbd_desc.o
                0x08008b6c                USBD_HID_DeviceDescriptor
 .text.USBD_HID_LangIDStrDescriptor
                0x08008b78        0xc build/debug/usbd_desc.o
                0x08008b78                USBD_HID_LangIDStrDescriptor
 .text.IntToUnicode
                0x08008b84       0x46 build/debug/usbd_desc.o
 *fill*         0x08008bca        0x2 
 .text.Get_SerialNum
                0x08008bcc       0x38 build/debug/usbd_desc.o
 .text.USBD_HID_SerialStrDescriptor
                0x08008c04       0x14 build/debug/usbd_desc.o
                0x08008c04                USBD_HID_SerialStrDescriptor
 .text.USBD_HID_ProductStrDescriptor
                0x08008c18       0x24 build/debug/usbd_desc.o
                0x08008c18                USBD_HID_ProductStrDescriptor
 .text.USBD_HID_ManufacturerStrDescriptor
                0x08008c3c       0x1c build/debug/usbd_desc.o
                0x08008c3c                USBD_HID_ManufacturerStrDescriptor
 .text.USBD_HID_ConfigStrDescriptor
                0x08008c58       0x24 build/debug/usbd_desc.o
                0x08008c58                USBD_HID_ConfigStrDescriptor
 .text.USBD_HID_InterfaceStrDescriptor
                0x08008c7c       0x24 build/debug/usbd_desc.o
                0x08008c7c                USBD_HID_InterfaceStrDescriptor
 .text.USBD_HID_DataIn
                0x08008ca0       0x10 build/debug/usbd_hid.o
 .text.USBD_HID_GetDeviceQualifierDesc
                0x08008cb0        0xc build/debug/usbd_hid.o
 .text.USBD_HID_GetOtherSpeedCfgDesc
                0x08008cbc       0x20 build/debug/usbd_hid.o
 .text.USBD_HID_GetFSCfgDesc
                0x08008cdc       0x20 build/debug/usbd_hid.o
 .text.USBD_HID_GetHSCfgDesc
                0x08008cfc       0x20 build/debug/usbd_hid.o
 .text.USBD_HID_Setup
                0x08008d1c      0x12c build/debug/usbd_hid.o
 .text.USBD_HID_DeInit
                0x08008e48       0x30 build/debug/usbd_hid.o
 .text.USBD_HID_Init
                0x08008e78       0x50 build/debug/usbd_hid.o
 .text.USBD_CtlSendData
                0x08008ec8       0x1a build/debug/usbd_ioreq.o
                0x08008ec8                USBD_CtlSendData
 .text.USBD_CtlContinueSendData
                0x08008ee2       0x10 build/debug/usbd_ioreq.o
                0x08008ee2                USBD_CtlContinueSendData
 .text.USBD_CtlContinueRx
                0x08008ef2       0x10 build/debug/usbd_ioreq.o
                0x08008ef2                USBD_CtlContinueRx
 .text.USBD_CtlSendStatus
                0x08008f02       0x16 build/debug/usbd_ioreq.o
                0x08008f02                USBD_CtlSendStatus
 .text.USBD_CtlReceiveStatus
                0x08008f18       0x16 build/debug/usbd_ioreq.o
                0x08008f18                USBD_CtlReceiveStatus
 .text.data_initializers
                0x08008f2e       0x18 build/debug/startup_stm32wb55xx_cm4.o
 *fill*         0x08008f46        0x2 
 .text.Reset_Handler
                0x08008f48       0x58 build/debug/startup_stm32wb55xx_cm4.o
                0x08008f48                Reset_Handler
 .text.Default_Handler
                0x08008fa0        0x2 build/debug/startup_stm32wb55xx_cm4.o
                0x08008fa0                RTC_Alarm_IRQHandler
                0x08008fa0                EXTI2_IRQHandler
                0x08008fa0                TIM1_CC_IRQHandler
                0x08008fa0                TSC_IRQHandler
                0x08008fa0                USB_HP_IRQHandler
                0x08008fa0                EXTI3_IRQHandler
                0x08008fa0                LPTIM2_IRQHandler
                0x08008fa0                I2C3_ER_IRQHandler
                0x08008fa0                EXTI0_IRQHandler
                0x08008fa0                FPU_IRQHandler
                0x08008fa0                AES1_IRQHandler
                0x08008fa0                SPI1_IRQHandler
                0x08008fa0                PWR_SOTF_BLEACT_802ACT_RFPHASE_IRQHandler
                0x08008fa0                DMA2_Channel2_IRQHandler
                0x08008fa0                DMA1_Channel4_IRQHandler
                0x08008fa0                ADC1_IRQHandler
                0x08008fa0                PKA_IRQHandler
                0x08008fa0                DMA1_Channel7_IRQHandler
                0x08008fa0                LCD_IRQHandler
                0x08008fa0                IPCC_C1_TX_IRQHandler
                0x08008fa0                DMA2_Channel1_IRQHandler
                0x08008fa0                QUADSPI_IRQHandler
                0x08008fa0                I2C1_EV_IRQHandler
                0x08008fa0                DMAMUX1_OVR_IRQHandler
                0x08008fa0                DMA1_Channel6_IRQHandler
                0x08008fa0                DMA2_Channel4_IRQHandler
                0x08008fa0                RCC_IRQHandler
                0x08008fa0                DMA1_Channel1_IRQHandler
                0x08008fa0                Default_Handler
                0x08008fa0                DMA2_Channel7_IRQHandler
                0x08008fa0                EXTI15_10_IRQHandler
                0x08008fa0                IPCC_C1_RX_IRQHandler
                0x08008fa0                C2SEV_PWR_C2H_IRQHandler
                0x08008fa0                AES2_IRQHandler
                0x08008fa0                I2C3_EV_IRQHandler
                0x08008fa0                EXTI9_5_IRQHandler
                0x08008fa0                RTC_WKUP_IRQHandler
                0x08008fa0                PVD_PVM_IRQHandler
                0x08008fa0                SPI2_IRQHandler
                0x08008fa0                DMA2_Channel5_IRQHandler
                0x08008fa0                CRS_IRQHandler
                0x08008fa0                DMA1_Channel5_IRQHandler
                0x08008fa0                EXTI4_IRQHandler
                0x08008fa0                RNG_IRQHandler
                0x08008fa0                TIM1_TRG_COM_TIM17_IRQHandler
                0x08008fa0                TAMP_STAMP_LSECSS_IRQHandler
                0x08008fa0                DMA1_Channel3_IRQHandler
                0x08008fa0                COMP_IRQHandler
                0x08008fa0                WWDG_IRQHandler
                0x08008fa0                LPUART1_IRQHandler
                0x08008fa0                DMA2_Channel6_IRQHandler
                0x08008fa0                TIM2_IRQHandler
                0x08008fa0                TIM1_BRK_IRQHandler
                0x08008fa0                EXTI1_IRQHandler
                0x08008fa0                DMA1_Channel2_IRQHandler
                0x08008fa0                FLASH_IRQHandler
                0x08008fa0                USART1_IRQHandler
                0x08008fa0                I2C1_ER_IRQHandler
                0x08008fa0                LPTIM1_IRQHandler
                0x08008fa0                SAI1_IRQHandler
                0x08008fa0                DMA2_Channel3_IRQHandler
 .text.memset   0x08008fa2       0x10 C:/PROGRAM FILES (X86)/ARM GNU TOOLCHAIN ARM-NONE-EABI/13.3 REL1/BIN/../lib/gcc/arm-none-eabi/13.3.1/thumb/v7e-m+fp/hard\libc_nano.a(libc_a-memset.o)
                0x08008fa2                memset
 *fill*         0x08008fb2        0x2 
 .text.__libc_init_array
                0x08008fb4       0x48 C:/PROGRAM FILES (X86)/ARM GNU TOOLCHAIN ARM-NONE-EABI/13.3 REL1/BIN/../lib/gcc/arm-none-eabi/13.3.1/thumb/v7e-m+fp/hard\libc_nano.a(libc_a-init.o)
                0x08008fb4                __libc_init_array
 .text.memcpy   0x08008ffc       0x1c C:/PROGRAM FILES (X86)/ARM GNU TOOLCHAIN ARM-NONE-EABI/13.3 REL1/BIN/../lib/gcc/arm-none-eabi/13.3.1/thumb/v7e-m+fp/hard\libc_nano.a(libc_a-memcpy-stub.o)
                0x08008ffc                memcpy
 .text.__udivmoddi4
                0x08009018      0x2bc C:/PROGRAM FILES (X86)/ARM GNU TOOLCHAIN ARM-NONE-EABI/13.3 REL1/BIN/../lib/gcc/arm-none-eabi/13.3.1/thumb/v7e-m+fp/hard\libgcc.a(_udivmoddi4.o)
                0x08009018                __udivmoddi4
 *(.glue_7)
 .glue_7        0x080092d4        0x0 linker stubs
 *(.glue_7t)
 .glue_7t       0x080092d4        0x0 linker stubs
 *(.eh_frame)
 .eh_frame      0x080092d4        0x0 C:/PROGRAM FILES (X86)/ARM GNU TOOLCHAIN ARM-NONE-EABI/13.3 REL1/BIN/../lib/gcc/arm-none-eabi/13.3.1/thumb/v7e-m+fp/hard/crtbegin.o
 *(.init)
 .init          0x080092d4        0x4 C:/PROGRAM FILES (X86)/ARM GNU TOOLCHAIN ARM-NONE-EABI/13.3 REL1/BIN/../lib/gcc/arm-none-eabi/13.3.1/thumb/v7e-m+fp/hard/crti.o
                0x080092d4                _init
 .init          0x080092d8        0x8 C:/PROGRAM FILES (X86)/ARM GNU TOOLCHAIN ARM-NONE-EABI/13.3 REL1/BIN/../lib/gcc/arm-none-eabi/13.3.1/thumb/v7e-m+fp/hard/crtn.o
 *(.fini)
 .fini          0x080092e0        0x4 C:/PROGRAM FILES (X86)/ARM GNU TOOLCHAIN ARM-NONE-EABI/13.3 REL1/BIN/../lib/gcc/arm-none-eabi/13.3.1/thumb/v7e-m+fp/hard/crti.o
                0x080092e0                _fini
 .fini          0x080092e4        0x8 C:/PROGRAM FILES (X86)/ARM GNU TOOLCHAIN ARM-NONE-EABI/13.3 REL1/BIN/../lib/gcc/arm-none-eabi/13.3.1/thumb/v7e-m+fp/hard/crtn.o
                0x080092ec                        . = ALIGN (0x4)
                0x080092ec                        _etext = .

.vfp11_veneer   0x080092ec        0x0
 .vfp11_veneer  0x080092ec        0x0 linker stubs

.v4_bx          0x080092ec        0x0
 .v4_bx         0x080092ec        0x0 linker stubs

.iplt           0x080092ec        0x0
 .iplt          0x080092ec        0x0 C:/PROGRAM FILES (X86)/ARM GNU TOOLCHAIN ARM-NONE-EABI/13.3 REL1/BIN/../lib/gcc/arm-none-eabi/13.3.1/thumb/v7e-m+fp/hard/crtbegin.o

.rodata         0x080092ec      0x304
                0x080092ec                        . = ALIGN (0x4)
 *(.rodata)
 .rodata        0x080092ec       0x3a build/debug/app_ble.o
 *fill*         0x08009326        0x2 
 .rodata        0x08009328       0x1b build/debug/app_debug.o
 *fill*         0x08009343        0x1 
 .rodata        0x08009344       0x2c build/debug/stm32wbxx_hal_rcc.o
 *(.rodata*)
 .rodata.Ble_Hci_Gap_Gatt_Init.str1.4
                0x08009370       0x56 build/debug/app_ble.o
                                  0x8 (size before relaxing)
 *fill*         0x080093c6        0x2 
 .rodata.a_LocalName
                0x080093c8        0x8 build/debug/app_ble.o
 .rodata.a_BLE_CfgErValue
                0x080093d0       0x10 build/debug/app_ble.o
 .rodata.a_BLE_CfgIrValue
                0x080093e0       0x10 build/debug/app_ble.o
 .rodata.a_MBdAddr
                0x080093f0        0x6 build/debug/app_ble.o
 *fill*         0x080093f6        0x2 
 .rodata.aGpioConfigList
                0x080093f8      0x130 build/debug/app_debug.o
 .rodata.main.str1.4
                0x08009528        0x6 build/debug/main.o
 .rodata.UARTPrescTable
                0x08009528       0x18 build/debug/stm32wbxx_hal_uart.o
                0x08009528                UARTPrescTable
 .rodata.denominator.0
                0x08009540        0x8 build/debug/stm32wbxx_hal_uart_ex.o
 .rodata.numerator.1
                0x08009548        0x8 build/debug/stm32wbxx_hal_uart_ex.o
 .rodata.MSIRangeTable
                0x08009550       0x40 build/debug/system_stm32wbxx.o
                0x08009550                MSIRangeTable
 .rodata.APBPrescTable
                0x08009590       0x20 build/debug/system_stm32wbxx.o
                0x08009590                APBPrescTable
 .rodata.AHBPrescTable
                0x080095b0       0x40 build/debug/system_stm32wbxx.o
                0x080095b0                AHBPrescTable
 .rodata.USBD_HID_ProductStrDescriptor.str1.4
                0x080095f0       0x16 build/debug/usbd_desc.o
 .rodata.USBD_HID_ManufacturerStrDescriptor.str1.4
                0x080095f0       0x13 build/debug/usbd_desc.o
 .rodata.USBD_HID_ConfigStrDescriptor.str1.4
                0x080095f0        0xb build/debug/usbd_desc.o
 .rodata.USBD_HID_InterfaceStrDescriptor.str1.4
                0x080095f0        0xe build/debug/usbd_desc.o
                0x08009608                        . = ALIGN (0x4)

.ARM.extab
 *(.ARM.extab* .gnu.linkonce.armextab.*)

.ARM            0x080095f0        0x8
                0x080095f0                        __exidx_start = .
 *(.ARM.exidx*)
 .ARM.exidx.text.__udivmoddi4
                0x080095f0        0x8 C:/PROGRAM FILES (X86)/ARM GNU TOOLCHAIN ARM-NONE-EABI/13.3 REL1/BIN/../lib/gcc/arm-none-eabi/13.3.1/thumb/v7e-m+fp/hard\libgcc.a(_udivmoddi4.o)
                0x080095f8                        __exidx_end = .

.preinit_array  0x080095f8        0x0
                0x080095f8                        PROVIDE (__preinit_array_start = .)
 *(.preinit_array*)
                0x080095f8                        PROVIDE (__preinit_array_end = .)

.init_array     0x080095f8        0x4
                0x080095f8                        PROVIDE (__init_array_start = .)
 *(SORT_BY_NAME(.init_array.*))
 *(.init_array*)
 .init_array    0x080095f8        0x4 C:/PROGRAM FILES (X86)/ARM GNU TOOLCHAIN ARM-NONE-EABI/13.3 REL1/BIN/../lib/gcc/arm-none-eabi/13.3.1/thumb/v7e-m+fp/hard/crtbegin.o
                0x080095fc                        PROVIDE (__init_array_end = .)

.fini_array     0x080095fc        0x4
                [!provide]                        PROVIDE (__fini_array_start = .)
 *(SORT_BY_NAME(.fini_array.*))
 *(.fini_array*)
 .fini_array    0x080095fc        0x4 C:/PROGRAM FILES (X86)/ARM GNU TOOLCHAIN ARM-NONE-EABI/13.3 REL1/BIN/../lib/gcc/arm-none-eabi/13.3.1/thumb/v7e-m+fp/hard/crtbegin.o
                [!provide]                        PROVIDE (__fini_array_end = .)
                0x08009600                        _sidata = LOADADDR (.data)

.rel.dyn        0x08009600        0x0
 .rel.iplt      0x08009600        0x0 C:/PROGRAM FILES (X86)/ARM GNU TOOLCHAIN ARM-NONE-EABI/13.3 REL1/BIN/../lib/gcc/arm-none-eabi/13.3.1/thumb/v7e-m+fp/hard/crtbegin.o

.data           0x20000008      0x138 load address 0x08009600
                0x20000008                        . = ALIGN (0x4)
                0x20000008                        _sdata = .
 *(.data)
 *(.data*)
 .data.a_ManufData
                0x20000008        0xe build/debug/app_ble.o
                0x20000008                a_ManufData
 *fill*         0x20000016        0x2 
 .data.SuperMask
                0x20000018        0x4 build/debug/stm32_seq.o
 .data.TaskMask
                0x2000001c        0x4 build/debug/stm32_seq.o
 .data.uwTickFreq
                0x20000020        0x1 build/debug/stm32wbxx_hal.o
                0x20000020                uwTickFreq
 *fill*         0x20000021        0x3 
 .data.uwTickPrio
                0x20000024        0x4 build/debug/stm32wbxx_hal.o
                0x20000024                uwTickPrio
 .data.SystemCoreClock
                0x20000028        0x4 build/debug/system_stm32wbxx.o
                0x20000028                SystemCoreClock
 .data.USBD_StringSerial
                0x2000002c       0x1a build/debug/usbd_desc.o
                0x2000002c                USBD_StringSerial
 *fill*         0x20000046        0x2 
 .data.USBD_LangIDDesc
                0x20000048        0x4 build/debug/usbd_desc.o
                0x20000048                USBD_LangIDDesc
 .data.USBD_HID_DeviceDesc
                0x2000004c       0x12 build/debug/usbd_desc.o
                0x2000004c                USBD_HID_DeviceDesc
 *fill*         0x2000005e        0x2 
 .data.HID_Desc
                0x20000060       0x20 build/debug/usbd_desc.o
                0x20000060                HID_Desc
 .data.HID_MOUSE_ReportDesc
                0x20000080       0x4a build/debug/usbd_hid.o
 *fill*         0x200000ca        0x2 
 .data.USBD_HID_DeviceQualifierDesc
                0x200000cc        0xa build/debug/usbd_hid.o
 *fill*         0x200000d6        0x2 
 .data.USBD_HID_Desc
                0x200000d8        0x9 build/debug/usbd_hid.o
 *fill*         0x200000e1        0x3 
 .data.USBD_HID_CfgDesc
                0x200000e4       0x22 build/debug/usbd_hid.o
 *fill*         0x20000106        0x2 
 .data.USBD_HID
                0x20000108       0x38 build/debug/usbd_hid.o
                0x20000108                USBD_HID
                0x20000140                        . = ALIGN (0x4)
                0x20000140                        _edata = .

.tm_clone_table
                0x20000140        0x0 load address 0x08009738
 .tm_clone_table
                0x20000140        0x0 C:/PROGRAM FILES (X86)/ARM GNU TOOLCHAIN ARM-NONE-EABI/13.3 REL1/BIN/../lib/gcc/arm-none-eabi/13.3.1/thumb/v7e-m+fp/hard/crtbegin.o
 .tm_clone_table
                0x20000140        0x0 C:/PROGRAM FILES (X86)/ARM GNU TOOLCHAIN ARM-NONE-EABI/13.3 REL1/BIN/../lib/gcc/arm-none-eabi/13.3.1/thumb/v7e-m+fp/hard/crtend.o

.igot.plt       0x20000140        0x0 load address 0x08009738
 .igot.plt      0x20000140        0x0 C:/PROGRAM FILES (X86)/ARM GNU TOOLCHAIN ARM-NONE-EABI/13.3 REL1/BIN/../lib/gcc/arm-none-eabi/13.3.1/thumb/v7e-m+fp/hard/crtbegin.o

BLE_DRIVER_CONTEXT
                0x20000140       0x40 load address 0x08009738
 BLE_DRIVER_CONTEXT
                0x20000140       0x11 build/debug/hci_tl.o
                0x20000140                UserEventFlow
 *fill*         0x20000151        0x3 
 BLE_DRIVER_CONTEXT
                0x20000154        0x6 build/debug/p2p_stm.o
 *fill*         0x2000015a        0x2 
 BLE_DRIVER_CONTEXT
                0x2000015c       0x24 build/debug/svc_ctl.o
                0x2000015c                SVCCTL_CltHandler
                0x20000160                SVCCTL_EvtHandler

SYSTEM_DRIVER_CONTEXT
                0x20000180       0x14 load address 0x08009778
 SYSTEM_DRIVER_CONTEXT
                0x20000180       0x14 build/debug/shci_tl.o
                0x20000180                SHCI_TL_UserEventFlow
                0x20000194                        . = ALIGN (0x4)

.bss            0x20000194      0xcc8 load address 0x0800978c
                0x20000194                        _sbss = .
                0x20000194                        __bss_start__ = _sbss
 *(.bss)
 *(.bss*)
 .bss.completed.1
                0x20000194        0x1 C:/PROGRAM FILES (X86)/ARM GNU TOOLCHAIN ARM-NONE-EABI/13.3 REL1/BIN/../lib/gcc/arm-none-eabi/13.3.1/thumb/v7e-m+fp/hard/crtbegin.o
 *fill*         0x20000195        0x3 
 .bss.object.0  0x20000198       0x18 C:/PROGRAM FILES (X86)/ARM GNU TOOLCHAIN ARM-NONE-EABI/13.3 REL1/BIN/../lib/gcc/arm-none-eabi/13.3.1/thumb/v7e-m+fp/hard/crtbegin.o
 .bss.HandleNotification
                0x200001b0        0x4 build/debug/app_ble.o
                0x200001b0                HandleNotification
 .bss.AdvIntervalMax
                0x200001b4        0x2 build/debug/app_ble.o
 .bss.AdvIntervalMin
                0x200001b6        0x2 build/debug/app_ble.o
 .bss.BleApplicationContext
                0x200001b8       0x84 build/debug/app_ble.o
 .bss.a_BdAddrUdn
                0x2000023c        0x6 build/debug/app_ble.o
 .bss.CmdRspStatusFlag
                0x20000242        0x1 build/debug/hci_tl.o
 *fill*         0x20000243        0x1 
 .bss.StatusNotCallBackFunction
                0x20000244        0x4 build/debug/hci_tl.o
 .bss.HciCmdEventQueue
                0x20000248        0x8 build/debug/hci_tl.o
 .bss.hciContext
                0x20000250       0x20 build/debug/hci_tl.o
 .bss.FreeBufCb
                0x20000270        0x4 build/debug/hw_ipcc.o
 .bss.MaxWakeupTimerSetup
                0x20000274        0x2 build/debug/hw_timerserver.o
 .bss.SynchPrescalerUserConfig
                0x20000276        0x2 build/debug/hw_timerserver.o
 .bss.AsynchPrescalerUserConfig
                0x20000278        0x1 build/debug/hw_timerserver.o
 .bss.WakeupTimerDivider
                0x20000279        0x1 build/debug/hw_timerserver.o
 .bss.WakeupTimerLimitation
                0x2000027a        0x1 build/debug/hw_timerserver.o
 *fill*         0x2000027b        0x1 
 .bss.SSRValueOnLastSetup
                0x2000027c        0x4 build/debug/hw_timerserver.o
 .bss.PreviousRunningTimerID
                0x20000280        0x1 build/debug/hw_timerserver.o
 .bss.CurrentRunningTimerID
                0x20000281        0x1 build/debug/hw_timerserver.o
 *fill*         0x20000282        0x2 
 .bss.aTimerContext
                0x20000284       0x90 build/debug/hw_timerserver.o
 .bss.huart1    0x20000314       0x94 build/debug/main.o
                0x20000314                huart1
 .bss.htim16    0x200003a8       0x4c build/debug/main.o
                0x200003a8                htim16
 .bss.htim2     0x200003f4       0x4c build/debug/main.o
                0x200003f4                htim2
 .bss.htim1     0x20000440       0x4c build/debug/main.o
                0x20000440                htim1
 .bss.hrtc      0x2000048c       0x24 build/debug/main.o
                0x2000048c                hrtc
 .bss.hipcc     0x200004b0       0x3c build/debug/main.o
                0x200004b0                hipcc
 .bss.hi2c1     0x200004ec       0x54 build/debug/main.o
                0x200004ec                hi2c1
 .bss.hadc1     0x20000540       0x64 build/debug/main.o
                0x20000540                hadc1
 .bss.CmdRspStatusFlag
                0x200005a4        0x1 build/debug/shci_tl.o
 *fill*         0x200005a5        0x3 
 .bss.StatusNotCallBackFunction
                0x200005a8        0x4 build/debug/shci_tl.o
 .bss.shciContext
                0x200005ac       0x20 build/debug/shci_tl.o
 .bss.OffModeDisable
                0x200005cc        0x4 build/debug/stm32_lpm.o
 .bss.StopModeDisable
                0x200005d0        0x4 build/debug/stm32_lpm.o
 .bss.TaskPrio  0x200005d4        0x8 build/debug/stm32_seq.o
 .bss.TaskCb    0x200005dc       0x80 build/debug/stm32_seq.o
 .bss.CurrentTaskIdx
                0x2000065c        0x4 build/debug/stm32_seq.o
 .bss.EvtWaited
                0x20000660        0x4 build/debug/stm32_seq.o
 .bss.EvtSet    0x20000664        0x4 build/debug/stm32_seq.o
 .bss.TaskSet   0x20000668        0x4 build/debug/stm32_seq.o
 .bss.uwTick    0x2000066c        0x4 build/debug/stm32wbxx_hal.o
                0x2000066c                uwTick
 .bss.p_mem_manager_table.0
                0x20000670        0x4 build/debug/tl_mbox.o
 .bss.SYS_EVT_IoBusCallBackFunction
                0x20000674        0x4 build/debug/tl_mbox.o
 .bss.SYS_CMD_IoBusCallBackFunction
                0x20000678        0x4 build/debug/tl_mbox.o
 .bss.BLE_IoBusAclDataTxAck
                0x2000067c        0x4 build/debug/tl_mbox.o
 .bss.BLE_IoBusEvtCallBackFunction
                0x20000680        0x4 build/debug/tl_mbox.o
 .bss.LocalFreeBufQueue
                0x20000684        0x8 build/debug/tl_mbox.o
 .bss.hUsbDeviceFS
                0x2000068c      0x2dc build/debug/usb_device.o
                0x2000068c                hUsbDeviceFS
 .bss.mem.0     0x20000968       0x14 build/debug/usbd_conf.o
 .bss.hpcd_USB_FS
                0x2000097c      0x2dc build/debug/usbd_conf.o
                0x2000097c                hpcd_USB_FS
 .bss.cfgidx.0  0x20000c58        0x1 build/debug/usbd_ctlreq.o
 *fill*         0x20000c59        0x3 
 .bss.USBD_StrDesc
                0x20000c5c      0x200 build/debug/usbd_desc.o
                0x20000c5c                USBD_StrDesc
 *(COMMON)
                0x20000e5c                        . = ALIGN (0x4)
                0x20000e5c                        _ebss = .
                0x20000e5c                        __bss_end__ = _ebss

._user_heap_stack
                0x20000e5c      0x604 load address 0x0800978c
                0x20000e60                        . = ALIGN (0x8)
 *fill*         0x20000e5c        0x4 
                [!provide]                        PROVIDE (end = .)
                0x20000e60                        PROVIDE (_end = .)
                0x20001060                        . = (. + _Min_Heap_Size)
 *fill*         0x20000e60      0x200 
                0x20001460                        . = (. + _Min_Stack_Size)
 *fill*         0x20001060      0x400 
                0x20001460                        . = ALIGN (0x8)

/DISCARD/
 libc.a(*)
 libm.a(*)
 libgcc.a(*)

.ARM.attributes
                0x00000000       0x30
 *(.ARM.attributes)
 .ARM.attributes
                0x00000000       0x22 C:/PROGRAM FILES (X86)/ARM GNU TOOLCHAIN ARM-NONE-EABI/13.3 REL1/BIN/../lib/gcc/arm-none-eabi/13.3.1/thumb/v7e-m+fp/hard/crti.o
 .ARM.attributes
                0x00000022       0x34 C:/PROGRAM FILES (X86)/ARM GNU TOOLCHAIN ARM-NONE-EABI/13.3 REL1/BIN/../lib/gcc/arm-none-eabi/13.3.1/thumb/v7e-m+fp/hard/crtbegin.o
 .ARM.attributes
                0x00000056       0x34 build/debug/app_ble.o
 .ARM.attributes
                0x0000008a       0x34 build/debug/app_debug.o
 .ARM.attributes
                0x000000be       0x34 build/debug/app_entry.o
 .ARM.attributes
                0x000000f2       0x34 build/debug/ble_gap_aci.o
 .ARM.attributes
                0x00000126       0x34 build/debug/ble_gatt_aci.o
 .ARM.attributes
                0x0000015a       0x34 build/debug/ble_hal_aci.o
 .ARM.attributes
                0x0000018e       0x34 build/debug/ble_hci_le.o
 .ARM.attributes
                0x000001c2       0x34 build/debug/hci_tl.o
 .ARM.attributes
                0x000001f6       0x34 build/debug/hci_tl_if.o
 .ARM.attributes
                0x0000022a       0x34 build/debug/hw_ipcc.o
 .ARM.attributes
                0x0000025e       0x34 build/debug/hw_timerserver.o
 .ARM.attributes
                0x00000292       0x34 build/debug/main.o
 .ARM.attributes
                0x000002c6       0x34 build/debug/osal.o
 .ARM.attributes
                0x000002fa       0x34 build/debug/otp.o
 .ARM.attributes
                0x0000032e       0x34 build/debug/p2p_server_app.o
 .ARM.attributes
                0x00000362       0x34 build/debug/p2p_stm.o
 .ARM.attributes
                0x00000396       0x34 build/debug/shci.o
 .ARM.attributes
                0x000003ca       0x34 build/debug/shci_tl.o
 .ARM.attributes
                0x000003fe       0x34 build/debug/shci_tl_if.o
 .ARM.attributes
                0x00000432       0x34 build/debug/stm32_lpm.o
 .ARM.attributes
                0x00000466       0x34 build/debug/stm32_seq.o
 .ARM.attributes
                0x0000049a       0x34 build/debug/stm32wbxx_hal.o
 .ARM.attributes
                0x000004ce       0x34 build/debug/stm32wbxx_hal_adc.o
 .ARM.attributes
                0x00000502       0x34 build/debug/stm32wbxx_hal_cortex.o
 .ARM.attributes
                0x00000536       0x34 build/debug/stm32wbxx_hal_gpio.o
 .ARM.attributes
                0x0000056a       0x34 build/debug/stm32wbxx_hal_hsem.o
 .ARM.attributes
                0x0000059e       0x34 build/debug/stm32wbxx_hal_i2c.o
 .ARM.attributes
                0x000005d2       0x34 build/debug/stm32wbxx_hal_i2c_ex.o
 .ARM.attributes
                0x00000606       0x34 build/debug/stm32wbxx_hal_ipcc.o
 .ARM.attributes
                0x0000063a       0x34 build/debug/stm32wbxx_hal_msp.o
 .ARM.attributes
                0x0000066e       0x34 build/debug/stm32wbxx_hal_pcd.o
 .ARM.attributes
                0x000006a2       0x34 build/debug/stm32wbxx_hal_pcd_ex.o
 .ARM.attributes
                0x000006d6       0x34 build/debug/stm32wbxx_hal_pwr.o
 .ARM.attributes
                0x0000070a       0x34 build/debug/stm32wbxx_hal_pwr_ex.o
 .ARM.attributes
                0x0000073e       0x34 build/debug/stm32wbxx_hal_rcc.o
 .ARM.attributes
                0x00000772       0x34 build/debug/stm32wbxx_hal_rcc_ex.o
 .ARM.attributes
                0x000007a6       0x34 build/debug/stm32wbxx_hal_rtc.o
 .ARM.attributes
                0x000007da       0x34 build/debug/stm32wbxx_hal_rtc_ex.o
 .ARM.attributes
                0x0000080e       0x34 build/debug/stm32wbxx_hal_tim.o
 .ARM.attributes
                0x00000842       0x34 build/debug/stm32wbxx_hal_tim_ex.o
 .ARM.attributes
                0x00000876       0x34 build/debug/stm32wbxx_hal_uart.o
 .ARM.attributes
                0x000008aa       0x34 build/debug/stm32wbxx_hal_uart_ex.o
 .ARM.attributes
                0x000008de       0x34 build/debug/stm32wbxx_it.o
 .ARM.attributes
                0x00000912       0x34 build/debug/stm32wbxx_ll_usb.o
 .ARM.attributes
                0x00000946       0x34 build/debug/stm_list.o
 .ARM.attributes
                0x0000097a       0x34 build/debug/svc_ctl.o
 .ARM.attributes
                0x000009ae       0x34 build/debug/system_stm32wbxx.o
 .ARM.attributes
                0x000009e2       0x34 build/debug/tl_mbox.o
 .ARM.attributes
                0x00000a16       0x34 build/debug/usb_device.o
 .ARM.attributes
                0x00000a4a       0x34 build/debug/usbd_conf.o
 .ARM.attributes
                0x00000a7e       0x34 build/debug/usbd_core.o
 .ARM.attributes
                0x00000ab2       0x34 build/debug/usbd_ctlreq.o
 .ARM.attributes
                0x00000ae6       0x34 build/debug/usbd_desc.o
 .ARM.attributes
                0x00000b1a       0x34 build/debug/usbd_hid.o
 .ARM.attributes
                0x00000b4e       0x34 build/debug/usbd_ioreq.o
 .ARM.attributes
                0x00000b82       0x21 build/debug/startup_stm32wb55xx_cm4.o
 .ARM.attributes
                0x00000ba3       0x34 C:/PROGRAM FILES (X86)/ARM GNU TOOLCHAIN ARM-NONE-EABI/13.3 REL1/BIN/../lib/gcc/arm-none-eabi/13.3.1/thumb/v7e-m+fp/hard\libc_nano.a(libc_a-memset.o)
 .ARM.attributes
                0x00000bd7       0x34 C:/PROGRAM FILES (X86)/ARM GNU TOOLCHAIN ARM-NONE-EABI/13.3 REL1/BIN/../lib/gcc/arm-none-eabi/13.3.1/thumb/v7e-m+fp/hard\libc_nano.a(libc_a-init.o)
 .ARM.attributes
                0x00000c0b       0x34 C:/PROGRAM FILES (X86)/ARM GNU TOOLCHAIN ARM-NONE-EABI/13.3 REL1/BIN/../lib/gcc/arm-none-eabi/13.3.1/thumb/v7e-m+fp/hard\libc_nano.a(libc_a-memcpy-stub.o)
 .ARM.attributes
                0x00000c3f       0x22 C:/PROGRAM FILES (X86)/ARM GNU TOOLCHAIN ARM-NONE-EABI/13.3 REL1/BIN/../lib/gcc/arm-none-eabi/13.3.1/thumb/v7e-m+fp/hard\libgcc.a(_aeabi_uldivmod.o)
 .ARM.attributes
                0x00000c61       0x34 C:/PROGRAM FILES (X86)/ARM GNU TOOLCHAIN ARM-NONE-EABI/13.3 REL1/BIN/../lib/gcc/arm-none-eabi/13.3.1/thumb/v7e-m+fp/hard\libgcc.a(_udivmoddi4.o)
 .ARM.attributes
                0x00000c95       0x22 C:/PROGRAM FILES (X86)/ARM GNU TOOLCHAIN ARM-NONE-EABI/13.3 REL1/BIN/../lib/gcc/arm-none-eabi/13.3.1/thumb/v7e-m+fp/hard\libgcc.a(_dvmd_tls.o)
 .ARM.attributes
                0x00000cb7       0x34 C:/PROGRAM FILES (X86)/ARM GNU TOOLCHAIN ARM-NONE-EABI/13.3 REL1/BIN/../lib/gcc/arm-none-eabi/13.3.1/thumb/v7e-m+fp/hard/crtend.o
 .ARM.attributes
                0x00000ceb       0x22 C:/PROGRAM FILES (X86)/ARM GNU TOOLCHAIN ARM-NONE-EABI/13.3 REL1/BIN/../lib/gcc/arm-none-eabi/13.3.1/thumb/v7e-m+fp/hard/crtn.o

MAPPING_TABLE   0x20030000       0x28
 *(MAPPING_TABLE)
 MAPPING_TABLE  0x20030000       0x28 build/debug/tl_mbox.o

MB_MEM1         0x20030028      0x1bc
 *(MB_MEM1)
 MB_MEM1        0x20030028      0x10b build/debug/app_ble.o
 *fill*         0x20030133        0x1 
 MB_MEM1        0x20030134       0xb0 build/debug/tl_mbox.o
                0x0800978c                        _siMB_MEM2 = LOADADDR (.MB_MEM2)

.MB_MEM2        0x200301e4      0x883 load address 0x0800978c
                0x200301e4                        _sMB_MEM2 = .
 *(MB_MEM2)
 MB_MEM2        0x200301e4       0x14 build/debug/app_debug.o
 MB_MEM2        0x200301f8      0x860 build/debug/app_entry.o
 MB_MEM2        0x20030a58        0xf build/debug/tl_mbox.o
                0x20030a67                        _eMB_MEM2 = .
OUTPUT(build/debug/Linea.elf elf32-littlearm)
LOAD linker stubs
LOAD C:/PROGRAM FILES (X86)/ARM GNU TOOLCHAIN ARM-NONE-EABI/13.3 REL1/BIN/../lib/gcc/arm-none-eabi/13.3.1/thumb/v7e-m+fp/hard\libc.a
LOAD C:/PROGRAM FILES (X86)/ARM GNU TOOLCHAIN ARM-NONE-EABI/13.3 REL1/BIN/../lib/gcc/arm-none-eabi/13.3.1/thumb/v7e-m+fp/hard\libm.a
LOAD C:/PROGRAM FILES (X86)/ARM GNU TOOLCHAIN ARM-NONE-EABI/13.3 REL1/BIN/../lib/gcc/arm-none-eabi/13.3.1/thumb/v7e-m+fp/hard\libgcc.a

.debug_info     0x00000000    0x5226a
 .debug_info    0x00000000     0x1928 build/debug/app_ble.o
 .debug_info    0x00001928      0xd40 build/debug/app_debug.o
 .debug_info    0x00002668     0x1e41 build/debug/app_entry.o
 .debug_info    0x000044a9     0x4d9a build/debug/ble_gap_aci.o
 .debug_info    0x00009243     0x4367 build/debug/ble_gatt_aci.o
 .debug_info    0x0000d5aa     0x1656 build/debug/ble_hal_aci.o
 .debug_info    0x0000ec00     0x5ce2 build/debug/ble_hci_le.o
 .debug_info    0x000148e2      0xc15 build/debug/hci_tl.o
 .debug_info    0x000154f7      0x1db build/debug/hci_tl_if.o
 .debug_info    0x000156d2     0x17a2 build/debug/hw_ipcc.o
 .debug_info    0x00016e74     0x154f build/debug/hw_timerserver.o
 .debug_info    0x000183c3     0x3185 build/debug/main.o
 .debug_info    0x0001b548      0x282 build/debug/osal.o
 .debug_info    0x0001b7ca       0xd7 build/debug/otp.o
 .debug_info    0x0001b8a1      0x211 build/debug/p2p_server_app.o
 .debug_info    0x0001bab2      0x6e7 build/debug/p2p_stm.o
 .debug_info    0x0001c199     0x1f80 build/debug/shci.o
 .debug_info    0x0001e119      0x9f4 build/debug/shci_tl.o
 .debug_info    0x0001eb0d      0x1db build/debug/shci_tl_if.o
 .debug_info    0x0001ece8      0x471 build/debug/stm32_lpm.o
 .debug_info    0x0001f159      0xbf8 build/debug/stm32_seq.o
 .debug_info    0x0001fd51     0x1668 build/debug/stm32wbxx_hal.o
 .debug_info    0x000213b9     0x312b build/debug/stm32wbxx_hal_adc.o
 .debug_info    0x000244e4      0xf16 build/debug/stm32wbxx_hal_cortex.o
 .debug_info    0x000253fa      0x6e5 build/debug/stm32wbxx_hal_gpio.o
 .debug_info    0x00025adf      0x3de build/debug/stm32wbxx_hal_hsem.o
 .debug_info    0x00025ebd     0x440d build/debug/stm32wbxx_hal_i2c.o
 .debug_info    0x0002a2ca      0x918 build/debug/stm32wbxx_hal_i2c_ex.o
 .debug_info    0x0002abe2      0x91e build/debug/stm32wbxx_hal_ipcc.o
 .debug_info    0x0002b500     0x29b8 build/debug/stm32wbxx_hal_msp.o
 .debug_info    0x0002deb8     0x1bb6 build/debug/stm32wbxx_hal_pcd.o
 .debug_info    0x0002fa6e      0x973 build/debug/stm32wbxx_hal_pcd_ex.o
 .debug_info    0x000303e1      0x9ff build/debug/stm32wbxx_hal_pwr.o
 .debug_info    0x00030de0     0x138e build/debug/stm32wbxx_hal_pwr_ex.o
 .debug_info    0x0003216e     0x2126 build/debug/stm32wbxx_hal_rcc.o
 .debug_info    0x00034294     0x3051 build/debug/stm32wbxx_hal_rcc_ex.o
 .debug_info    0x000372e5     0x10c9 build/debug/stm32wbxx_hal_rtc.o
 .debug_info    0x000383ae     0x1329 build/debug/stm32wbxx_hal_rtc_ex.o
 .debug_info    0x000396d7     0x3e2a build/debug/stm32wbxx_hal_tim.o
 .debug_info    0x0003d501     0x1f3e build/debug/stm32wbxx_hal_tim_ex.o
 .debug_info    0x0003f43f     0x63f1 build/debug/stm32wbxx_hal_uart.o
 .debug_info    0x00045830     0x124f build/debug/stm32wbxx_hal_uart_ex.o
 .debug_info    0x00046a7f      0xda7 build/debug/stm32wbxx_it.o
 .debug_info    0x00047826     0x18f8 build/debug/stm32wbxx_ll_usb.o
 .debug_info    0x0004911e      0x851 build/debug/stm_list.o
 .debug_info    0x0004996f      0x570 build/debug/svc_ctl.o
 .debug_info    0x00049edf      0x71d build/debug/system_stm32wbxx.o
 .debug_info    0x0004a5fc      0xf8a build/debug/tl_mbox.o
 .debug_info    0x0004b586      0x65e build/debug/usb_device.o
 .debug_info    0x0004bbe4     0x247d build/debug/usbd_conf.o
 .debug_info    0x0004e061     0x1259 build/debug/usbd_core.o
 .debug_info    0x0004f2ba     0x1453 build/debug/usbd_ctlreq.o
 .debug_info    0x0005070d      0x5e1 build/debug/usbd_desc.o
 .debug_info    0x00050cee      0xc56 build/debug/usbd_hid.o
 .debug_info    0x00051944      0x8f6 build/debug/usbd_ioreq.o
 .debug_info    0x0005223a       0x30 build/debug/startup_stm32wb55xx_cm4.o

.debug_abbrev   0x00000000     0x8b29
 .debug_abbrev  0x00000000      0x389 build/debug/app_ble.o
 .debug_abbrev  0x00000389      0x2be build/debug/app_debug.o
 .debug_abbrev  0x00000647      0x461 build/debug/app_entry.o
 .debug_abbrev  0x00000aa8      0x240 build/debug/ble_gap_aci.o
 .debug_abbrev  0x00000ce8      0x27d build/debug/ble_gatt_aci.o
 .debug_abbrev  0x00000f65      0x25a build/debug/ble_hal_aci.o
 .debug_abbrev  0x000011bf      0x24d build/debug/ble_hci_le.o
 .debug_abbrev  0x0000140c      0x2a3 build/debug/hci_tl.o
 .debug_abbrev  0x000016af       0xcc build/debug/hci_tl_if.o
 .debug_abbrev  0x0000177b      0x395 build/debug/hw_ipcc.o
 .debug_abbrev  0x00001b10      0x38e build/debug/hw_timerserver.o
 .debug_abbrev  0x00001e9e      0x3b0 build/debug/main.o
 .debug_abbrev  0x0000224e       0xd8 build/debug/osal.o
 .debug_abbrev  0x00002326       0x85 build/debug/otp.o
 .debug_abbrev  0x000023ab       0xcb build/debug/p2p_server_app.o
 .debug_abbrev  0x00002476      0x29f build/debug/p2p_stm.o
 .debug_abbrev  0x00002715      0x1ff build/debug/shci.o
 .debug_abbrev  0x00002914      0x20b build/debug/shci_tl.o
 .debug_abbrev  0x00002b1f       0xcc build/debug/shci_tl_if.o
 .debug_abbrev  0x00002beb      0x21c build/debug/stm32_lpm.o
 .debug_abbrev  0x00002e07      0x2f0 build/debug/stm32_seq.o
 .debug_abbrev  0x000030f7      0x3b1 build/debug/stm32wbxx_hal.o
 .debug_abbrev  0x000034a8      0x2fb build/debug/stm32wbxx_hal_adc.o
 .debug_abbrev  0x000037a3      0x390 build/debug/stm32wbxx_hal_cortex.o
 .debug_abbrev  0x00003b33      0x201 build/debug/stm32wbxx_hal_gpio.o
 .debug_abbrev  0x00003d34      0x1e7 build/debug/stm32wbxx_hal_hsem.o
 .debug_abbrev  0x00003f1b      0x299 build/debug/stm32wbxx_hal_i2c.o
 .debug_abbrev  0x000041b4      0x1cc build/debug/stm32wbxx_hal_i2c_ex.o
 .debug_abbrev  0x00004380      0x295 build/debug/stm32wbxx_hal_ipcc.o
 .debug_abbrev  0x00004615      0x37a build/debug/stm32wbxx_hal_msp.o
 .debug_abbrev  0x0000498f      0x2e2 build/debug/stm32wbxx_hal_pcd.o
 .debug_abbrev  0x00004c71      0x26d build/debug/stm32wbxx_hal_pcd_ex.o
 .debug_abbrev  0x00004ede      0x247 build/debug/stm32wbxx_hal_pwr.o
 .debug_abbrev  0x00005125      0x369 build/debug/stm32wbxx_hal_pwr_ex.o
 .debug_abbrev  0x0000548e      0x360 build/debug/stm32wbxx_hal_rcc.o
 .debug_abbrev  0x000057ee      0x475 build/debug/stm32wbxx_hal_rcc_ex.o
 .debug_abbrev  0x00005c63      0x206 build/debug/stm32wbxx_hal_rtc.o
 .debug_abbrev  0x00005e69      0x251 build/debug/stm32wbxx_hal_rtc_ex.o
 .debug_abbrev  0x000060ba      0x270 build/debug/stm32wbxx_hal_tim.o
 .debug_abbrev  0x0000632a      0x281 build/debug/stm32wbxx_hal_tim_ex.o
 .debug_abbrev  0x000065ab      0x34e build/debug/stm32wbxx_hal_uart.o
 .debug_abbrev  0x000068f9      0x344 build/debug/stm32wbxx_hal_uart_ex.o