ARM GAS  C:\Users\Nathan\AppData\Local\Temp\ccwdgPkk.s 			page 1


   1              		.cpu cortex-m4
   2              		.arch armv7e-m
   3              		.fpu fpv4-sp-d16
   4              		.eabi_attribute 27, 1
   5              		.eabi_attribute 28, 1
   6              		.eabi_attribute 20, 1
   7              		.eabi_attribute 21, 1
   8              		.eabi_attribute 23, 3
   9              		.eabi_attribute 24, 1
  10              		.eabi_attribute 25, 1
  11              		.eabi_attribute 26, 1
  12              		.eabi_attribute 30, 1
  13              		.eabi_attribute 34, 1
  14              		.eabi_attribute 18, 4
  15              		.file	"app_ble.c"
  16              		.text
  17              		.section	.text.Adv_Cancel,"ax",%progbits
  18              		.align	1
  19              		.syntax unified
  20              		.thumb
  21              		.thumb_func
  23              	Adv_Cancel:
  24              		@ args = 0, pretend = 0, frame = 0
  25              		@ frame_needed = 0, uses_anonymous_args = 0
  26 0000 08B5     		push	{r3, lr}
  27 0002 064B     		ldr	r3, .L5
  28 0004 93F88030 		ldrb	r3, [r3, #128]	@ zero_extendqisi2
  29 0008 052B     		cmp	r3, #5
  30 000a 00D1     		bne	.L4
  31              	.L1:
  32 000c 08BD     		pop	{r3, pc}
  33              	.L4:
  34 000e FFF7FEFF 		bl	aci_gap_set_non_discoverable
  35 0012 024B     		ldr	r3, .L5
  36 0014 0022     		movs	r2, #0
  37 0016 83F88020 		strb	r2, [r3, #128]
  38 001a F7E7     		b	.L1
  39              	.L6:
  40              		.align	2
  41              	.L5:
  42 001c 00000000 		.word	BleApplicationContext
  44              		.section	.text.Ble_Tl_Init,"ax",%progbits
  45              		.align	1
  46              		.syntax unified
  47              		.thumb
  48              		.thumb_func
  50              	Ble_Tl_Init:
  51              		@ args = 0, pretend = 0, frame = 8
  52              		@ frame_needed = 0, uses_anonymous_args = 0
  53 0000 00B5     		push	{lr}
  54 0002 83B0     		sub	sp, sp, #12
  55 0004 044B     		ldr	r3, .L9
  56 0006 0093     		str	r3, [sp]
  57 0008 044B     		ldr	r3, .L9+4
  58 000a 0193     		str	r3, [sp, #4]
  59 000c 6946     		mov	r1, sp
  60 000e 0448     		ldr	r0, .L9+8
ARM GAS  C:\Users\Nathan\AppData\Local\Temp\ccwdgPkk.s 			page 2


  61 0010 FFF7FEFF 		bl	hci_init
  62 0014 03B0     		add	sp, sp, #12
  63              		@ sp needed
  64 0016 00BD     		pop	{pc}
  65              	.L10:
  66              		.align	2
  67              	.L9:
  68 0018 00000000 		.word	BleCmdBuffer
  69 001c 00000000 		.word	BLE_StatusNot
  70 0020 00000000 		.word	BLE_UserEvtRx
  72              		.section	.text.BLE_UserEvtRx,"ax",%progbits
  73              		.align	1
  74              		.syntax unified
  75              		.thumb
  76              		.thumb_func
  78              	BLE_UserEvtRx:
  79              		@ args = 0, pretend = 0, frame = 0
  80              		@ frame_needed = 0, uses_anonymous_args = 0
  81 0000 10B5     		push	{r4, lr}
  82 0002 0446     		mov	r4, r0
  83 0004 4068     		ldr	r0, [r0, #4]
  84 0006 0830     		adds	r0, r0, #8
  85 0008 FFF7FEFF 		bl	SVCCTL_UserEvtRx
  86 000c 10B1     		cbz	r0, .L12
  87 000e 0123     		movs	r3, #1
  88 0010 2370     		strb	r3, [r4]
  89              	.L11:
  90 0012 10BD     		pop	{r4, pc}
  91              	.L12:
  92 0014 2070     		strb	r0, [r4]
  93 0016 FCE7     		b	.L11
  95              		.section	.text.BLE_StatusNot,"ax",%progbits
  96              		.align	1
  97              		.syntax unified
  98              		.thumb
  99              		.thumb_func
 101              	BLE_StatusNot:
 102              		@ args = 0, pretend = 0, frame = 0
 103              		@ frame_needed = 0, uses_anonymous_args = 0
 104 0000 08B5     		push	{r3, lr}
 105 0002 28B1     		cbz	r0, .L16
 106 0004 0128     		cmp	r0, #1
 107 0006 06D1     		bne	.L15
 108 0008 0320     		movs	r0, #3
 109 000a FFF7FEFF 		bl	UTIL_SEQ_ResumeTask
 110 000e 02E0     		b	.L15
 111              	.L16:
 112 0010 0320     		movs	r0, #3
 113 0012 FFF7FEFF 		bl	UTIL_SEQ_PauseTask
 114              	.L15:
 115 0016 08BD     		pop	{r3, pc}
 117              		.section	.text.BleGetBdAddress,"ax",%progbits
 118              		.align	1
 119              		.syntax unified
 120              		.thumb
 121              		.thumb_func
 123              	BleGetBdAddress:
ARM GAS  C:\Users\Nathan\AppData\Local\Temp\ccwdgPkk.s 			page 3


 124              		@ args = 0, pretend = 0, frame = 0
 125              		@ frame_needed = 0, uses_anonymous_args = 0
 126 0000 08B5     		push	{r3, lr}
 127 0002 0F4B     		ldr	r3, .L25
 128 0004 D3F88025 		ldr	r2, [r3, #1408]
 129 0008 B2F1FF3F 		cmp	r2, #-1
 130 000c 10D0     		beq	.L21
 131 000e D3F88435 		ldr	r3, [r3, #1412]
 132 0012 0C48     		ldr	r0, .L25+4
 133 0014 0270     		strb	r2, [r0]
 134 0016 C2F30722 		ubfx	r2, r2, #8, #8
 135 001a 4270     		strb	r2, [r0, #1]
 136 001c 8370     		strb	r3, [r0, #2]
 137 001e C3F30722 		ubfx	r2, r3, #8, #8
 138 0022 C270     		strb	r2, [r0, #3]
 139 0024 C3F30742 		ubfx	r2, r3, #16, #8
 140 0028 0271     		strb	r2, [r0, #4]
 141 002a 1B0E     		lsrs	r3, r3, #24
 142 002c 4371     		strb	r3, [r0, #5]
 143              	.L20:
 144 002e 08BD     		pop	{r3, pc}
 145              	.L21:
 146 0030 0020     		movs	r0, #0
 147 0032 FFF7FEFF 		bl	OTP_Read
 148 0036 0028     		cmp	r0, #0
 149 0038 F9D1     		bne	.L20
 150 003a 0348     		ldr	r0, .L25+8
 151 003c F7E7     		b	.L20
 152              	.L26:
 153 003e 00BF     		.align	2
 154              	.L25:
 155 0040 0070FF1F 		.word	536834048
 156 0044 00000000 		.word	a_BdAddrUdn
 157 0048 00000000 		.word	a_MBdAddr
 159              		.section	.rodata.Ble_Hci_Gap_Gatt_Init.str1.4,"aMS",%progbits,1
 160              		.align	2
 161              	.LC1:
 162 0000 54454D50 		.ascii	"TEMPLATE\000"
 162      4C415445 
 162      00
 163              		.section	.text.Ble_Hci_Gap_Gatt_Init,"ax",%progbits
 164              		.align	1
 165              		.syntax unified
 166              		.thumb
 167              		.thumb_func
 169              	Ble_Hci_Gap_Gatt_Init:
 170              		@ args = 0, pretend = 0, frame = 8
 171              		@ frame_needed = 0, uses_anonymous_args = 0
 172 0000 70B5     		push	{r4, r5, r6, lr}
 173 0002 88B0     		sub	sp, sp, #32
 174 0004 0024     		movs	r4, #0
 175 0006 ADF81840 		strh	r4, [sp, #24]	@ movhi
 176 000a FFF7FEFF 		bl	hci_reset
 177 000e FFF7FEFF 		bl	BleGetBdAddress
 178 0012 0246     		mov	r2, r0
 179 0014 0621     		movs	r1, #6
 180 0016 2046     		mov	r0, r4
ARM GAS  C:\Users\Nathan\AppData\Local\Temp\ccwdgPkk.s 			page 4


 181 0018 FFF7FEFF 		bl	aci_hal_write_config_data
 182 001c 2B4A     		ldr	r2, .L31
 183 001e 1021     		movs	r1, #16
 184 0020 1820     		movs	r0, #24
 185 0022 FFF7FEFF 		bl	aci_hal_write_config_data
 186 0026 2A4A     		ldr	r2, .L31+4
 187 0028 1021     		movs	r1, #16
 188 002a 0820     		movs	r0, #8
 189 002c FFF7FEFF 		bl	aci_hal_write_config_data
 190 0030 1821     		movs	r1, #24
 191 0032 0120     		movs	r0, #1
 192 0034 FFF7FEFF 		bl	aci_hal_set_tx_power_level
 193 0038 FFF7FEFF 		bl	aci_gatt_init
 194 003c 0DF11A03 		add	r3, sp, #26
 195 0040 0193     		str	r3, [sp, #4]
 196 0042 07AB     		add	r3, sp, #28
 197 0044 0093     		str	r3, [sp]
 198 0046 0DF11E03 		add	r3, sp, #30
 199 004a 0822     		movs	r2, #8
 200 004c 2146     		mov	r1, r4
 201 004e 0120     		movs	r0, #1
 202 0050 FFF7FEFF 		bl	aci_gap_init
 203 0054 1F4B     		ldr	r3, .L31+8
 204 0056 0093     		str	r3, [sp]
 205 0058 0823     		movs	r3, #8
 206 005a 2246     		mov	r2, r4
 207 005c BDF81C10 		ldrh	r1, [sp, #28]
 208 0060 BDF81E00 		ldrh	r0, [sp, #30]
 209 0064 FFF7FEFF 		bl	aci_gatt_update_char_value
 210 0068 06AB     		add	r3, sp, #24
 211 006a 0093     		str	r3, [sp]
 212 006c 0223     		movs	r3, #2
 213 006e 2246     		mov	r2, r4
 214 0070 BDF81A10 		ldrh	r1, [sp, #26]
 215 0074 BDF81E00 		ldrh	r0, [sp, #30]
 216 0078 FFF7FEFF 		bl	aci_gatt_update_char_value
 217 007c 0222     		movs	r2, #2
 218 007e 1146     		mov	r1, r2
 219 0080 2046     		mov	r0, r4
 220 0082 FFF7FEFF 		bl	hci_le_set_default_phy
 221 0086 144D     		ldr	r5, .L31+12
 222 0088 0126     		movs	r6, #1
 223 008a 2E70     		strb	r6, [r5]
 224 008c 3046     		mov	r0, r6
 225 008e FFF7FEFF 		bl	aci_gap_set_io_capability
 226 0092 6E70     		strb	r6, [r5, #1]
 227 0094 0823     		movs	r3, #8
 228 0096 2B71     		strb	r3, [r5, #4]
 229 0098 1022     		movs	r2, #16
 230 009a 6A71     		strb	r2, [r5, #5]
 231 009c 4FF00001 		mov	r1, #0	@ movhi
 232 00a0 E970     		strb	r1, [r5, #3]
 233 00a2 0E49     		ldr	r1, .L31+16
 234 00a4 A960     		str	r1, [r5, #8]
 235 00a6 AC70     		strb	r4, [r5, #2]
 236 00a8 0494     		str	r4, [sp, #16]
 237 00aa 0391     		str	r1, [sp, #12]
ARM GAS  C:\Users\Nathan\AppData\Local\Temp\ccwdgPkk.s 			page 5


 238 00ac 0294     		str	r4, [sp, #8]
 239 00ae 0192     		str	r2, [sp, #4]
 240 00b0 0093     		str	r3, [sp]
 241 00b2 2346     		mov	r3, r4
 242 00b4 3246     		mov	r2, r6
 243 00b6 3146     		mov	r1, r6
 244 00b8 2046     		mov	r0, r4
 245 00ba FFF7FEFF 		bl	aci_gap_set_authentication_requirement
 246 00be AB78     		ldrb	r3, [r5, #2]	@ zero_extendqisi2
 247 00c0 0BB9     		cbnz	r3, .L30
 248              	.L27:
 249 00c2 08B0     		add	sp, sp, #32
 250              		@ sp needed
 251 00c4 70BD     		pop	{r4, r5, r6, pc}
 252              	.L30:
 253 00c6 FFF7FEFF 		bl	aci_gap_configure_filter_accept_list
 254 00ca FAE7     		b	.L27
 255              	.L32:
 256              		.align	2
 257              	.L31:
 258 00cc 00000000 		.word	a_BLE_CfgIrValue
 259 00d0 00000000 		.word	a_BLE_CfgErValue
 260 00d4 00000000 		.word	.LC1
 261 00d8 00000000 		.word	BleApplicationContext
 262 00dc 07B20100 		.word	111111
 264              		.section	.text.Adv_Request,"ax",%progbits
 265              		.align	1
 266              		.syntax unified
 267              		.thumb
 268              		.thumb_func
 270              	Adv_Request:
 271              		@ args = 0, pretend = 0, frame = 0
 272              		@ frame_needed = 0, uses_anonymous_args = 0
 273 0000 00B5     		push	{lr}
 274 0002 89B0     		sub	sp, sp, #36
 275 0004 0A4B     		ldr	r3, .L35
 276 0006 83F88000 		strb	r0, [r3, #128]
 277 000a 0020     		movs	r0, #0
 278 000c 0690     		str	r0, [sp, #24]
 279 000e 0590     		str	r0, [sp, #20]
 280 0010 0490     		str	r0, [sp, #16]
 281 0012 0390     		str	r0, [sp, #12]
 282 0014 0290     		str	r0, [sp, #8]
 283 0016 0190     		str	r0, [sp, #4]
 284 0018 0090     		str	r0, [sp]
 285 001a 0346     		mov	r3, r0
 286 001c A022     		movs	r2, #160
 287 001e 8021     		movs	r1, #128
 288 0020 FFF7FEFF 		bl	aci_gap_set_discoverable
 289 0024 0349     		ldr	r1, .L35+4
 290 0026 0720     		movs	r0, #7
 291 0028 FFF7FEFF 		bl	aci_gap_update_adv_data
 292 002c 09B0     		add	sp, sp, #36
 293              		@ sp needed
 294 002e 00BD     		pop	{pc}
 295              	.L36:
 296              		.align	2
ARM GAS  C:\Users\Nathan\AppData\Local\Temp\ccwdgPkk.s 			page 6


 297              	.L35:
 298 0030 00000000 		.word	BleApplicationContext
 299 0034 00000000 		.word	a_AdvData
 301              		.section	.text.APP_BLE_Init,"ax",%progbits
 302              		.align	1
 303              		.global	APP_BLE_Init
 304              		.syntax unified
 305              		.thumb
 306              		.thumb_func
 308              	APP_BLE_Init:
 309              		@ args = 0, pretend = 0, frame = 64
 310              		@ frame_needed = 0, uses_anonymous_args = 0
 311 0000 30B5     		push	{r4, r5, lr}
 312 0002 91B0     		sub	sp, sp, #68
 313 0004 0DF1040C 		add	ip, sp, #4
 314 0008 1E4C     		ldr	r4, .L41
 315 000a 0FCC     		ldmia	r4!, {r0, r1, r2, r3}
 316 000c ACE80F00 		stmia	ip!, {r0, r1, r2, r3}
 317 0010 0FCC     		ldmia	r4!, {r0, r1, r2, r3}
 318 0012 ACE80F00 		stmia	ip!, {r0, r1, r2, r3}
 319 0016 0FCC     		ldmia	r4!, {r0, r1, r2, r3}
 320 0018 ACE80F00 		stmia	ip!, {r0, r1, r2, r3}
 321 001c 94E80700 		ldm	r4, {r0, r1, r2}
 322 0020 ACE80300 		stmia	ip!, {r0, r1}
 323 0024 ACF80020 		strh	r2, [ip]	@ movhi
 324 0028 FFF7FEFF 		bl	Ble_Tl_Init
 325 002c 0121     		movs	r1, #1
 326 002e 0220     		movs	r0, #2
 327 0030 FFF7FEFF 		bl	UTIL_LPM_SetOffMode
 328 0034 144A     		ldr	r2, .L41+4
 329 0036 0021     		movs	r1, #0
 330 0038 0220     		movs	r0, #2
 331 003a FFF7FEFF 		bl	UTIL_SEQ_RegTask
 332 003e 01A8     		add	r0, sp, #4
 333 0040 FFF7FEFF 		bl	SHCI_C2_BLE_Init
 334 0044 D8B9     		cbnz	r0, .L40
 335              	.L38:
 336 0046 FFF7FEFF 		bl	Ble_Hci_Gap_Gatt_Init
 337 004a FFF7FEFF 		bl	SVCCTL_Init
 338 004e 0F4C     		ldr	r4, .L41+8
 339 0050 0025     		movs	r5, #0
 340 0052 84F88050 		strb	r5, [r4, #128]
 341 0056 4FF6FF73 		movw	r3, #65535
 342 005a E382     		strh	r3, [r4, #22]	@ movhi
 343 005c 0C4A     		ldr	r2, .L41+12
 344 005e 2946     		mov	r1, r5
 345 0060 0120     		movs	r0, #1
 346 0062 FFF7FEFF 		bl	UTIL_SEQ_RegTask
 347 0066 0620     		movs	r0, #6
 348 0068 FFF7FEFF 		bl	aci_hal_set_radio_activity_mask
 349 006c FFF7FEFF 		bl	Custom_APP_Init
 350 0070 6576     		strb	r5, [r4, #25]
 351 0072 2576     		strb	r5, [r4, #24]
 352 0074 0120     		movs	r0, #1
 353 0076 FFF7FEFF 		bl	Adv_Request
 354 007a 11B0     		add	sp, sp, #68
 355              		@ sp needed
ARM GAS  C:\Users\Nathan\AppData\Local\Temp\ccwdgPkk.s 			page 7


 356 007c 30BD     		pop	{r4, r5, pc}
 357              	.L40:
 358 007e FFF7FEFF 		bl	Error_Handler
 359 0082 E0E7     		b	.L38
 360              	.L42:
 361              		.align	2
 362              	.L41:
 363 0084 00000000 		.word	.LANCHOR0
 364 0088 00000000 		.word	hci_user_evt_proc
 365 008c 00000000 		.word	BleApplicationContext
 366 0090 00000000 		.word	Adv_Cancel
 368              		.section	.text.SVCCTL_App_Notification,"ax",%progbits
 369              		.align	1
 370              		.global	SVCCTL_App_Notification
 371              		.syntax unified
 372              		.thumb
 373              		.thumb_func
 375              	SVCCTL_App_Notification:
 376              		@ args = 0, pretend = 0, frame = 0
 377              		@ frame_needed = 0, uses_anonymous_args = 0
 378 0000 08B5     		push	{r3, lr}
 379 0002 4378     		ldrb	r3, [r0, #1]	@ zero_extendqisi2
 380 0004 3E2B     		cmp	r3, #62
 381 0006 1BD0     		beq	.L44
 382 0008 FF2B     		cmp	r3, #255
 383 000a 35D0     		beq	.L45
 384 000c 052B     		cmp	r3, #5
 385 000e 0FD1     		bne	.L46
 386 0010 8288     		ldrh	r2, [r0, #4]	@ unaligned
 387 0012 294B     		ldr	r3, .L55
 388 0014 DB8A     		ldrh	r3, [r3, #22]
 389 0016 9A42     		cmp	r2, r3
 390 0018 0CD0     		beq	.L53
 391              	.L47:
 392 001a 0120     		movs	r0, #1
 393 001c FFF7FEFF 		bl	Adv_Request
 394 0020 2648     		ldr	r0, .L55+4
 395 0022 0123     		movs	r3, #1
 396 0024 0370     		strb	r3, [r0]
 397 0026 244B     		ldr	r3, .L55
 398 0028 DB8A     		ldrh	r3, [r3, #22]
 399 002a 4380     		strh	r3, [r0, #2]	@ movhi
 400 002c FFF7FEFF 		bl	Custom_APP_Notification
 401              	.L46:
 402 0030 0120     		movs	r0, #1
 403 0032 08BD     		pop	{r3, pc}
 404              	.L53:
 405 0034 204B     		ldr	r3, .L55
 406 0036 0022     		movs	r2, #0
 407 0038 DA82     		strh	r2, [r3, #22]	@ movhi
 408 003a 83F88020 		strb	r2, [r3, #128]
 409 003e ECE7     		b	.L47
 410              	.L44:
 411 0040 C378     		ldrb	r3, [r0, #3]	@ zero_extendqisi2
 412 0042 012B     		cmp	r3, #1
 413 0044 F4D1     		bne	.L46
 414 0046 1C4B     		ldr	r3, .L55
ARM GAS  C:\Users\Nathan\AppData\Local\Temp\ccwdgPkk.s 			page 8


 415 0048 93F88030 		ldrb	r3, [r3, #128]	@ zero_extendqisi2
 416 004c 042B     		cmp	r3, #4
 417 004e 0ED0     		beq	.L54
 418 0050 194B     		ldr	r3, .L55
 419 0052 0522     		movs	r2, #5
 420 0054 83F88020 		strb	r2, [r3, #128]
 421              	.L49:
 422 0058 B0F80530 		ldrh	r3, [r0, #5]	@ unaligned
 423 005c 164A     		ldr	r2, .L55
 424 005e D382     		strh	r3, [r2, #22]	@ movhi
 425 0060 1648     		ldr	r0, .L55+4
 426 0062 0022     		movs	r2, #0
 427 0064 0270     		strb	r2, [r0]
 428 0066 4380     		strh	r3, [r0, #2]	@ movhi
 429 0068 FFF7FEFF 		bl	Custom_APP_Notification
 430 006c E0E7     		b	.L46
 431              	.L54:
 432 006e 124B     		ldr	r3, .L55
 433 0070 0622     		movs	r2, #6
 434 0072 83F88020 		strb	r2, [r3, #128]
 435 0076 EFE7     		b	.L49
 436              	.L45:
 437 0078 B0F80330 		ldrh	r3, [r0, #3]	@ unaligned
 438 007c 40F20942 		movw	r2, #1033
 439 0080 9342     		cmp	r3, r2
 440 0082 0DD0     		beq	.L50
 441 0084 40F60E42 		movw	r2, #3086
 442 0088 9342     		cmp	r3, r2
 443 008a 0FD0     		beq	.L51
 444 008c 40F20242 		movw	r2, #1026
 445 0090 9342     		cmp	r3, r2
 446 0092 CDD1     		bne	.L46
 447 0094 0A49     		ldr	r1, .L55+8
 448 0096 084B     		ldr	r3, .L55
 449 0098 D88A     		ldrh	r0, [r3, #22]
 450 009a FFF7FEFF 		bl	aci_gap_pass_key_resp
 451 009e C7E7     		b	.L46
 452              	.L50:
 453 00a0 0121     		movs	r1, #1
 454 00a2 054B     		ldr	r3, .L55
 455 00a4 D88A     		ldrh	r0, [r3, #22]
 456 00a6 FFF7FEFF 		bl	aci_gap_numeric_comparison_value_confirm_yesno
 457 00aa C1E7     		b	.L46
 458              	.L51:
 459 00ac 024B     		ldr	r3, .L55
 460 00ae D88A     		ldrh	r0, [r3, #22]
 461 00b0 FFF7FEFF 		bl	aci_gatt_confirm_indication
 462 00b4 BCE7     		b	.L46
 463              	.L56:
 464 00b6 00BF     		.align	2
 465              	.L55:
 466 00b8 00000000 		.word	BleApplicationContext
 467 00bc 00000000 		.word	HandleNotification
 468 00c0 07B20100 		.word	111111
 470              		.section	.text.APP_BLE_Get_Server_Connection_Status,"ax",%progbits
 471              		.align	1
 472              		.global	APP_BLE_Get_Server_Connection_Status
ARM GAS  C:\Users\Nathan\AppData\Local\Temp\ccwdgPkk.s 			page 9


 473              		.syntax unified
 474              		.thumb
 475              		.thumb_func
 477              	APP_BLE_Get_Server_Connection_Status:
 478              		@ args = 0, pretend = 0, frame = 0
 479              		@ frame_needed = 0, uses_anonymous_args = 0
 480              		@ link register save eliminated.
 481 0000 014B     		ldr	r3, .L58
 482 0002 93F88000 		ldrb	r0, [r3, #128]	@ zero_extendqisi2
 483 0006 7047     		bx	lr
 484              	.L59:
 485              		.align	2
 486              	.L58:
 487 0008 00000000 		.word	BleApplicationContext
 489              		.section	.text.hci_notify_asynch_evt,"ax",%progbits
 490              		.align	1
 491              		.global	hci_notify_asynch_evt
 492              		.syntax unified
 493              		.thumb
 494              		.thumb_func
 496              	hci_notify_asynch_evt:
 497              		@ args = 0, pretend = 0, frame = 0
 498              		@ frame_needed = 0, uses_anonymous_args = 0
 499 0000 08B5     		push	{r3, lr}
 500 0002 0021     		movs	r1, #0
 501 0004 0220     		movs	r0, #2
 502 0006 FFF7FEFF 		bl	UTIL_SEQ_SetTask
 503 000a 08BD     		pop	{r3, pc}
 505              		.section	.text.hci_cmd_resp_release,"ax",%progbits
 506              		.align	1
 507              		.global	hci_cmd_resp_release
 508              		.syntax unified
 509              		.thumb
 510              		.thumb_func
 512              	hci_cmd_resp_release:
 513              		@ args = 0, pretend = 0, frame = 0
 514              		@ frame_needed = 0, uses_anonymous_args = 0
 515 0000 08B5     		push	{r3, lr}
 516 0002 0120     		movs	r0, #1
 517 0004 FFF7FEFF 		bl	UTIL_SEQ_SetEvt
 518 0008 08BD     		pop	{r3, pc}
 520              		.section	.text.hci_cmd_resp_wait,"ax",%progbits
 521              		.align	1
 522              		.global	hci_cmd_resp_wait
 523              		.syntax unified
 524              		.thumb
 525              		.thumb_func
 527              	hci_cmd_resp_wait:
 528              		@ args = 0, pretend = 0, frame = 0
 529              		@ frame_needed = 0, uses_anonymous_args = 0
 530 0000 08B5     		push	{r3, lr}
 531 0002 0120     		movs	r0, #1
 532 0004 FFF7FEFF 		bl	UTIL_SEQ_WaitEvt
 533 0008 08BD     		pop	{r3, pc}
 535              		.section	.text.SVCCTL_ResumeUserEventFlow,"ax",%progbits
 536              		.align	1
 537              		.global	SVCCTL_ResumeUserEventFlow
ARM GAS  C:\Users\Nathan\AppData\Local\Temp\ccwdgPkk.s 			page 10


 538              		.syntax unified
 539              		.thumb
 540              		.thumb_func
 542              	SVCCTL_ResumeUserEventFlow:
 543              		@ args = 0, pretend = 0, frame = 0
 544              		@ frame_needed = 0, uses_anonymous_args = 0
 545 0000 08B5     		push	{r3, lr}
 546 0002 FFF7FEFF 		bl	hci_resume_flow
 547 0006 08BD     		pop	{r3, pc}
 549              		.global	a_AdvData
 550              		.section	.data.a_AdvData,"aw"
 551              		.align	2
 554              	a_AdvData:
 555 0000 06094C69 		.ascii	"\006\011Linea"
 555      6E6561
 556              		.global	HandleNotification
 557              		.section	.bss.HandleNotification,"aw",%nobits
 558              		.align	2
 561              	HandleNotification:
 562 0000 00000000 		.space	4
 563              		.section	.bss.BleApplicationContext,"aw",%nobits
 564              		.align	2
 567              	BleApplicationContext:
 568 0000 00000000 		.space	132
 568      00000000 
 568      00000000 
 568      00000000 
 568      00000000 
 569              		.global	MagicKeywordAddress
 570              		.section	TAG_OTA_START,"a"
 571              		.align	2
 574              	MagicKeywordAddress:
 575 0000 00000000 		.word	MagicKeywordValue
 576              		.global	MagicKeywordValue
 577              		.section	TAG_OTA_END,"a"
 578              		.align	2
 581              	MagicKeywordValue:
 582 0000 298A4494 		.word	-1807447511
 583              		.section	.rodata.a_BLE_CfgErValue,"a"
 584              		.align	2
 587              	a_BLE_CfgErValue:
 588 0000 FEDCBA09 		.ascii	"\376\334\272\011\207eC!\376\334\272\011\207eC!"
 588      87654321 
 588      FEDCBA09 
 588      87654321 
 589              		.section	.rodata.a_BLE_CfgIrValue,"a"
 590              		.align	2
 593              	a_BLE_CfgIrValue:
 594 0000 12345678 		.ascii	"\0224Vx\232\274\336\360\0224Vx\232\274\336\360"
 594      9ABCDEF0 
 594      12345678 
 594      9ABCDEF0 
 595              		.section	.bss.a_BdAddrUdn,"aw",%nobits
 596              		.align	2
 599              	a_BdAddrUdn:
 600 0000 00000000 		.space	6
 600      0000
ARM GAS  C:\Users\Nathan\AppData\Local\Temp\ccwdgPkk.s 			page 11


 601              		.section	.rodata.a_MBdAddr,"a"
 602              		.align	2
 605              	a_MBdAddr:
 606 0000 EEDDCCBB 		.ascii	"\356\335\314\273\252\021"
 606      AA11
 607              		.section	MB_MEM1,"aw"
 608              		.align	2
 611              	BleCmdBuffer:
 612 0000 00000000 		.space	267
 612      00000000 
 612      00000000 
 612      00000000 
 612      00000000 
 613              		.section	.rodata
 614              		.align	2
 615              		.set	.LANCHOR0,. + 0
 616              	.LC0:
 617 0000 00000000 		.word	0
 618 0004 00000000 		.word	0
 619 0008 00000000 		.word	0
 620 000c 00000000 		.word	0
 621 0010 00000000 		.word	0
 622 0014 4400     		.short	68
 623 0016 0800     		.short	8
 624 0018 4005     		.short	1344
 625 001a 02       		.byte	2
 626 001b 01       		.byte	1
 627 001c 12       		.byte	18
 628 001d 29       		.byte	41
 629 001e 9C00     		.short	156
 630 0020 F401     		.short	500
 631 0022 00       		.byte	0
 632 0023 04       		.byte	4
 633 0024 FFFFFFFF 		.word	-1
 634 0028 4801     		.short	328
 635 002a 01       		.byte	1
 636 002b 00       		.byte	0
 637 002c 00       		.byte	0
 638 002d 20       		.byte	32
 639 002e 00       		.byte	0
 640 002f 00       		.byte	0
 641 0030 00       		.byte	0
 642 0031 03       		.byte	3
 643 0032 7206     		.short	1650
 644 0034 0000     		.short	0
 645 0036 0000     		.short	0
 646 0038 0D       		.byte	13
 647 0039 00       		.byte	0
 648              		.ident	"GCC: (xPack GNU Arm Embedded GCC x86_64) 15.2.1 20251203"
ARM GAS  C:\Users\Nathan\AppData\Local\Temp\ccwdgPkk.s 			page 12


DEFINED SYMBOLS
                            *ABS*:00000000 app_ble.c
C:\Users\Nathan\AppData\Local\Temp\ccwdgPkk.s:18     .text.Adv_Cancel:00000000 $t
C:\Users\Nathan\AppData\Local\Temp\ccwdgPkk.s:23     .text.Adv_Cancel:00000000 Adv_Cancel
C:\Users\Nathan\AppData\Local\Temp\ccwdgPkk.s:42     .text.Adv_Cancel:0000001c $d
C:\Users\Nathan\AppData\Local\Temp\ccwdgPkk.s:567    .bss.BleApplicationContext:00000000 BleApplicationContext
C:\Users\Nathan\AppData\Local\Temp\ccwdgPkk.s:45     .text.Ble_Tl_Init:00000000 $t
C:\Users\Nathan\AppData\Local\Temp\ccwdgPkk.s:50     .text.Ble_Tl_Init:00000000 Ble_Tl_Init
C:\Users\Nathan\AppData\Local\Temp\ccwdgPkk.s:68     .text.Ble_Tl_Init:00000018 $d
C:\Users\Nathan\AppData\Local\Temp\ccwdgPkk.s:611    MB_MEM1:00000000 BleCmdBuffer
C:\Users\Nathan\AppData\Local\Temp\ccwdgPkk.s:101    .text.BLE_StatusNot:00000000 BLE_StatusNot
C:\Users\Nathan\AppData\Local\Temp\ccwdgPkk.s:78     .text.BLE_UserEvtRx:00000000 BLE_UserEvtRx
C:\Users\Nathan\AppData\Local\Temp\ccwdgPkk.s:73     .text.BLE_UserEvtRx:00000000 $t
C:\Users\Nathan\AppData\Local\Temp\ccwdgPkk.s:96     .text.BLE_StatusNot:00000000 $t
C:\Users\Nathan\AppData\Local\Temp\ccwdgPkk.s:118    .text.BleGetBdAddress:00000000 $t
C:\Users\Nathan\AppData\Local\Temp\ccwdgPkk.s:123    .text.BleGetBdAddress:00000000 BleGetBdAddress
C:\Users\Nathan\AppData\Local\Temp\ccwdgPkk.s:155    .text.BleGetBdAddress:00000040 $d
C:\Users\Nathan\AppData\Local\Temp\ccwdgPkk.s:599    .bss.a_BdAddrUdn:00000000 a_BdAddrUdn
C:\Users\Nathan\AppData\Local\Temp\ccwdgPkk.s:605    .rodata.a_MBdAddr:00000000 a_MBdAddr
C:\Users\Nathan\AppData\Local\Temp\ccwdgPkk.s:160    .rodata.Ble_Hci_Gap_Gatt_Init.str1.4:00000000 $d
C:\Users\Nathan\AppData\Local\Temp\ccwdgPkk.s:164    .text.Ble_Hci_Gap_Gatt_Init:00000000 $t
C:\Users\Nathan\AppData\Local\Temp\ccwdgPkk.s:169    .text.Ble_Hci_Gap_Gatt_Init:00000000 Ble_Hci_Gap_Gatt_Init
C:\Users\Nathan\AppData\Local\Temp\ccwdgPkk.s:258    .text.Ble_Hci_Gap_Gatt_Init:000000cc $d
C:\Users\Nathan\AppData\Local\Temp\ccwdgPkk.s:593    .rodata.a_BLE_CfgIrValue:00000000 a_BLE_CfgIrValue
C:\Users\Nathan\AppData\Local\Temp\ccwdgPkk.s:587    .rodata.a_BLE_CfgErValue:00000000 a_BLE_CfgErValue
C:\Users\Nathan\AppData\Local\Temp\ccwdgPkk.s:265    .text.Adv_Request:00000000 $t
C:\Users\Nathan\AppData\Local\Temp\ccwdgPkk.s:270    .text.Adv_Request:00000000 Adv_Request
C:\Users\Nathan\AppData\Local\Temp\ccwdgPkk.s:298    .text.Adv_Request:00000030 $d
C:\Users\Nathan\AppData\Local\Temp\ccwdgPkk.s:554    .data.a_AdvData:00000000 a_AdvData
C:\Users\Nathan\AppData\Local\Temp\ccwdgPkk.s:302    .text.APP_BLE_Init:00000000 $t
C:\Users\Nathan\AppData\Local\Temp\ccwdgPkk.s:308    .text.APP_BLE_Init:00000000 APP_BLE_Init
C:\Users\Nathan\AppData\Local\Temp\ccwdgPkk.s:363    .text.APP_BLE_Init:00000084 $d
C:\Users\Nathan\AppData\Local\Temp\ccwdgPkk.s:369    .text.SVCCTL_App_Notification:00000000 $t
C:\Users\Nathan\AppData\Local\Temp\ccwdgPkk.s:375    .text.SVCCTL_App_Notification:00000000 SVCCTL_App_Notification
C:\Users\Nathan\AppData\Local\Temp\ccwdgPkk.s:466    .text.SVCCTL_App_Notification:000000b8 $d
C:\Users\Nathan\AppData\Local\Temp\ccwdgPkk.s:561    .bss.HandleNotification:00000000 HandleNotification
C:\Users\Nathan\AppData\Local\Temp\ccwdgPkk.s:471    .text.APP_BLE_Get_Server_Connection_Status:00000000 $t
C:\Users\Nathan\AppData\Local\Temp\ccwdgPkk.s:477    .text.APP_BLE_Get_Server_Connection_Status:00000000 APP_BLE_Get_Server_Connection_Status
C:\Users\Nathan\AppData\Local\Temp\ccwdgPkk.s:487    .text.APP_BLE_Get_Server_Connection_Status:00000008 $d
C:\Users\Nathan\AppData\Local\Temp\ccwdgPkk.s:490    .text.hci_notify_asynch_evt:00000000 $t
C:\Users\Nathan\AppData\Local\Temp\ccwdgPkk.s:496    .text.hci_notify_asynch_evt:00000000 hci_notify_asynch_evt
C:\Users\Nathan\AppData\Local\Temp\ccwdgPkk.s:506    .text.hci_cmd_resp_release:00000000 $t
C:\Users\Nathan\AppData\Local\Temp\ccwdgPkk.s:512    .text.hci_cmd_resp_release:00000000 hci_cmd_resp_release
C:\Users\Nathan\AppData\Local\Temp\ccwdgPkk.s:521    .text.hci_cmd_resp_wait:00000000 $t
C:\Users\Nathan\AppData\Local\Temp\ccwdgPkk.s:527    .text.hci_cmd_resp_wait:00000000 hci_cmd_resp_wait
C:\Users\Nathan\AppData\Local\Temp\ccwdgPkk.s:536    .text.SVCCTL_ResumeUserEventFlow:00000000 $t
C:\Users\Nathan\AppData\Local\Temp\ccwdgPkk.s:542    .text.SVCCTL_ResumeUserEventFlow:00000000 SVCCTL_ResumeUserEventFlow
C:\Users\Nathan\AppData\Local\Temp\ccwdgPkk.s:551    .data.a_AdvData:00000000 $d
C:\Users\Nathan\AppData\Local\Temp\ccwdgPkk.s:558    .bss.HandleNotification:00000000 $d
C:\Users\Nathan\AppData\Local\Temp\ccwdgPkk.s:564    .bss.BleApplicationContext:00000000 $d
C:\Users\Nathan\AppData\Local\Temp\ccwdgPkk.s:574    TAG_OTA_START:00000000 MagicKeywordAddress
C:\Users\Nathan\AppData\Local\Temp\ccwdgPkk.s:571    TAG_OTA_START:00000000 $d
C:\Users\Nathan\AppData\Local\Temp\ccwdgPkk.s:581    TAG_OTA_END:00000000 MagicKeywordValue
C:\Users\Nathan\AppData\Local\Temp\ccwdgPkk.s:578    TAG_OTA_END:00000000 $d
C:\Users\Nathan\AppData\Local\Temp\ccwdgPkk.s:584    .rodata.a_BLE_CfgErValue:00000000 $d
C:\Users\Nathan\AppData\Local\Temp\ccwdgPkk.s:590    .rodata.a_BLE_CfgIrValue:00000000 $d
C:\Users\Nathan\AppData\Local\Temp\ccwdgPkk.s:596    .bss.a_BdAddrUdn:00000000 $d
ARM GAS  C:\Users\Nathan\AppData\Local\Temp\ccwdgPkk.s 			page 13


C:\Users\Nathan\AppData\Local\Temp\ccwdgPkk.s:602    .rodata.a_MBdAddr:00000000 $d
C:\Users\Nathan\AppData\Local\Temp\ccwdgPkk.s:608    MB_MEM1:00000000 $d
C:\Users\Nathan\AppData\Local\Temp\ccwdgPkk.s:614    .rodata:00000000 $d

UNDEFINED SYMBOLS
aci_gap_set_non_discoverable
hci_init
SVCCTL_UserEvtRx
UTIL_SEQ_ResumeTask
UTIL_SEQ_PauseTask
OTP_Read
hci_reset
aci_hal_write_config_data
aci_hal_set_tx_power_level
aci_gatt_init
aci_gap_init
aci_gatt_update_char_value
hci_le_set_default_phy
aci_gap_set_io_capability
aci_gap_set_authentication_requirement
aci_gap_configure_filter_accept_list
aci_gap_set_discoverable
aci_gap_update_adv_data
UTIL_LPM_SetOffMode
UTIL_SEQ_RegTask
SHCI_C2_BLE_Init
SVCCTL_Init
aci_hal_set_radio_activity_mask
Custom_APP_Init
Error_Handler
hci_user_evt_proc
Custom_APP_Notification
aci_gap_pass_key_resp
aci_gap_numeric_comparison_value_confirm_yesno
aci_gatt_confirm_indication
UTIL_SEQ_SetTask
UTIL_SEQ_SetEvt
UTIL_SEQ_WaitEvt
hci_resume_flow
