ARM GAS  C:\Users\Nathan\AppData\Local\Temp\cckghMNJ.s 			page 1


   1              		.cpu cortex-m4
   2              		.arch armv7e-m
   3              		.fpu fpv4-sp-d16
   4              		.eabi_attribute 27, 1
   5              		.eabi_attribute 28, 1
   6              		.eabi_attribute 20, 1
   7              		.eabi_attribute 21, 1
   8              		.eabi_attribute 23, 3
   9              		.eabi_attribute 24, 1
  10              		.eabi_attribute 25, 1
  11              		.eabi_attribute 26, 1
  12              		.eabi_attribute 30, 1
  13              		.eabi_attribute 34, 1
  14              		.eabi_attribute 18, 4
  15              		.file	"patchouli_bsp_tx.c"
  16              		.text
  17              		.section	.text._PW100_FSTEP_480,"ax",%progbits
  18              		.align	1
  19              		.global	_PW100_FSTEP_480
  20              		.syntax unified
  21              		.thumb
  22              		.thumb_func
  24              	_PW100_FSTEP_480:
  25              		@ args = 0, pretend = 0, frame = 0
  26              		@ frame_needed = 0, uses_anonymous_args = 0
  27              		@ link register save eliminated.
  28 0000 4F4A     		ldr	r2, .L4
  29 0002 1368     		ldr	r3, [r2]
  30 0004 43F48053 		orr	r3, r3, #4096
  31 0008 1360     		str	r3, [r2]
  32 000a 4E4B     		ldr	r3, .L4+4
  33 000c 1889     		ldrh	r0, [r3, #8]
  34 000e 0023     		movs	r3, #0
  35 0010 8CE0     		b	.L2
  36              	.L3:
  37 0012 4B4A     		ldr	r2, .L4
  38 0014 4021     		movs	r1, #64
  39 0016 9161     		str	r1, [r2, #24]
  40              		.syntax unified
  41              	@ 152 "patchouli/src/patchouli_bsp_tx.c" 1
  42 0018 00BF     		nop
  43 001a 00BF     	nop
  44 001c 00BF     	nop
  45 001e 00BF     	nop
  46 0020 00BF     	nop
  47              	@ 0 "" 2
  48              	@ 152 "patchouli/src/patchouli_bsp_tx.c" 1
  49 0022 00BF     		nop
  50 0024 00BF     	nop
  51 0026 00BF     	nop
  52 0028 00BF     	nop
  53 002a 00BF     	nop
  54              	@ 0 "" 2
  55              	@ 152 "patchouli/src/patchouli_bsp_tx.c" 1
  56 002c 00BF     		nop
  57 002e 00BF     	nop
  58 0030 00BF     	nop
ARM GAS  C:\Users\Nathan\AppData\Local\Temp\cckghMNJ.s 			page 2


  59 0032 00BF     	nop
  60 0034 00BF     	nop
  61              	@ 0 "" 2
  62              	@ 152 "patchouli/src/patchouli_bsp_tx.c" 1
  63 0036 00BF     		nop
  64 0038 00BF     	nop
  65 003a 00BF     	nop
  66 003c 00BF     	nop
  67 003e 00BF     	nop
  68              	@ 0 "" 2
  69              	@ 152 "patchouli/src/patchouli_bsp_tx.c" 1
  70 0040 00BF     		nop
  71 0042 00BF     	nop
  72 0044 00BF     	nop
  73 0046 00BF     	nop
  74 0048 00BF     	nop
  75              	@ 0 "" 2
  76              	@ 152 "patchouli/src/patchouli_bsp_tx.c" 1
  77 004a 00BF     		nop
  78 004c 00BF     	nop
  79 004e 00BF     	nop
  80 0050 00BF     	nop
  81 0052 00BF     	nop
  82              	@ 0 "" 2
  83              	@ 152 "patchouli/src/patchouli_bsp_tx.c" 1
  84 0054 00BF     		nop
  85 0056 00BF     	nop
  86 0058 00BF     	nop
  87 005a 00BF     	nop
  88 005c 00BF     	nop
  89              	@ 0 "" 2
  90              	@ 152 "patchouli/src/patchouli_bsp_tx.c" 1
  91 005e 00BF     		nop
  92 0060 00BF     	nop
  93 0062 00BF     	nop
  94 0064 00BF     	nop
  95 0066 00BF     	nop
  96              	@ 0 "" 2
  97              	@ 152 "patchouli/src/patchouli_bsp_tx.c" 1
  98 0068 00BF     		nop
  99 006a 00BF     	nop
 100 006c 00BF     	nop
 101 006e 00BF     	nop
 102 0070 00BF     	nop
 103              	@ 0 "" 2
 104              	@ 152 "patchouli/src/patchouli_bsp_tx.c" 1
 105 0072 00BF     		nop
 106 0074 00BF     	nop
 107 0076 00BF     	nop
 108 0078 00BF     	nop
 109 007a 00BF     	nop
 110              	@ 0 "" 2
 111              	@ 152 "patchouli/src/patchouli_bsp_tx.c" 1
 112 007c 00BF     		nop
 113 007e 00BF     	nop
 114 0080 00BF     	nop
 115 0082 00BF     	nop
ARM GAS  C:\Users\Nathan\AppData\Local\Temp\cckghMNJ.s 			page 3


 116 0084 00BF     	nop
 117              	@ 0 "" 2
 118              	@ 152 "patchouli/src/patchouli_bsp_tx.c" 1
 119 0086 00BF     		nop
 120 0088 00BF     	nop
 121 008a 00BF     	nop
 122 008c 00BF     	nop
 123 008e 00BF     	nop
 124              	@ 0 "" 2
 125              	@ 153 "patchouli/src/patchouli_bsp_tx.c" 1
 126 0090 00BF     		nop
 127 0092 00BF     	nop
 128 0094 00BF     	nop
 129 0096 00BF     	nop
 130 0098 00BF     	nop
 131              	@ 0 "" 2
 132              	@ 154 "patchouli/src/patchouli_bsp_tx.c" 1
 133 009a 00BF     		nop
 134              	@ 0 "" 2
 135              		.thumb
 136              		.syntax unified
 137 009c 4FF48001 		mov	r1, #4194304
 138 00a0 9161     		str	r1, [r2, #24]
 139              		.syntax unified
 140              	@ 158 "patchouli/src/patchouli_bsp_tx.c" 1
 141 00a2 00BF     		nop
 142 00a4 00BF     	nop
 143 00a6 00BF     	nop
 144 00a8 00BF     	nop
 145 00aa 00BF     	nop
 146              	@ 0 "" 2
 147              	@ 158 "patchouli/src/patchouli_bsp_tx.c" 1
 148 00ac 00BF     		nop
 149 00ae 00BF     	nop
 150 00b0 00BF     	nop
 151 00b2 00BF     	nop
 152 00b4 00BF     	nop
 153              	@ 0 "" 2
 154              	@ 158 "patchouli/src/patchouli_bsp_tx.c" 1
 155 00b6 00BF     		nop
 156 00b8 00BF     	nop
 157 00ba 00BF     	nop
 158 00bc 00BF     	nop
 159 00be 00BF     	nop
 160              	@ 0 "" 2
 161              	@ 158 "patchouli/src/patchouli_bsp_tx.c" 1
 162 00c0 00BF     		nop
 163 00c2 00BF     	nop
 164 00c4 00BF     	nop
 165 00c6 00BF     	nop
 166 00c8 00BF     	nop
 167              	@ 0 "" 2
 168              	@ 158 "patchouli/src/patchouli_bsp_tx.c" 1
 169 00ca 00BF     		nop
 170 00cc 00BF     	nop
 171 00ce 00BF     	nop
 172 00d0 00BF     	nop
ARM GAS  C:\Users\Nathan\AppData\Local\Temp\cckghMNJ.s 			page 4


 173 00d2 00BF     	nop
 174              	@ 0 "" 2
 175              	@ 158 "patchouli/src/patchouli_bsp_tx.c" 1
 176 00d4 00BF     		nop
 177 00d6 00BF     	nop
 178 00d8 00BF     	nop
 179 00da 00BF     	nop
 180 00dc 00BF     	nop
 181              	@ 0 "" 2
 182              	@ 158 "patchouli/src/patchouli_bsp_tx.c" 1
 183 00de 00BF     		nop
 184 00e0 00BF     	nop
 185 00e2 00BF     	nop
 186 00e4 00BF     	nop
 187 00e6 00BF     	nop
 188              	@ 0 "" 2
 189              	@ 158 "patchouli/src/patchouli_bsp_tx.c" 1
 190 00e8 00BF     		nop
 191 00ea 00BF     	nop
 192 00ec 00BF     	nop
 193 00ee 00BF     	nop
 194 00f0 00BF     	nop
 195              	@ 0 "" 2
 196              	@ 158 "patchouli/src/patchouli_bsp_tx.c" 1
 197 00f2 00BF     		nop
 198 00f4 00BF     	nop
 199 00f6 00BF     	nop
 200 00f8 00BF     	nop
 201 00fa 00BF     	nop
 202              	@ 0 "" 2
 203              	@ 158 "patchouli/src/patchouli_bsp_tx.c" 1
 204 00fc 00BF     		nop
 205 00fe 00BF     	nop
 206 0100 00BF     	nop
 207 0102 00BF     	nop
 208 0104 00BF     	nop
 209              	@ 0 "" 2
 210              	@ 158 "patchouli/src/patchouli_bsp_tx.c" 1
 211 0106 00BF     		nop
 212 0108 00BF     	nop
 213 010a 00BF     	nop
 214 010c 00BF     	nop
 215 010e 00BF     	nop
 216              	@ 0 "" 2
 217              	@ 158 "patchouli/src/patchouli_bsp_tx.c" 1
 218 0110 00BF     		nop
 219 0112 00BF     	nop
 220 0114 00BF     	nop
 221 0116 00BF     	nop
 222 0118 00BF     	nop
 223              	@ 0 "" 2
 224              	@ 159 "patchouli/src/patchouli_bsp_tx.c" 1
 225 011a 00BF     		nop
 226 011c 00BF     	nop
 227 011e 00BF     	nop
 228 0120 00BF     	nop
 229 0122 00BF     	nop
ARM GAS  C:\Users\Nathan\AppData\Local\Temp\cckghMNJ.s 			page 5


 230              	@ 0 "" 2
 231              	@ 160 "patchouli/src/patchouli_bsp_tx.c" 1
 232 0124 00BF     		nop
 233              	@ 0 "" 2
 234              	@ 161 "patchouli/src/patchouli_bsp_tx.c" 1
 235 0126 00BF     		nop
 236              	@ 0 "" 2
 237              		.thumb
 238              		.syntax unified
 239 0128 0133     		adds	r3, r3, #1
 240 012a 9BB2     		uxth	r3, r3
 241              	.L2:
 242 012c 9842     		cmp	r0, r3
 243 012e 3FF670AF 		bhi	.L3
 244 0132 034A     		ldr	r2, .L4
 245 0134 1368     		ldr	r3, [r2]
 246 0136 23F44053 		bic	r3, r3, #12288
 247 013a 1360     		str	r3, [r2]
 248 013c 7047     		bx	lr
 249              	.L5:
 250 013e 00BF     		.align	2
 251              	.L4:
 252 0140 00040048 		.word	1207960576
 253 0144 00000000 		.word	patchouli_pen_pw100
 255              		.section	.text._PW100_FSTEP_490,"ax",%progbits
 256              		.align	1
 257              		.global	_PW100_FSTEP_490
 258              		.syntax unified
 259              		.thumb
 260              		.thumb_func
 262              	_PW100_FSTEP_490:
 263              		@ args = 0, pretend = 0, frame = 0
 264              		@ frame_needed = 0, uses_anonymous_args = 0
 265              		@ link register save eliminated.
 266 0000 4E4A     		ldr	r2, .L9
 267 0002 1368     		ldr	r3, [r2]
 268 0004 43F48053 		orr	r3, r3, #4096
 269 0008 1360     		str	r3, [r2]
 270 000a 4D4B     		ldr	r3, .L9+4
 271 000c 1889     		ldrh	r0, [r3, #8]
 272 000e 0023     		movs	r3, #0
 273 0010 8AE0     		b	.L7
 274              	.L8:
 275 0012 4A4A     		ldr	r2, .L9
 276 0014 4021     		movs	r1, #64
 277 0016 9161     		str	r1, [r2, #24]
 278              		.syntax unified
 279              	@ 178 "patchouli/src/patchouli_bsp_tx.c" 1
 280 0018 00BF     		nop
 281 001a 00BF     	nop
 282 001c 00BF     	nop
 283 001e 00BF     	nop
 284 0020 00BF     	nop
 285              	@ 0 "" 2
 286              	@ 178 "patchouli/src/patchouli_bsp_tx.c" 1
 287 0022 00BF     		nop
 288 0024 00BF     	nop
ARM GAS  C:\Users\Nathan\AppData\Local\Temp\cckghMNJ.s 			page 6


 289 0026 00BF     	nop
 290 0028 00BF     	nop
 291 002a 00BF     	nop
 292              	@ 0 "" 2
 293              	@ 178 "patchouli/src/patchouli_bsp_tx.c" 1
 294 002c 00BF     		nop
 295 002e 00BF     	nop
 296 0030 00BF     	nop
 297 0032 00BF     	nop
 298 0034 00BF     	nop
 299              	@ 0 "" 2
 300              	@ 178 "patchouli/src/patchouli_bsp_tx.c" 1
 301 0036 00BF     		nop
 302 0038 00BF     	nop
 303 003a 00BF     	nop
 304 003c 00BF     	nop
 305 003e 00BF     	nop
 306              	@ 0 "" 2
 307              	@ 178 "patchouli/src/patchouli_bsp_tx.c" 1
 308 0040 00BF     		nop
 309 0042 00BF     	nop
 310 0044 00BF     	nop
 311 0046 00BF     	nop
 312 0048 00BF     	nop
 313              	@ 0 "" 2
 314              	@ 178 "patchouli/src/patchouli_bsp_tx.c" 1
 315 004a 00BF     		nop
 316 004c 00BF     	nop
 317 004e 00BF     	nop
 318 0050 00BF     	nop
 319 0052 00BF     	nop
 320              	@ 0 "" 2
 321              	@ 178 "patchouli/src/patchouli_bsp_tx.c" 1
 322 0054 00BF     		nop
 323 0056 00BF     	nop
 324 0058 00BF     	nop
 325 005a 00BF     	nop
 326 005c 00BF     	nop
 327              	@ 0 "" 2
 328              	@ 178 "patchouli/src/patchouli_bsp_tx.c" 1
 329 005e 00BF     		nop
 330 0060 00BF     	nop
 331 0062 00BF     	nop
 332 0064 00BF     	nop
 333 0066 00BF     	nop
 334              	@ 0 "" 2
 335              	@ 178 "patchouli/src/patchouli_bsp_tx.c" 1
 336 0068 00BF     		nop
 337 006a 00BF     	nop
 338 006c 00BF     	nop
 339 006e 00BF     	nop
 340 0070 00BF     	nop
 341              	@ 0 "" 2
 342              	@ 178 "patchouli/src/patchouli_bsp_tx.c" 1
 343 0072 00BF     		nop
 344 0074 00BF     	nop
 345 0076 00BF     	nop
ARM GAS  C:\Users\Nathan\AppData\Local\Temp\cckghMNJ.s 			page 7


 346 0078 00BF     	nop
 347 007a 00BF     	nop
 348              	@ 0 "" 2
 349              	@ 178 "patchouli/src/patchouli_bsp_tx.c" 1
 350 007c 00BF     		nop
 351 007e 00BF     	nop
 352 0080 00BF     	nop
 353 0082 00BF     	nop
 354 0084 00BF     	nop
 355              	@ 0 "" 2
 356              	@ 178 "patchouli/src/patchouli_bsp_tx.c" 1
 357 0086 00BF     		nop
 358 0088 00BF     	nop
 359 008a 00BF     	nop
 360 008c 00BF     	nop
 361 008e 00BF     	nop
 362              	@ 0 "" 2
 363              	@ 179 "patchouli/src/patchouli_bsp_tx.c" 1
 364 0090 00BF     		nop
 365 0092 00BF     	nop
 366 0094 00BF     	nop
 367 0096 00BF     	nop
 368 0098 00BF     	nop
 369              	@ 0 "" 2
 370              		.thumb
 371              		.syntax unified
 372 009a 4FF48001 		mov	r1, #4194304
 373 009e 9161     		str	r1, [r2, #24]
 374              		.syntax unified
 375              	@ 183 "patchouli/src/patchouli_bsp_tx.c" 1
 376 00a0 00BF     		nop
 377 00a2 00BF     	nop
 378 00a4 00BF     	nop
 379 00a6 00BF     	nop
 380 00a8 00BF     	nop
 381              	@ 0 "" 2
 382              	@ 183 "patchouli/src/patchouli_bsp_tx.c" 1
 383 00aa 00BF     		nop
 384 00ac 00BF     	nop
 385 00ae 00BF     	nop
 386 00b0 00BF     	nop
 387 00b2 00BF     	nop
 388              	@ 0 "" 2
 389              	@ 183 "patchouli/src/patchouli_bsp_tx.c" 1
 390 00b4 00BF     		nop
 391 00b6 00BF     	nop
 392 00b8 00BF     	nop
 393 00ba 00BF     	nop
 394 00bc 00BF     	nop
 395              	@ 0 "" 2
 396              	@ 183 "patchouli/src/patchouli_bsp_tx.c" 1
 397 00be 00BF     		nop
 398 00c0 00BF     	nop
 399 00c2 00BF     	nop
 400 00c4 00BF     	nop
 401 00c6 00BF     	nop
 402              	@ 0 "" 2
ARM GAS  C:\Users\Nathan\AppData\Local\Temp\cckghMNJ.s 			page 8


 403              	@ 183 "patchouli/src/patchouli_bsp_tx.c" 1
 404 00c8 00BF     		nop
 405 00ca 00BF     	nop
 406 00cc 00BF     	nop
 407 00ce 00BF     	nop
 408 00d0 00BF     	nop
 409              	@ 0 "" 2
 410              	@ 183 "patchouli/src/patchouli_bsp_tx.c" 1
 411 00d2 00BF     		nop
 412 00d4 00BF     	nop
 413 00d6 00BF     	nop
 414 00d8 00BF     	nop
 415 00da 00BF     	nop
 416              	@ 0 "" 2
 417              	@ 183 "patchouli/src/patchouli_bsp_tx.c" 1
 418 00dc 00BF     		nop
 419 00de 00BF     	nop
 420 00e0 00BF     	nop
 421 00e2 00BF     	nop
 422 00e4 00BF     	nop
 423              	@ 0 "" 2
 424              	@ 183 "patchouli/src/patchouli_bsp_tx.c" 1
 425 00e6 00BF     		nop
 426 00e8 00BF     	nop
 427 00ea 00BF     	nop
 428 00ec 00BF     	nop
 429 00ee 00BF     	nop
 430              	@ 0 "" 2
 431              	@ 183 "patchouli/src/patchouli_bsp_tx.c" 1
 432 00f0 00BF     		nop
 433 00f2 00BF     	nop
 434 00f4 00BF     	nop
 435 00f6 00BF     	nop
 436 00f8 00BF     	nop
 437              	@ 0 "" 2
 438              	@ 183 "patchouli/src/patchouli_bsp_tx.c" 1
 439 00fa 00BF     		nop
 440 00fc 00BF     	nop
 441 00fe 00BF     	nop
 442 0100 00BF     	nop
 443 0102 00BF     	nop
 444              	@ 0 "" 2
 445              	@ 183 "patchouli/src/patchouli_bsp_tx.c" 1
 446 0104 00BF     		nop
 447 0106 00BF     	nop
 448 0108 00BF     	nop
 449 010a 00BF     	nop
 450 010c 00BF     	nop
 451              	@ 0 "" 2
 452              	@ 183 "patchouli/src/patchouli_bsp_tx.c" 1
 453 010e 00BF     		nop
 454 0110 00BF     	nop
 455 0112 00BF     	nop
 456 0114 00BF     	nop
 457 0116 00BF     	nop
 458              	@ 0 "" 2
 459              	@ 184 "patchouli/src/patchouli_bsp_tx.c" 1
ARM GAS  C:\Users\Nathan\AppData\Local\Temp\cckghMNJ.s 			page 9


 460 0118 00BF     		nop
 461 011a 00BF     	nop
 462 011c 00BF     	nop
 463 011e 00BF     	nop
 464 0120 00BF     	nop
 465              	@ 0 "" 2
 466              	@ 185 "patchouli/src/patchouli_bsp_tx.c" 1
 467 0122 00BF     		nop
 468              	@ 0 "" 2
 469              		.thumb
 470              		.syntax unified
 471 0124 0133     		adds	r3, r3, #1
 472 0126 9BB2     		uxth	r3, r3
 473              	.L7:
 474 0128 9842     		cmp	r0, r3
 475 012a 3FF672AF 		bhi	.L8
 476 012e 034A     		ldr	r2, .L9
 477 0130 1368     		ldr	r3, [r2]
 478 0132 23F44053 		bic	r3, r3, #12288
 479 0136 1360     		str	r3, [r2]
 480 0138 7047     		bx	lr
 481              	.L10:
 482 013a 00BF     		.align	2
 483              	.L9:
 484 013c 00040048 		.word	1207960576
 485 0140 00000000 		.word	patchouli_pen_pw100
 487              		.section	.text._PW100_FSTEP_510,"ax",%progbits
 488              		.align	1
 489              		.global	_PW100_FSTEP_510
 490              		.syntax unified
 491              		.thumb
 492              		.thumb_func
 494              	_PW100_FSTEP_510:
 495              		@ args = 0, pretend = 0, frame = 0
 496              		@ frame_needed = 0, uses_anonymous_args = 0
 497              		@ link register save eliminated.
 498 0000 444A     		ldr	r2, .L14
 499 0002 1368     		ldr	r3, [r2]
 500 0004 43F48053 		orr	r3, r3, #4096
 501 0008 1360     		str	r3, [r2]
 502 000a 434B     		ldr	r3, .L14+4
 503 000c 1889     		ldrh	r0, [r3, #8]
 504 000e 0023     		movs	r3, #0
 505 0010 78E0     		b	.L12
 506              	.L13:
 507 0012 404A     		ldr	r2, .L14
 508 0014 4021     		movs	r1, #64
 509 0016 9161     		str	r1, [r2, #24]
 510              		.syntax unified
 511              	@ 227 "patchouli/src/patchouli_bsp_tx.c" 1
 512 0018 00BF     		nop
 513 001a 00BF     	nop
 514 001c 00BF     	nop
 515 001e 00BF     	nop
 516 0020 00BF     	nop
 517              	@ 0 "" 2
 518              	@ 227 "patchouli/src/patchouli_bsp_tx.c" 1
ARM GAS  C:\Users\Nathan\AppData\Local\Temp\cckghMNJ.s 			page 10


 519 0022 00BF     		nop
 520 0024 00BF     	nop
 521 0026 00BF     	nop
 522 0028 00BF     	nop
 523 002a 00BF     	nop
 524              	@ 0 "" 2
 525              	@ 227 "patchouli/src/patchouli_bsp_tx.c" 1
 526 002c 00BF     		nop
 527 002e 00BF     	nop
 528 0030 00BF     	nop
 529 0032 00BF     	nop
 530 0034 00BF     	nop
 531              	@ 0 "" 2
 532              	@ 227 "patchouli/src/patchouli_bsp_tx.c" 1
 533 0036 00BF     		nop
 534 0038 00BF     	nop
 535 003a 00BF     	nop
 536 003c 00BF     	nop
 537 003e 00BF     	nop
 538              	@ 0 "" 2
 539              	@ 227 "patchouli/src/patchouli_bsp_tx.c" 1
 540 0040 00BF     		nop
 541 0042 00BF     	nop
 542 0044 00BF     	nop
 543 0046 00BF     	nop
 544 0048 00BF     	nop
 545              	@ 0 "" 2
 546              	@ 227 "patchouli/src/patchouli_bsp_tx.c" 1
 547 004a 00BF     		nop
 548 004c 00BF     	nop
 549 004e 00BF     	nop
 550 0050 00BF     	nop
 551 0052 00BF     	nop
 552              	@ 0 "" 2
 553              	@ 227 "patchouli/src/patchouli_bsp_tx.c" 1
 554 0054 00BF     		nop
 555 0056 00BF     	nop
 556 0058 00BF     	nop
 557 005a 00BF     	nop
 558 005c 00BF     	nop
 559              	@ 0 "" 2
 560              	@ 227 "patchouli/src/patchouli_bsp_tx.c" 1
 561 005e 00BF     		nop
 562 0060 00BF     	nop
 563 0062 00BF     	nop
 564 0064 00BF     	nop
 565 0066 00BF     	nop
 566              	@ 0 "" 2
 567              	@ 227 "patchouli/src/patchouli_bsp_tx.c" 1
 568 0068 00BF     		nop
 569 006a 00BF     	nop
 570 006c 00BF     	nop
 571 006e 00BF     	nop
 572 0070 00BF     	nop
 573              	@ 0 "" 2
 574              	@ 227 "patchouli/src/patchouli_bsp_tx.c" 1
 575 0072 00BF     		nop
ARM GAS  C:\Users\Nathan\AppData\Local\Temp\cckghMNJ.s 			page 11


 576 0074 00BF     	nop
 577 0076 00BF     	nop
 578 0078 00BF     	nop
 579 007a 00BF     	nop
 580              	@ 0 "" 2
 581              	@ 227 "patchouli/src/patchouli_bsp_tx.c" 1
 582 007c 00BF     		nop
 583 007e 00BF     	nop
 584 0080 00BF     	nop
 585 0082 00BF     	nop
 586 0084 00BF     	nop
 587              	@ 0 "" 2
 588              	@ 227 "patchouli/src/patchouli_bsp_tx.c" 1
 589 0086 00BF     		nop
 590 0088 00BF     	nop
 591 008a 00BF     	nop
 592 008c 00BF     	nop
 593 008e 00BF     	nop
 594              	@ 0 "" 2
 595              	@ 228 "patchouli/src/patchouli_bsp_tx.c" 1
 596 0090 00BF     		nop
 597              	@ 0 "" 2
 598              	@ 229 "patchouli/src/patchouli_bsp_tx.c" 1
 599 0092 00BF     		nop
 600              	@ 0 "" 2
 601              		.thumb
 602              		.syntax unified
 603 0094 4FF48001 		mov	r1, #4194304
 604 0098 9161     		str	r1, [r2, #24]
 605              		.syntax unified
 606              	@ 232 "patchouli/src/patchouli_bsp_tx.c" 1
 607 009a 00BF     		nop
 608 009c 00BF     	nop
 609 009e 00BF     	nop
 610 00a0 00BF     	nop
 611 00a2 00BF     	nop
 612              	@ 0 "" 2
 613              	@ 232 "patchouli/src/patchouli_bsp_tx.c" 1
 614 00a4 00BF     		nop
 615 00a6 00BF     	nop
 616 00a8 00BF     	nop
 617 00aa 00BF     	nop
 618 00ac 00BF     	nop
 619              	@ 0 "" 2
 620              	@ 232 "patchouli/src/patchouli_bsp_tx.c" 1
 621 00ae 00BF     		nop
 622 00b0 00BF     	nop
 623 00b2 00BF     	nop
 624 00b4 00BF     	nop
 625 00b6 00BF     	nop
 626              	@ 0 "" 2
 627              	@ 232 "patchouli/src/patchouli_bsp_tx.c" 1
 628 00b8 00BF     		nop
 629 00ba 00BF     	nop
 630 00bc 00BF     	nop
 631 00be 00BF     	nop
 632 00c0 00BF     	nop
ARM GAS  C:\Users\Nathan\AppData\Local\Temp\cckghMNJ.s 			page 12


 633              	@ 0 "" 2
 634              	@ 232 "patchouli/src/patchouli_bsp_tx.c" 1
 635 00c2 00BF     		nop
 636 00c4 00BF     	nop
 637 00c6 00BF     	nop
 638 00c8 00BF     	nop
 639 00ca 00BF     	nop
 640              	@ 0 "" 2
 641              	@ 232 "patchouli/src/patchouli_bsp_tx.c" 1
 642 00cc 00BF     		nop
 643 00ce 00BF     	nop
 644 00d0 00BF     	nop
 645 00d2 00BF     	nop
 646 00d4 00BF     	nop
 647              	@ 0 "" 2
 648              	@ 232 "patchouli/src/patchouli_bsp_tx.c" 1
 649 00d6 00BF     		nop
 650 00d8 00BF     	nop
 651 00da 00BF     	nop
 652 00dc 00BF     	nop
 653 00de 00BF     	nop
 654              	@ 0 "" 2
 655              	@ 232 "patchouli/src/patchouli_bsp_tx.c" 1
 656 00e0 00BF     		nop
 657 00e2 00BF     	nop
 658 00e4 00BF     	nop
 659 00e6 00BF     	nop
 660 00e8 00BF     	nop
 661              	@ 0 "" 2
 662              	@ 232 "patchouli/src/patchouli_bsp_tx.c" 1
 663 00ea 00BF     		nop
 664 00ec 00BF     	nop
 665 00ee 00BF     	nop
 666 00f0 00BF     	nop
 667 00f2 00BF     	nop
 668              	@ 0 "" 2
 669              	@ 232 "patchouli/src/patchouli_bsp_tx.c" 1
 670 00f4 00BF     		nop
 671 00f6 00BF     	nop
 672 00f8 00BF     	nop
 673 00fa 00BF     	nop
 674 00fc 00BF     	nop
 675              	@ 0 "" 2
 676              	@ 233 "patchouli/src/patchouli_bsp_tx.c" 1
 677 00fe 00BF     		nop
 678              	@ 0 "" 2
 679              		.thumb
 680              		.syntax unified
 681 0100 0133     		adds	r3, r3, #1
 682 0102 9BB2     		uxth	r3, r3
 683              	.L12:
 684 0104 9842     		cmp	r0, r3
 685 0106 84D8     		bhi	.L13
 686 0108 024A     		ldr	r2, .L14
 687 010a 1368     		ldr	r3, [r2]
 688 010c 23F44053 		bic	r3, r3, #12288
 689 0110 1360     		str	r3, [r2]
ARM GAS  C:\Users\Nathan\AppData\Local\Temp\cckghMNJ.s 			page 13


 690 0112 7047     		bx	lr
 691              	.L15:
 692              		.align	2
 693              	.L14:
 694 0114 00040048 		.word	1207960576
 695 0118 00000000 		.word	patchouli_pen_pw100
 697              		.section	.text._PW100_FSTEP_520,"ax",%progbits
 698              		.align	1
 699              		.global	_PW100_FSTEP_520
 700              		.syntax unified
 701              		.thumb
 702              		.thumb_func
 704              	_PW100_FSTEP_520:
 705              		@ args = 0, pretend = 0, frame = 0
 706              		@ frame_needed = 0, uses_anonymous_args = 0
 707              		@ link register save eliminated.
 708 0000 434A     		ldr	r2, .L19
 709 0002 1368     		ldr	r3, [r2]
 710 0004 43F48053 		orr	r3, r3, #4096
 711 0008 1360     		str	r3, [r2]
 712 000a 424B     		ldr	r3, .L19+4
 713 000c 1889     		ldrh	r0, [r3, #8]
 714 000e 0023     		movs	r3, #0
 715 0010 75E0     		b	.L17
 716              	.L18:
 717 0012 3F4A     		ldr	r2, .L19
 718 0014 4021     		movs	r1, #64
 719 0016 9161     		str	r1, [r2, #24]
 720              		.syntax unified
 721              	@ 275 "patchouli/src/patchouli_bsp_tx.c" 1
 722 0018 00BF     		nop
 723 001a 00BF     	nop
 724 001c 00BF     	nop
 725 001e 00BF     	nop
 726 0020 00BF     	nop
 727              	@ 0 "" 2
 728              	@ 275 "patchouli/src/patchouli_bsp_tx.c" 1
 729 0022 00BF     		nop
 730 0024 00BF     	nop
 731 0026 00BF     	nop
 732 0028 00BF     	nop
 733 002a 00BF     	nop
 734              	@ 0 "" 2
 735              	@ 275 "patchouli/src/patchouli_bsp_tx.c" 1
 736 002c 00BF     		nop
 737 002e 00BF     	nop
 738 0030 00BF     	nop
 739 0032 00BF     	nop
 740 0034 00BF     	nop
 741              	@ 0 "" 2
 742              	@ 275 "patchouli/src/patchouli_bsp_tx.c" 1
 743 0036 00BF     		nop
 744 0038 00BF     	nop
 745 003a 00BF     	nop
 746 003c 00BF     	nop
 747 003e 00BF     	nop
 748              	@ 0 "" 2
ARM GAS  C:\Users\Nathan\AppData\Local\Temp\cckghMNJ.s 			page 14


 749              	@ 275 "patchouli/src/patchouli_bsp_tx.c" 1
 750 0040 00BF     		nop
 751 0042 00BF     	nop
 752 0044 00BF     	nop
 753 0046 00BF     	nop
 754 0048 00BF     	nop
 755              	@ 0 "" 2
 756              	@ 275 "patchouli/src/patchouli_bsp_tx.c" 1
 757 004a 00BF     		nop
 758 004c 00BF     	nop
 759 004e 00BF     	nop
 760 0050 00BF     	nop
 761 0052 00BF     	nop
 762              	@ 0 "" 2
 763              	@ 275 "patchouli/src/patchouli_bsp_tx.c" 1
 764 0054 00BF     		nop
 765 0056 00BF     	nop
 766 0058 00BF     	nop
 767 005a 00BF     	nop
 768 005c 00BF     	nop
 769              	@ 0 "" 2
 770              	@ 275 "patchouli/src/patchouli_bsp_tx.c" 1
 771 005e 00BF     		nop
 772 0060 00BF     	nop
 773 0062 00BF     	nop
 774 0064 00BF     	nop
 775 0066 00BF     	nop
 776              	@ 0 "" 2
 777              	@ 275 "patchouli/src/patchouli_bsp_tx.c" 1
 778 0068 00BF     		nop
 779 006a 00BF     	nop
 780 006c 00BF     	nop
 781 006e 00BF     	nop
 782 0070 00BF     	nop
 783              	@ 0 "" 2
 784              	@ 275 "patchouli/src/patchouli_bsp_tx.c" 1
 785 0072 00BF     		nop
 786 0074 00BF     	nop
 787 0076 00BF     	nop
 788 0078 00BF     	nop
 789 007a 00BF     	nop
 790              	@ 0 "" 2
 791              	@ 275 "patchouli/src/patchouli_bsp_tx.c" 1
 792 007c 00BF     		nop
 793 007e 00BF     	nop
 794 0080 00BF     	nop
 795 0082 00BF     	nop
 796 0084 00BF     	nop
 797              	@ 0 "" 2
 798              	@ 275 "patchouli/src/patchouli_bsp_tx.c" 1
 799 0086 00BF     		nop
 800 0088 00BF     	nop
 801 008a 00BF     	nop
 802 008c 00BF     	nop
 803 008e 00BF     	nop
 804              	@ 0 "" 2
 805              		.thumb
ARM GAS  C:\Users\Nathan\AppData\Local\Temp\cckghMNJ.s 			page 15


 806              		.syntax unified
 807 0090 4FF48001 		mov	r1, #4194304
 808 0094 9161     		str	r1, [r2, #24]
 809              		.syntax unified
 810              	@ 278 "patchouli/src/patchouli_bsp_tx.c" 1
 811 0096 00BF     		nop
 812 0098 00BF     	nop
 813 009a 00BF     	nop
 814 009c 00BF     	nop
 815 009e 00BF     	nop
 816              	@ 0 "" 2
 817              	@ 278 "patchouli/src/patchouli_bsp_tx.c" 1
 818 00a0 00BF     		nop
 819 00a2 00BF     	nop
 820 00a4 00BF     	nop
 821 00a6 00BF     	nop
 822 00a8 00BF     	nop
 823              	@ 0 "" 2
 824              	@ 278 "patchouli/src/patchouli_bsp_tx.c" 1
 825 00aa 00BF     		nop
 826 00ac 00BF     	nop
 827 00ae 00BF     	nop
 828 00b0 00BF     	nop
 829 00b2 00BF     	nop
 830              	@ 0 "" 2
 831              	@ 278 "patchouli/src/patchouli_bsp_tx.c" 1
 832 00b4 00BF     		nop
 833 00b6 00BF     	nop
 834 00b8 00BF     	nop
 835 00ba 00BF     	nop
 836 00bc 00BF     	nop
 837              	@ 0 "" 2
 838              	@ 278 "patchouli/src/patchouli_bsp_tx.c" 1
 839 00be 00BF     		nop
 840 00c0 00BF     	nop
 841 00c2 00BF     	nop
 842 00c4 00BF     	nop
 843 00c6 00BF     	nop
 844              	@ 0 "" 2
 845              	@ 278 "patchouli/src/patchouli_bsp_tx.c" 1
 846 00c8 00BF     		nop
 847 00ca 00BF     	nop
 848 00cc 00BF     	nop
 849 00ce 00BF     	nop
 850 00d0 00BF     	nop
 851              	@ 0 "" 2
 852              	@ 278 "patchouli/src/patchouli_bsp_tx.c" 1
 853 00d2 00BF     		nop
 854 00d4 00BF     	nop
 855 00d6 00BF     	nop
 856 00d8 00BF     	nop
 857 00da 00BF     	nop
 858              	@ 0 "" 2
 859              	@ 278 "patchouli/src/patchouli_bsp_tx.c" 1
 860 00dc 00BF     		nop
 861 00de 00BF     	nop
 862 00e0 00BF     	nop
ARM GAS  C:\Users\Nathan\AppData\Local\Temp\cckghMNJ.s 			page 16


 863 00e2 00BF     	nop
 864 00e4 00BF     	nop
 865              	@ 0 "" 2
 866              	@ 278 "patchouli/src/patchouli_bsp_tx.c" 1
 867 00e6 00BF     		nop
 868 00e8 00BF     	nop
 869 00ea 00BF     	nop
 870 00ec 00BF     	nop
 871 00ee 00BF     	nop
 872              	@ 0 "" 2
 873              	@ 278 "patchouli/src/patchouli_bsp_tx.c" 1
 874 00f0 00BF     		nop
 875 00f2 00BF     	nop
 876 00f4 00BF     	nop
 877 00f6 00BF     	nop
 878 00f8 00BF     	nop
 879              	@ 0 "" 2
 880              		.thumb
 881              		.syntax unified
 882 00fa 0133     		adds	r3, r3, #1
 883 00fc 9BB2     		uxth	r3, r3
 884              	.L17:
 885 00fe 9842     		cmp	r0, r3
 886 0100 87D8     		bhi	.L18
 887 0102 034A     		ldr	r2, .L19
 888 0104 1368     		ldr	r3, [r2]
 889 0106 23F44053 		bic	r3, r3, #12288
 890 010a 1360     		str	r3, [r2]
 891 010c 7047     		bx	lr
 892              	.L20:
 893 010e 00BF     		.align	2
 894              	.L19:
 895 0110 00040048 		.word	1207960576
 896 0114 00000000 		.word	patchouli_pen_pw100
 898              		.section	.text._PW100_FSTEP_530,"ax",%progbits
 899              		.align	1
 900              		.global	_PW100_FSTEP_530
 901              		.syntax unified
 902              		.thumb
 903              		.thumb_func
 905              	_PW100_FSTEP_530:
 906              		@ args = 0, pretend = 0, frame = 0
 907              		@ frame_needed = 0, uses_anonymous_args = 0
 908              		@ link register save eliminated.
 909 0000 414A     		ldr	r2, .L24
 910 0002 1368     		ldr	r3, [r2]
 911 0004 43F48053 		orr	r3, r3, #4096
 912 0008 1360     		str	r3, [r2]
 913 000a 404B     		ldr	r3, .L24+4
 914 000c 1889     		ldrh	r0, [r3, #8]
 915 000e 0023     		movs	r3, #0
 916 0010 72E0     		b	.L22
 917              	.L23:
 918 0012 3D4A     		ldr	r2, .L24
 919 0014 4021     		movs	r1, #64
 920 0016 9161     		str	r1, [r2, #24]
 921              		.syntax unified
ARM GAS  C:\Users\Nathan\AppData\Local\Temp\cckghMNJ.s 			page 17


 922              	@ 324 "patchouli/src/patchouli_bsp_tx.c" 1
 923 0018 00BF     		nop
 924 001a 00BF     	nop
 925 001c 00BF     	nop
 926 001e 00BF     	nop
 927 0020 00BF     	nop
 928              	@ 0 "" 2
 929              	@ 324 "patchouli/src/patchouli_bsp_tx.c" 1
 930 0022 00BF     		nop
 931 0024 00BF     	nop
 932 0026 00BF     	nop
 933 0028 00BF     	nop
 934 002a 00BF     	nop
 935              	@ 0 "" 2
 936              	@ 324 "patchouli/src/patchouli_bsp_tx.c" 1
 937 002c 00BF     		nop
 938 002e 00BF     	nop
 939 0030 00BF     	nop
 940 0032 00BF     	nop
 941 0034 00BF     	nop
 942              	@ 0 "" 2
 943              	@ 324 "patchouli/src/patchouli_bsp_tx.c" 1
 944 0036 00BF     		nop
 945 0038 00BF     	nop
 946 003a 00BF     	nop
 947 003c 00BF     	nop
 948 003e 00BF     	nop
 949              	@ 0 "" 2
 950              	@ 324 "patchouli/src/patchouli_bsp_tx.c" 1
 951 0040 00BF     		nop
 952 0042 00BF     	nop
 953 0044 00BF     	nop
 954 0046 00BF     	nop
 955 0048 00BF     	nop
 956              	@ 0 "" 2
 957              	@ 324 "patchouli/src/patchouli_bsp_tx.c" 1
 958 004a 00BF     		nop
 959 004c 00BF     	nop
 960 004e 00BF     	nop
 961 0050 00BF     	nop
 962 0052 00BF     	nop
 963              	@ 0 "" 2
 964              	@ 324 "patchouli/src/patchouli_bsp_tx.c" 1
 965 0054 00BF     		nop
 966 0056 00BF     	nop
 967 0058 00BF     	nop
 968 005a 00BF     	nop
 969 005c 00BF     	nop
 970              	@ 0 "" 2
 971              	@ 324 "patchouli/src/patchouli_bsp_tx.c" 1
 972 005e 00BF     		nop
 973 0060 00BF     	nop
 974 0062 00BF     	nop
 975 0064 00BF     	nop
 976 0066 00BF     	nop
 977              	@ 0 "" 2
 978              	@ 324 "patchouli/src/patchouli_bsp_tx.c" 1
ARM GAS  C:\Users\Nathan\AppData\Local\Temp\cckghMNJ.s 			page 18


 979 0068 00BF     		nop
 980 006a 00BF     	nop
 981 006c 00BF     	nop
 982 006e 00BF     	nop
 983 0070 00BF     	nop
 984              	@ 0 "" 2
 985              	@ 324 "patchouli/src/patchouli_bsp_tx.c" 1
 986 0072 00BF     		nop
 987 0074 00BF     	nop
 988 0076 00BF     	nop
 989 0078 00BF     	nop
 990 007a 00BF     	nop
 991              	@ 0 "" 2
 992              	@ 325 "patchouli/src/patchouli_bsp_tx.c" 1
 993 007c 00BF     		nop
 994 007e 00BF     	nop
 995 0080 00BF     	nop
 996 0082 00BF     	nop
 997 0084 00BF     	nop
 998              	@ 0 "" 2
 999              	@ 326 "patchouli/src/patchouli_bsp_tx.c" 1
 1000 0086 00BF     		nop
 1001              	@ 0 "" 2
 1002              	@ 327 "patchouli/src/patchouli_bsp_tx.c" 1
 1003 0088 00BF     		nop
 1004              	@ 0 "" 2
 1005              	@ 328 "patchouli/src/patchouli_bsp_tx.c" 1
 1006 008a 00BF     		nop
 1007              	@ 0 "" 2
 1008              	@ 329 "patchouli/src/patchouli_bsp_tx.c" 1
 1009 008c 00BF     		nop
 1010              	@ 0 "" 2
 1011              		.thumb
 1012              		.syntax unified
 1013 008e 4FF48001 		mov	r1, #4194304
 1014 0092 9161     		str	r1, [r2, #24]
 1015              		.syntax unified
 1016              	@ 332 "patchouli/src/patchouli_bsp_tx.c" 1
 1017 0094 00BF     		nop
 1018 0096 00BF     	nop
 1019 0098 00BF     	nop
 1020 009a 00BF     	nop
 1021 009c 00BF     	nop
 1022              	@ 0 "" 2
 1023              	@ 332 "patchouli/src/patchouli_bsp_tx.c" 1
 1024 009e 00BF     		nop
 1025 00a0 00BF     	nop
 1026 00a2 00BF     	nop
 1027 00a4 00BF     	nop
 1028 00a6 00BF     	nop
 1029              	@ 0 "" 2
 1030              	@ 332 "patchouli/src/patchouli_bsp_tx.c" 1
 1031 00a8 00BF     		nop
 1032 00aa 00BF     	nop
 1033 00ac 00BF     	nop
 1034 00ae 00BF     	nop
 1035 00b0 00BF     	nop
ARM GAS  C:\Users\Nathan\AppData\Local\Temp\cckghMNJ.s 			page 19


 1036              	@ 0 "" 2
 1037              	@ 332 "patchouli/src/patchouli_bsp_tx.c" 1
 1038 00b2 00BF     		nop
 1039 00b4 00BF     	nop
 1040 00b6 00BF     	nop
 1041 00b8 00BF     	nop
 1042 00ba 00BF     	nop
 1043              	@ 0 "" 2
 1044              	@ 332 "patchouli/src/patchouli_bsp_tx.c" 1
 1045 00bc 00BF     		nop
 1046 00be 00BF     	nop
 1047 00c0 00BF     	nop
 1048 00c2 00BF     	nop
 1049 00c4 00BF     	nop
 1050              	@ 0 "" 2
 1051              	@ 332 "patchouli/src/patchouli_bsp_tx.c" 1
 1052 00c6 00BF     		nop
 1053 00c8 00BF     	nop
 1054 00ca 00BF     	nop
 1055 00cc 00BF     	nop
 1056 00ce 00BF     	nop
 1057              	@ 0 "" 2
 1058              	@ 332 "patchouli/src/patchouli_bsp_tx.c" 1
 1059 00d0 00BF     		nop
 1060 00d2 00BF     	nop
 1061 00d4 00BF     	nop
 1062 00d6 00BF     	nop
 1063 00d8 00BF     	nop
 1064              	@ 0 "" 2
 1065              	@ 332 "patchouli/src/patchouli_bsp_tx.c" 1
 1066 00da 00BF     		nop
 1067 00dc 00BF     	nop
 1068 00de 00BF     	nop
 1069 00e0 00BF     	nop
 1070 00e2 00BF     	nop
 1071              	@ 0 "" 2
 1072              	@ 333 "patchouli/src/patchouli_bsp_tx.c" 1
 1073 00e4 00BF     		nop
 1074 00e6 00BF     	nop
 1075 00e8 00BF     	nop
 1076 00ea 00BF     	nop
 1077 00ec 00BF     	nop
 1078              	@ 0 "" 2
 1079              	@ 334 "patchouli/src/patchouli_bsp_tx.c" 1
 1080 00ee 00BF     		nop
 1081              	@ 0 "" 2
 1082              	@ 335 "patchouli/src/patchouli_bsp_tx.c" 1
 1083 00f0 00BF     		nop
 1084              	@ 0 "" 2
 1085              	@ 336 "patchouli/src/patchouli_bsp_tx.c" 1
 1086 00f2 00BF     		nop
 1087              	@ 0 "" 2
 1088              		.thumb
 1089              		.syntax unified
 1090 00f4 0133     		adds	r3, r3, #1
 1091 00f6 9BB2     		uxth	r3, r3
 1092              	.L22:
ARM GAS  C:\Users\Nathan\AppData\Local\Temp\cckghMNJ.s 			page 20


 1093 00f8 9842     		cmp	r0, r3
 1094 00fa 8AD8     		bhi	.L23
 1095 00fc 024A     		ldr	r2, .L24
 1096 00fe 1368     		ldr	r3, [r2]
 1097 0100 23F44053 		bic	r3, r3, #12288
 1098 0104 1360     		str	r3, [r2]
 1099 0106 7047     		bx	lr
 1100              	.L25:
 1101              		.align	2
 1102              	.L24:
 1103 0108 00040048 		.word	1207960576
 1104 010c 00000000 		.word	patchouli_pen_pw100
 1106              		.section	.text._PW100_FSTEP_535,"ax",%progbits
 1107              		.align	1
 1108              		.global	_PW100_FSTEP_535
 1109              		.syntax unified
 1110              		.thumb
 1111              		.thumb_func
 1113              	_PW100_FSTEP_535:
 1114              		@ args = 0, pretend = 0, frame = 0
 1115              		@ frame_needed = 0, uses_anonymous_args = 0
 1116              		@ link register save eliminated.
 1117 0000 414A     		ldr	r2, .L29
 1118 0002 1368     		ldr	r3, [r2]
 1119 0004 43F48053 		orr	r3, r3, #4096
 1120 0008 1360     		str	r3, [r2]
 1121 000a 404B     		ldr	r3, .L29+4
 1122 000c 1889     		ldrh	r0, [r3, #8]
 1123 000e 0023     		movs	r3, #0
 1124 0010 71E0     		b	.L27
 1125              	.L28:
 1126 0012 3D4A     		ldr	r2, .L29
 1127 0014 4021     		movs	r1, #64
 1128 0016 9161     		str	r1, [r2, #24]
 1129              		.syntax unified
 1130              	@ 355 "patchouli/src/patchouli_bsp_tx.c" 1
 1131 0018 00BF     		nop
 1132 001a 00BF     	nop
 1133 001c 00BF     	nop
 1134 001e 00BF     	nop
 1135 0020 00BF     	nop
 1136              	@ 0 "" 2
 1137              	@ 355 "patchouli/src/patchouli_bsp_tx.c" 1
 1138 0022 00BF     		nop
 1139 0024 00BF     	nop
 1140 0026 00BF     	nop
 1141 0028 00BF     	nop
 1142 002a 00BF     	nop
 1143              	@ 0 "" 2
 1144              	@ 355 "patchouli/src/patchouli_bsp_tx.c" 1
 1145 002c 00BF     		nop
 1146 002e 00BF     	nop
 1147 0030 00BF     	nop
 1148 0032 00BF     	nop
 1149 0034 00BF     	nop
 1150              	@ 0 "" 2
 1151              	@ 355 "patchouli/src/patchouli_bsp_tx.c" 1
ARM GAS  C:\Users\Nathan\AppData\Local\Temp\cckghMNJ.s 			page 21


 1152 0036 00BF     		nop
 1153 0038 00BF     	nop
 1154 003a 00BF     	nop
 1155 003c 00BF     	nop
 1156 003e 00BF     	nop
 1157              	@ 0 "" 2
 1158              	@ 355 "patchouli/src/patchouli_bsp_tx.c" 1
 1159 0040 00BF     		nop
 1160 0042 00BF     	nop
 1161 0044 00BF     	nop
 1162 0046 00BF     	nop
 1163 0048 00BF     	nop
 1164              	@ 0 "" 2
 1165              	@ 355 "patchouli/src/patchouli_bsp_tx.c" 1
 1166 004a 00BF     		nop
 1167 004c 00BF     	nop
 1168 004e 00BF     	nop
 1169 0050 00BF     	nop
 1170 0052 00BF     	nop
 1171              	@ 0 "" 2
 1172              	@ 355 "patchouli/src/patchouli_bsp_tx.c" 1
 1173 0054 00BF     		nop
 1174 0056 00BF     	nop
 1175 0058 00BF     	nop
 1176 005a 00BF     	nop
 1177 005c 00BF     	nop
 1178              	@ 0 "" 2
 1179              	@ 355 "patchouli/src/patchouli_bsp_tx.c" 1
 1180 005e 00BF     		nop
 1181 0060 00BF     	nop
 1182 0062 00BF     	nop
 1183 0064 00BF     	nop
 1184 0066 00BF     	nop
 1185              	@ 0 "" 2
 1186              	@ 355 "patchouli/src/patchouli_bsp_tx.c" 1
 1187 0068 00BF     		nop
 1188 006a 00BF     	nop
 1189 006c 00BF     	nop
 1190 006e 00BF     	nop
 1191 0070 00BF     	nop
 1192              	@ 0 "" 2
 1193              	@ 355 "patchouli/src/patchouli_bsp_tx.c" 1
 1194 0072 00BF     		nop
 1195 0074 00BF     	nop
 1196 0076 00BF     	nop
 1197 0078 00BF     	nop
 1198 007a 00BF     	nop
 1199              	@ 0 "" 2
 1200              	@ 356 "patchouli/src/patchouli_bsp_tx.c" 1
 1201 007c 00BF     		nop
 1202 007e 00BF     	nop
 1203 0080 00BF     	nop
 1204 0082 00BF     	nop
 1205 0084 00BF     	nop
 1206              	@ 0 "" 2
 1207              	@ 357 "patchouli/src/patchouli_bsp_tx.c" 1
 1208 0086 00BF     		nop
ARM GAS  C:\Users\Nathan\AppData\Local\Temp\cckghMNJ.s 			page 22


 1209              	@ 0 "" 2
 1210              	@ 358 "patchouli/src/patchouli_bsp_tx.c" 1
 1211 0088 00BF     		nop
 1212              	@ 0 "" 2
 1213              	@ 359 "patchouli/src/patchouli_bsp_tx.c" 1
 1214 008a 00BF     		nop
 1215              	@ 0 "" 2
 1216              		.thumb
 1217              		.syntax unified
 1218 008c 4FF48001 		mov	r1, #4194304
 1219 0090 9161     		str	r1, [r2, #24]
 1220              		.syntax unified
 1221              	@ 362 "patchouli/src/patchouli_bsp_tx.c" 1
 1222 0092 00BF     		nop
 1223 0094 00BF     	nop
 1224 0096 00BF     	nop
 1225 0098 00BF     	nop
 1226 009a 00BF     	nop
 1227              	@ 0 "" 2
 1228              	@ 362 "patchouli/src/patchouli_bsp_tx.c" 1
 1229 009c 00BF     		nop
 1230 009e 00BF     	nop
 1231 00a0 00BF     	nop
 1232 00a2 00BF     	nop
 1233 00a4 00BF     	nop
 1234              	@ 0 "" 2
 1235              	@ 362 "patchouli/src/patchouli_bsp_tx.c" 1
 1236 00a6 00BF     		nop
 1237 00a8 00BF     	nop
 1238 00aa 00BF     	nop
 1239 00ac 00BF     	nop
 1240 00ae 00BF     	nop
 1241              	@ 0 "" 2
 1242              	@ 362 "patchouli/src/patchouli_bsp_tx.c" 1
 1243 00b0 00BF     		nop
 1244 00b2 00BF     	nop
 1245 00b4 00BF     	nop
 1246 00b6 00BF     	nop
 1247 00b8 00BF     	nop
 1248              	@ 0 "" 2
 1249              	@ 362 "patchouli/src/patchouli_bsp_tx.c" 1
 1250 00ba 00BF     		nop
 1251 00bc 00BF     	nop
 1252 00be 00BF     	nop
 1253 00c0 00BF     	nop
 1254 00c2 00BF     	nop
 1255              	@ 0 "" 2
 1256              	@ 362 "patchouli/src/patchouli_bsp_tx.c" 1
 1257 00c4 00BF     		nop
 1258 00c6 00BF     	nop
 1259 00c8 00BF     	nop
 1260 00ca 00BF     	nop
 1261 00cc 00BF     	nop
 1262              	@ 0 "" 2
 1263              	@ 362 "patchouli/src/patchouli_bsp_tx.c" 1
 1264 00ce 00BF     		nop
 1265 00d0 00BF     	nop
ARM GAS  C:\Users\Nathan\AppData\Local\Temp\cckghMNJ.s 			page 23


 1266 00d2 00BF     	nop
 1267 00d4 00BF     	nop
 1268 00d6 00BF     	nop
 1269              	@ 0 "" 2
 1270              	@ 362 "patchouli/src/patchouli_bsp_tx.c" 1
 1271 00d8 00BF     		nop
 1272 00da 00BF     	nop
 1273 00dc 00BF     	nop
 1274 00de 00BF     	nop
 1275 00e0 00BF     	nop
 1276              	@ 0 "" 2
 1277              	@ 363 "patchouli/src/patchouli_bsp_tx.c" 1
 1278 00e2 00BF     		nop
 1279 00e4 00BF     	nop
 1280 00e6 00BF     	nop
 1281 00e8 00BF     	nop
 1282 00ea 00BF     	nop
 1283              	@ 0 "" 2
 1284              	@ 364 "patchouli/src/patchouli_bsp_tx.c" 1
 1285 00ec 00BF     		nop
 1286              	@ 0 "" 2
 1287              	@ 365 "patchouli/src/patchouli_bsp_tx.c" 1
 1288 00ee 00BF     		nop
 1289              	@ 0 "" 2
 1290              	@ 366 "patchouli/src/patchouli_bsp_tx.c" 1
 1291 00f0 00BF     		nop
 1292              	@ 0 "" 2
 1293              		.thumb
 1294              		.syntax unified
 1295 00f2 0133     		adds	r3, r3, #1
 1296 00f4 9BB2     		uxth	r3, r3
 1297              	.L27:
 1298 00f6 9842     		cmp	r0, r3
 1299 00f8 8BD8     		bhi	.L28
 1300 00fa 034A     		ldr	r2, .L29
 1301 00fc 1368     		ldr	r3, [r2]
 1302 00fe 23F44053 		bic	r3, r3, #12288
 1303 0102 1360     		str	r3, [r2]
 1304 0104 7047     		bx	lr
 1305              	.L30:
 1306 0106 00BF     		.align	2
 1307              	.L29:
 1308 0108 00040048 		.word	1207960576
 1309 010c 00000000 		.word	patchouli_pen_pw100
 1311              		.section	.text._PW100_FSTEP_540,"ax",%progbits
 1312              		.align	1
 1313              		.global	_PW100_FSTEP_540
 1314              		.syntax unified
 1315              		.thumb
 1316              		.thumb_func
 1318              	_PW100_FSTEP_540:
 1319              		@ args = 0, pretend = 0, frame = 0
 1320              		@ frame_needed = 0, uses_anonymous_args = 0
 1321              		@ link register save eliminated.
 1322 0000 404A     		ldr	r2, .L34
 1323 0002 1368     		ldr	r3, [r2]
 1324 0004 43F48053 		orr	r3, r3, #4096
ARM GAS  C:\Users\Nathan\AppData\Local\Temp\cckghMNJ.s 			page 24


 1325 0008 1360     		str	r3, [r2]
 1326 000a 3F4B     		ldr	r3, .L34+4
 1327 000c 1889     		ldrh	r0, [r3, #8]
 1328 000e 0023     		movs	r3, #0
 1329 0010 70E0     		b	.L32
 1330              	.L33:
 1331 0012 3C4A     		ldr	r2, .L34
 1332 0014 4021     		movs	r1, #64
 1333 0016 9161     		str	r1, [r2, #24]
 1334              		.syntax unified
 1335              	@ 385 "patchouli/src/patchouli_bsp_tx.c" 1
 1336 0018 00BF     		nop
 1337 001a 00BF     	nop
 1338 001c 00BF     	nop
 1339 001e 00BF     	nop
 1340 0020 00BF     	nop
 1341              	@ 0 "" 2
 1342              	@ 385 "patchouli/src/patchouli_bsp_tx.c" 1
 1343 0022 00BF     		nop
 1344 0024 00BF     	nop
 1345 0026 00BF     	nop
 1346 0028 00BF     	nop
 1347 002a 00BF     	nop
 1348              	@ 0 "" 2
 1349              	@ 385 "patchouli/src/patchouli_bsp_tx.c" 1
 1350 002c 00BF     		nop
 1351 002e 00BF     	nop
 1352 0030 00BF     	nop
 1353 0032 00BF     	nop
 1354 0034 00BF     	nop
 1355              	@ 0 "" 2
 1356              	@ 385 "patchouli/src/patchouli_bsp_tx.c" 1
 1357 0036 00BF     		nop
 1358 0038 00BF     	nop
 1359 003a 00BF     	nop
 1360 003c 00BF     	nop
 1361 003e 00BF     	nop
 1362              	@ 0 "" 2
 1363              	@ 385 "patchouli/src/patchouli_bsp_tx.c" 1
 1364 0040 00BF     		nop
 1365 0042 00BF     	nop
 1366 0044 00BF     	nop
 1367 0046 00BF     	nop
 1368 0048 00BF     	nop
 1369              	@ 0 "" 2
 1370              	@ 385 "patchouli/src/patchouli_bsp_tx.c" 1
 1371 004a 00BF     		nop
 1372 004c 00BF     	nop
 1373 004e 00BF     	nop
 1374 0050 00BF     	nop
 1375 0052 00BF     	nop
 1376              	@ 0 "" 2
 1377              	@ 385 "patchouli/src/patchouli_bsp_tx.c" 1
 1378 0054 00BF     		nop
 1379 0056 00BF     	nop
 1380 0058 00BF     	nop
 1381 005a 00BF     	nop
ARM GAS  C:\Users\Nathan\AppData\Local\Temp\cckghMNJ.s 			page 25


 1382 005c 00BF     	nop
 1383              	@ 0 "" 2
 1384              	@ 385 "patchouli/src/patchouli_bsp_tx.c" 1
 1385 005e 00BF     		nop
 1386 0060 00BF     	nop
 1387 0062 00BF     	nop
 1388 0064 00BF     	nop
 1389 0066 00BF     	nop
 1390              	@ 0 "" 2
 1391              	@ 385 "patchouli/src/patchouli_bsp_tx.c" 1
 1392 0068 00BF     		nop
 1393 006a 00BF     	nop
 1394 006c 00BF     	nop
 1395 006e 00BF     	nop
 1396 0070 00BF     	nop
 1397              	@ 0 "" 2
 1398              	@ 385 "patchouli/src/patchouli_bsp_tx.c" 1
 1399 0072 00BF     		nop
 1400 0074 00BF     	nop
 1401 0076 00BF     	nop
 1402 0078 00BF     	nop
 1403 007a 00BF     	nop
 1404              	@ 0 "" 2
 1405              	@ 386 "patchouli/src/patchouli_bsp_tx.c" 1
 1406 007c 00BF     		nop
 1407 007e 00BF     	nop
 1408 0080 00BF     	nop
 1409 0082 00BF     	nop
 1410 0084 00BF     	nop
 1411              	@ 0 "" 2
 1412              	@ 387 "patchouli/src/patchouli_bsp_tx.c" 1
 1413 0086 00BF     		nop
 1414              	@ 0 "" 2
 1415              	@ 388 "patchouli/src/patchouli_bsp_tx.c" 1
 1416 0088 00BF     		nop
 1417              	@ 0 "" 2
 1418              	@ 389 "patchouli/src/patchouli_bsp_tx.c" 1
 1419 008a 00BF     		nop
 1420              	@ 0 "" 2
 1421              		.thumb
 1422              		.syntax unified
 1423 008c 4FF48001 		mov	r1, #4194304
 1424 0090 9161     		str	r1, [r2, #24]
 1425              		.syntax unified
 1426              	@ 392 "patchouli/src/patchouli_bsp_tx.c" 1
 1427 0092 00BF     		nop
 1428 0094 00BF     	nop
 1429 0096 00BF     	nop
 1430 0098 00BF     	nop
 1431 009a 00BF     	nop
 1432              	@ 0 "" 2
 1433              	@ 392 "patchouli/src/patchouli_bsp_tx.c" 1
 1434 009c 00BF     		nop
 1435 009e 00BF     	nop
 1436 00a0 00BF     	nop
 1437 00a2 00BF     	nop
 1438 00a4 00BF     	nop
ARM GAS  C:\Users\Nathan\AppData\Local\Temp\cckghMNJ.s 			page 26


 1439              	@ 0 "" 2
 1440              	@ 392 "patchouli/src/patchouli_bsp_tx.c" 1
 1441 00a6 00BF     		nop
 1442 00a8 00BF     	nop
 1443 00aa 00BF     	nop
 1444 00ac 00BF     	nop
 1445 00ae 00BF     	nop
 1446              	@ 0 "" 2
 1447              	@ 392 "patchouli/src/patchouli_bsp_tx.c" 1
 1448 00b0 00BF     		nop
 1449 00b2 00BF     	nop
 1450 00b4 00BF     	nop
 1451 00b6 00BF     	nop
 1452 00b8 00BF     	nop
 1453              	@ 0 "" 2
 1454              	@ 392 "patchouli/src/patchouli_bsp_tx.c" 1
 1455 00ba 00BF     		nop
 1456 00bc 00BF     	nop
 1457 00be 00BF     	nop
 1458 00c0 00BF     	nop
 1459 00c2 00BF     	nop
 1460              	@ 0 "" 2
 1461              	@ 392 "patchouli/src/patchouli_bsp_tx.c" 1
 1462 00c4 00BF     		nop
 1463 00c6 00BF     	nop
 1464 00c8 00BF     	nop
 1465 00ca 00BF     	nop
 1466 00cc 00BF     	nop
 1467              	@ 0 "" 2
 1468              	@ 392 "patchouli/src/patchouli_bsp_tx.c" 1
 1469 00ce 00BF     		nop
 1470 00d0 00BF     	nop
 1471 00d2 00BF     	nop
 1472 00d4 00BF     	nop
 1473 00d6 00BF     	nop
 1474              	@ 0 "" 2
 1475              	@ 392 "patchouli/src/patchouli_bsp_tx.c" 1
 1476 00d8 00BF     		nop
 1477 00da 00BF     	nop
 1478 00dc 00BF     	nop
 1479 00de 00BF     	nop
 1480 00e0 00BF     	nop
 1481              	@ 0 "" 2
 1482              	@ 393 "patchouli/src/patchouli_bsp_tx.c" 1
 1483 00e2 00BF     		nop
 1484 00e4 00BF     	nop
 1485 00e6 00BF     	nop
 1486 00e8 00BF     	nop
 1487 00ea 00BF     	nop
 1488              	@ 0 "" 2
 1489              	@ 394 "patchouli/src/patchouli_bsp_tx.c" 1
 1490 00ec 00BF     		nop
 1491              	@ 0 "" 2
 1492              	@ 395 "patchouli/src/patchouli_bsp_tx.c" 1
 1493 00ee 00BF     		nop
 1494              	@ 0 "" 2
 1495              		.thumb
ARM GAS  C:\Users\Nathan\AppData\Local\Temp\cckghMNJ.s 			page 27


 1496              		.syntax unified
 1497 00f0 0133     		adds	r3, r3, #1
 1498 00f2 9BB2     		uxth	r3, r3
 1499              	.L32:
 1500 00f4 9842     		cmp	r0, r3
 1501 00f6 8CD8     		bhi	.L33
 1502 00f8 024A     		ldr	r2, .L34
 1503 00fa 1368     		ldr	r3, [r2]
 1504 00fc 23F44053 		bic	r3, r3, #12288
 1505 0100 1360     		str	r3, [r2]
 1506 0102 7047     		bx	lr
 1507              	.L35:
 1508              		.align	2
 1509              	.L34:
 1510 0104 00040048 		.word	1207960576
 1511 0108 00000000 		.word	patchouli_pen_pw100
 1513              		.section	.text._PW100_FSTEP_550,"ax",%progbits
 1514              		.align	1
 1515              		.global	_PW100_FSTEP_550
 1516              		.syntax unified
 1517              		.thumb
 1518              		.thumb_func
 1520              	_PW100_FSTEP_550:
 1521              		@ args = 0, pretend = 0, frame = 0
 1522              		@ frame_needed = 0, uses_anonymous_args = 0
 1523              		@ link register save eliminated.
 1524 0000 404A     		ldr	r2, .L39
 1525 0002 1368     		ldr	r3, [r2]
 1526 0004 43F48053 		orr	r3, r3, #4096
 1527 0008 1360     		str	r3, [r2]
 1528 000a 3F4B     		ldr	r3, .L39+4
 1529 000c 1889     		ldrh	r0, [r3, #8]
 1530 000e 0023     		movs	r3, #0
 1531 0010 6FE0     		b	.L37
 1532              	.L38:
 1533 0012 3C4A     		ldr	r2, .L39
 1534 0014 4021     		movs	r1, #64
 1535 0016 9161     		str	r1, [r2, #24]
 1536              		.syntax unified
 1537              	@ 442 "patchouli/src/patchouli_bsp_tx.c" 1
 1538 0018 00BF     		nop
 1539 001a 00BF     	nop
 1540 001c 00BF     	nop
 1541 001e 00BF     	nop
 1542 0020 00BF     	nop
 1543              	@ 0 "" 2
 1544              	@ 442 "patchouli/src/patchouli_bsp_tx.c" 1
 1545 0022 00BF     		nop
 1546 0024 00BF     	nop
 1547 0026 00BF     	nop
 1548 0028 00BF     	nop
 1549 002a 00BF     	nop
 1550              	@ 0 "" 2
 1551              	@ 442 "patchouli/src/patchouli_bsp_tx.c" 1
 1552 002c 00BF     		nop
 1553 002e 00BF     	nop
 1554 0030 00BF     	nop
ARM GAS  C:\Users\Nathan\AppData\Local\Temp\cckghMNJ.s 			page 28


 1555 0032 00BF     	nop
 1556 0034 00BF     	nop
 1557              	@ 0 "" 2
 1558              	@ 442 "patchouli/src/patchouli_bsp_tx.c" 1
 1559 0036 00BF     		nop
 1560 0038 00BF     	nop
 1561 003a 00BF     	nop
 1562 003c 00BF     	nop
 1563 003e 00BF     	nop
 1564              	@ 0 "" 2
 1565              	@ 442 "patchouli/src/patchouli_bsp_tx.c" 1
 1566 0040 00BF     		nop
 1567 0042 00BF     	nop
 1568 0044 00BF     	nop
 1569 0046 00BF     	nop
 1570 0048 00BF     	nop
 1571              	@ 0 "" 2
 1572              	@ 442 "patchouli/src/patchouli_bsp_tx.c" 1
 1573 004a 00BF     		nop
 1574 004c 00BF     	nop
 1575 004e 00BF     	nop
 1576 0050 00BF     	nop
 1577 0052 00BF     	nop
 1578              	@ 0 "" 2
 1579              	@ 442 "patchouli/src/patchouli_bsp_tx.c" 1
 1580 0054 00BF     		nop
 1581 0056 00BF     	nop
 1582 0058 00BF     	nop
 1583 005a 00BF     	nop
 1584 005c 00BF     	nop
 1585              	@ 0 "" 2
 1586              	@ 442 "patchouli/src/patchouli_bsp_tx.c" 1
 1587 005e 00BF     		nop
 1588 0060 00BF     	nop
 1589 0062 00BF     	nop
 1590 0064 00BF     	nop
 1591 0066 00BF     	nop
 1592              	@ 0 "" 2
 1593              	@ 442 "patchouli/src/patchouli_bsp_tx.c" 1
 1594 0068 00BF     		nop
 1595 006a 00BF     	nop
 1596 006c 00BF     	nop
 1597 006e 00BF     	nop
 1598 0070 00BF     	nop
 1599              	@ 0 "" 2
 1600              	@ 442 "patchouli/src/patchouli_bsp_tx.c" 1
 1601 0072 00BF     		nop
 1602 0074 00BF     	nop
 1603 0076 00BF     	nop
 1604 0078 00BF     	nop
 1605 007a 00BF     	nop
 1606              	@ 0 "" 2
 1607              	@ 443 "patchouli/src/patchouli_bsp_tx.c" 1
 1608 007c 00BF     		nop
 1609 007e 00BF     	nop
 1610 0080 00BF     	nop
 1611 0082 00BF     	nop
ARM GAS  C:\Users\Nathan\AppData\Local\Temp\cckghMNJ.s 			page 29


 1612 0084 00BF     	nop
 1613              	@ 0 "" 2
 1614              	@ 444 "patchouli/src/patchouli_bsp_tx.c" 1
 1615 0086 00BF     		nop
 1616              	@ 0 "" 2
 1617              	@ 445 "patchouli/src/patchouli_bsp_tx.c" 1
 1618 0088 00BF     		nop
 1619              	@ 0 "" 2
 1620              		.thumb
 1621              		.syntax unified
 1622 008a 4FF48001 		mov	r1, #4194304
 1623 008e 9161     		str	r1, [r2, #24]
 1624              		.syntax unified
 1625              	@ 448 "patchouli/src/patchouli_bsp_tx.c" 1
 1626 0090 00BF     		nop
 1627 0092 00BF     	nop
 1628 0094 00BF     	nop
 1629 0096 00BF     	nop
 1630 0098 00BF     	nop
 1631              	@ 0 "" 2
 1632              	@ 448 "patchouli/src/patchouli_bsp_tx.c" 1
 1633 009a 00BF     		nop
 1634 009c 00BF     	nop
 1635 009e 00BF     	nop
 1636 00a0 00BF     	nop
 1637 00a2 00BF     	nop
 1638              	@ 0 "" 2
 1639              	@ 448 "patchouli/src/patchouli_bsp_tx.c" 1
 1640 00a4 00BF     		nop
 1641 00a6 00BF     	nop
 1642 00a8 00BF     	nop
 1643 00aa 00BF     	nop
 1644 00ac 00BF     	nop
 1645              	@ 0 "" 2
 1646              	@ 448 "patchouli/src/patchouli_bsp_tx.c" 1
 1647 00ae 00BF     		nop
 1648 00b0 00BF     	nop
 1649 00b2 00BF     	nop
 1650 00b4 00BF     	nop
 1651 00b6 00BF     	nop
 1652              	@ 0 "" 2
 1653              	@ 448 "patchouli/src/patchouli_bsp_tx.c" 1
 1654 00b8 00BF     		nop
 1655 00ba 00BF     	nop
 1656 00bc 00BF     	nop
 1657 00be 00BF     	nop
 1658 00c0 00BF     	nop
 1659              	@ 0 "" 2
 1660              	@ 448 "patchouli/src/patchouli_bsp_tx.c" 1
 1661 00c2 00BF     		nop
 1662 00c4 00BF     	nop
 1663 00c6 00BF     	nop
 1664 00c8 00BF     	nop
 1665 00ca 00BF     	nop
 1666              	@ 0 "" 2
 1667              	@ 448 "patchouli/src/patchouli_bsp_tx.c" 1
 1668 00cc 00BF     		nop
ARM GAS  C:\Users\Nathan\AppData\Local\Temp\cckghMNJ.s 			page 30


 1669 00ce 00BF     	nop
 1670 00d0 00BF     	nop
 1671 00d2 00BF     	nop
 1672 00d4 00BF     	nop
 1673              	@ 0 "" 2
 1674              	@ 448 "patchouli/src/patchouli_bsp_tx.c" 1
 1675 00d6 00BF     		nop
 1676 00d8 00BF     	nop
 1677 00da 00BF     	nop
 1678 00dc 00BF     	nop
 1679 00de 00BF     	nop
 1680              	@ 0 "" 2
 1681              	@ 449 "patchouli/src/patchouli_bsp_tx.c" 1
 1682 00e0 00BF     		nop
 1683 00e2 00BF     	nop
 1684 00e4 00BF     	nop
 1685 00e6 00BF     	nop
 1686 00e8 00BF     	nop
 1687              	@ 0 "" 2
 1688              	@ 450 "patchouli/src/patchouli_bsp_tx.c" 1
 1689 00ea 00BF     		nop
 1690              	@ 0 "" 2
 1691              	@ 451 "patchouli/src/patchouli_bsp_tx.c" 1
 1692 00ec 00BF     		nop
 1693              	@ 0 "" 2
 1694              		.thumb
 1695              		.syntax unified
 1696 00ee 0133     		adds	r3, r3, #1
 1697 00f0 9BB2     		uxth	r3, r3
 1698              	.L37:
 1699 00f2 9842     		cmp	r0, r3
 1700 00f4 8DD8     		bhi	.L38
 1701 00f6 034A     		ldr	r2, .L39
 1702 00f8 1368     		ldr	r3, [r2]
 1703 00fa 23F44053 		bic	r3, r3, #12288
 1704 00fe 1360     		str	r3, [r2]
 1705 0100 7047     		bx	lr
 1706              	.L40:
 1707 0102 00BF     		.align	2
 1708              	.L39:
 1709 0104 00040048 		.word	1207960576
 1710 0108 00000000 		.word	patchouli_pen_pw100
 1712              		.section	.text._PW100_FSTEP_500,"ax",%progbits
 1713              		.align	1
 1714              		.global	_PW100_FSTEP_500
 1715              		.syntax unified
 1716              		.thumb
 1717              		.thumb_func
 1719              	_PW100_FSTEP_500:
 1720              		@ args = 0, pretend = 0, frame = 0
 1721              		@ frame_needed = 0, uses_anonymous_args = 0
 1722              		@ link register save eliminated.
 1723 0000 4D4A     		ldr	r2, .L44
 1724 0002 1368     		ldr	r3, [r2]
 1725 0004 43F48053 		orr	r3, r3, #4096
 1726 0008 1360     		str	r3, [r2]
 1727 000a 4C4B     		ldr	r3, .L44+4
ARM GAS  C:\Users\Nathan\AppData\Local\Temp\cckghMNJ.s 			page 31


 1728 000c 1889     		ldrh	r0, [r3, #8]
 1729 000e 0023     		movs	r3, #0
 1730 0010 89E0     		b	.L42
 1731              	.L43:
 1732 0012 494A     		ldr	r2, .L44
 1733 0014 4021     		movs	r1, #64
 1734 0016 9161     		str	r1, [r2, #24]
 1735              		.syntax unified
 1736              	@ 202 "patchouli/src/patchouli_bsp_tx.c" 1
 1737 0018 00BF     		nop
 1738 001a 00BF     	nop
 1739 001c 00BF     	nop
 1740 001e 00BF     	nop
 1741 0020 00BF     	nop
 1742              	@ 0 "" 2
 1743              	@ 202 "patchouli/src/patchouli_bsp_tx.c" 1
 1744 0022 00BF     		nop
 1745 0024 00BF     	nop
 1746 0026 00BF     	nop
 1747 0028 00BF     	nop
 1748 002a 00BF     	nop
 1749              	@ 0 "" 2
 1750              	@ 202 "patchouli/src/patchouli_bsp_tx.c" 1
 1751 002c 00BF     		nop
 1752 002e 00BF     	nop
 1753 0030 00BF     	nop
 1754 0032 00BF     	nop
 1755 0034 00BF     	nop
 1756              	@ 0 "" 2
 1757              	@ 202 "patchouli/src/patchouli_bsp_tx.c" 1
 1758 0036 00BF     		nop
 1759 0038 00BF     	nop
 1760 003a 00BF     	nop
 1761 003c 00BF     	nop
 1762 003e 00BF     	nop
 1763              	@ 0 "" 2
 1764              	@ 202 "patchouli/src/patchouli_bsp_tx.c" 1
 1765 0040 00BF     		nop
 1766 0042 00BF     	nop
 1767 0044 00BF     	nop
 1768 0046 00BF     	nop
 1769 0048 00BF     	nop
 1770              	@ 0 "" 2
 1771              	@ 202 "patchouli/src/patchouli_bsp_tx.c" 1
 1772 004a 00BF     		nop
 1773 004c 00BF     	nop
 1774 004e 00BF     	nop
 1775 0050 00BF     	nop
 1776 0052 00BF     	nop
 1777              	@ 0 "" 2
 1778              	@ 202 "patchouli/src/patchouli_bsp_tx.c" 1
 1779 0054 00BF     		nop
 1780 0056 00BF     	nop
 1781 0058 00BF     	nop
 1782 005a 00BF     	nop
 1783 005c 00BF     	nop
 1784              	@ 0 "" 2
ARM GAS  C:\Users\Nathan\AppData\Local\Temp\cckghMNJ.s 			page 32


 1785              	@ 202 "patchouli/src/patchouli_bsp_tx.c" 1
 1786 005e 00BF     		nop
 1787 0060 00BF     	nop
 1788 0062 00BF     	nop
 1789 0064 00BF     	nop
 1790 0066 00BF     	nop
 1791              	@ 0 "" 2
 1792              	@ 202 "patchouli/src/patchouli_bsp_tx.c" 1
 1793 0068 00BF     		nop
 1794 006a 00BF     	nop
 1795 006c 00BF     	nop
 1796 006e 00BF     	nop
 1797 0070 00BF     	nop
 1798              	@ 0 "" 2
 1799              	@ 202 "patchouli/src/patchouli_bsp_tx.c" 1
 1800 0072 00BF     		nop
 1801 0074 00BF     	nop
 1802 0076 00BF     	nop
 1803 0078 00BF     	nop
 1804 007a 00BF     	nop
 1805              	@ 0 "" 2
 1806              	@ 202 "patchouli/src/patchouli_bsp_tx.c" 1
 1807 007c 00BF     		nop
 1808 007e 00BF     	nop
 1809 0080 00BF     	nop
 1810 0082 00BF     	nop
 1811 0084 00BF     	nop
 1812              	@ 0 "" 2
 1813              	@ 202 "patchouli/src/patchouli_bsp_tx.c" 1
 1814 0086 00BF     		nop
 1815 0088 00BF     	nop
 1816 008a 00BF     	nop
 1817 008c 00BF     	nop
 1818 008e 00BF     	nop
 1819              	@ 0 "" 2
 1820              	@ 203 "patchouli/src/patchouli_bsp_tx.c" 1
 1821 0090 00BF     		nop
 1822 0092 00BF     	nop
 1823 0094 00BF     	nop
 1824 0096 00BF     	nop
 1825 0098 00BF     	nop
 1826              	@ 0 "" 2
 1827              		.thumb
 1828              		.syntax unified
 1829 009a 4FF48001 		mov	r1, #4194304
 1830 009e 9161     		str	r1, [r2, #24]
 1831              		.syntax unified
 1832              	@ 207 "patchouli/src/patchouli_bsp_tx.c" 1
 1833 00a0 00BF     		nop
 1834 00a2 00BF     	nop
 1835 00a4 00BF     	nop
 1836 00a6 00BF     	nop
 1837 00a8 00BF     	nop
 1838              	@ 0 "" 2
 1839              	@ 207 "patchouli/src/patchouli_bsp_tx.c" 1
 1840 00aa 00BF     		nop
 1841 00ac 00BF     	nop
ARM GAS  C:\Users\Nathan\AppData\Local\Temp\cckghMNJ.s 			page 33


 1842 00ae 00BF     	nop
 1843 00b0 00BF     	nop
 1844 00b2 00BF     	nop
 1845              	@ 0 "" 2
 1846              	@ 207 "patchouli/src/patchouli_bsp_tx.c" 1
 1847 00b4 00BF     		nop
 1848 00b6 00BF     	nop
 1849 00b8 00BF     	nop
 1850 00ba 00BF     	nop
 1851 00bc 00BF     	nop
 1852              	@ 0 "" 2
 1853              	@ 207 "patchouli/src/patchouli_bsp_tx.c" 1
 1854 00be 00BF     		nop
 1855 00c0 00BF     	nop
 1856 00c2 00BF     	nop
 1857 00c4 00BF     	nop
 1858 00c6 00BF     	nop
 1859              	@ 0 "" 2
 1860              	@ 207 "patchouli/src/patchouli_bsp_tx.c" 1
 1861 00c8 00BF     		nop
 1862 00ca 00BF     	nop
 1863 00cc 00BF     	nop
 1864 00ce 00BF     	nop
 1865 00d0 00BF     	nop
 1866              	@ 0 "" 2
 1867              	@ 207 "patchouli/src/patchouli_bsp_tx.c" 1
 1868 00d2 00BF     		nop
 1869 00d4 00BF     	nop
 1870 00d6 00BF     	nop
 1871 00d8 00BF     	nop
 1872 00da 00BF     	nop
 1873              	@ 0 "" 2
 1874              	@ 207 "patchouli/src/patchouli_bsp_tx.c" 1
 1875 00dc 00BF     		nop
 1876 00de 00BF     	nop
 1877 00e0 00BF     	nop
 1878 00e2 00BF     	nop
 1879 00e4 00BF     	nop
 1880              	@ 0 "" 2
 1881              	@ 207 "patchouli/src/patchouli_bsp_tx.c" 1
 1882 00e6 00BF     		nop
 1883 00e8 00BF     	nop
 1884 00ea 00BF     	nop
 1885 00ec 00BF     	nop
 1886 00ee 00BF     	nop
 1887              	@ 0 "" 2
 1888              	@ 207 "patchouli/src/patchouli_bsp_tx.c" 1
 1889 00f0 00BF     		nop
 1890 00f2 00BF     	nop
 1891 00f4 00BF     	nop
 1892 00f6 00BF     	nop
 1893 00f8 00BF     	nop
 1894              	@ 0 "" 2
 1895              	@ 207 "patchouli/src/patchouli_bsp_tx.c" 1
 1896 00fa 00BF     		nop
 1897 00fc 00BF     	nop
 1898 00fe 00BF     	nop
ARM GAS  C:\Users\Nathan\AppData\Local\Temp\cckghMNJ.s 			page 34


 1899 0100 00BF     	nop
 1900 0102 00BF     	nop
 1901              	@ 0 "" 2
 1902              	@ 207 "patchouli/src/patchouli_bsp_tx.c" 1
 1903 0104 00BF     		nop
 1904 0106 00BF     	nop
 1905 0108 00BF     	nop
 1906 010a 00BF     	nop
 1907 010c 00BF     	nop
 1908              	@ 0 "" 2
 1909              	@ 207 "patchouli/src/patchouli_bsp_tx.c" 1
 1910 010e 00BF     		nop
 1911 0110 00BF     	nop
 1912 0112 00BF     	nop
 1913 0114 00BF     	nop
 1914 0116 00BF     	nop
 1915              	@ 0 "" 2
 1916              	@ 208 "patchouli/src/patchouli_bsp_tx.c" 1
 1917 0118 00BF     		nop
 1918 011a 00BF     	nop
 1919 011c 00BF     	nop
 1920 011e 00BF     	nop
 1921 0120 00BF     	nop
 1922              	@ 0 "" 2
 1923              		.thumb
 1924              		.syntax unified
 1925 0122 0133     		adds	r3, r3, #1
 1926 0124 9BB2     		uxth	r3, r3
 1927              	.L42:
 1928 0126 9842     		cmp	r0, r3
 1929 0128 3FF673AF 		bhi	.L43
 1930 012c 024A     		ldr	r2, .L44
 1931 012e 1368     		ldr	r3, [r2]
 1932 0130 23F44053 		bic	r3, r3, #12288
 1933 0134 1360     		str	r3, [r2]
 1934 0136 7047     		bx	lr
 1935              	.L45:
 1936              		.align	2
 1937              	.L44:
 1938 0138 00040048 		.word	1207960576
 1939 013c 00000000 		.word	patchouli_pen_pw100
 1941              		.section	.text._PW100_FSTEP_515,"ax",%progbits
 1942              		.align	1
 1943              		.global	_PW100_FSTEP_515
 1944              		.syntax unified
 1945              		.thumb
 1946              		.thumb_func
 1948              	_PW100_FSTEP_515:
 1949              		@ args = 0, pretend = 0, frame = 0
 1950              		@ frame_needed = 0, uses_anonymous_args = 0
 1951              		@ link register save eliminated.
 1952 0000 434A     		ldr	r2, .L49
 1953 0002 1368     		ldr	r3, [r2]
 1954 0004 43F48053 		orr	r3, r3, #4096
 1955 0008 1360     		str	r3, [r2]
 1956 000a 424B     		ldr	r3, .L49+4
 1957 000c 1889     		ldrh	r0, [r3, #8]
ARM GAS  C:\Users\Nathan\AppData\Local\Temp\cckghMNJ.s 			page 35


 1958 000e 0023     		movs	r3, #0
 1959 0010 76E0     		b	.L47
 1960              	.L48:
 1961 0012 3F4A     		ldr	r2, .L49
 1962 0014 4021     		movs	r1, #64
 1963 0016 9161     		str	r1, [r2, #24]
 1964              		.syntax unified
 1965              	@ 252 "patchouli/src/patchouli_bsp_tx.c" 1
 1966 0018 00BF     		nop
 1967 001a 00BF     	nop
 1968 001c 00BF     	nop
 1969 001e 00BF     	nop
 1970 0020 00BF     	nop
 1971              	@ 0 "" 2
 1972              	@ 252 "patchouli/src/patchouli_bsp_tx.c" 1
 1973 0022 00BF     		nop
 1974 0024 00BF     	nop
 1975 0026 00BF     	nop
 1976 0028 00BF     	nop
 1977 002a 00BF     	nop
 1978              	@ 0 "" 2
 1979              	@ 252 "patchouli/src/patchouli_bsp_tx.c" 1
 1980 002c 00BF     		nop
 1981 002e 00BF     	nop
 1982 0030 00BF     	nop
 1983 0032 00BF     	nop
 1984 0034 00BF     	nop
 1985              	@ 0 "" 2
 1986              	@ 252 "patchouli/src/patchouli_bsp_tx.c" 1
 1987 0036 00BF     		nop
 1988 0038 00BF     	nop
 1989 003a 00BF     	nop
 1990 003c 00BF     	nop
 1991 003e 00BF     	nop
 1992              	@ 0 "" 2
 1993              	@ 252 "patchouli/src/patchouli_bsp_tx.c" 1
 1994 0040 00BF     		nop
 1995 0042 00BF     	nop
 1996 0044 00BF     	nop
 1997 0046 00BF     	nop
 1998 0048 00BF     	nop
 1999              	@ 0 "" 2
 2000              	@ 252 "patchouli/src/patchouli_bsp_tx.c" 1
 2001 004a 00BF     		nop
 2002 004c 00BF     	nop
 2003 004e 00BF     	nop
 2004 0050 00BF     	nop
 2005 0052 00BF     	nop
 2006              	@ 0 "" 2
 2007              	@ 252 "patchouli/src/patchouli_bsp_tx.c" 1
 2008 0054 00BF     		nop
 2009 0056 00BF     	nop
 2010 0058 00BF     	nop
 2011 005a 00BF     	nop
 2012 005c 00BF     	nop
 2013              	@ 0 "" 2
 2014              	@ 252 "patchouli/src/patchouli_bsp_tx.c" 1
ARM GAS  C:\Users\Nathan\AppData\Local\Temp\cckghMNJ.s 			page 36


 2015 005e 00BF     		nop
 2016 0060 00BF     	nop
 2017 0062 00BF     	nop
 2018 0064 00BF     	nop
 2019 0066 00BF     	nop
 2020              	@ 0 "" 2
 2021              	@ 252 "patchouli/src/patchouli_bsp_tx.c" 1
 2022 0068 00BF     		nop
 2023 006a 00BF     	nop
 2024 006c 00BF     	nop
 2025 006e 00BF     	nop
 2026 0070 00BF     	nop
 2027              	@ 0 "" 2
 2028              	@ 252 "patchouli/src/patchouli_bsp_tx.c" 1
 2029 0072 00BF     		nop
 2030 0074 00BF     	nop
 2031 0076 00BF     	nop
 2032 0078 00BF     	nop
 2033 007a 00BF     	nop
 2034              	@ 0 "" 2
 2035              	@ 252 "patchouli/src/patchouli_bsp_tx.c" 1
 2036 007c 00BF     		nop
 2037 007e 00BF     	nop
 2038 0080 00BF     	nop
 2039 0082 00BF     	nop
 2040 0084 00BF     	nop
 2041              	@ 0 "" 2
 2042              	@ 252 "patchouli/src/patchouli_bsp_tx.c" 1
 2043 0086 00BF     		nop
 2044 0088 00BF     	nop
 2045 008a 00BF     	nop
 2046 008c 00BF     	nop
 2047 008e 00BF     	nop
 2048              	@ 0 "" 2
 2049              	@ 253 "patchouli/src/patchouli_bsp_tx.c" 1
 2050 0090 00BF     		nop
 2051              	@ 0 "" 2
 2052              		.thumb
 2053              		.syntax unified
 2054 0092 4FF48001 		mov	r1, #4194304
 2055 0096 9161     		str	r1, [r2, #24]
 2056              		.syntax unified
 2057              	@ 256 "patchouli/src/patchouli_bsp_tx.c" 1
 2058 0098 00BF     		nop
 2059 009a 00BF     	nop
 2060 009c 00BF     	nop
 2061 009e 00BF     	nop
 2062 00a0 00BF     	nop
 2063              	@ 0 "" 2
 2064              	@ 256 "patchouli/src/patchouli_bsp_tx.c" 1
 2065 00a2 00BF     		nop
 2066 00a4 00BF     	nop
 2067 00a6 00BF     	nop
 2068 00a8 00BF     	nop
 2069 00aa 00BF     	nop
 2070              	@ 0 "" 2
 2071              	@ 256 "patchouli/src/patchouli_bsp_tx.c" 1
ARM GAS  C:\Users\Nathan\AppData\Local\Temp\cckghMNJ.s 			page 37


 2072 00ac 00BF     		nop
 2073 00ae 00BF     	nop
 2074 00b0 00BF     	nop
 2075 00b2 00BF     	nop
 2076 00b4 00BF     	nop
 2077              	@ 0 "" 2
 2078              	@ 256 "patchouli/src/patchouli_bsp_tx.c" 1
 2079 00b6 00BF     		nop
 2080 00b8 00BF     	nop
 2081 00ba 00BF     	nop
 2082 00bc 00BF     	nop
 2083 00be 00BF     	nop
 2084              	@ 0 "" 2
 2085              	@ 256 "patchouli/src/patchouli_bsp_tx.c" 1
 2086 00c0 00BF     		nop
 2087 00c2 00BF     	nop
 2088 00c4 00BF     	nop
 2089 00c6 00BF     	nop
 2090 00c8 00BF     	nop
 2091              	@ 0 "" 2
 2092              	@ 256 "patchouli/src/patchouli_bsp_tx.c" 1
 2093 00ca 00BF     		nop
 2094 00cc 00BF     	nop
 2095 00ce 00BF     	nop
 2096 00d0 00BF     	nop
 2097 00d2 00BF     	nop
 2098              	@ 0 "" 2
 2099              	@ 256 "patchouli/src/patchouli_bsp_tx.c" 1
 2100 00d4 00BF     		nop
 2101 00d6 00BF     	nop
 2102 00d8 00BF     	nop
 2103 00da 00BF     	nop
 2104 00dc 00BF     	nop
 2105              	@ 0 "" 2
 2106              	@ 256 "patchouli/src/patchouli_bsp_tx.c" 1
 2107 00de 00BF     		nop
 2108 00e0 00BF     	nop
 2109 00e2 00BF     	nop
 2110 00e4 00BF     	nop
 2111 00e6 00BF     	nop
 2112              	@ 0 "" 2
 2113              	@ 256 "patchouli/src/patchouli_bsp_tx.c" 1
 2114 00e8 00BF     		nop
 2115 00ea 00BF     	nop
 2116 00ec 00BF     	nop
 2117 00ee 00BF     	nop
 2118 00f0 00BF     	nop
 2119              	@ 0 "" 2
 2120              	@ 256 "patchouli/src/patchouli_bsp_tx.c" 1
 2121 00f2 00BF     		nop
 2122 00f4 00BF     	nop
 2123 00f6 00BF     	nop
 2124 00f8 00BF     	nop
 2125 00fa 00BF     	nop
 2126              	@ 0 "" 2
 2127              		.thumb
 2128              		.syntax unified
ARM GAS  C:\Users\Nathan\AppData\Local\Temp\cckghMNJ.s 			page 38


 2129 00fc 0133     		adds	r3, r3, #1
 2130 00fe 9BB2     		uxth	r3, r3
 2131              	.L47:
 2132 0100 9842     		cmp	r0, r3
 2133 0102 86D8     		bhi	.L48
 2134 0104 024A     		ldr	r2, .L49
 2135 0106 1368     		ldr	r3, [r2]
 2136 0108 23F44053 		bic	r3, r3, #12288
 2137 010c 1360     		str	r3, [r2]
 2138 010e 7047     		bx	lr
 2139              	.L50:
 2140              		.align	2
 2141              	.L49:
 2142 0110 00040048 		.word	1207960576
 2143 0114 00000000 		.word	patchouli_pen_pw100
 2145              		.section	.text._PW100_FSTEP_525,"ax",%progbits
 2146              		.align	1
 2147              		.global	_PW100_FSTEP_525
 2148              		.syntax unified
 2149              		.thumb
 2150              		.thumb_func
 2152              	_PW100_FSTEP_525:
 2153              		@ args = 0, pretend = 0, frame = 0
 2154              		@ frame_needed = 0, uses_anonymous_args = 0
 2155              		@ link register save eliminated.
 2156 0000 424A     		ldr	r2, .L54
 2157 0002 1368     		ldr	r3, [r2]
 2158 0004 43F48053 		orr	r3, r3, #4096
 2159 0008 1360     		str	r3, [r2]
 2160 000a 414B     		ldr	r3, .L54+4
 2161 000c 1889     		ldrh	r0, [r3, #8]
 2162 000e 0023     		movs	r3, #0
 2163 0010 74E0     		b	.L52
 2164              	.L53:
 2165 0012 3E4A     		ldr	r2, .L54
 2166 0014 4021     		movs	r1, #64
 2167 0016 9161     		str	r1, [r2, #24]
 2168              		.syntax unified
 2169              	@ 297 "patchouli/src/patchouli_bsp_tx.c" 1
 2170 0018 00BF     		nop
 2171 001a 00BF     	nop
 2172 001c 00BF     	nop
 2173 001e 00BF     	nop
 2174 0020 00BF     	nop
 2175              	@ 0 "" 2
 2176              	@ 297 "patchouli/src/patchouli_bsp_tx.c" 1
 2177 0022 00BF     		nop
 2178 0024 00BF     	nop
 2179 0026 00BF     	nop
 2180 0028 00BF     	nop
 2181 002a 00BF     	nop
 2182              	@ 0 "" 2
 2183              	@ 297 "patchouli/src/patchouli_bsp_tx.c" 1
 2184 002c 00BF     		nop
 2185 002e 00BF     	nop
 2186 0030 00BF     	nop
 2187 0032 00BF     	nop
ARM GAS  C:\Users\Nathan\AppData\Local\Temp\cckghMNJ.s 			page 39


 2188 0034 00BF     	nop
 2189              	@ 0 "" 2
 2190              	@ 297 "patchouli/src/patchouli_bsp_tx.c" 1
 2191 0036 00BF     		nop
 2192 0038 00BF     	nop
 2193 003a 00BF     	nop
 2194 003c 00BF     	nop
 2195 003e 00BF     	nop
 2196              	@ 0 "" 2
 2197              	@ 297 "patchouli/src/patchouli_bsp_tx.c" 1
 2198 0040 00BF     		nop
 2199 0042 00BF     	nop
 2200 0044 00BF     	nop
 2201 0046 00BF     	nop
 2202 0048 00BF     	nop
 2203              	@ 0 "" 2
 2204              	@ 297 "patchouli/src/patchouli_bsp_tx.c" 1
 2205 004a 00BF     		nop
 2206 004c 00BF     	nop
 2207 004e 00BF     	nop
 2208 0050 00BF     	nop
 2209 0052 00BF     	nop
 2210              	@ 0 "" 2
 2211              	@ 297 "patchouli/src/patchouli_bsp_tx.c" 1
 2212 0054 00BF     		nop
 2213 0056 00BF     	nop
 2214 0058 00BF     	nop
 2215 005a 00BF     	nop
 2216 005c 00BF     	nop
 2217              	@ 0 "" 2
 2218              	@ 297 "patchouli/src/patchouli_bsp_tx.c" 1
 2219 005e 00BF     		nop
 2220 0060 00BF     	nop
 2221 0062 00BF     	nop
 2222 0064 00BF     	nop
 2223 0066 00BF     	nop
 2224              	@ 0 "" 2
 2225              	@ 297 "patchouli/src/patchouli_bsp_tx.c" 1
 2226 0068 00BF     		nop
 2227 006a 00BF     	nop
 2228 006c 00BF     	nop
 2229 006e 00BF     	nop
 2230 0070 00BF     	nop
 2231              	@ 0 "" 2
 2232              	@ 297 "patchouli/src/patchouli_bsp_tx.c" 1
 2233 0072 00BF     		nop
 2234 0074 00BF     	nop
 2235 0076 00BF     	nop
 2236 0078 00BF     	nop
 2237 007a 00BF     	nop
 2238              	@ 0 "" 2
 2239              	@ 297 "patchouli/src/patchouli_bsp_tx.c" 1
 2240 007c 00BF     		nop
 2241 007e 00BF     	nop
 2242 0080 00BF     	nop
 2243 0082 00BF     	nop
 2244 0084 00BF     	nop
ARM GAS  C:\Users\Nathan\AppData\Local\Temp\cckghMNJ.s 			page 40


 2245              	@ 0 "" 2
 2246              	@ 297 "patchouli/src/patchouli_bsp_tx.c" 1
 2247 0086 00BF     		nop
 2248 0088 00BF     	nop
 2249 008a 00BF     	nop
 2250 008c 00BF     	nop
 2251 008e 00BF     	nop
 2252              	@ 0 "" 2
 2253              		.thumb
 2254              		.syntax unified
 2255 0090 4FF48001 		mov	r1, #4194304
 2256 0094 9161     		str	r1, [r2, #24]
 2257              		.syntax unified
 2258              	@ 300 "patchouli/src/patchouli_bsp_tx.c" 1
 2259 0096 00BF     		nop
 2260 0098 00BF     	nop
 2261 009a 00BF     	nop
 2262 009c 00BF     	nop
 2263 009e 00BF     	nop
 2264              	@ 0 "" 2
 2265              	@ 300 "patchouli/src/patchouli_bsp_tx.c" 1
 2266 00a0 00BF     		nop
 2267 00a2 00BF     	nop
 2268 00a4 00BF     	nop
 2269 00a6 00BF     	nop
 2270 00a8 00BF     	nop
 2271              	@ 0 "" 2
 2272              	@ 300 "patchouli/src/patchouli_bsp_tx.c" 1
 2273 00aa 00BF     		nop
 2274 00ac 00BF     	nop
 2275 00ae 00BF     	nop
 2276 00b0 00BF     	nop
 2277 00b2 00BF     	nop
 2278              	@ 0 "" 2
 2279              	@ 300 "patchouli/src/patchouli_bsp_tx.c" 1
 2280 00b4 00BF     		nop
 2281 00b6 00BF     	nop
 2282 00b8 00BF     	nop
 2283 00ba 00BF     	nop
 2284 00bc 00BF     	nop
 2285              	@ 0 "" 2
 2286              	@ 300 "patchouli/src/patchouli_bsp_tx.c" 1
 2287 00be 00BF     		nop
 2288 00c0 00BF     	nop
 2289 00c2 00BF     	nop
 2290 00c4 00BF     	nop
 2291 00c6 00BF     	nop
 2292              	@ 0 "" 2
 2293              	@ 300 "patchouli/src/patchouli_bsp_tx.c" 1
 2294 00c8 00BF     		nop
 2295 00ca 00BF     	nop
 2296 00cc 00BF     	nop
 2297 00ce 00BF     	nop
 2298 00d0 00BF     	nop
 2299              	@ 0 "" 2
 2300              	@ 300 "patchouli/src/patchouli_bsp_tx.c" 1
 2301 00d2 00BF     		nop
ARM GAS  C:\Users\Nathan\AppData\Local\Temp\cckghMNJ.s 			page 41


 2302 00d4 00BF     	nop
 2303 00d6 00BF     	nop
 2304 00d8 00BF     	nop
 2305 00da 00BF     	nop
 2306              	@ 0 "" 2
 2307              	@ 300 "patchouli/src/patchouli_bsp_tx.c" 1
 2308 00dc 00BF     		nop
 2309 00de 00BF     	nop
 2310 00e0 00BF     	nop
 2311 00e2 00BF     	nop
 2312 00e4 00BF     	nop
 2313              	@ 0 "" 2
 2314              	@ 301 "patchouli/src/patchouli_bsp_tx.c" 1
 2315 00e6 00BF     		nop
 2316 00e8 00BF     	nop
 2317 00ea 00BF     	nop
 2318 00ec 00BF     	nop
 2319 00ee 00BF     	nop
 2320              	@ 0 "" 2
 2321              	@ 302 "patchouli/src/patchouli_bsp_tx.c" 1
 2322 00f0 00BF     		nop
 2323              	@ 0 "" 2
 2324              	@ 303 "patchouli/src/patchouli_bsp_tx.c" 1
 2325 00f2 00BF     		nop
 2326              	@ 0 "" 2
 2327              	@ 304 "patchouli/src/patchouli_bsp_tx.c" 1
 2328 00f4 00BF     		nop
 2329              	@ 0 "" 2
 2330              	@ 305 "patchouli/src/patchouli_bsp_tx.c" 1
 2331 00f6 00BF     		nop
 2332              	@ 0 "" 2
 2333              		.thumb
 2334              		.syntax unified
 2335 00f8 0133     		adds	r3, r3, #1
 2336 00fa 9BB2     		uxth	r3, r3
 2337              	.L52:
 2338 00fc 9842     		cmp	r0, r3
 2339 00fe 88D8     		bhi	.L53
 2340 0100 024A     		ldr	r2, .L54
 2341 0102 1368     		ldr	r3, [r2]
 2342 0104 23F44053 		bic	r3, r3, #12288
 2343 0108 1360     		str	r3, [r2]
 2344 010a 7047     		bx	lr
 2345              	.L55:
 2346              		.align	2
 2347              	.L54:
 2348 010c 00040048 		.word	1207960576
 2349 0110 00000000 		.word	patchouli_pen_pw100
 2351              		.section	.text._PW100_FSTEP_545,"ax",%progbits
 2352              		.align	1
 2353              		.global	_PW100_FSTEP_545
 2354              		.syntax unified
 2355              		.thumb
 2356              		.thumb_func
 2358              	_PW100_FSTEP_545:
 2359              		@ args = 0, pretend = 0, frame = 0
 2360              		@ frame_needed = 0, uses_anonymous_args = 0
ARM GAS  C:\Users\Nathan\AppData\Local\Temp\cckghMNJ.s 			page 42


 2361              		@ link register save eliminated.
 2362 0000 404A     		ldr	r2, .L59
 2363 0002 1368     		ldr	r3, [r2]
 2364 0004 43F48053 		orr	r3, r3, #4096
 2365 0008 1360     		str	r3, [r2]
 2366 000a 3F4B     		ldr	r3, .L59+4
 2367 000c 1889     		ldrh	r0, [r3, #8]
 2368 000e 0023     		movs	r3, #0
 2369 0010 6FE0     		b	.L57
 2370              	.L58:
 2371 0012 3C4A     		ldr	r2, .L59
 2372 0014 4021     		movs	r1, #64
 2373 0016 9161     		str	r1, [r2, #24]
 2374              		.syntax unified
 2375              	@ 414 "patchouli/src/patchouli_bsp_tx.c" 1
 2376 0018 00BF     		nop
 2377 001a 00BF     	nop
 2378 001c 00BF     	nop
 2379 001e 00BF     	nop
 2380 0020 00BF     	nop
 2381              	@ 0 "" 2
 2382              	@ 414 "patchouli/src/patchouli_bsp_tx.c" 1
 2383 0022 00BF     		nop
 2384 0024 00BF     	nop
 2385 0026 00BF     	nop
 2386 0028 00BF     	nop
 2387 002a 00BF     	nop
 2388              	@ 0 "" 2
 2389              	@ 414 "patchouli/src/patchouli_bsp_tx.c" 1
 2390 002c 00BF     		nop
 2391 002e 00BF     	nop
 2392 0030 00BF     	nop
 2393 0032 00BF     	nop
 2394 0034 00BF     	nop
 2395              	@ 0 "" 2
 2396              	@ 414 "patchouli/src/patchouli_bsp_tx.c" 1
 2397 0036 00BF     		nop
 2398 0038 00BF     	nop
 2399 003a 00BF     	nop
 2400 003c 00BF     	nop
 2401 003e 00BF     	nop
 2402              	@ 0 "" 2
 2403              	@ 414 "patchouli/src/patchouli_bsp_tx.c" 1
 2404 0040 00BF     		nop
 2405 0042 00BF     	nop
 2406 0044 00BF     	nop
 2407 0046 00BF     	nop
 2408 0048 00BF     	nop
 2409              	@ 0 "" 2
 2410              	@ 414 "patchouli/src/patchouli_bsp_tx.c" 1
 2411 004a 00BF     		nop
 2412 004c 00BF     	nop
 2413 004e 00BF     	nop
 2414 0050 00BF     	nop
 2415 0052 00BF     	nop
 2416              	@ 0 "" 2
 2417              	@ 414 "patchouli/src/patchouli_bsp_tx.c" 1
ARM GAS  C:\Users\Nathan\AppData\Local\Temp\cckghMNJ.s 			page 43


 2418 0054 00BF     		nop
 2419 0056 00BF     	nop
 2420 0058 00BF     	nop
 2421 005a 00BF     	nop
 2422 005c 00BF     	nop
 2423              	@ 0 "" 2
 2424              	@ 414 "patchouli/src/patchouli_bsp_tx.c" 1
 2425 005e 00BF     		nop
 2426 0060 00BF     	nop
 2427 0062 00BF     	nop
 2428 0064 00BF     	nop
 2429 0066 00BF     	nop
 2430              	@ 0 "" 2
 2431              	@ 414 "patchouli/src/patchouli_bsp_tx.c" 1
 2432 0068 00BF     		nop
 2433 006a 00BF     	nop
 2434 006c 00BF     	nop
 2435 006e 00BF     	nop
 2436 0070 00BF     	nop
 2437              	@ 0 "" 2
 2438              	@ 414 "patchouli/src/patchouli_bsp_tx.c" 1
 2439 0072 00BF     		nop
 2440 0074 00BF     	nop
 2441 0076 00BF     	nop
 2442 0078 00BF     	nop
 2443 007a 00BF     	nop
 2444              	@ 0 "" 2
 2445              	@ 415 "patchouli/src/patchouli_bsp_tx.c" 1
 2446 007c 00BF     		nop
 2447 007e 00BF     	nop
 2448 0080 00BF     	nop
 2449 0082 00BF     	nop
 2450 0084 00BF     	nop
 2451              	@ 0 "" 2
 2452              	@ 416 "patchouli/src/patchouli_bsp_tx.c" 1
 2453 0086 00BF     		nop
 2454              	@ 0 "" 2
 2455              	@ 417 "patchouli/src/patchouli_bsp_tx.c" 1
 2456 0088 00BF     		nop
 2457              	@ 0 "" 2
 2458              		.thumb
 2459              		.syntax unified
 2460 008a 4FF48001 		mov	r1, #4194304
 2461 008e 9161     		str	r1, [r2, #24]
 2462              		.syntax unified
 2463              	@ 420 "patchouli/src/patchouli_bsp_tx.c" 1
 2464 0090 00BF     		nop
 2465 0092 00BF     	nop
 2466 0094 00BF     	nop
 2467 0096 00BF     	nop
 2468 0098 00BF     	nop
 2469              	@ 0 "" 2
 2470              	@ 420 "patchouli/src/patchouli_bsp_tx.c" 1
 2471 009a 00BF     		nop
 2472 009c 00BF     	nop
 2473 009e 00BF     	nop
 2474 00a0 00BF     	nop
ARM GAS  C:\Users\Nathan\AppData\Local\Temp\cckghMNJ.s 			page 44


 2475 00a2 00BF     	nop
 2476              	@ 0 "" 2
 2477              	@ 420 "patchouli/src/patchouli_bsp_tx.c" 1
 2478 00a4 00BF     		nop
 2479 00a6 00BF     	nop
 2480 00a8 00BF     	nop
 2481 00aa 00BF     	nop
 2482 00ac 00BF     	nop
 2483              	@ 0 "" 2
 2484              	@ 420 "patchouli/src/patchouli_bsp_tx.c" 1
 2485 00ae 00BF     		nop
 2486 00b0 00BF     	nop
 2487 00b2 00BF     	nop
 2488 00b4 00BF     	nop
 2489 00b6 00BF     	nop
 2490              	@ 0 "" 2
 2491              	@ 420 "patchouli/src/patchouli_bsp_tx.c" 1
 2492 00b8 00BF     		nop
 2493 00ba 00BF     	nop
 2494 00bc 00BF     	nop
 2495 00be 00BF     	nop
 2496 00c0 00BF     	nop
 2497              	@ 0 "" 2
 2498              	@ 420 "patchouli/src/patchouli_bsp_tx.c" 1
 2499 00c2 00BF     		nop
 2500 00c4 00BF     	nop
 2501 00c6 00BF     	nop
 2502 00c8 00BF     	nop
 2503 00ca 00BF     	nop
 2504              	@ 0 "" 2
 2505              	@ 420 "patchouli/src/patchouli_bsp_tx.c" 1
 2506 00cc 00BF     		nop
 2507 00ce 00BF     	nop
 2508 00d0 00BF     	nop
 2509 00d2 00BF     	nop
 2510 00d4 00BF     	nop
 2511              	@ 0 "" 2
 2512              	@ 420 "patchouli/src/patchouli_bsp_tx.c" 1
 2513 00d6 00BF     		nop
 2514 00d8 00BF     	nop
 2515 00da 00BF     	nop
 2516 00dc 00BF     	nop
 2517 00de 00BF     	nop
 2518              	@ 0 "" 2
 2519              	@ 421 "patchouli/src/patchouli_bsp_tx.c" 1
 2520 00e0 00BF     		nop
 2521 00e2 00BF     	nop
 2522 00e4 00BF     	nop
 2523 00e6 00BF     	nop
 2524 00e8 00BF     	nop
 2525              	@ 0 "" 2
 2526              	@ 422 "patchouli/src/patchouli_bsp_tx.c" 1
 2527 00ea 00BF     		nop
 2528              	@ 0 "" 2
 2529              	@ 423 "patchouli/src/patchouli_bsp_tx.c" 1
 2530 00ec 00BF     		nop
 2531              	@ 0 "" 2
ARM GAS  C:\Users\Nathan\AppData\Local\Temp\cckghMNJ.s 			page 45


 2532              		.thumb
 2533              		.syntax unified
 2534 00ee 0133     		adds	r3, r3, #1
 2535 00f0 9BB2     		uxth	r3, r3
 2536              	.L57:
 2537 00f2 9842     		cmp	r0, r3
 2538 00f4 8DD8     		bhi	.L58
 2539 00f6 034A     		ldr	r2, .L59
 2540 00f8 1368     		ldr	r3, [r2]
 2541 00fa 23F44053 		bic	r3, r3, #12288
 2542 00fe 1360     		str	r3, [r2]
 2543 0100 7047     		bx	lr
 2544              	.L60:
 2545 0102 00BF     		.align	2
 2546              	.L59:
 2547 0104 00040048 		.word	1207960576
 2548 0108 00000000 		.word	patchouli_pen_pw100
 2550              		.global	patchouli_pen_pw100
 2551              		.section	.data.patchouli_pen_pw100,"aw"
 2552              		.align	2
 2555              	patchouli_pen_pw100:
 2556 0000 E001     		.short	480
 2557 0002 2602     		.short	550
 2558 0004 0A00     		.short	10
 2559 0006 08       		.byte	8
 2560 0007 00       		.space	1
 2561 0008 3200     		.short	50
 2562 000a 0000     		.space	2
 2563 000c 0024744C 		.word	1282679808
 2564 0010 00000000 		.word	patchouli_tx_fptr_table
 2565              		.global	patchouli_tx_fptr_table
 2566              		.section	.data.patchouli_tx_fptr_table,"aw"
 2567              		.align	2
 2570              	patchouli_tx_fptr_table:
 2571 0000 00000000 		.word	_PW100_FSTEP_480
 2572 0004 00000000 		.word	_PW100_FSTEP_490
 2573 0008 00000000 		.word	_PW100_FSTEP_510
 2574 000c 00000000 		.word	_PW100_FSTEP_520
 2575 0010 00000000 		.word	_PW100_FSTEP_530
 2576 0014 00000000 		.word	_PW100_FSTEP_535
 2577 0018 00000000 		.word	_PW100_FSTEP_540
 2578 001c 00000000 		.word	_PW100_FSTEP_550
 2579              		.ident	"GCC: (xPack GNU Arm Embedded GCC x86_64) 15.2.1 20251203"
ARM GAS  C:\Users\Nathan\AppData\Local\Temp\cckghMNJ.s 			page 46


DEFINED SYMBOLS
                            *ABS*:00000000 patchouli_bsp_tx.c
C:\Users\Nathan\AppData\Local\Temp\cckghMNJ.s:18     .text._PW100_FSTEP_480:00000000 $t
C:\Users\Nathan\AppData\Local\Temp\cckghMNJ.s:24     .text._PW100_FSTEP_480:00000000 _PW100_FSTEP_480
C:\Users\Nathan\AppData\Local\Temp\cckghMNJ.s:252    .text._PW100_FSTEP_480:00000140 $d
C:\Users\Nathan\AppData\Local\Temp\cckghMNJ.s:2555   .data.patchouli_pen_pw100:00000000 patchouli_pen_pw100
C:\Users\Nathan\AppData\Local\Temp\cckghMNJ.s:256    .text._PW100_FSTEP_490:00000000 $t
C:\Users\Nathan\AppData\Local\Temp\cckghMNJ.s:262    .text._PW100_FSTEP_490:00000000 _PW100_FSTEP_490
C:\Users\Nathan\AppData\Local\Temp\cckghMNJ.s:484    .text._PW100_FSTEP_490:0000013c $d
C:\Users\Nathan\AppData\Local\Temp\cckghMNJ.s:488    .text._PW100_FSTEP_510:00000000 $t
C:\Users\Nathan\AppData\Local\Temp\cckghMNJ.s:494    .text._PW100_FSTEP_510:00000000 _PW100_FSTEP_510
C:\Users\Nathan\AppData\Local\Temp\cckghMNJ.s:694    .text._PW100_FSTEP_510:00000114 $d
C:\Users\Nathan\AppData\Local\Temp\cckghMNJ.s:698    .text._PW100_FSTEP_520:00000000 $t
C:\Users\Nathan\AppData\Local\Temp\cckghMNJ.s:704    .text._PW100_FSTEP_520:00000000 _PW100_FSTEP_520
C:\Users\Nathan\AppData\Local\Temp\cckghMNJ.s:895    .text._PW100_FSTEP_520:00000110 $d
C:\Users\Nathan\AppData\Local\Temp\cckghMNJ.s:899    .text._PW100_FSTEP_530:00000000 $t
C:\Users\Nathan\AppData\Local\Temp\cckghMNJ.s:905    .text._PW100_FSTEP_530:00000000 _PW100_FSTEP_530
C:\Users\Nathan\AppData\Local\Temp\cckghMNJ.s:1103   .text._PW100_FSTEP_530:00000108 $d
C:\Users\Nathan\AppData\Local\Temp\cckghMNJ.s:1107   .text._PW100_FSTEP_535:00000000 $t
C:\Users\Nathan\AppData\Local\Temp\cckghMNJ.s:1113   .text._PW100_FSTEP_535:00000000 _PW100_FSTEP_535
C:\Users\Nathan\AppData\Local\Temp\cckghMNJ.s:1308   .text._PW100_FSTEP_535:00000108 $d
C:\Users\Nathan\AppData\Local\Temp\cckghMNJ.s:1312   .text._PW100_FSTEP_540:00000000 $t
C:\Users\Nathan\AppData\Local\Temp\cckghMNJ.s:1318   .text._PW100_FSTEP_540:00000000 _PW100_FSTEP_540
C:\Users\Nathan\AppData\Local\Temp\cckghMNJ.s:1510   .text._PW100_FSTEP_540:00000104 $d
C:\Users\Nathan\AppData\Local\Temp\cckghMNJ.s:1514   .text._PW100_FSTEP_550:00000000 $t
C:\Users\Nathan\AppData\Local\Temp\cckghMNJ.s:1520   .text._PW100_FSTEP_550:00000000 _PW100_FSTEP_550
C:\Users\Nathan\AppData\Local\Temp\cckghMNJ.s:1709   .text._PW100_FSTEP_550:00000104 $d
C:\Users\Nathan\AppData\Local\Temp\cckghMNJ.s:1713   .text._PW100_FSTEP_500:00000000 $t
C:\Users\Nathan\AppData\Local\Temp\cckghMNJ.s:1719   .text._PW100_FSTEP_500:00000000 _PW100_FSTEP_500
C:\Users\Nathan\AppData\Local\Temp\cckghMNJ.s:1938   .text._PW100_FSTEP_500:00000138 $d
C:\Users\Nathan\AppData\Local\Temp\cckghMNJ.s:1942   .text._PW100_FSTEP_515:00000000 $t
C:\Users\Nathan\AppData\Local\Temp\cckghMNJ.s:1948   .text._PW100_FSTEP_515:00000000 _PW100_FSTEP_515
C:\Users\Nathan\AppData\Local\Temp\cckghMNJ.s:2142   .text._PW100_FSTEP_515:00000110 $d
C:\Users\Nathan\AppData\Local\Temp\cckghMNJ.s:2146   .text._PW100_FSTEP_525:00000000 $t
C:\Users\Nathan\AppData\Local\Temp\cckghMNJ.s:2152   .text._PW100_FSTEP_525:00000000 _PW100_FSTEP_525
C:\Users\Nathan\AppData\Local\Temp\cckghMNJ.s:2348   .text._PW100_FSTEP_525:0000010c $d
C:\Users\Nathan\AppData\Local\Temp\cckghMNJ.s:2352   .text._PW100_FSTEP_545:00000000 $t
C:\Users\Nathan\AppData\Local\Temp\cckghMNJ.s:2358   .text._PW100_FSTEP_545:00000000 _PW100_FSTEP_545
C:\Users\Nathan\AppData\Local\Temp\cckghMNJ.s:2547   .text._PW100_FSTEP_545:00000104 $d
C:\Users\Nathan\AppData\Local\Temp\cckghMNJ.s:2552   .data.patchouli_pen_pw100:00000000 $d
C:\Users\Nathan\AppData\Local\Temp\cckghMNJ.s:2570   .data.patchouli_tx_fptr_table:00000000 patchouli_tx_fptr_table
C:\Users\Nathan\AppData\Local\Temp\cckghMNJ.s:2567   .data.patchouli_tx_fptr_table:00000000 $d

NO UNDEFINED SYMBOLS
