ARM GAS  C:\Users\Nathan\AppData\Local\Temp\ccGT2ZTc.s 			page 1


   1              		.cpu cortex-m4
   2              		.arch armv7e-m
   3              		.fpu fpv4-sp-d16
   4              		.eabi_attribute 27, 1
   5              		.eabi_attribute 28, 1
   6              		.eabi_attribute 20, 1
   7              		.eabi_attribute 21, 1
   8              		.eabi_attribute 23, 3
   9              		.eabi_attribute 24, 1
  10              		.eabi_attribute 25, 1
  11              		.eabi_attribute 26, 1
  12              		.eabi_attribute 30, 1
  13              		.eabi_attribute 34, 1
  14              		.eabi_attribute 18, 4
  15              		.file	"stm32wbxx_hal_rtc_ex.c"
  16              		.text
  17              		.section	.text.HAL_RTCEx_SetTimeStamp,"ax",%progbits
  18              		.align	1
  19              		.global	HAL_RTCEx_SetTimeStamp
  20              		.syntax unified
  21              		.thumb
  22              		.thumb_func
  24              	HAL_RTCEx_SetTimeStamp:
  25              		@ args = 0, pretend = 0, frame = 0
  26              		@ frame_needed = 0, uses_anonymous_args = 0
  27              		@ link register save eliminated.
  28 0000 90F82020 		ldrb	r2, [r0, #32]	@ zero_extendqisi2
  29 0004 012A     		cmp	r2, #1
  30 0006 33D0     		beq	.L3
  31 0008 10B4     		push	{r4}
  32 000a 0346     		mov	r3, r0
  33 000c 0120     		movs	r0, #1
  34 000e 83F82000 		strb	r0, [r3, #32]
  35 0012 0222     		movs	r2, #2
  36 0014 83F82120 		strb	r2, [r3, #33]
  37 0018 D3F800C0 		ldr	ip, [r3]
  38 001c DCF80820 		ldr	r2, [ip, #8]
  39 0020 22F40062 		bic	r2, r2, #2048
  40 0024 22F00802 		bic	r2, r2, #8
  41 0028 0A43     		orrs	r2, r2, r1
  42 002a CA21     		movs	r1, #202
  43 002c CCF82410 		str	r1, [ip, #36]
  44 0030 5321     		movs	r1, #83
  45 0032 1C68     		ldr	r4, [r3]
  46 0034 6162     		str	r1, [r4, #36]
  47 0036 1968     		ldr	r1, [r3]
  48 0038 8A60     		str	r2, [r1, #8]
  49 003a 1968     		ldr	r1, [r3]
  50 003c CA68     		ldr	r2, [r1, #12]
  51 003e D2B2     		uxtb	r2, r2
  52 0040 62F40862 		orn	r2, r2, #2176
  53 0044 CA60     		str	r2, [r1, #12]
  54 0046 1968     		ldr	r1, [r3]
  55 0048 CA68     		ldr	r2, [r1, #12]
  56 004a D2B2     		uxtb	r2, r2
  57 004c 62F48452 		orn	r2, r2, #4224
  58 0050 CA60     		str	r2, [r1, #12]
ARM GAS  C:\Users\Nathan\AppData\Local\Temp\ccGT2ZTc.s 			page 2


  59 0052 1968     		ldr	r1, [r3]
  60 0054 8A68     		ldr	r2, [r1, #8]
  61 0056 42F40062 		orr	r2, r2, #2048
  62 005a 8A60     		str	r2, [r1, #8]
  63 005c 1A68     		ldr	r2, [r3]
  64 005e FF21     		movs	r1, #255
  65 0060 5162     		str	r1, [r2, #36]
  66 0062 83F82100 		strb	r0, [r3, #33]
  67 0066 0020     		movs	r0, #0
  68 0068 83F82000 		strb	r0, [r3, #32]
  69 006c 10BC     		pop	{r4}
  70 006e 7047     		bx	lr
  71              	.L3:
  72 0070 0220     		movs	r0, #2
  73 0072 7047     		bx	lr
  75              		.section	.text.HAL_RTCEx_SetTimeStamp_IT,"ax",%progbits
  76              		.align	1
  77              		.global	HAL_RTCEx_SetTimeStamp_IT
  78              		.syntax unified
  79              		.thumb
  80              		.thumb_func
  82              	HAL_RTCEx_SetTimeStamp_IT:
  83              		@ args = 0, pretend = 0, frame = 0
  84              		@ frame_needed = 0, uses_anonymous_args = 0
  85              		@ link register save eliminated.
  86 0000 90F82020 		ldrb	r2, [r0, #32]	@ zero_extendqisi2
  87 0004 012A     		cmp	r2, #1
  88 0006 43D0     		beq	.L10
  89 0008 10B4     		push	{r4}
  90 000a 0346     		mov	r3, r0
  91 000c 0120     		movs	r0, #1
  92 000e 83F82000 		strb	r0, [r3, #32]
  93 0012 0222     		movs	r2, #2
  94 0014 83F82120 		strb	r2, [r3, #33]
  95 0018 D3F800C0 		ldr	ip, [r3]
  96 001c DCF80820 		ldr	r2, [ip, #8]
  97 0020 22F40062 		bic	r2, r2, #2048
  98 0024 22F00802 		bic	r2, r2, #8
  99 0028 0A43     		orrs	r2, r2, r1
 100 002a CA21     		movs	r1, #202
 101 002c CCF82410 		str	r1, [ip, #36]
 102 0030 5321     		movs	r1, #83
 103 0032 1C68     		ldr	r4, [r3]
 104 0034 6162     		str	r1, [r4, #36]
 105 0036 1968     		ldr	r1, [r3]
 106 0038 8A60     		str	r2, [r1, #8]
 107 003a 1968     		ldr	r1, [r3]
 108 003c CA68     		ldr	r2, [r1, #12]
 109 003e D2B2     		uxtb	r2, r2
 110 0040 62F40862 		orn	r2, r2, #2176
 111 0044 CA60     		str	r2, [r1, #12]
 112 0046 1968     		ldr	r1, [r3]
 113 0048 CA68     		ldr	r2, [r1, #12]
 114 004a D2B2     		uxtb	r2, r2
 115 004c 62F48452 		orn	r2, r2, #4224
 116 0050 CA60     		str	r2, [r1, #12]
 117 0052 1968     		ldr	r1, [r3]
ARM GAS  C:\Users\Nathan\AppData\Local\Temp\ccGT2ZTc.s 			page 3


 118 0054 8A68     		ldr	r2, [r1, #8]
 119 0056 42F40062 		orr	r2, r2, #2048
 120 005a 8A60     		str	r2, [r1, #8]
 121 005c 1968     		ldr	r1, [r3]
 122 005e 8A68     		ldr	r2, [r1, #8]
 123 0060 42F40042 		orr	r2, r2, #32768
 124 0064 8A60     		str	r2, [r1, #8]
 125 0066 1A68     		ldr	r2, [r3]
 126 0068 FF21     		movs	r1, #255
 127 006a 5162     		str	r1, [r2, #36]
 128 006c 094A     		ldr	r2, .L15
 129 006e D2F88010 		ldr	r1, [r2, #128]
 130 0072 41F48021 		orr	r1, r1, #262144
 131 0076 C2F88010 		str	r1, [r2, #128]
 132 007a 1168     		ldr	r1, [r2]
 133 007c 41F48021 		orr	r1, r1, #262144
 134 0080 1160     		str	r1, [r2]
 135 0082 83F82100 		strb	r0, [r3, #33]
 136 0086 0020     		movs	r0, #0
 137 0088 83F82000 		strb	r0, [r3, #32]
 138 008c 10BC     		pop	{r4}
 139 008e 7047     		bx	lr
 140              	.L10:
 141 0090 0220     		movs	r0, #2
 142 0092 7047     		bx	lr
 143              	.L16:
 144              		.align	2
 145              	.L15:
 146 0094 00080058 		.word	1476397056
 148              		.section	.text.HAL_RTCEx_DeactivateTimeStamp,"ax",%progbits
 149              		.align	1
 150              		.global	HAL_RTCEx_DeactivateTimeStamp
 151              		.syntax unified
 152              		.thumb
 153              		.thumb_func
 155              	HAL_RTCEx_DeactivateTimeStamp:
 156              		@ args = 0, pretend = 0, frame = 0
 157              		@ frame_needed = 0, uses_anonymous_args = 0
 158              		@ link register save eliminated.
 159 0000 0346     		mov	r3, r0
 160 0002 90F82020 		ldrb	r2, [r0, #32]	@ zero_extendqisi2
 161 0006 012A     		cmp	r2, #1
 162 0008 20D0     		beq	.L19
 163 000a 0121     		movs	r1, #1
 164 000c 80F82010 		strb	r1, [r0, #32]
 165 0010 0222     		movs	r2, #2
 166 0012 80F82120 		strb	r2, [r0, #33]
 167 0016 0268     		ldr	r2, [r0]
 168 0018 CA20     		movs	r0, #202
 169 001a 5062     		str	r0, [r2, #36]
 170 001c 1A68     		ldr	r2, [r3]
 171 001e 5320     		movs	r0, #83
 172 0020 5062     		str	r0, [r2, #36]
 173 0022 1868     		ldr	r0, [r3]
 174 0024 8268     		ldr	r2, [r0, #8]
 175 0026 22F40042 		bic	r2, r2, #32768
 176 002a 8260     		str	r2, [r0, #8]
ARM GAS  C:\Users\Nathan\AppData\Local\Temp\ccGT2ZTc.s 			page 4


 177 002c 1868     		ldr	r0, [r3]
 178 002e 8268     		ldr	r2, [r0, #8]
 179 0030 22F40062 		bic	r2, r2, #2048
 180 0034 22F00802 		bic	r2, r2, #8
 181 0038 8260     		str	r2, [r0, #8]
 182 003a 1A68     		ldr	r2, [r3]
 183 003c FF20     		movs	r0, #255
 184 003e 5062     		str	r0, [r2, #36]
 185 0040 83F82110 		strb	r1, [r3, #33]
 186 0044 0020     		movs	r0, #0
 187 0046 83F82000 		strb	r0, [r3, #32]
 188 004a 7047     		bx	lr
 189              	.L19:
 190 004c 0220     		movs	r0, #2
 191 004e 7047     		bx	lr
 193              		.section	.text.HAL_RTCEx_SetInternalTimeStamp,"ax",%progbits
 194              		.align	1
 195              		.global	HAL_RTCEx_SetInternalTimeStamp
 196              		.syntax unified
 197              		.thumb
 198              		.thumb_func
 200              	HAL_RTCEx_SetInternalTimeStamp:
 201              		@ args = 0, pretend = 0, frame = 0
 202              		@ frame_needed = 0, uses_anonymous_args = 0
 203              		@ link register save eliminated.
 204 0000 0346     		mov	r3, r0
 205 0002 90F82020 		ldrb	r2, [r0, #32]	@ zero_extendqisi2
 206 0006 012A     		cmp	r2, #1
 207 0008 22D0     		beq	.L22
 208 000a 0120     		movs	r0, #1
 209 000c 83F82000 		strb	r0, [r3, #32]
 210 0010 0222     		movs	r2, #2
 211 0012 83F82120 		strb	r2, [r3, #33]
 212 0016 1A68     		ldr	r2, [r3]
 213 0018 CA21     		movs	r1, #202
 214 001a 5162     		str	r1, [r2, #36]
 215 001c 1A68     		ldr	r2, [r3]
 216 001e 5321     		movs	r1, #83
 217 0020 5162     		str	r1, [r2, #36]
 218 0022 D3F800C0 		ldr	ip, [r3]
 219 0026 DCF80C10 		ldr	r1, [ip, #12]
 220 002a C9B2     		uxtb	r1, r1
 221 002c 094A     		ldr	r2, .L23
 222 002e 0A43     		orrs	r2, r2, r1
 223 0030 CCF80C20 		str	r2, [ip, #12]
 224 0034 1968     		ldr	r1, [r3]
 225 0036 8A68     		ldr	r2, [r1, #8]
 226 0038 42F08072 		orr	r2, r2, #16777216
 227 003c 8A60     		str	r2, [r1, #8]
 228 003e 1A68     		ldr	r2, [r3]
 229 0040 FF21     		movs	r1, #255
 230 0042 5162     		str	r1, [r2, #36]
 231 0044 83F82100 		strb	r0, [r3, #33]
 232 0048 0020     		movs	r0, #0
 233 004a 83F82000 		strb	r0, [r3, #32]
 234 004e 7047     		bx	lr
 235              	.L22:
ARM GAS  C:\Users\Nathan\AppData\Local\Temp\ccGT2ZTc.s 			page 5


 236 0050 0220     		movs	r0, #2
 237 0052 7047     		bx	lr
 238              	.L24:
 239              		.align	2
 240              	.L23:
 241 0054 7FFFFDFF 		.word	-131201
 243              		.section	.text.HAL_RTCEx_DeactivateInternalTimeStamp,"ax",%progbits
 244              		.align	1
 245              		.global	HAL_RTCEx_DeactivateInternalTimeStamp
 246              		.syntax unified
 247              		.thumb
 248              		.thumb_func
 250              	HAL_RTCEx_DeactivateInternalTimeStamp:
 251              		@ args = 0, pretend = 0, frame = 0
 252              		@ frame_needed = 0, uses_anonymous_args = 0
 253              		@ link register save eliminated.
 254 0000 90F82030 		ldrb	r3, [r0, #32]	@ zero_extendqisi2
 255 0004 012B     		cmp	r3, #1
 256 0006 1AD0     		beq	.L27
 257 0008 0122     		movs	r2, #1
 258 000a 80F82020 		strb	r2, [r0, #32]
 259 000e 0223     		movs	r3, #2
 260 0010 80F82130 		strb	r3, [r0, #33]
 261 0014 0368     		ldr	r3, [r0]
 262 0016 CA21     		movs	r1, #202
 263 0018 5962     		str	r1, [r3, #36]
 264 001a 0368     		ldr	r3, [r0]
 265 001c 5321     		movs	r1, #83
 266 001e 5962     		str	r1, [r3, #36]
 267 0020 0168     		ldr	r1, [r0]
 268 0022 8B68     		ldr	r3, [r1, #8]
 269 0024 23F08073 		bic	r3, r3, #16777216
 270 0028 8B60     		str	r3, [r1, #8]
 271 002a 0368     		ldr	r3, [r0]
 272 002c FF21     		movs	r1, #255
 273 002e 5962     		str	r1, [r3, #36]
 274 0030 80F82120 		strb	r2, [r0, #33]
 275 0034 0023     		movs	r3, #0
 276 0036 80F82030 		strb	r3, [r0, #32]
 277 003a 1846     		mov	r0, r3
 278 003c 7047     		bx	lr
 279              	.L27:
 280 003e 0220     		movs	r0, #2
 281 0040 7047     		bx	lr
 283              		.section	.text.HAL_RTCEx_GetTimeStamp,"ax",%progbits
 284              		.align	1
 285              		.global	HAL_RTCEx_GetTimeStamp
 286              		.syntax unified
 287              		.thumb
 288              		.thumb_func
 290              	HAL_RTCEx_GetTimeStamp:
 291              		@ args = 0, pretend = 0, frame = 0
 292              		@ frame_needed = 0, uses_anonymous_args = 0
 293 0000 70B5     		push	{r4, r5, r6, lr}
 294 0002 0646     		mov	r6, r0
 295 0004 0C46     		mov	r4, r1
 296 0006 1546     		mov	r5, r2
ARM GAS  C:\Users\Nathan\AppData\Local\Temp\ccGT2ZTc.s 			page 6


 297 0008 0168     		ldr	r1, [r0]
 298 000a 0A6B     		ldr	r2, [r1, #48]
 299 000c 496B     		ldr	r1, [r1, #52]
 300 000e C2F30540 		ubfx	r0, r2, #16, #6
 301 0012 2070     		strb	r0, [r4]
 302 0014 C2F30620 		ubfx	r0, r2, #8, #7
 303 0018 6070     		strb	r0, [r4, #1]
 304 001a 02F07F00 		and	r0, r2, #127
 305 001e A070     		strb	r0, [r4, #2]
 306 0020 C2F38052 		ubfx	r2, r2, #22, #1
 307 0024 E270     		strb	r2, [r4, #3]
 308 0026 3268     		ldr	r2, [r6]
 309 0028 926B     		ldr	r2, [r2, #56]
 310 002a 6260     		str	r2, [r4, #4]
 311 002c 0022     		movs	r2, #0
 312 002e EA70     		strb	r2, [r5, #3]
 313 0030 C1F30422 		ubfx	r2, r1, #8, #5
 314 0034 6A70     		strb	r2, [r5, #1]
 315 0036 01F03F02 		and	r2, r1, #63
 316 003a AA70     		strb	r2, [r5, #2]
 317 003c C1F34231 		ubfx	r1, r1, #13, #3
 318 0040 2970     		strb	r1, [r5]
 319 0042 6BB1     		cbz	r3, .L31
 320              	.L29:
 321 0044 3168     		ldr	r1, [r6]
 322 0046 CA68     		ldr	r2, [r1, #12]
 323 0048 D2B2     		uxtb	r2, r2
 324 004a 124B     		ldr	r3, .L32
 325 004c 1343     		orrs	r3, r3, r2
 326 004e CB60     		str	r3, [r1, #12]
 327 0050 3268     		ldr	r2, [r6]
 328 0052 D368     		ldr	r3, [r2, #12]
 329 0054 DBB2     		uxtb	r3, r3
 330 0056 63F40863 		orn	r3, r3, #2176
 331 005a D360     		str	r3, [r2, #12]
 332 005c 0020     		movs	r0, #0
 333 005e 70BD     		pop	{r4, r5, r6, pc}
 334              	.L31:
 335 0060 2078     		ldrb	r0, [r4]	@ zero_extendqisi2
 336 0062 FFF7FEFF 		bl	RTC_Bcd2ToByte
 337 0066 2070     		strb	r0, [r4]
 338 0068 6078     		ldrb	r0, [r4, #1]	@ zero_extendqisi2
 339 006a FFF7FEFF 		bl	RTC_Bcd2ToByte
 340 006e 6070     		strb	r0, [r4, #1]
 341 0070 A078     		ldrb	r0, [r4, #2]	@ zero_extendqisi2
 342 0072 FFF7FEFF 		bl	RTC_Bcd2ToByte
 343 0076 A070     		strb	r0, [r4, #2]
 344 0078 6878     		ldrb	r0, [r5, #1]	@ zero_extendqisi2
 345 007a FFF7FEFF 		bl	RTC_Bcd2ToByte
 346 007e 6870     		strb	r0, [r5, #1]
 347 0080 A878     		ldrb	r0, [r5, #2]	@ zero_extendqisi2
 348 0082 FFF7FEFF 		bl	RTC_Bcd2ToByte
 349 0086 A870     		strb	r0, [r5, #2]
 350 0088 2878     		ldrb	r0, [r5]	@ zero_extendqisi2
 351 008a FFF7FEFF 		bl	RTC_Bcd2ToByte
 352 008e 2870     		strb	r0, [r5]
 353 0090 D8E7     		b	.L29
ARM GAS  C:\Users\Nathan\AppData\Local\Temp\ccGT2ZTc.s 			page 7


 354              	.L33:
 355 0092 00BF     		.align	2
 356              	.L32:
 357 0094 7FFFFDFF 		.word	-131201
 359              		.section	.text.HAL_RTCEx_SetTamper,"ax",%progbits
 360              		.align	1
 361              		.global	HAL_RTCEx_SetTamper
 362              		.syntax unified
 363              		.thumb
 364              		.thumb_func
 366              	HAL_RTCEx_SetTamper:
 367              		@ args = 0, pretend = 0, frame = 0
 368              		@ frame_needed = 0, uses_anonymous_args = 0
 369 0000 90F82030 		ldrb	r3, [r0, #32]	@ zero_extendqisi2
 370 0004 012B     		cmp	r3, #1
 371 0006 00F08180 		beq	.L53
 372 000a 10B5     		push	{r4, lr}
 373 000c 8446     		mov	ip, r0
 374 000e 0123     		movs	r3, #1
 375 0010 80F82030 		strb	r3, [r0, #32]
 376 0014 0223     		movs	r3, #2
 377 0016 80F82130 		strb	r3, [r0, #33]
 378 001a 0068     		ldr	r0, [r0]
 379 001c 036C     		ldr	r3, [r0, #64]
 380 001e D1F800E0 		ldr	lr, [r1]
 381 0022 4EEA0303 		orr	r3, lr, r3
 382 0026 8A68     		ldr	r2, [r1, #8]
 383 0028 022A     		cmp	r2, #2
 384 002a 4CD0     		beq	.L58
 385 002c 23EA4E03 		bic	r3, r3, lr, lsl #1
 386              	.L37:
 387 0030 CA68     		ldr	r2, [r1, #12]
 388 0032 002A     		cmp	r2, #0
 389 0034 4AD0     		beq	.L38
 390 0036 1EF0010F 		tst	lr, #1
 391 003a 01D0     		beq	.L39
 392 003c 43F40033 		orr	r3, r3, #131072
 393              	.L39:
 394 0040 1EF0080F 		tst	lr, #8
 395 0044 01D0     		beq	.L40
 396 0046 43F48013 		orr	r3, r3, #1048576
 397              	.L40:
 398 004a 1EF0200F 		tst	lr, #32
 399 004e 01D0     		beq	.L41
 400 0050 43F40003 		orr	r3, r3, #8388608
 401              	.L41:
 402 0054 0A69     		ldr	r2, [r1, #16]
 403 0056 002A     		cmp	r2, #0
 404 0058 48D0     		beq	.L44
 405 005a 1EF0010F 		tst	lr, #1
 406 005e 01D0     		beq	.L45
 407 0060 43F48023 		orr	r3, r3, #262144
 408              	.L45:
 409 0064 1EF0080F 		tst	lr, #8
 410 0068 01D0     		beq	.L46
 411 006a 43F40013 		orr	r3, r3, #2097152
 412              	.L46:
ARM GAS  C:\Users\Nathan\AppData\Local\Temp\ccGT2ZTc.s 			page 8


 413 006e 1EF0200F 		tst	lr, #32
 414 0072 01D0     		beq	.L47
 415 0074 43F08073 		orr	r3, r3, #16777216
 416              	.L47:
 417 0078 23F47F42 		bic	r2, r3, #65280
 418 007c 22F08002 		bic	r2, r2, #128
 419 0080 4B69     		ldr	r3, [r1, #20]
 420 0082 8C69     		ldr	r4, [r1, #24]
 421 0084 2343     		orrs	r3, r3, r4
 422 0086 CC69     		ldr	r4, [r1, #28]
 423 0088 2343     		orrs	r3, r3, r4
 424 008a 0C6A     		ldr	r4, [r1, #32]
 425 008c 2343     		orrs	r3, r3, r4
 426 008e 496A     		ldr	r1, [r1, #36]
 427 0090 0B43     		orrs	r3, r3, r1
 428 0092 1343     		orrs	r3, r3, r2
 429 0094 1EF0010F 		tst	lr, #1
 430 0098 01D0     		beq	.L50
 431 009a 23F48033 		bic	r3, r3, #65536
 432              	.L50:
 433 009e 1EF0080F 		tst	lr, #8
 434 00a2 01D0     		beq	.L51
 435 00a4 23F40023 		bic	r3, r3, #524288
 436              	.L51:
 437 00a8 1EF0200F 		tst	lr, #32
 438 00ac 01D0     		beq	.L52
 439 00ae 23F48003 		bic	r3, r3, #4194304
 440              	.L52:
 441 00b2 23F00403 		bic	r3, r3, #4
 442 00b6 0364     		str	r3, [r0, #64]
 443 00b8 0123     		movs	r3, #1
 444 00ba 8CF82130 		strb	r3, [ip, #33]
 445 00be 0020     		movs	r0, #0
 446 00c0 8CF82000 		strb	r0, [ip, #32]
 447 00c4 10BD     		pop	{r4, pc}
 448              	.L58:
 449 00c6 43EA4E03 		orr	r3, r3, lr, lsl #1
 450 00ca B1E7     		b	.L37
 451              	.L38:
 452 00cc 1EF0010F 		tst	lr, #1
 453 00d0 01D0     		beq	.L42
 454 00d2 23F40033 		bic	r3, r3, #131072
 455              	.L42:
 456 00d6 1EF0080F 		tst	lr, #8
 457 00da 01D0     		beq	.L43
 458 00dc 23F48013 		bic	r3, r3, #1048576
 459              	.L43:
 460 00e0 1EF0200F 		tst	lr, #32
 461 00e4 B6D0     		beq	.L41
 462 00e6 23F40003 		bic	r3, r3, #8388608
 463 00ea B3E7     		b	.L41
 464              	.L44:
 465 00ec 1EF0010F 		tst	lr, #1
 466 00f0 01D0     		beq	.L48
 467 00f2 23F48023 		bic	r3, r3, #262144
 468              	.L48:
 469 00f6 1EF0080F 		tst	lr, #8
ARM GAS  C:\Users\Nathan\AppData\Local\Temp\ccGT2ZTc.s 			page 9


 470 00fa 01D0     		beq	.L49
 471 00fc 23F40013 		bic	r3, r3, #2097152
 472              	.L49:
 473 0100 1EF0200F 		tst	lr, #32
 474 0104 B8D0     		beq	.L47
 475 0106 23F08073 		bic	r3, r3, #16777216
 476 010a B5E7     		b	.L47
 477              	.L53:
 478 010c 0220     		movs	r0, #2
 479 010e 7047     		bx	lr
 481              		.section	.text.HAL_RTCEx_SetTamper_IT,"ax",%progbits
 482              		.align	1
 483              		.global	HAL_RTCEx_SetTamper_IT
 484              		.syntax unified
 485              		.thumb
 486              		.thumb_func
 488              	HAL_RTCEx_SetTamper_IT:
 489              		@ args = 0, pretend = 0, frame = 0
 490              		@ frame_needed = 0, uses_anonymous_args = 0
 491              		@ link register save eliminated.
 492 0000 90F82030 		ldrb	r3, [r0, #32]	@ zero_extendqisi2
 493 0004 012B     		cmp	r3, #1
 494 0006 79D0     		beq	.L75
 495 0008 10B4     		push	{r4}
 496 000a 8446     		mov	ip, r0
 497 000c 0123     		movs	r3, #1
 498 000e 80F82030 		strb	r3, [r0, #32]
 499 0012 0223     		movs	r3, #2
 500 0014 80F82130 		strb	r3, [r0, #33]
 501 0018 0068     		ldr	r0, [r0]
 502 001a 036C     		ldr	r3, [r0, #64]
 503 001c 0A68     		ldr	r2, [r1]
 504 001e 1343     		orrs	r3, r3, r2
 505 0020 8C68     		ldr	r4, [r1, #8]
 506 0022 022C     		cmp	r4, #2
 507 0024 47D0     		beq	.L80
 508 0026 23EA4203 		bic	r3, r3, r2, lsl #1
 509              	.L62:
 510 002a CC68     		ldr	r4, [r1, #12]
 511 002c 002C     		cmp	r4, #0
 512 002e 45D0     		beq	.L63
 513 0030 12F0010F 		tst	r2, #1
 514 0034 01D0     		beq	.L64
 515 0036 43F40033 		orr	r3, r3, #131072
 516              	.L64:
 517 003a 12F0080F 		tst	r2, #8
 518 003e 01D0     		beq	.L65
 519 0040 43F48013 		orr	r3, r3, #1048576
 520              	.L65:
 521 0044 12F0200F 		tst	r2, #32
 522 0048 01D0     		beq	.L66
 523 004a 43F40003 		orr	r3, r3, #8388608
 524              	.L66:
 525 004e 0C69     		ldr	r4, [r1, #16]
 526 0050 002C     		cmp	r4, #0
 527 0052 43D0     		beq	.L69
 528 0054 12F0010F 		tst	r2, #1
ARM GAS  C:\Users\Nathan\AppData\Local\Temp\ccGT2ZTc.s 			page 10


 529 0058 01D0     		beq	.L70
 530 005a 43F48023 		orr	r3, r3, #262144
 531              	.L70:
 532 005e 12F0080F 		tst	r2, #8
 533 0062 01D0     		beq	.L71
 534 0064 43F40013 		orr	r3, r3, #2097152
 535              	.L71:
 536 0068 12F0200F 		tst	r2, #32
 537 006c 01D0     		beq	.L72
 538 006e 43F08073 		orr	r3, r3, #16777216
 539              	.L72:
 540 0072 6FF3CF13 		bfc	r3, #7, #9
 541 0076 4A69     		ldr	r2, [r1, #20]
 542 0078 8C69     		ldr	r4, [r1, #24]
 543 007a 2243     		orrs	r2, r2, r4
 544 007c CC69     		ldr	r4, [r1, #28]
 545 007e 2243     		orrs	r2, r2, r4
 546 0080 0C6A     		ldr	r4, [r1, #32]
 547 0082 2243     		orrs	r2, r2, r4
 548 0084 4C6A     		ldr	r4, [r1, #36]
 549 0086 2243     		orrs	r2, r2, r4
 550 0088 1343     		orrs	r3, r3, r2
 551 008a 4A68     		ldr	r2, [r1, #4]
 552 008c 1343     		orrs	r3, r3, r2
 553 008e 0364     		str	r3, [r0, #64]
 554 0090 1B4B     		ldr	r3, .L81
 555 0092 D3F88020 		ldr	r2, [r3, #128]
 556 0096 42F48022 		orr	r2, r2, #262144
 557 009a C3F88020 		str	r2, [r3, #128]
 558 009e 1A68     		ldr	r2, [r3]
 559 00a0 42F48022 		orr	r2, r2, #262144
 560 00a4 1A60     		str	r2, [r3]
 561 00a6 0123     		movs	r3, #1
 562 00a8 8CF82130 		strb	r3, [ip, #33]
 563 00ac 0020     		movs	r0, #0
 564 00ae 8CF82000 		strb	r0, [ip, #32]
 565 00b2 10BC     		pop	{r4}
 566 00b4 7047     		bx	lr
 567              	.L80:
 568 00b6 43EA4203 		orr	r3, r3, r2, lsl #1
 569 00ba B6E7     		b	.L62
 570              	.L63:
 571 00bc 12F0010F 		tst	r2, #1
 572 00c0 01D0     		beq	.L67
 573 00c2 23F40033 		bic	r3, r3, #131072
 574              	.L67:
 575 00c6 12F0080F 		tst	r2, #8
 576 00ca 01D0     		beq	.L68
 577 00cc 23F48013 		bic	r3, r3, #1048576
 578              	.L68:
 579 00d0 12F0200F 		tst	r2, #32
 580 00d4 BBD0     		beq	.L66
 581 00d6 23F40003 		bic	r3, r3, #8388608
 582 00da B8E7     		b	.L66
 583              	.L69:
 584 00dc 12F0010F 		tst	r2, #1
 585 00e0 01D0     		beq	.L73
ARM GAS  C:\Users\Nathan\AppData\Local\Temp\ccGT2ZTc.s 			page 11


 586 00e2 23F48023 		bic	r3, r3, #262144
 587              	.L73:
 588 00e6 12F0080F 		tst	r2, #8
 589 00ea 01D0     		beq	.L74
 590 00ec 23F40013 		bic	r3, r3, #2097152
 591              	.L74:
 592 00f0 12F0200F 		tst	r2, #32
 593 00f4 BDD0     		beq	.L72
 594 00f6 23F08073 		bic	r3, r3, #16777216
 595 00fa BAE7     		b	.L72
 596              	.L75:
 597 00fc 0220     		movs	r0, #2
 598 00fe 7047     		bx	lr
 599              	.L82:
 600              		.align	2
 601              	.L81:
 602 0100 00080058 		.word	1476397056
 604              		.section	.text.HAL_RTCEx_DeactivateTamper,"ax",%progbits
 605              		.align	1
 606              		.global	HAL_RTCEx_DeactivateTamper
 607              		.syntax unified
 608              		.thumb
 609              		.thumb_func
 611              	HAL_RTCEx_DeactivateTamper:
 612              		@ args = 0, pretend = 0, frame = 0
 613              		@ frame_needed = 0, uses_anonymous_args = 0
 614              		@ link register save eliminated.
 615 0000 0346     		mov	r3, r0
 616 0002 90F82020 		ldrb	r2, [r0, #32]	@ zero_extendqisi2
 617 0006 012A     		cmp	r2, #1
 618 0008 2FD0     		beq	.L88
 619 000a 0122     		movs	r2, #1
 620 000c 80F82020 		strb	r2, [r0, #32]
 621 0010 0222     		movs	r2, #2
 622 0012 80F82120 		strb	r2, [r0, #33]
 623 0016 0068     		ldr	r0, [r0]
 624 0018 026C     		ldr	r2, [r0, #64]
 625 001a 22EA0102 		bic	r2, r2, r1
 626 001e 0264     		str	r2, [r0, #64]
 627 0020 11F0010F 		tst	r1, #1
 628 0024 06D0     		beq	.L85
 629 0026 1868     		ldr	r0, [r3]
 630 0028 026C     		ldr	r2, [r0, #64]
 631 002a 22F48032 		bic	r2, r2, #65536
 632 002e 22F00402 		bic	r2, r2, #4
 633 0032 0264     		str	r2, [r0, #64]
 634              	.L85:
 635 0034 11F0080F 		tst	r1, #8
 636 0038 06D0     		beq	.L86
 637 003a 1868     		ldr	r0, [r3]
 638 003c 026C     		ldr	r2, [r0, #64]
 639 003e 22F40022 		bic	r2, r2, #524288
 640 0042 22F00402 		bic	r2, r2, #4
 641 0046 0264     		str	r2, [r0, #64]
 642              	.L86:
 643 0048 11F0200F 		tst	r1, #32
 644 004c 06D0     		beq	.L87
ARM GAS  C:\Users\Nathan\AppData\Local\Temp\ccGT2ZTc.s 			page 12


 645 004e 1968     		ldr	r1, [r3]
 646 0050 0A6C     		ldr	r2, [r1, #64]
 647 0052 22F48002 		bic	r2, r2, #4194304
 648 0056 22F00402 		bic	r2, r2, #4
 649 005a 0A64     		str	r2, [r1, #64]
 650              	.L87:
 651 005c 0122     		movs	r2, #1
 652 005e 83F82120 		strb	r2, [r3, #33]
 653 0062 0020     		movs	r0, #0
 654 0064 83F82000 		strb	r0, [r3, #32]
 655 0068 7047     		bx	lr
 656              	.L88:
 657 006a 0220     		movs	r0, #2
 658 006c 7047     		bx	lr
 660              		.section	.text.HAL_RTCEx_TimeStampEventCallback,"ax",%progbits
 661              		.align	1
 662              		.weak	HAL_RTCEx_TimeStampEventCallback
 663              		.syntax unified
 664              		.thumb
 665              		.thumb_func
 667              	HAL_RTCEx_TimeStampEventCallback:
 668              		@ args = 0, pretend = 0, frame = 0
 669              		@ frame_needed = 0, uses_anonymous_args = 0
 670              		@ link register save eliminated.
 671 0000 7047     		bx	lr
 673              		.section	.text.HAL_RTCEx_Tamper1EventCallback,"ax",%progbits
 674              		.align	1
 675              		.weak	HAL_RTCEx_Tamper1EventCallback
 676              		.syntax unified
 677              		.thumb
 678              		.thumb_func
 680              	HAL_RTCEx_Tamper1EventCallback:
 681              		@ args = 0, pretend = 0, frame = 0
 682              		@ frame_needed = 0, uses_anonymous_args = 0
 683              		@ link register save eliminated.
 684 0000 7047     		bx	lr
 686              		.section	.text.HAL_RTCEx_Tamper2EventCallback,"ax",%progbits
 687              		.align	1
 688              		.weak	HAL_RTCEx_Tamper2EventCallback
 689              		.syntax unified
 690              		.thumb
 691              		.thumb_func
 693              	HAL_RTCEx_Tamper2EventCallback:
 694              		@ args = 0, pretend = 0, frame = 0
 695              		@ frame_needed = 0, uses_anonymous_args = 0
 696              		@ link register save eliminated.
 697 0000 7047     		bx	lr
 699              		.section	.text.HAL_RTCEx_Tamper3EventCallback,"ax",%progbits
 700              		.align	1
 701              		.weak	HAL_RTCEx_Tamper3EventCallback
 702              		.syntax unified
 703              		.thumb
 704              		.thumb_func
 706              	HAL_RTCEx_Tamper3EventCallback:
 707              		@ args = 0, pretend = 0, frame = 0
 708              		@ frame_needed = 0, uses_anonymous_args = 0
 709              		@ link register save eliminated.
ARM GAS  C:\Users\Nathan\AppData\Local\Temp\ccGT2ZTc.s 			page 13


 710 0000 7047     		bx	lr
 712              		.section	.text.HAL_RTCEx_TamperTimeStampIRQHandler,"ax",%progbits
 713              		.align	1
 714              		.global	HAL_RTCEx_TamperTimeStampIRQHandler
 715              		.syntax unified
 716              		.thumb
 717              		.thumb_func
 719              	HAL_RTCEx_TamperTimeStampIRQHandler:
 720              		@ args = 0, pretend = 0, frame = 0
 721              		@ frame_needed = 0, uses_anonymous_args = 0
 722 0000 10B5     		push	{r4, lr}
 723 0002 0446     		mov	r4, r0
 724 0004 2A4B     		ldr	r3, .L103
 725 0006 4FF48022 		mov	r2, #262144
 726 000a DA60     		str	r2, [r3, #12]
 727 000c 0368     		ldr	r3, [r0]
 728 000e 9A68     		ldr	r2, [r3, #8]
 729 0010 12F4004F 		tst	r2, #32768
 730 0014 03D0     		beq	.L94
 731 0016 DB68     		ldr	r3, [r3, #12]
 732 0018 13F4006F 		tst	r3, #2048
 733 001c 1ED1     		bne	.L99
 734              	.L94:
 735 001e 2268     		ldr	r2, [r4]
 736 0020 116C     		ldr	r1, [r2, #64]
 737 0022 244B     		ldr	r3, .L103+4
 738 0024 0B40     		ands	r3, r3, r1
 739 0026 1BB1     		cbz	r3, .L95
 740 0028 D368     		ldr	r3, [r2, #12]
 741 002a 13F4005F 		tst	r3, #8192
 742 002e 1ED1     		bne	.L100
 743              	.L95:
 744 0030 2268     		ldr	r2, [r4]
 745 0032 116C     		ldr	r1, [r2, #64]
 746 0034 204B     		ldr	r3, .L103+8
 747 0036 0B40     		ands	r3, r3, r1
 748 0038 1BB1     		cbz	r3, .L96
 749 003a D368     		ldr	r3, [r2, #12]
 750 003c 13F4804F 		tst	r3, #16384
 751 0040 1ED1     		bne	.L101
 752              	.L96:
 753 0042 2268     		ldr	r2, [r4]
 754 0044 116C     		ldr	r1, [r2, #64]
 755 0046 1D4B     		ldr	r3, .L103+12
 756 0048 0B40     		ands	r3, r3, r1
 757 004a 1BB1     		cbz	r3, .L97
 758 004c D368     		ldr	r3, [r2, #12]
 759 004e 13F4004F 		tst	r3, #32768
 760 0052 1ED1     		bne	.L102
 761              	.L97:
 762 0054 0123     		movs	r3, #1
 763 0056 84F82130 		strb	r3, [r4, #33]
 764 005a 10BD     		pop	{r4, pc}
 765              	.L99:
 766 005c FFF7FEFF 		bl	HAL_RTCEx_TimeStampEventCallback
 767 0060 2268     		ldr	r2, [r4]
 768 0062 D368     		ldr	r3, [r2, #12]
ARM GAS  C:\Users\Nathan\AppData\Local\Temp\ccGT2ZTc.s 			page 14


 769 0064 DBB2     		uxtb	r3, r3
 770 0066 63F40863 		orn	r3, r3, #2176
 771 006a D360     		str	r3, [r2, #12]
 772 006c D7E7     		b	.L94
 773              	.L100:
 774 006e D368     		ldr	r3, [r2, #12]
 775 0070 DBB2     		uxtb	r3, r3
 776 0072 63F40253 		orn	r3, r3, #8320
 777 0076 D360     		str	r3, [r2, #12]
 778 0078 2046     		mov	r0, r4
 779 007a FFF7FEFF 		bl	HAL_RTCEx_Tamper1EventCallback
 780 007e D7E7     		b	.L95
 781              	.L101:
 782 0080 D368     		ldr	r3, [r2, #12]
 783 0082 DBB2     		uxtb	r3, r3
 784 0084 63F48143 		orn	r3, r3, #16512
 785 0088 D360     		str	r3, [r2, #12]
 786 008a 2046     		mov	r0, r4
 787 008c FFF7FEFF 		bl	HAL_RTCEx_Tamper2EventCallback
 788 0090 D7E7     		b	.L96
 789              	.L102:
 790 0092 D368     		ldr	r3, [r2, #12]
 791 0094 DBB2     		uxtb	r3, r3
 792 0096 43F07F43 		orr	r3, r3, #-16777216
 793 009a 43F47F03 		orr	r3, r3, #16711680
 794 009e 43F4FE43 		orr	r3, r3, #32512
 795 00a2 43F07F03 		orr	r3, r3, #127
 796 00a6 D360     		str	r3, [r2, #12]
 797 00a8 2046     		mov	r0, r4
 798 00aa FFF7FEFF 		bl	HAL_RTCEx_Tamper3EventCallback
 799 00ae D1E7     		b	.L97
 800              	.L104:
 801              		.align	2
 802              	.L103:
 803 00b0 00080058 		.word	1476397056
 804 00b4 04000100 		.word	65540
 805 00b8 04000800 		.word	524292
 806 00bc 04004000 		.word	4194308
 808              		.section	.text.HAL_RTCEx_PollForTimeStampEvent,"ax",%progbits
 809              		.align	1
 810              		.global	HAL_RTCEx_PollForTimeStampEvent
 811              		.syntax unified
 812              		.thumb
 813              		.thumb_func
 815              	HAL_RTCEx_PollForTimeStampEvent:
 816              		@ args = 0, pretend = 0, frame = 0
 817              		@ frame_needed = 0, uses_anonymous_args = 0
 818 0000 70B5     		push	{r4, r5, r6, lr}
 819 0002 0546     		mov	r5, r0
 820 0004 0C46     		mov	r4, r1
 821 0006 FFF7FEFF 		bl	HAL_GetTick
 822 000a 0646     		mov	r6, r0
 823 000c 04E0     		b	.L106
 824              	.L107:
 825 000e 2B68     		ldr	r3, [r5]
 826 0010 DA68     		ldr	r2, [r3, #12]
 827 0012 12F4805F 		tst	r2, #4096
ARM GAS  C:\Users\Nathan\AppData\Local\Temp\ccGT2ZTc.s 			page 15


 828 0016 11D1     		bne	.L112
 829              	.L106:
 830 0018 2B68     		ldr	r3, [r5]
 831 001a DB68     		ldr	r3, [r3, #12]
 832 001c 13F4006F 		tst	r3, #2048
 833 0020 16D1     		bne	.L113
 834 0022 B4F1FF3F 		cmp	r4, #-1
 835 0026 F2D0     		beq	.L107
 836 0028 24B1     		cbz	r4, .L108
 837 002a FFF7FEFF 		bl	HAL_GetTick
 838 002e 831B     		subs	r3, r0, r6
 839 0030 A342     		cmp	r3, r4
 840 0032 ECD9     		bls	.L107
 841              	.L108:
 842 0034 0320     		movs	r0, #3
 843 0036 85F82100 		strb	r0, [r5, #33]
 844              	.L109:
 845 003a 70BD     		pop	{r4, r5, r6, pc}
 846              	.L112:
 847 003c DA68     		ldr	r2, [r3, #12]
 848 003e D2B2     		uxtb	r2, r2
 849 0040 62F48452 		orn	r2, r2, #4224
 850 0044 DA60     		str	r2, [r3, #12]
 851 0046 0423     		movs	r3, #4
 852 0048 85F82130 		strb	r3, [r5, #33]
 853 004c 0120     		movs	r0, #1
 854 004e F4E7     		b	.L109
 855              	.L113:
 856 0050 0123     		movs	r3, #1
 857 0052 85F82130 		strb	r3, [r5, #33]
 858 0056 0020     		movs	r0, #0
 859 0058 EFE7     		b	.L109
 861              		.section	.text.HAL_RTCEx_PollForTamper1Event,"ax",%progbits
 862              		.align	1
 863              		.global	HAL_RTCEx_PollForTamper1Event
 864              		.syntax unified
 865              		.thumb
 866              		.thumb_func
 868              	HAL_RTCEx_PollForTamper1Event:
 869              		@ args = 0, pretend = 0, frame = 0
 870              		@ frame_needed = 0, uses_anonymous_args = 0
 871 0000 70B5     		push	{r4, r5, r6, lr}
 872 0002 0446     		mov	r4, r0
 873 0004 0D46     		mov	r5, r1
 874 0006 FFF7FEFF 		bl	HAL_GetTick
 875 000a 0646     		mov	r6, r0
 876              	.L116:
 877 000c 2368     		ldr	r3, [r4]
 878 000e DA68     		ldr	r2, [r3, #12]
 879 0010 12F4005F 		tst	r2, #8192
 880 0014 0CD1     		bne	.L121
 881 0016 B5F1FF3F 		cmp	r5, #-1
 882 001a F7D0     		beq	.L116
 883 001c 25B1     		cbz	r5, .L117
 884 001e FFF7FEFF 		bl	HAL_GetTick
 885 0022 801B     		subs	r0, r0, r6
 886 0024 A842     		cmp	r0, r5
ARM GAS  C:\Users\Nathan\AppData\Local\Temp\ccGT2ZTc.s 			page 16


 887 0026 F1D9     		bls	.L116
 888              	.L117:
 889 0028 0320     		movs	r0, #3
 890 002a 84F82100 		strb	r0, [r4, #33]
 891 002e 08E0     		b	.L118
 892              	.L121:
 893 0030 DA68     		ldr	r2, [r3, #12]
 894 0032 D2B2     		uxtb	r2, r2
 895 0034 62F40252 		orn	r2, r2, #8320
 896 0038 DA60     		str	r2, [r3, #12]
 897 003a 0123     		movs	r3, #1
 898 003c 84F82130 		strb	r3, [r4, #33]
 899 0040 0020     		movs	r0, #0
 900              	.L118:
 901 0042 70BD     		pop	{r4, r5, r6, pc}
 903              		.section	.text.HAL_RTCEx_PollForTamper2Event,"ax",%progbits
 904              		.align	1
 905              		.global	HAL_RTCEx_PollForTamper2Event
 906              		.syntax unified
 907              		.thumb
 908              		.thumb_func
 910              	HAL_RTCEx_PollForTamper2Event:
 911              		@ args = 0, pretend = 0, frame = 0
 912              		@ frame_needed = 0, uses_anonymous_args = 0
 913 0000 70B5     		push	{r4, r5, r6, lr}
 914 0002 0446     		mov	r4, r0
 915 0004 0D46     		mov	r5, r1
 916 0006 FFF7FEFF 		bl	HAL_GetTick
 917 000a 0646     		mov	r6, r0
 918              	.L124:
 919 000c 2368     		ldr	r3, [r4]
 920 000e DA68     		ldr	r2, [r3, #12]
 921 0010 12F4804F 		tst	r2, #16384
 922 0014 0CD1     		bne	.L129
 923 0016 B5F1FF3F 		cmp	r5, #-1
 924 001a F7D0     		beq	.L124
 925 001c 25B1     		cbz	r5, .L125
 926 001e FFF7FEFF 		bl	HAL_GetTick
 927 0022 801B     		subs	r0, r0, r6
 928 0024 A842     		cmp	r0, r5
 929 0026 F1D9     		bls	.L124
 930              	.L125:
 931 0028 0320     		movs	r0, #3
 932 002a 84F82100 		strb	r0, [r4, #33]
 933 002e 08E0     		b	.L126
 934              	.L129:
 935 0030 DA68     		ldr	r2, [r3, #12]
 936 0032 D2B2     		uxtb	r2, r2
 937 0034 62F48142 		orn	r2, r2, #16512
 938 0038 DA60     		str	r2, [r3, #12]
 939 003a 0123     		movs	r3, #1
 940 003c 84F82130 		strb	r3, [r4, #33]
 941 0040 0020     		movs	r0, #0
 942              	.L126:
 943 0042 70BD     		pop	{r4, r5, r6, pc}
 945              		.section	.text.HAL_RTCEx_PollForTamper3Event,"ax",%progbits
 946              		.align	1
ARM GAS  C:\Users\Nathan\AppData\Local\Temp\ccGT2ZTc.s 			page 17


 947              		.global	HAL_RTCEx_PollForTamper3Event
 948              		.syntax unified
 949              		.thumb
 950              		.thumb_func
 952              	HAL_RTCEx_PollForTamper3Event:
 953              		@ args = 0, pretend = 0, frame = 0
 954              		@ frame_needed = 0, uses_anonymous_args = 0
 955 0000 70B5     		push	{r4, r5, r6, lr}
 956 0002 0446     		mov	r4, r0
 957 0004 0D46     		mov	r5, r1
 958 0006 FFF7FEFF 		bl	HAL_GetTick
 959 000a 0646     		mov	r6, r0
 960              	.L132:
 961 000c 2368     		ldr	r3, [r4]
 962 000e DA68     		ldr	r2, [r3, #12]
 963 0010 12F4004F 		tst	r2, #32768
 964 0014 0CD1     		bne	.L137
 965 0016 B5F1FF3F 		cmp	r5, #-1
 966 001a F7D0     		beq	.L132
 967 001c 25B1     		cbz	r5, .L133
 968 001e FFF7FEFF 		bl	HAL_GetTick
 969 0022 801B     		subs	r0, r0, r6
 970 0024 A842     		cmp	r0, r5
 971 0026 F1D9     		bls	.L132
 972              	.L133:
 973 0028 0320     		movs	r0, #3
 974 002a 84F82100 		strb	r0, [r4, #33]
 975 002e 0EE0     		b	.L134
 976              	.L137:
 977 0030 DA68     		ldr	r2, [r3, #12]
 978 0032 D2B2     		uxtb	r2, r2
 979 0034 42F07F42 		orr	r2, r2, #-16777216
 980 0038 42F47F02 		orr	r2, r2, #16711680
 981 003c 42F4FE42 		orr	r2, r2, #32512
 982 0040 42F07F02 		orr	r2, r2, #127
 983 0044 DA60     		str	r2, [r3, #12]
 984 0046 0123     		movs	r3, #1
 985 0048 84F82130 		strb	r3, [r4, #33]
 986 004c 0020     		movs	r0, #0
 987              	.L134:
 988 004e 70BD     		pop	{r4, r5, r6, pc}
 990              		.section	.text.HAL_RTCEx_SetWakeUpTimer,"ax",%progbits
 991              		.align	1
 992              		.global	HAL_RTCEx_SetWakeUpTimer
 993              		.syntax unified
 994              		.thumb
 995              		.thumb_func
 997              	HAL_RTCEx_SetWakeUpTimer:
 998              		@ args = 0, pretend = 0, frame = 0
 999              		@ frame_needed = 0, uses_anonymous_args = 0
 1000 0000 F8B5     		push	{r3, r4, r5, r6, r7, lr}
 1001 0002 90F82030 		ldrb	r3, [r0, #32]	@ zero_extendqisi2
 1002 0006 012B     		cmp	r3, #1
 1003 0008 67D0     		beq	.L145
 1004 000a 0446     		mov	r4, r0
 1005 000c 0E46     		mov	r6, r1
 1006 000e 1746     		mov	r7, r2
ARM GAS  C:\Users\Nathan\AppData\Local\Temp\ccGT2ZTc.s 			page 18


 1007 0010 0123     		movs	r3, #1
 1008 0012 80F82030 		strb	r3, [r0, #32]
 1009 0016 0223     		movs	r3, #2
 1010 0018 80F82130 		strb	r3, [r0, #33]
 1011 001c 0368     		ldr	r3, [r0]
 1012 001e CA22     		movs	r2, #202
 1013 0020 5A62     		str	r2, [r3, #36]
 1014 0022 0368     		ldr	r3, [r0]
 1015 0024 5322     		movs	r2, #83
 1016 0026 5A62     		str	r2, [r3, #36]
 1017 0028 0368     		ldr	r3, [r0]
 1018 002a 9B68     		ldr	r3, [r3, #8]
 1019 002c 13F4806F 		tst	r3, #1024
 1020 0030 17D0     		beq	.L140
 1021 0032 FFF7FEFF 		bl	HAL_GetTick
 1022 0036 0546     		mov	r5, r0
 1023              	.L141:
 1024 0038 2368     		ldr	r3, [r4]
 1025 003a DB68     		ldr	r3, [r3, #12]
 1026 003c 13F0040F 		tst	r3, #4
 1027 0040 0FD0     		beq	.L140
 1028 0042 FFF7FEFF 		bl	HAL_GetTick
 1029 0046 401B     		subs	r0, r0, r5
 1030 0048 B0F57A7F 		cmp	r0, #1000
 1031 004c F4D9     		bls	.L141
 1032 004e 2368     		ldr	r3, [r4]
 1033 0050 FF22     		movs	r2, #255
 1034 0052 5A62     		str	r2, [r3, #36]
 1035 0054 0320     		movs	r0, #3
 1036 0056 84F82100 		strb	r0, [r4, #33]
 1037 005a 0023     		movs	r3, #0
 1038 005c 84F82030 		strb	r3, [r4, #32]
 1039 0060 3AE0     		b	.L139
 1040              	.L140:
 1041 0062 2268     		ldr	r2, [r4]
 1042 0064 9368     		ldr	r3, [r2, #8]
 1043 0066 23F48063 		bic	r3, r3, #1024
 1044 006a 9360     		str	r3, [r2, #8]
 1045 006c 2268     		ldr	r2, [r4]
 1046 006e D368     		ldr	r3, [r2, #12]
 1047 0070 DBB2     		uxtb	r3, r3
 1048 0072 63F49063 		orn	r3, r3, #1152
 1049 0076 D360     		str	r3, [r2, #12]
 1050 0078 FFF7FEFF 		bl	HAL_GetTick
 1051 007c 0546     		mov	r5, r0
 1052              	.L143:
 1053 007e 2368     		ldr	r3, [r4]
 1054 0080 DA68     		ldr	r2, [r3, #12]
 1055 0082 12F0040F 		tst	r2, #4
 1056 0086 0FD1     		bne	.L147
 1057 0088 FFF7FEFF 		bl	HAL_GetTick
 1058 008c 401B     		subs	r0, r0, r5
 1059 008e B0F57A7F 		cmp	r0, #1000
 1060 0092 F4D9     		bls	.L143
 1061 0094 2368     		ldr	r3, [r4]
 1062 0096 FF22     		movs	r2, #255
 1063 0098 5A62     		str	r2, [r3, #36]
ARM GAS  C:\Users\Nathan\AppData\Local\Temp\ccGT2ZTc.s 			page 19


 1064 009a 0320     		movs	r0, #3
 1065 009c 84F82100 		strb	r0, [r4, #33]
 1066 00a0 0023     		movs	r3, #0
 1067 00a2 84F82030 		strb	r3, [r4, #32]
 1068 00a6 17E0     		b	.L139
 1069              	.L147:
 1070 00a8 9A68     		ldr	r2, [r3, #8]
 1071 00aa 22F00702 		bic	r2, r2, #7
 1072 00ae 9A60     		str	r2, [r3, #8]
 1073 00b0 2268     		ldr	r2, [r4]
 1074 00b2 9368     		ldr	r3, [r2, #8]
 1075 00b4 3B43     		orrs	r3, r3, r7
 1076 00b6 9360     		str	r3, [r2, #8]
 1077 00b8 2368     		ldr	r3, [r4]
 1078 00ba 5E61     		str	r6, [r3, #20]
 1079 00bc 2268     		ldr	r2, [r4]
 1080 00be 9368     		ldr	r3, [r2, #8]
 1081 00c0 43F48063 		orr	r3, r3, #1024
 1082 00c4 9360     		str	r3, [r2, #8]
 1083 00c6 2368     		ldr	r3, [r4]
 1084 00c8 FF22     		movs	r2, #255
 1085 00ca 5A62     		str	r2, [r3, #36]
 1086 00cc 0123     		movs	r3, #1
 1087 00ce 84F82130 		strb	r3, [r4, #33]
 1088 00d2 0020     		movs	r0, #0
 1089 00d4 84F82000 		strb	r0, [r4, #32]
 1090              	.L139:
 1091 00d8 F8BD     		pop	{r3, r4, r5, r6, r7, pc}
 1092              	.L145:
 1093 00da 0220     		movs	r0, #2
 1094 00dc FCE7     		b	.L139
 1096              		.section	.text.HAL_RTCEx_SetWakeUpTimer_IT,"ax",%progbits
 1097              		.align	1
 1098              		.global	HAL_RTCEx_SetWakeUpTimer_IT
 1099              		.syntax unified
 1100              		.thumb
 1101              		.thumb_func
 1103              	HAL_RTCEx_SetWakeUpTimer_IT:
 1104              		@ args = 0, pretend = 0, frame = 8
 1105              		@ frame_needed = 0, uses_anonymous_args = 0
 1106 0000 00B5     		push	{lr}
 1107 0002 83B0     		sub	sp, sp, #12
 1108 0004 8446     		mov	ip, r0
 1109 0006 464B     		ldr	r3, .L159
 1110 0008 1868     		ldr	r0, [r3]
 1111 000a 464B     		ldr	r3, .L159+4
 1112 000c A3FB0030 		umull	r3, r0, r3, r0
 1113 0010 C00A     		lsrs	r0, r0, #11
 1114 0012 4FF47A73 		mov	r3, #1000
 1115 0016 03FB00F0 		mul	r0, r3, r0
 1116 001a 0190     		str	r0, [sp, #4]
 1117 001c 9CF82030 		ldrb	r3, [ip, #32]	@ zero_extendqisi2
 1118 0020 012B     		cmp	r3, #1
 1119 0022 7AD0     		beq	.L155
 1120 0024 9646     		mov	lr, r2
 1121 0026 0123     		movs	r3, #1
 1122 0028 8CF82030 		strb	r3, [ip, #32]
ARM GAS  C:\Users\Nathan\AppData\Local\Temp\ccGT2ZTc.s 			page 20


 1123 002c 0223     		movs	r3, #2
 1124 002e 8CF82130 		strb	r3, [ip, #33]
 1125 0032 DCF80030 		ldr	r3, [ip]
 1126 0036 CA22     		movs	r2, #202
 1127 0038 5A62     		str	r2, [r3, #36]
 1128 003a DCF80030 		ldr	r3, [ip]
 1129 003e 5322     		movs	r2, #83
 1130 0040 5A62     		str	r2, [r3, #36]
 1131 0042 DCF80020 		ldr	r2, [ip]
 1132 0046 9368     		ldr	r3, [r2, #8]
 1133 0048 13F4806F 		tst	r3, #1024
 1134 004c 09D0     		beq	.L150
 1135              	.L152:
 1136 004e 019B     		ldr	r3, [sp, #4]
 1137 0050 013B     		subs	r3, r3, #1
 1138 0052 0193     		str	r3, [sp, #4]
 1139 0054 019B     		ldr	r3, [sp, #4]
 1140 0056 002B     		cmp	r3, #0
 1141 0058 4AD0     		beq	.L157
 1142 005a D368     		ldr	r3, [r2, #12]
 1143 005c 13F0040F 		tst	r3, #4
 1144 0060 F5D1     		bne	.L152
 1145              	.L150:
 1146 0062 9368     		ldr	r3, [r2, #8]
 1147 0064 23F48063 		bic	r3, r3, #1024
 1148 0068 9360     		str	r3, [r2, #8]
 1149 006a DCF80020 		ldr	r2, [ip]
 1150 006e D368     		ldr	r3, [r2, #12]
 1151 0070 DBB2     		uxtb	r3, r3
 1152 0072 63F49063 		orn	r3, r3, #1152
 1153 0076 D360     		str	r3, [r2, #12]
 1154 0078 0190     		str	r0, [sp, #4]
 1155              	.L154:
 1156 007a 019B     		ldr	r3, [sp, #4]
 1157 007c 013B     		subs	r3, r3, #1
 1158 007e 0193     		str	r3, [sp, #4]
 1159 0080 019B     		ldr	r3, [sp, #4]
 1160 0082 002B     		cmp	r3, #0
 1161 0084 3DD0     		beq	.L158
 1162 0086 DCF80030 		ldr	r3, [ip]
 1163 008a D868     		ldr	r0, [r3, #12]
 1164 008c 10F0040F 		tst	r0, #4
 1165 0090 F3D0     		beq	.L154
 1166 0092 9A68     		ldr	r2, [r3, #8]
 1167 0094 22F00702 		bic	r2, r2, #7
 1168 0098 9A60     		str	r2, [r3, #8]
 1169 009a DCF80020 		ldr	r2, [ip]
 1170 009e 9368     		ldr	r3, [r2, #8]
 1171 00a0 43EA0E03 		orr	r3, r3, lr
 1172 00a4 9360     		str	r3, [r2, #8]
 1173 00a6 DCF80030 		ldr	r3, [ip]
 1174 00aa 5961     		str	r1, [r3, #20]
 1175 00ac 1E4B     		ldr	r3, .L159+8
 1176 00ae D3F88020 		ldr	r2, [r3, #128]
 1177 00b2 42F40022 		orr	r2, r2, #524288
 1178 00b6 C3F88020 		str	r2, [r3, #128]
 1179 00ba 1A68     		ldr	r2, [r3]
ARM GAS  C:\Users\Nathan\AppData\Local\Temp\ccGT2ZTc.s 			page 21


 1180 00bc 42F40022 		orr	r2, r2, #524288
 1181 00c0 1A60     		str	r2, [r3]
 1182 00c2 DCF80020 		ldr	r2, [ip]
 1183 00c6 9368     		ldr	r3, [r2, #8]
 1184 00c8 43F48043 		orr	r3, r3, #16384
 1185 00cc 9360     		str	r3, [r2, #8]
 1186 00ce DCF80020 		ldr	r2, [ip]
 1187 00d2 9368     		ldr	r3, [r2, #8]
 1188 00d4 43F48063 		orr	r3, r3, #1024
 1189 00d8 9360     		str	r3, [r2, #8]
 1190 00da DCF80030 		ldr	r3, [ip]
 1191 00de FF22     		movs	r2, #255
 1192 00e0 5A62     		str	r2, [r3, #36]
 1193 00e2 0123     		movs	r3, #1
 1194 00e4 8CF82130 		strb	r3, [ip, #33]
 1195 00e8 0020     		movs	r0, #0
 1196 00ea 8CF82000 		strb	r0, [ip, #32]
 1197 00ee 12E0     		b	.L149
 1198              	.L157:
 1199 00f0 FF23     		movs	r3, #255
 1200 00f2 5362     		str	r3, [r2, #36]
 1201 00f4 0320     		movs	r0, #3
 1202 00f6 8CF82100 		strb	r0, [ip, #33]
 1203 00fa 0023     		movs	r3, #0
 1204 00fc 8CF82030 		strb	r3, [ip, #32]
 1205 0100 09E0     		b	.L149
 1206              	.L158:
 1207 0102 DCF80030 		ldr	r3, [ip]
 1208 0106 FF22     		movs	r2, #255
 1209 0108 5A62     		str	r2, [r3, #36]
 1210 010a 0320     		movs	r0, #3
 1211 010c 8CF82100 		strb	r0, [ip, #33]
 1212 0110 0023     		movs	r3, #0
 1213 0112 8CF82030 		strb	r3, [ip, #32]
 1214              	.L149:
 1215 0116 03B0     		add	sp, sp, #12
 1216              		@ sp needed
 1217 0118 00BD     		pop	{pc}
 1218              	.L155:
 1219 011a 0220     		movs	r0, #2
 1220 011c FBE7     		b	.L149
 1221              	.L160:
 1222 011e 00BF     		.align	2
 1223              	.L159:
 1224 0120 00000000 		.word	SystemCoreClock
 1225 0124 D34D6210 		.word	274877907
 1226 0128 00080058 		.word	1476397056
 1228              		.section	.text.HAL_RTCEx_DeactivateWakeUpTimer,"ax",%progbits
 1229              		.align	1
 1230              		.global	HAL_RTCEx_DeactivateWakeUpTimer
 1231              		.syntax unified
 1232              		.thumb
 1233              		.thumb_func
 1235              	HAL_RTCEx_DeactivateWakeUpTimer:
 1236              		@ args = 0, pretend = 0, frame = 0
 1237              		@ frame_needed = 0, uses_anonymous_args = 0
 1238 0000 38B5     		push	{r3, r4, r5, lr}
ARM GAS  C:\Users\Nathan\AppData\Local\Temp\ccGT2ZTc.s 			page 22


 1239 0002 90F82030 		ldrb	r3, [r0, #32]	@ zero_extendqisi2
 1240 0006 012B     		cmp	r3, #1
 1241 0008 37D0     		beq	.L165
 1242 000a 0446     		mov	r4, r0
 1243 000c 0123     		movs	r3, #1
 1244 000e 80F82030 		strb	r3, [r0, #32]
 1245 0012 0223     		movs	r3, #2
 1246 0014 80F82130 		strb	r3, [r0, #33]
 1247 0018 0368     		ldr	r3, [r0]
 1248 001a CA22     		movs	r2, #202
 1249 001c 5A62     		str	r2, [r3, #36]
 1250 001e 0368     		ldr	r3, [r0]
 1251 0020 5322     		movs	r2, #83
 1252 0022 5A62     		str	r2, [r3, #36]
 1253 0024 0268     		ldr	r2, [r0]
 1254 0026 9368     		ldr	r3, [r2, #8]
 1255 0028 23F48063 		bic	r3, r3, #1024
 1256 002c 9360     		str	r3, [r2, #8]
 1257 002e 0268     		ldr	r2, [r0]
 1258 0030 9368     		ldr	r3, [r2, #8]
 1259 0032 23F48043 		bic	r3, r3, #16384
 1260 0036 9360     		str	r3, [r2, #8]
 1261 0038 FFF7FEFF 		bl	HAL_GetTick
 1262 003c 0546     		mov	r5, r0
 1263              	.L163:
 1264 003e 2368     		ldr	r3, [r4]
 1265 0040 DA68     		ldr	r2, [r3, #12]
 1266 0042 12F0040F 		tst	r2, #4
 1267 0046 0FD1     		bne	.L167
 1268 0048 FFF7FEFF 		bl	HAL_GetTick
 1269 004c 431B     		subs	r3, r0, r5
 1270 004e B3F57A7F 		cmp	r3, #1000
 1271 0052 F4D9     		bls	.L163
 1272 0054 2368     		ldr	r3, [r4]
 1273 0056 FF22     		movs	r2, #255
 1274 0058 5A62     		str	r2, [r3, #36]
 1275 005a 0320     		movs	r0, #3
 1276 005c 84F82100 		strb	r0, [r4, #33]
 1277 0060 0023     		movs	r3, #0
 1278 0062 84F82030 		strb	r3, [r4, #32]
 1279 0066 07E0     		b	.L162
 1280              	.L167:
 1281 0068 FF22     		movs	r2, #255
 1282 006a 5A62     		str	r2, [r3, #36]
 1283 006c 0123     		movs	r3, #1
 1284 006e 84F82130 		strb	r3, [r4, #33]
 1285 0072 0020     		movs	r0, #0
 1286 0074 84F82000 		strb	r0, [r4, #32]
 1287              	.L162:
 1288 0078 38BD     		pop	{r3, r4, r5, pc}
 1289              	.L165:
 1290 007a 0220     		movs	r0, #2
 1291 007c FCE7     		b	.L162
 1293              		.section	.text.HAL_RTCEx_GetWakeUpTimer,"ax",%progbits
 1294              		.align	1
 1295              		.global	HAL_RTCEx_GetWakeUpTimer
 1296              		.syntax unified
ARM GAS  C:\Users\Nathan\AppData\Local\Temp\ccGT2ZTc.s 			page 23


 1297              		.thumb
 1298              		.thumb_func
 1300              	HAL_RTCEx_GetWakeUpTimer:
 1301              		@ args = 0, pretend = 0, frame = 0
 1302              		@ frame_needed = 0, uses_anonymous_args = 0
 1303              		@ link register save eliminated.
 1304 0000 0368     		ldr	r3, [r0]
 1305 0002 5869     		ldr	r0, [r3, #20]
 1306 0004 80B2     		uxth	r0, r0
 1307 0006 7047     		bx	lr
 1309              		.section	.text.HAL_RTCEx_WakeUpTimerEventCallback,"ax",%progbits
 1310              		.align	1
 1311              		.weak	HAL_RTCEx_WakeUpTimerEventCallback
 1312              		.syntax unified
 1313              		.thumb
 1314              		.thumb_func
 1316              	HAL_RTCEx_WakeUpTimerEventCallback:
 1317              		@ args = 0, pretend = 0, frame = 0
 1318              		@ frame_needed = 0, uses_anonymous_args = 0
 1319              		@ link register save eliminated.
 1320 0000 7047     		bx	lr
 1322              		.section	.text.HAL_RTCEx_WakeUpTimerIRQHandler,"ax",%progbits
 1323              		.align	1
 1324              		.global	HAL_RTCEx_WakeUpTimerIRQHandler
 1325              		.syntax unified
 1326              		.thumb
 1327              		.thumb_func
 1329              	HAL_RTCEx_WakeUpTimerIRQHandler:
 1330              		@ args = 0, pretend = 0, frame = 0
 1331              		@ frame_needed = 0, uses_anonymous_args = 0
 1332 0000 10B5     		push	{r4, lr}
 1333 0002 0446     		mov	r4, r0
 1334 0004 0A4B     		ldr	r3, .L174
 1335 0006 4FF40022 		mov	r2, #524288
 1336 000a DA60     		str	r2, [r3, #12]
 1337 000c 0368     		ldr	r3, [r0]
 1338 000e DA68     		ldr	r2, [r3, #12]
 1339 0010 12F4806F 		tst	r2, #1024
 1340 0014 03D1     		bne	.L173
 1341              	.L171:
 1342 0016 0123     		movs	r3, #1
 1343 0018 84F82130 		strb	r3, [r4, #33]
 1344 001c 10BD     		pop	{r4, pc}
 1345              	.L173:
 1346 001e DA68     		ldr	r2, [r3, #12]
 1347 0020 D2B2     		uxtb	r2, r2
 1348 0022 62F49062 		orn	r2, r2, #1152
 1349 0026 DA60     		str	r2, [r3, #12]
 1350 0028 FFF7FEFF 		bl	HAL_RTCEx_WakeUpTimerEventCallback
 1351 002c F3E7     		b	.L171
 1352              	.L175:
 1353 002e 00BF     		.align	2
 1354              	.L174:
 1355 0030 00080058 		.word	1476397056
 1357              		.section	.text.HAL_RTCEx_PollForWakeUpTimerEvent,"ax",%progbits
 1358              		.align	1
 1359              		.global	HAL_RTCEx_PollForWakeUpTimerEvent
ARM GAS  C:\Users\Nathan\AppData\Local\Temp\ccGT2ZTc.s 			page 24


 1360              		.syntax unified
 1361              		.thumb
 1362              		.thumb_func
 1364              	HAL_RTCEx_PollForWakeUpTimerEvent:
 1365              		@ args = 0, pretend = 0, frame = 0
 1366              		@ frame_needed = 0, uses_anonymous_args = 0
 1367 0000 70B5     		push	{r4, r5, r6, lr}
 1368 0002 0446     		mov	r4, r0
 1369 0004 0D46     		mov	r5, r1
 1370 0006 FFF7FEFF 		bl	HAL_GetTick
 1371 000a 0646     		mov	r6, r0
 1372              	.L178:
 1373 000c 2368     		ldr	r3, [r4]
 1374 000e DA68     		ldr	r2, [r3, #12]
 1375 0010 12F4806F 		tst	r2, #1024
 1376 0014 0CD1     		bne	.L183
 1377 0016 B5F1FF3F 		cmp	r5, #-1
 1378 001a F7D0     		beq	.L178
 1379 001c 25B1     		cbz	r5, .L179
 1380 001e FFF7FEFF 		bl	HAL_GetTick
 1381 0022 801B     		subs	r0, r0, r6
 1382 0024 A842     		cmp	r0, r5
 1383 0026 F1D9     		bls	.L178
 1384              	.L179:
 1385 0028 0320     		movs	r0, #3
 1386 002a 84F82100 		strb	r0, [r4, #33]
 1387 002e 08E0     		b	.L180
 1388              	.L183:
 1389 0030 DA68     		ldr	r2, [r3, #12]
 1390 0032 D2B2     		uxtb	r2, r2
 1391 0034 62F49062 		orn	r2, r2, #1152
 1392 0038 DA60     		str	r2, [r3, #12]
 1393 003a 0123     		movs	r3, #1
 1394 003c 84F82130 		strb	r3, [r4, #33]
 1395 0040 0020     		movs	r0, #0
 1396              	.L180:
 1397 0042 70BD     		pop	{r4, r5, r6, pc}
 1399              		.section	.text.HAL_RTCEx_BKUPWrite,"ax",%progbits
 1400              		.align	1
 1401              		.global	HAL_RTCEx_BKUPWrite
 1402              		.syntax unified
 1403              		.thumb
 1404              		.thumb_func
 1406              	HAL_RTCEx_BKUPWrite:
 1407              		@ args = 0, pretend = 0, frame = 0
 1408              		@ frame_needed = 0, uses_anonymous_args = 0
 1409              		@ link register save eliminated.
 1410 0000 0368     		ldr	r3, [r0]
 1411 0002 5033     		adds	r3, r3, #80
 1412 0004 43F82120 		str	r2, [r3, r1, lsl #2]
 1413 0008 7047     		bx	lr
 1415              		.section	.text.HAL_RTCEx_BKUPRead,"ax",%progbits
 1416              		.align	1
 1417              		.global	HAL_RTCEx_BKUPRead
 1418              		.syntax unified
 1419              		.thumb
 1420              		.thumb_func
ARM GAS  C:\Users\Nathan\AppData\Local\Temp\ccGT2ZTc.s 			page 25


 1422              	HAL_RTCEx_BKUPRead:
 1423              		@ args = 0, pretend = 0, frame = 0
 1424              		@ frame_needed = 0, uses_anonymous_args = 0
 1425              		@ link register save eliminated.
 1426 0000 0368     		ldr	r3, [r0]
 1427 0002 5033     		adds	r3, r3, #80
 1428 0004 53F82100 		ldr	r0, [r3, r1, lsl #2]
 1429 0008 7047     		bx	lr
 1431              		.section	.text.HAL_RTCEx_SetSmoothCalib,"ax",%progbits
 1432              		.align	1
 1433              		.global	HAL_RTCEx_SetSmoothCalib
 1434              		.syntax unified
 1435              		.thumb
 1436              		.thumb_func
 1438              	HAL_RTCEx_SetSmoothCalib:
 1439              		@ args = 0, pretend = 0, frame = 0
 1440              		@ frame_needed = 0, uses_anonymous_args = 0
 1441 0000 2DE9F041 		push	{r4, r5, r6, r7, r8, lr}
 1442 0004 9846     		mov	r8, r3
 1443 0006 90F82030 		ldrb	r3, [r0, #32]	@ zero_extendqisi2
 1444 000a 012B     		cmp	r3, #1
 1445 000c 3CD0     		beq	.L191
 1446 000e 0446     		mov	r4, r0
 1447 0010 0E46     		mov	r6, r1
 1448 0012 1746     		mov	r7, r2
 1449 0014 0123     		movs	r3, #1
 1450 0016 80F82030 		strb	r3, [r0, #32]
 1451 001a 0223     		movs	r3, #2
 1452 001c 80F82130 		strb	r3, [r0, #33]
 1453 0020 0368     		ldr	r3, [r0]
 1454 0022 CA22     		movs	r2, #202
 1455 0024 5A62     		str	r2, [r3, #36]
 1456 0026 0368     		ldr	r3, [r0]
 1457 0028 5322     		movs	r2, #83
 1458 002a 5A62     		str	r2, [r3, #36]
 1459 002c 0368     		ldr	r3, [r0]
 1460 002e DB68     		ldr	r3, [r3, #12]
 1461 0030 13F4803F 		tst	r3, #65536
 1462 0034 10D1     		bne	.L193
 1463              	.L188:
 1464 0036 3346     		mov	r3, r6
 1465 0038 3B43     		orrs	r3, r3, r7
 1466 003a 2268     		ldr	r2, [r4]
 1467 003c 4146     		mov	r1, r8
 1468 003e 0B43     		orrs	r3, r3, r1
 1469 0040 D363     		str	r3, [r2, #60]
 1470 0042 2368     		ldr	r3, [r4]
 1471 0044 FF22     		movs	r2, #255
 1472 0046 5A62     		str	r2, [r3, #36]
 1473 0048 0123     		movs	r3, #1
 1474 004a 84F82130 		strb	r3, [r4, #33]
 1475 004e 0020     		movs	r0, #0
 1476 0050 84F82000 		strb	r0, [r4, #32]
 1477              	.L187:
 1478 0054 BDE8F081 		pop	{r4, r5, r6, r7, r8, pc}
 1479              	.L193:
 1480 0058 FFF7FEFF 		bl	HAL_GetTick
ARM GAS  C:\Users\Nathan\AppData\Local\Temp\ccGT2ZTc.s 			page 26


 1481 005c 0546     		mov	r5, r0
 1482              	.L189:
 1483 005e 2368     		ldr	r3, [r4]
 1484 0060 D968     		ldr	r1, [r3, #12]
 1485 0062 11F4803F 		tst	r1, #65536
 1486 0066 E6D0     		beq	.L188
 1487 0068 FFF7FEFF 		bl	HAL_GetTick
 1488 006c 401B     		subs	r0, r0, r5
 1489 006e B0F57A7F 		cmp	r0, #1000
 1490 0072 F4D9     		bls	.L189
 1491 0074 2368     		ldr	r3, [r4]
 1492 0076 FF22     		movs	r2, #255
 1493 0078 5A62     		str	r2, [r3, #36]
 1494 007a 0320     		movs	r0, #3
 1495 007c 84F82100 		strb	r0, [r4, #33]
 1496 0080 0023     		movs	r3, #0
 1497 0082 84F82030 		strb	r3, [r4, #32]
 1498 0086 E5E7     		b	.L187
 1499              	.L191:
 1500 0088 0220     		movs	r0, #2
 1501 008a E3E7     		b	.L187
 1503              		.section	.text.HAL_RTCEx_SetSynchroShift,"ax",%progbits
 1504              		.align	1
 1505              		.global	HAL_RTCEx_SetSynchroShift
 1506              		.syntax unified
 1507              		.thumb
 1508              		.thumb_func
 1510              	HAL_RTCEx_SetSynchroShift:
 1511              		@ args = 0, pretend = 0, frame = 0
 1512              		@ frame_needed = 0, uses_anonymous_args = 0
 1513 0000 F8B5     		push	{r3, r4, r5, r6, r7, lr}
 1514 0002 90F82030 		ldrb	r3, [r0, #32]	@ zero_extendqisi2
 1515 0006 012B     		cmp	r3, #1
 1516 0008 56D0     		beq	.L200
 1517 000a 0446     		mov	r4, r0
 1518 000c 0E46     		mov	r6, r1
 1519 000e 1746     		mov	r7, r2
 1520 0010 0123     		movs	r3, #1
 1521 0012 80F82030 		strb	r3, [r0, #32]
 1522 0016 0223     		movs	r3, #2
 1523 0018 80F82130 		strb	r3, [r0, #33]
 1524 001c 0368     		ldr	r3, [r0]
 1525 001e CA22     		movs	r2, #202
 1526 0020 5A62     		str	r2, [r3, #36]
 1527 0022 0368     		ldr	r3, [r0]
 1528 0024 5322     		movs	r2, #83
 1529 0026 5A62     		str	r2, [r3, #36]
 1530 0028 FFF7FEFF 		bl	HAL_GetTick
 1531 002c 0546     		mov	r5, r0
 1532              	.L196:
 1533 002e 2368     		ldr	r3, [r4]
 1534 0030 D868     		ldr	r0, [r3, #12]
 1535 0032 10F0080F 		tst	r0, #8
 1536 0036 0FD0     		beq	.L202
 1537 0038 FFF7FEFF 		bl	HAL_GetTick
 1538 003c 431B     		subs	r3, r0, r5
 1539 003e B3F57A7F 		cmp	r3, #1000
ARM GAS  C:\Users\Nathan\AppData\Local\Temp\ccGT2ZTc.s 			page 27


 1540 0042 F4D9     		bls	.L196
 1541 0044 2368     		ldr	r3, [r4]
 1542 0046 FF22     		movs	r2, #255
 1543 0048 5A62     		str	r2, [r3, #36]
 1544 004a 0320     		movs	r0, #3
 1545 004c 84F82100 		strb	r0, [r4, #33]
 1546 0050 0023     		movs	r3, #0
 1547 0052 84F82030 		strb	r3, [r4, #32]
 1548              	.L195:
 1549 0056 F8BD     		pop	{r3, r4, r5, r6, r7, pc}
 1550              	.L202:
 1551 0058 9A68     		ldr	r2, [r3, #8]
 1552 005a 12F0100F 		tst	r2, #16
 1553 005e 21D1     		bne	.L198
 1554 0060 3A46     		mov	r2, r7
 1555 0062 3243     		orrs	r2, r2, r6
 1556 0064 DA62     		str	r2, [r3, #44]
 1557 0066 2368     		ldr	r3, [r4]
 1558 0068 9B68     		ldr	r3, [r3, #8]
 1559 006a 13F0200F 		tst	r3, #32
 1560 006e 09D0     		beq	.L203
 1561              	.L199:
 1562 0070 2368     		ldr	r3, [r4]
 1563 0072 FF22     		movs	r2, #255
 1564 0074 5A62     		str	r2, [r3, #36]
 1565 0076 0123     		movs	r3, #1
 1566 0078 84F82130 		strb	r3, [r4, #33]
 1567 007c 0020     		movs	r0, #0
 1568 007e 84F82000 		strb	r0, [r4, #32]
 1569 0082 E8E7     		b	.L195
 1570              	.L203:
 1571 0084 2046     		mov	r0, r4
 1572 0086 FFF7FEFF 		bl	HAL_RTC_WaitForSynchro
 1573 008a 0028     		cmp	r0, #0
 1574 008c F0D0     		beq	.L199
 1575 008e 2368     		ldr	r3, [r4]
 1576 0090 FF22     		movs	r2, #255
 1577 0092 5A62     		str	r2, [r3, #36]
 1578 0094 0423     		movs	r3, #4
 1579 0096 84F82130 		strb	r3, [r4, #33]
 1580 009a 0023     		movs	r3, #0
 1581 009c 84F82030 		strb	r3, [r4, #32]
 1582 00a0 0120     		movs	r0, #1
 1583 00a2 D8E7     		b	.L195
 1584              	.L198:
 1585 00a4 FF22     		movs	r2, #255
 1586 00a6 5A62     		str	r2, [r3, #36]
 1587 00a8 0423     		movs	r3, #4
 1588 00aa 84F82130 		strb	r3, [r4, #33]
 1589 00ae 0023     		movs	r3, #0
 1590 00b0 84F82030 		strb	r3, [r4, #32]
 1591 00b4 0120     		movs	r0, #1
 1592 00b6 CEE7     		b	.L195
 1593              	.L200:
 1594 00b8 0220     		movs	r0, #2
 1595 00ba CCE7     		b	.L195
 1597              		.section	.text.HAL_RTCEx_SetCalibrationOutPut,"ax",%progbits
ARM GAS  C:\Users\Nathan\AppData\Local\Temp\ccGT2ZTc.s 			page 28


 1598              		.align	1
 1599              		.global	HAL_RTCEx_SetCalibrationOutPut
 1600              		.syntax unified
 1601              		.thumb
 1602              		.thumb_func
 1604              	HAL_RTCEx_SetCalibrationOutPut:
 1605              		@ args = 0, pretend = 0, frame = 0
 1606              		@ frame_needed = 0, uses_anonymous_args = 0
 1607              		@ link register save eliminated.
 1608 0000 90F82020 		ldrb	r2, [r0, #32]	@ zero_extendqisi2
 1609 0004 012A     		cmp	r2, #1
 1610 0006 2BD0     		beq	.L206
 1611 0008 10B4     		push	{r4}
 1612 000a 0346     		mov	r3, r0
 1613 000c 0120     		movs	r0, #1
 1614 000e 83F82000 		strb	r0, [r3, #32]
 1615 0012 0222     		movs	r2, #2
 1616 0014 83F82120 		strb	r2, [r3, #33]
 1617 0018 CA22     		movs	r2, #202
 1618 001a 1C68     		ldr	r4, [r3]
 1619 001c 6262     		str	r2, [r4, #36]
 1620 001e 5322     		movs	r2, #83
 1621 0020 1C68     		ldr	r4, [r3]
 1622 0022 6262     		str	r2, [r4, #36]
 1623 0024 D3F800C0 		ldr	ip, [r3]
 1624 0028 DCF80820 		ldr	r2, [ip, #8]
 1625 002c 22F40022 		bic	r2, r2, #524288
 1626 0030 CCF80820 		str	r2, [ip, #8]
 1627 0034 D3F800C0 		ldr	ip, [r3]
 1628 0038 DCF80820 		ldr	r2, [ip, #8]
 1629 003c 0A43     		orrs	r2, r2, r1
 1630 003e CCF80820 		str	r2, [ip, #8]
 1631 0042 1968     		ldr	r1, [r3]
 1632 0044 8A68     		ldr	r2, [r1, #8]
 1633 0046 42F40002 		orr	r2, r2, #8388608
 1634 004a 8A60     		str	r2, [r1, #8]
 1635 004c 1A68     		ldr	r2, [r3]
 1636 004e FF21     		movs	r1, #255
 1637 0050 5162     		str	r1, [r2, #36]
 1638 0052 83F82100 		strb	r0, [r3, #33]
 1639 0056 0020     		movs	r0, #0
 1640 0058 83F82000 		strb	r0, [r3, #32]
 1641 005c 10BC     		pop	{r4}
 1642 005e 7047     		bx	lr
 1643              	.L206:
 1644 0060 0220     		movs	r0, #2
 1645 0062 7047     		bx	lr
 1647              		.section	.text.HAL_RTCEx_DeactivateCalibrationOutPut,"ax",%progbits
 1648              		.align	1
 1649              		.global	HAL_RTCEx_DeactivateCalibrationOutPut
 1650              		.syntax unified
 1651              		.thumb
 1652              		.thumb_func
 1654              	HAL_RTCEx_DeactivateCalibrationOutPut:
 1655              		@ args = 0, pretend = 0, frame = 0
 1656              		@ frame_needed = 0, uses_anonymous_args = 0
 1657              		@ link register save eliminated.
ARM GAS  C:\Users\Nathan\AppData\Local\Temp\ccGT2ZTc.s 			page 29


 1658 0000 90F82030 		ldrb	r3, [r0, #32]	@ zero_extendqisi2
 1659 0004 012B     		cmp	r3, #1
 1660 0006 1AD0     		beq	.L213
 1661 0008 0122     		movs	r2, #1
 1662 000a 80F82020 		strb	r2, [r0, #32]
 1663 000e 0223     		movs	r3, #2
 1664 0010 80F82130 		strb	r3, [r0, #33]
 1665 0014 0368     		ldr	r3, [r0]
 1666 0016 CA21     		movs	r1, #202
 1667 0018 5962     		str	r1, [r3, #36]
 1668 001a 0368     		ldr	r3, [r0]
 1669 001c 5321     		movs	r1, #83
 1670 001e 5962     		str	r1, [r3, #36]
 1671 0020 0168     		ldr	r1, [r0]
 1672 0022 8B68     		ldr	r3, [r1, #8]
 1673 0024 23F40003 		bic	r3, r3, #8388608
 1674 0028 8B60     		str	r3, [r1, #8]
 1675 002a 0368     		ldr	r3, [r0]
 1676 002c FF21     		movs	r1, #255
 1677 002e 5962     		str	r1, [r3, #36]
 1678 0030 80F82120 		strb	r2, [r0, #33]
 1679 0034 0023     		movs	r3, #0
 1680 0036 80F82030 		strb	r3, [r0, #32]
 1681 003a 1846     		mov	r0, r3
 1682 003c 7047     		bx	lr
 1683              	.L213:
 1684 003e 0220     		movs	r0, #2
 1685 0040 7047     		bx	lr
 1687              		.section	.text.HAL_RTCEx_SetRefClock,"ax",%progbits
 1688              		.align	1
 1689              		.global	HAL_RTCEx_SetRefClock
 1690              		.syntax unified
 1691              		.thumb
 1692              		.thumb_func
 1694              	HAL_RTCEx_SetRefClock:
 1695              		@ args = 0, pretend = 0, frame = 0
 1696              		@ frame_needed = 0, uses_anonymous_args = 0
 1697 0000 90F82030 		ldrb	r3, [r0, #32]	@ zero_extendqisi2
 1698 0004 012B     		cmp	r3, #1
 1699 0006 25D0     		beq	.L217
 1700 0008 10B5     		push	{r4, lr}
 1701 000a 0446     		mov	r4, r0
 1702 000c 0123     		movs	r3, #1
 1703 000e 80F82030 		strb	r3, [r0, #32]
 1704 0012 0223     		movs	r3, #2
 1705 0014 80F82130 		strb	r3, [r0, #33]
 1706 0018 0368     		ldr	r3, [r0]
 1707 001a CA22     		movs	r2, #202
 1708 001c 5A62     		str	r2, [r3, #36]
 1709 001e 0368     		ldr	r3, [r0]
 1710 0020 5322     		movs	r2, #83
 1711 0022 5A62     		str	r2, [r3, #36]
 1712 0024 FFF7FEFF 		bl	RTC_EnterInitMode
 1713 0028 30B1     		cbz	r0, .L222
 1714              	.L216:
 1715 002a 2368     		ldr	r3, [r4]
 1716 002c FF22     		movs	r2, #255
ARM GAS  C:\Users\Nathan\AppData\Local\Temp\ccGT2ZTc.s 			page 30


 1717 002e 5A62     		str	r2, [r3, #36]
 1718 0030 0023     		movs	r3, #0
 1719 0032 84F82030 		strb	r3, [r4, #32]
 1720 0036 10BD     		pop	{r4, pc}
 1721              	.L222:
 1722 0038 2268     		ldr	r2, [r4]
 1723 003a 9368     		ldr	r3, [r2, #8]
 1724 003c 43F01003 		orr	r3, r3, #16
 1725 0040 9360     		str	r3, [r2, #8]
 1726 0042 2046     		mov	r0, r4
 1727 0044 FFF7FEFF 		bl	RTC_ExitInitMode
 1728 0048 0028     		cmp	r0, #0
 1729 004a EED1     		bne	.L216
 1730 004c 0123     		movs	r3, #1
 1731 004e 84F82130 		strb	r3, [r4, #33]
 1732 0052 EAE7     		b	.L216
 1733              	.L217:
 1734 0054 0220     		movs	r0, #2
 1735 0056 7047     		bx	lr
 1737              		.section	.text.HAL_RTCEx_DeactivateRefClock,"ax",%progbits
 1738              		.align	1
 1739              		.global	HAL_RTCEx_DeactivateRefClock
 1740              		.syntax unified
 1741              		.thumb
 1742              		.thumb_func
 1744              	HAL_RTCEx_DeactivateRefClock:
 1745              		@ args = 0, pretend = 0, frame = 0
 1746              		@ frame_needed = 0, uses_anonymous_args = 0
 1747 0000 90F82030 		ldrb	r3, [r0, #32]	@ zero_extendqisi2
 1748 0004 012B     		cmp	r3, #1
 1749 0006 25D0     		beq	.L226
 1750 0008 10B5     		push	{r4, lr}
 1751 000a 0446     		mov	r4, r0
 1752 000c 0123     		movs	r3, #1
 1753 000e 80F82030 		strb	r3, [r0, #32]
 1754 0012 0223     		movs	r3, #2
 1755 0014 80F82130 		strb	r3, [r0, #33]
 1756 0018 0368     		ldr	r3, [r0]
 1757 001a CA22     		movs	r2, #202
 1758 001c 5A62     		str	r2, [r3, #36]
 1759 001e 0368     		ldr	r3, [r0]
 1760 0020 5322     		movs	r2, #83
 1761 0022 5A62     		str	r2, [r3, #36]
 1762 0024 FFF7FEFF 		bl	RTC_EnterInitMode
 1763 0028 30B1     		cbz	r0, .L231
 1764              	.L225:
 1765 002a 2368     		ldr	r3, [r4]
 1766 002c FF22     		movs	r2, #255
 1767 002e 5A62     		str	r2, [r3, #36]
 1768 0030 0023     		movs	r3, #0
 1769 0032 84F82030 		strb	r3, [r4, #32]
 1770 0036 10BD     		pop	{r4, pc}
 1771              	.L231:
 1772 0038 2268     		ldr	r2, [r4]
 1773 003a 9368     		ldr	r3, [r2, #8]
 1774 003c 23F01003 		bic	r3, r3, #16
 1775 0040 9360     		str	r3, [r2, #8]
ARM GAS  C:\Users\Nathan\AppData\Local\Temp\ccGT2ZTc.s 			page 31


 1776 0042 2046     		mov	r0, r4
 1777 0044 FFF7FEFF 		bl	RTC_ExitInitMode
 1778 0048 0028     		cmp	r0, #0
 1779 004a EED1     		bne	.L225
 1780 004c 0123     		movs	r3, #1
 1781 004e 84F82130 		strb	r3, [r4, #33]
 1782 0052 EAE7     		b	.L225
 1783              	.L226:
 1784 0054 0220     		movs	r0, #2
 1785 0056 7047     		bx	lr
 1787              		.section	.text.HAL_RTCEx_EnableBypassShadow,"ax",%progbits
 1788              		.align	1
 1789              		.global	HAL_RTCEx_EnableBypassShadow
 1790              		.syntax unified
 1791              		.thumb
 1792              		.thumb_func
 1794              	HAL_RTCEx_EnableBypassShadow:
 1795              		@ args = 0, pretend = 0, frame = 0
 1796              		@ frame_needed = 0, uses_anonymous_args = 0
 1797              		@ link register save eliminated.
 1798 0000 90F82030 		ldrb	r3, [r0, #32]	@ zero_extendqisi2
 1799 0004 012B     		cmp	r3, #1
 1800 0006 1AD0     		beq	.L234
 1801 0008 0122     		movs	r2, #1
 1802 000a 80F82020 		strb	r2, [r0, #32]
 1803 000e 0223     		movs	r3, #2
 1804 0010 80F82130 		strb	r3, [r0, #33]
 1805 0014 0368     		ldr	r3, [r0]
 1806 0016 CA21     		movs	r1, #202
 1807 0018 5962     		str	r1, [r3, #36]
 1808 001a 0368     		ldr	r3, [r0]
 1809 001c 5321     		movs	r1, #83
 1810 001e 5962     		str	r1, [r3, #36]
 1811 0020 0168     		ldr	r1, [r0]
 1812 0022 8B68     		ldr	r3, [r1, #8]
 1813 0024 43F02003 		orr	r3, r3, #32
 1814 0028 8B60     		str	r3, [r1, #8]
 1815 002a 0368     		ldr	r3, [r0]
 1816 002c FF21     		movs	r1, #255
 1817 002e 5962     		str	r1, [r3, #36]
 1818 0030 80F82120 		strb	r2, [r0, #33]
 1819 0034 0023     		movs	r3, #0
 1820 0036 80F82030 		strb	r3, [r0, #32]
 1821 003a 1846     		mov	r0, r3
 1822 003c 7047     		bx	lr
 1823              	.L234:
 1824 003e 0220     		movs	r0, #2
 1825 0040 7047     		bx	lr
 1827              		.section	.text.HAL_RTCEx_DisableBypassShadow,"ax",%progbits
 1828              		.align	1
 1829              		.global	HAL_RTCEx_DisableBypassShadow
 1830              		.syntax unified
 1831              		.thumb
 1832              		.thumb_func
 1834              	HAL_RTCEx_DisableBypassShadow:
 1835              		@ args = 0, pretend = 0, frame = 0
 1836              		@ frame_needed = 0, uses_anonymous_args = 0
ARM GAS  C:\Users\Nathan\AppData\Local\Temp\ccGT2ZTc.s 			page 32


 1837              		@ link register save eliminated.
 1838 0000 90F82030 		ldrb	r3, [r0, #32]	@ zero_extendqisi2
 1839 0004 012B     		cmp	r3, #1
 1840 0006 1AD0     		beq	.L237
 1841 0008 0122     		movs	r2, #1
 1842 000a 80F82020 		strb	r2, [r0, #32]
 1843 000e 0223     		movs	r3, #2
 1844 0010 80F82130 		strb	r3, [r0, #33]
 1845 0014 0368     		ldr	r3, [r0]
 1846 0016 CA21     		movs	r1, #202
 1847 0018 5962     		str	r1, [r3, #36]
 1848 001a 0368     		ldr	r3, [r0]
 1849 001c 5321     		movs	r1, #83
 1850 001e 5962     		str	r1, [r3, #36]
 1851 0020 0168     		ldr	r1, [r0]
 1852 0022 8B68     		ldr	r3, [r1, #8]
 1853 0024 23F02003 		bic	r3, r3, #32
 1854 0028 8B60     		str	r3, [r1, #8]
 1855 002a 0368     		ldr	r3, [r0]
 1856 002c FF21     		movs	r1, #255
 1857 002e 5962     		str	r1, [r3, #36]
 1858 0030 80F82120 		strb	r2, [r0, #33]
 1859 0034 0023     		movs	r3, #0
 1860 0036 80F82030 		strb	r3, [r0, #32]
 1861 003a 1846     		mov	r0, r3
 1862 003c 7047     		bx	lr
 1863              	.L237:
 1864 003e 0220     		movs	r0, #2
 1865 0040 7047     		bx	lr
 1867              		.section	.text.HAL_RTCEx_AlarmBEventCallback,"ax",%progbits
 1868              		.align	1
 1869              		.weak	HAL_RTCEx_AlarmBEventCallback
 1870              		.syntax unified
 1871              		.thumb
 1872              		.thumb_func
 1874              	HAL_RTCEx_AlarmBEventCallback:
 1875              		@ args = 0, pretend = 0, frame = 0
 1876              		@ frame_needed = 0, uses_anonymous_args = 0
 1877              		@ link register save eliminated.
 1878 0000 7047     		bx	lr
 1880              		.section	.text.HAL_RTCEx_PollForAlarmBEvent,"ax",%progbits
 1881              		.align	1
 1882              		.global	HAL_RTCEx_PollForAlarmBEvent
 1883              		.syntax unified
 1884              		.thumb
 1885              		.thumb_func
 1887              	HAL_RTCEx_PollForAlarmBEvent:
 1888              		@ args = 0, pretend = 0, frame = 0
 1889              		@ frame_needed = 0, uses_anonymous_args = 0
 1890 0000 70B5     		push	{r4, r5, r6, lr}
 1891 0002 0446     		mov	r4, r0
 1892 0004 0D46     		mov	r5, r1
 1893 0006 FFF7FEFF 		bl	HAL_GetTick
 1894 000a 0646     		mov	r6, r0
 1895              	.L241:
 1896 000c 2368     		ldr	r3, [r4]
 1897 000e DA68     		ldr	r2, [r3, #12]
ARM GAS  C:\Users\Nathan\AppData\Local\Temp\ccGT2ZTc.s 			page 33


 1898 0010 12F4007F 		tst	r2, #512
 1899 0014 0CD1     		bne	.L246
 1900 0016 B5F1FF3F 		cmp	r5, #-1
 1901 001a F7D0     		beq	.L241
 1902 001c 25B1     		cbz	r5, .L242
 1903 001e FFF7FEFF 		bl	HAL_GetTick
 1904 0022 801B     		subs	r0, r0, r6
 1905 0024 A842     		cmp	r0, r5
 1906 0026 F1D9     		bls	.L241
 1907              	.L242:
 1908 0028 0320     		movs	r0, #3
 1909 002a 84F82100 		strb	r0, [r4, #33]
 1910 002e 08E0     		b	.L243
 1911              	.L246:
 1912 0030 DA68     		ldr	r2, [r3, #12]
 1913 0032 D2B2     		uxtb	r2, r2
 1914 0034 62F42072 		orn	r2, r2, #640
 1915 0038 DA60     		str	r2, [r3, #12]
 1916 003a 0123     		movs	r3, #1
 1917 003c 84F82130 		strb	r3, [r4, #33]
 1918 0040 0020     		movs	r0, #0
 1919              	.L243:
 1920 0042 70BD     		pop	{r4, r5, r6, pc}
 1922              		.ident	"GCC: (xPack GNU Arm Embedded GCC x86_64) 15.2.1 20251203"
ARM GAS  C:\Users\Nathan\AppData\Local\Temp\ccGT2ZTc.s 			page 34


DEFINED SYMBOLS
                            *ABS*:00000000 stm32wbxx_hal_rtc_ex.c
C:\Users\Nathan\AppData\Local\Temp\ccGT2ZTc.s:18     .text.HAL_RTCEx_SetTimeStamp:00000000 $t
C:\Users\Nathan\AppData\Local\Temp\ccGT2ZTc.s:24     .text.HAL_RTCEx_SetTimeStamp:00000000 HAL_RTCEx_SetTimeStamp
C:\Users\Nathan\AppData\Local\Temp\ccGT2ZTc.s:76     .text.HAL_RTCEx_SetTimeStamp_IT:00000000 $t
C:\Users\Nathan\AppData\Local\Temp\ccGT2ZTc.s:82     .text.HAL_RTCEx_SetTimeStamp_IT:00000000 HAL_RTCEx_SetTimeStamp_IT
C:\Users\Nathan\AppData\Local\Temp\ccGT2ZTc.s:146    .text.HAL_RTCEx_SetTimeStamp_IT:00000094 $d
C:\Users\Nathan\AppData\Local\Temp\ccGT2ZTc.s:149    .text.HAL_RTCEx_DeactivateTimeStamp:00000000 $t
C:\Users\Nathan\AppData\Local\Temp\ccGT2ZTc.s:155    .text.HAL_RTCEx_DeactivateTimeStamp:00000000 HAL_RTCEx_DeactivateTimeStamp
C:\Users\Nathan\AppData\Local\Temp\ccGT2ZTc.s:194    .text.HAL_RTCEx_SetInternalTimeStamp:00000000 $t
C:\Users\Nathan\AppData\Local\Temp\ccGT2ZTc.s:200    .text.HAL_RTCEx_SetInternalTimeStamp:00000000 HAL_RTCEx_SetInternalTimeStamp
C:\Users\Nathan\AppData\Local\Temp\ccGT2ZTc.s:241    .text.HAL_RTCEx_SetInternalTimeStamp:00000054 $d
C:\Users\Nathan\AppData\Local\Temp\ccGT2ZTc.s:244    .text.HAL_RTCEx_DeactivateInternalTimeStamp:00000000 $t
C:\Users\Nathan\AppData\Local\Temp\ccGT2ZTc.s:250    .text.HAL_RTCEx_DeactivateInternalTimeStamp:00000000 HAL_RTCEx_DeactivateInternalTimeStamp
C:\Users\Nathan\AppData\Local\Temp\ccGT2ZTc.s:284    .text.HAL_RTCEx_GetTimeStamp:00000000 $t
C:\Users\Nathan\AppData\Local\Temp\ccGT2ZTc.s:290    .text.HAL_RTCEx_GetTimeStamp:00000000 HAL_RTCEx_GetTimeStamp
C:\Users\Nathan\AppData\Local\Temp\ccGT2ZTc.s:357    .text.HAL_RTCEx_GetTimeStamp:00000094 $d
C:\Users\Nathan\AppData\Local\Temp\ccGT2ZTc.s:360    .text.HAL_RTCEx_SetTamper:00000000 $t
C:\Users\Nathan\AppData\Local\Temp\ccGT2ZTc.s:366    .text.HAL_RTCEx_SetTamper:00000000 HAL_RTCEx_SetTamper
C:\Users\Nathan\AppData\Local\Temp\ccGT2ZTc.s:482    .text.HAL_RTCEx_SetTamper_IT:00000000 $t
C:\Users\Nathan\AppData\Local\Temp\ccGT2ZTc.s:488    .text.HAL_RTCEx_SetTamper_IT:00000000 HAL_RTCEx_SetTamper_IT
C:\Users\Nathan\AppData\Local\Temp\ccGT2ZTc.s:602    .text.HAL_RTCEx_SetTamper_IT:00000100 $d
C:\Users\Nathan\AppData\Local\Temp\ccGT2ZTc.s:605    .text.HAL_RTCEx_DeactivateTamper:00000000 $t
C:\Users\Nathan\AppData\Local\Temp\ccGT2ZTc.s:611    .text.HAL_RTCEx_DeactivateTamper:00000000 HAL_RTCEx_DeactivateTamper
C:\Users\Nathan\AppData\Local\Temp\ccGT2ZTc.s:661    .text.HAL_RTCEx_TimeStampEventCallback:00000000 $t
C:\Users\Nathan\AppData\Local\Temp\ccGT2ZTc.s:667    .text.HAL_RTCEx_TimeStampEventCallback:00000000 HAL_RTCEx_TimeStampEventCallback
C:\Users\Nathan\AppData\Local\Temp\ccGT2ZTc.s:674    .text.HAL_RTCEx_Tamper1EventCallback:00000000 $t
C:\Users\Nathan\AppData\Local\Temp\ccGT2ZTc.s:680    .text.HAL_RTCEx_Tamper1EventCallback:00000000 HAL_RTCEx_Tamper1EventCallback
C:\Users\Nathan\AppData\Local\Temp\ccGT2ZTc.s:687    .text.HAL_RTCEx_Tamper2EventCallback:00000000 $t
C:\Users\Nathan\AppData\Local\Temp\ccGT2ZTc.s:693    .text.HAL_RTCEx_Tamper2EventCallback:00000000 HAL_RTCEx_Tamper2EventCallback
C:\Users\Nathan\AppData\Local\Temp\ccGT2ZTc.s:700    .text.HAL_RTCEx_Tamper3EventCallback:00000000 $t
C:\Users\Nathan\AppData\Local\Temp\ccGT2ZTc.s:706    .text.HAL_RTCEx_Tamper3EventCallback:00000000 HAL_RTCEx_Tamper3EventCallback
C:\Users\Nathan\AppData\Local\Temp\ccGT2ZTc.s:713    .text.HAL_RTCEx_TamperTimeStampIRQHandler:00000000 $t
C:\Users\Nathan\AppData\Local\Temp\ccGT2ZTc.s:719    .text.HAL_RTCEx_TamperTimeStampIRQHandler:00000000 HAL_RTCEx_TamperTimeStampIRQHandler
C:\Users\Nathan\AppData\Local\Temp\ccGT2ZTc.s:803    .text.HAL_RTCEx_TamperTimeStampIRQHandler:000000b0 $d
C:\Users\Nathan\AppData\Local\Temp\ccGT2ZTc.s:809    .text.HAL_RTCEx_PollForTimeStampEvent:00000000 $t
C:\Users\Nathan\AppData\Local\Temp\ccGT2ZTc.s:815    .text.HAL_RTCEx_PollForTimeStampEvent:00000000 HAL_RTCEx_PollForTimeStampEvent
C:\Users\Nathan\AppData\Local\Temp\ccGT2ZTc.s:862    .text.HAL_RTCEx_PollForTamper1Event:00000000 $t
C:\Users\Nathan\AppData\Local\Temp\ccGT2ZTc.s:868    .text.HAL_RTCEx_PollForTamper1Event:00000000 HAL_RTCEx_PollForTamper1Event
C:\Users\Nathan\AppData\Local\Temp\ccGT2ZTc.s:904    .text.HAL_RTCEx_PollForTamper2Event:00000000 $t
C:\Users\Nathan\AppData\Local\Temp\ccGT2ZTc.s:910    .text.HAL_RTCEx_PollForTamper2Event:00000000 HAL_RTCEx_PollForTamper2Event
C:\Users\Nathan\AppData\Local\Temp\ccGT2ZTc.s:946    .text.HAL_RTCEx_PollForTamper3Event:00000000 $t
C:\Users\Nathan\AppData\Local\Temp\ccGT2ZTc.s:952    .text.HAL_RTCEx_PollForTamper3Event:00000000 HAL_RTCEx_PollForTamper3Event
C:\Users\Nathan\AppData\Local\Temp\ccGT2ZTc.s:991    .text.HAL_RTCEx_SetWakeUpTimer:00000000 $t
C:\Users\Nathan\AppData\Local\Temp\ccGT2ZTc.s:997    .text.HAL_RTCEx_SetWakeUpTimer:00000000 HAL_RTCEx_SetWakeUpTimer
C:\Users\Nathan\AppData\Local\Temp\ccGT2ZTc.s:1097   .text.HAL_RTCEx_SetWakeUpTimer_IT:00000000 $t
C:\Users\Nathan\AppData\Local\Temp\ccGT2ZTc.s:1103   .text.HAL_RTCEx_SetWakeUpTimer_IT:00000000 HAL_RTCEx_SetWakeUpTimer_IT
C:\Users\Nathan\AppData\Local\Temp\ccGT2ZTc.s:1224   .text.HAL_RTCEx_SetWakeUpTimer_IT:00000120 $d
C:\Users\Nathan\AppData\Local\Temp\ccGT2ZTc.s:1229   .text.HAL_RTCEx_DeactivateWakeUpTimer:00000000 $t
C:\Users\Nathan\AppData\Local\Temp\ccGT2ZTc.s:1235   .text.HAL_RTCEx_DeactivateWakeUpTimer:00000000 HAL_RTCEx_DeactivateWakeUpTimer
C:\Users\Nathan\AppData\Local\Temp\ccGT2ZTc.s:1294   .text.HAL_RTCEx_GetWakeUpTimer:00000000 $t
C:\Users\Nathan\AppData\Local\Temp\ccGT2ZTc.s:1300   .text.HAL_RTCEx_GetWakeUpTimer:00000000 HAL_RTCEx_GetWakeUpTimer
C:\Users\Nathan\AppData\Local\Temp\ccGT2ZTc.s:1310   .text.HAL_RTCEx_WakeUpTimerEventCallback:00000000 $t
C:\Users\Nathan\AppData\Local\Temp\ccGT2ZTc.s:1316   .text.HAL_RTCEx_WakeUpTimerEventCallback:00000000 HAL_RTCEx_WakeUpTimerEventCallback
C:\Users\Nathan\AppData\Local\Temp\ccGT2ZTc.s:1323   .text.HAL_RTCEx_WakeUpTimerIRQHandler:00000000 $t
C:\Users\Nathan\AppData\Local\Temp\ccGT2ZTc.s:1329   .text.HAL_RTCEx_WakeUpTimerIRQHandler:00000000 HAL_RTCEx_WakeUpTimerIRQHandler
C:\Users\Nathan\AppData\Local\Temp\ccGT2ZTc.s:1355   .text.HAL_RTCEx_WakeUpTimerIRQHandler:00000030 $d
ARM GAS  C:\Users\Nathan\AppData\Local\Temp\ccGT2ZTc.s 			page 35


C:\Users\Nathan\AppData\Local\Temp\ccGT2ZTc.s:1358   .text.HAL_RTCEx_PollForWakeUpTimerEvent:00000000 $t
C:\Users\Nathan\AppData\Local\Temp\ccGT2ZTc.s:1364   .text.HAL_RTCEx_PollForWakeUpTimerEvent:00000000 HAL_RTCEx_PollForWakeUpTimerEvent
C:\Users\Nathan\AppData\Local\Temp\ccGT2ZTc.s:1400   .text.HAL_RTCEx_BKUPWrite:00000000 $t
C:\Users\Nathan\AppData\Local\Temp\ccGT2ZTc.s:1406   .text.HAL_RTCEx_BKUPWrite:00000000 HAL_RTCEx_BKUPWrite
C:\Users\Nathan\AppData\Local\Temp\ccGT2ZTc.s:1416   .text.HAL_RTCEx_BKUPRead:00000000 $t
C:\Users\Nathan\AppData\Local\Temp\ccGT2ZTc.s:1422   .text.HAL_RTCEx_BKUPRead:00000000 HAL_RTCEx_BKUPRead
C:\Users\Nathan\AppData\Local\Temp\ccGT2ZTc.s:1432   .text.HAL_RTCEx_SetSmoothCalib:00000000 $t
C:\Users\Nathan\AppData\Local\Temp\ccGT2ZTc.s:1438   .text.HAL_RTCEx_SetSmoothCalib:00000000 HAL_RTCEx_SetSmoothCalib
C:\Users\Nathan\AppData\Local\Temp\ccGT2ZTc.s:1504   .text.HAL_RTCEx_SetSynchroShift:00000000 $t
C:\Users\Nathan\AppData\Local\Temp\ccGT2ZTc.s:1510   .text.HAL_RTCEx_SetSynchroShift:00000000 HAL_RTCEx_SetSynchroShift
C:\Users\Nathan\AppData\Local\Temp\ccGT2ZTc.s:1598   .text.HAL_RTCEx_SetCalibrationOutPut:00000000 $t
C:\Users\Nathan\AppData\Local\Temp\ccGT2ZTc.s:1604   .text.HAL_RTCEx_SetCalibrationOutPut:00000000 HAL_RTCEx_SetCalibrationOutPut
C:\Users\Nathan\AppData\Local\Temp\ccGT2ZTc.s:1648   .text.HAL_RTCEx_DeactivateCalibrationOutPut:00000000 $t
C:\Users\Nathan\AppData\Local\Temp\ccGT2ZTc.s:1654   .text.HAL_RTCEx_DeactivateCalibrationOutPut:00000000 HAL_RTCEx_DeactivateCalibrationOutPut
C:\Users\Nathan\AppData\Local\Temp\ccGT2ZTc.s:1688   .text.HAL_RTCEx_SetRefClock:00000000 $t
C:\Users\Nathan\AppData\Local\Temp\ccGT2ZTc.s:1694   .text.HAL_RTCEx_SetRefClock:00000000 HAL_RTCEx_SetRefClock
C:\Users\Nathan\AppData\Local\Temp\ccGT2ZTc.s:1738   .text.HAL_RTCEx_DeactivateRefClock:00000000 $t
C:\Users\Nathan\AppData\Local\Temp\ccGT2ZTc.s:1744   .text.HAL_RTCEx_DeactivateRefClock:00000000 HAL_RTCEx_DeactivateRefClock
C:\Users\Nathan\AppData\Local\Temp\ccGT2ZTc.s:1788   .text.HAL_RTCEx_EnableBypassShadow:00000000 $t
C:\Users\Nathan\AppData\Local\Temp\ccGT2ZTc.s:1794   .text.HAL_RTCEx_EnableBypassShadow:00000000 HAL_RTCEx_EnableBypassShadow
C:\Users\Nathan\AppData\Local\Temp\ccGT2ZTc.s:1828   .text.HAL_RTCEx_DisableBypassShadow:00000000 $t
C:\Users\Nathan\AppData\Local\Temp\ccGT2ZTc.s:1834   .text.HAL_RTCEx_DisableBypassShadow:00000000 HAL_RTCEx_DisableBypassShadow
C:\Users\Nathan\AppData\Local\Temp\ccGT2ZTc.s:1868   .text.HAL_RTCEx_AlarmBEventCallback:00000000 $t
C:\Users\Nathan\AppData\Local\Temp\ccGT2ZTc.s:1874   .text.HAL_RTCEx_AlarmBEventCallback:00000000 HAL_RTCEx_AlarmBEventCallback
C:\Users\Nathan\AppData\Local\Temp\ccGT2ZTc.s:1881   .text.HAL_RTCEx_PollForAlarmBEvent:00000000 $t
C:\Users\Nathan\AppData\Local\Temp\ccGT2ZTc.s:1887   .text.HAL_RTCEx_PollForAlarmBEvent:00000000 HAL_RTCEx_PollForAlarmBEvent

UNDEFINED SYMBOLS
RTC_Bcd2ToByte
HAL_GetTick
SystemCoreClock
HAL_RTC_WaitForSynchro
RTC_EnterInitMode
RTC_ExitInitMode
