ARM GAS  C:\Users\Nathan\AppData\Local\Temp\ccr4SmdY.s 			page 1


   1              		.cpu cortex-m4
   2              		.arch armv7e-m
   3              		.fpu fpv4-sp-d16
   4              		.eabi_attribute 27, 1
   5              		.eabi_attribute 28, 1
   6              		.eabi_attribute 20, 1
   7              		.eabi_attribute 21, 1
   8              		.eabi_attribute 23, 3
   9              		.eabi_attribute 24, 1
  10              		.eabi_attribute 25, 1
  11              		.eabi_attribute 26, 1
  12              		.eabi_attribute 30, 1
  13              		.eabi_attribute 34, 1
  14              		.eabi_attribute 18, 4
  15              		.file	"stm32_lpm.c"
  16              		.text
  17              		.section	.text.UTIL_LPM_Init,"ax",%progbits
  18              		.align	1
  19              		.global	UTIL_LPM_Init
  20              		.syntax unified
  21              		.thumb
  22              		.thumb_func
  24              	UTIL_LPM_Init:
  25              		@ args = 0, pretend = 0, frame = 0
  26              		@ frame_needed = 0, uses_anonymous_args = 0
  27              		@ link register save eliminated.
  28 0000 0023     		movs	r3, #0
  29 0002 024A     		ldr	r2, .L2
  30 0004 1360     		str	r3, [r2]
  31 0006 024A     		ldr	r2, .L2+4
  32 0008 1360     		str	r3, [r2]
  33 000a 7047     		bx	lr
  34              	.L3:
  35              		.align	2
  36              	.L2:
  37 000c 00000000 		.word	StopModeDisable
  38 0010 00000000 		.word	OffModeDisable
  40              		.section	.text.UTIL_LPM_DeInit,"ax",%progbits
  41              		.align	1
  42              		.global	UTIL_LPM_DeInit
  43              		.syntax unified
  44              		.thumb
  45              		.thumb_func
  47              	UTIL_LPM_DeInit:
  48              		@ args = 0, pretend = 0, frame = 0
  49              		@ frame_needed = 0, uses_anonymous_args = 0
  50              		@ link register save eliminated.
  51 0000 7047     		bx	lr
  53              		.section	.text.UTIL_LPM_SetStopMode,"ax",%progbits
  54              		.align	1
  55              		.global	UTIL_LPM_SetStopMode
  56              		.syntax unified
  57              		.thumb
  58              		.thumb_func
  60              	UTIL_LPM_SetStopMode:
  61              		@ args = 0, pretend = 0, frame = 0
  62              		@ frame_needed = 0, uses_anonymous_args = 0
ARM GAS  C:\Users\Nathan\AppData\Local\Temp\ccr4SmdY.s 			page 2


  63              		@ link register save eliminated.
  64              		.syntax unified
  65              	@ 453 "Drivers/CMSIS/Include/cmsis_gcc.h" 1
  66 0000 EFF31083 		MRS r3, primask
  67              	@ 0 "" 2
  68              	@ 209 "Drivers/CMSIS/Include/cmsis_gcc.h" 1
  69 0004 72B6     		cpsid i
  70              	@ 0 "" 2
  71              		.thumb
  72              		.syntax unified
  73 0006 41B1     		cbz	r1, .L6
  74 0008 0129     		cmp	r1, #1
  75 000a 03D1     		bne	.L7
  76 000c 0649     		ldr	r1, .L8
  77 000e 0A68     		ldr	r2, [r1]
  78 0010 0243     		orrs	r2, r2, r0
  79 0012 0A60     		str	r2, [r1]
  80              	.L7:
  81              		.syntax unified
  82              	@ 481 "Drivers/CMSIS/Include/cmsis_gcc.h" 1
  83 0014 83F31088 		MSR primask, r3
  84              	@ 0 "" 2
  85              		.thumb
  86              		.syntax unified
  87 0018 7047     		bx	lr
  88              	.L6:
  89 001a 0349     		ldr	r1, .L8
  90 001c 0A68     		ldr	r2, [r1]
  91 001e 22EA0002 		bic	r2, r2, r0
  92 0022 0A60     		str	r2, [r1]
  93 0024 F6E7     		b	.L7
  94              	.L9:
  95 0026 00BF     		.align	2
  96              	.L8:
  97 0028 00000000 		.word	StopModeDisable
  99              		.section	.text.UTIL_LPM_SetOffMode,"ax",%progbits
 100              		.align	1
 101              		.global	UTIL_LPM_SetOffMode
 102              		.syntax unified
 103              		.thumb
 104              		.thumb_func
 106              	UTIL_LPM_SetOffMode:
 107              		@ args = 0, pretend = 0, frame = 0
 108              		@ frame_needed = 0, uses_anonymous_args = 0
 109              		@ link register save eliminated.
 110              		.syntax unified
 111              	@ 453 "Drivers/CMSIS/Include/cmsis_gcc.h" 1
 112 0000 EFF31083 		MRS r3, primask
 113              	@ 0 "" 2
 114              	@ 209 "Drivers/CMSIS/Include/cmsis_gcc.h" 1
 115 0004 72B6     		cpsid i
 116              	@ 0 "" 2
 117              		.thumb
 118              		.syntax unified
 119 0006 41B1     		cbz	r1, .L11
 120 0008 0129     		cmp	r1, #1
 121 000a 03D1     		bne	.L12
ARM GAS  C:\Users\Nathan\AppData\Local\Temp\ccr4SmdY.s 			page 3


 122 000c 0649     		ldr	r1, .L13
 123 000e 0A68     		ldr	r2, [r1]
 124 0010 0243     		orrs	r2, r2, r0
 125 0012 0A60     		str	r2, [r1]
 126              	.L12:
 127              		.syntax unified
 128              	@ 481 "Drivers/CMSIS/Include/cmsis_gcc.h" 1
 129 0014 83F31088 		MSR primask, r3
 130              	@ 0 "" 2
 131              		.thumb
 132              		.syntax unified
 133 0018 7047     		bx	lr
 134              	.L11:
 135 001a 0349     		ldr	r1, .L13
 136 001c 0A68     		ldr	r2, [r1]
 137 001e 22EA0002 		bic	r2, r2, r0
 138 0022 0A60     		str	r2, [r1]
 139 0024 F6E7     		b	.L12
 140              	.L14:
 141 0026 00BF     		.align	2
 142              	.L13:
 143 0028 00000000 		.word	OffModeDisable
 145              		.section	.text.UTIL_LPM_GetMode,"ax",%progbits
 146              		.align	1
 147              		.global	UTIL_LPM_GetMode
 148              		.syntax unified
 149              		.thumb
 150              		.thumb_func
 152              	UTIL_LPM_GetMode:
 153              		@ args = 0, pretend = 0, frame = 0
 154              		@ frame_needed = 0, uses_anonymous_args = 0
 155              		@ link register save eliminated.
 156              		.syntax unified
 157              	@ 453 "Drivers/CMSIS/Include/cmsis_gcc.h" 1
 158 0000 EFF31083 		MRS r3, primask
 159              	@ 0 "" 2
 160              	@ 209 "Drivers/CMSIS/Include/cmsis_gcc.h" 1
 161 0004 72B6     		cpsid i
 162              	@ 0 "" 2
 163              		.thumb
 164              		.syntax unified
 165 0006 074A     		ldr	r2, .L19
 166 0008 1268     		ldr	r2, [r2]
 167 000a 22B9     		cbnz	r2, .L17
 168 000c 064A     		ldr	r2, .L19+4
 169 000e 1268     		ldr	r2, [r2]
 170 0010 2AB1     		cbz	r2, .L18
 171 0012 0120     		movs	r0, #1
 172 0014 00E0     		b	.L16
 173              	.L17:
 174 0016 0020     		movs	r0, #0
 175              	.L16:
 176              		.syntax unified
 177              	@ 481 "Drivers/CMSIS/Include/cmsis_gcc.h" 1
 178 0018 83F31088 		MSR primask, r3
 179              	@ 0 "" 2
 180              		.thumb
ARM GAS  C:\Users\Nathan\AppData\Local\Temp\ccr4SmdY.s 			page 4


 181              		.syntax unified
 182 001c 7047     		bx	lr
 183              	.L18:
 184 001e 0220     		movs	r0, #2
 185 0020 FAE7     		b	.L16
 186              	.L20:
 187 0022 00BF     		.align	2
 188              	.L19:
 189 0024 00000000 		.word	StopModeDisable
 190 0028 00000000 		.word	OffModeDisable
 192              		.section	.text.UTIL_LPM_EnterLowPower,"ax",%progbits
 193              		.align	1
 194              		.global	UTIL_LPM_EnterLowPower
 195              		.syntax unified
 196              		.thumb
 197              		.thumb_func
 199              	UTIL_LPM_EnterLowPower:
 200              		@ args = 0, pretend = 0, frame = 0
 201              		@ frame_needed = 0, uses_anonymous_args = 0
 202 0000 38B5     		push	{r3, r4, r5, lr}
 203              		.syntax unified
 204              	@ 453 "Drivers/CMSIS/Include/cmsis_gcc.h" 1
 205 0002 EFF31083 		MRS r3, primask
 206              	@ 0 "" 2
 207              		.thumb
 208              		.syntax unified
 209 0006 1D46     		mov	r5, r3
 210              		.syntax unified
 211              	@ 209 "Drivers/CMSIS/Include/cmsis_gcc.h" 1
 212 0008 72B6     		cpsid i
 213              	@ 0 "" 2
 214              		.thumb
 215              		.syntax unified
 216 000a 0D4B     		ldr	r3, .L26
 217 000c 1B68     		ldr	r3, [r3]
 218 000e 3BB1     		cbz	r3, .L22
 219 0010 0C4C     		ldr	r4, .L26+4
 220 0012 2368     		ldr	r3, [r4]
 221 0014 9847     		blx	r3
 222 0016 6368     		ldr	r3, [r4, #4]
 223 0018 9847     		blx	r3
 224              	.L23:
 225              		.syntax unified
 226              	@ 481 "Drivers/CMSIS/Include/cmsis_gcc.h" 1
 227 001a 85F31088 		MSR primask, r5
 228              	@ 0 "" 2
 229              		.thumb
 230              		.syntax unified
 231 001e 38BD     		pop	{r3, r4, r5, pc}
 232              	.L22:
 233 0020 094B     		ldr	r3, .L26+8
 234 0022 1B68     		ldr	r3, [r3]
 235 0024 2BB1     		cbz	r3, .L24
 236 0026 074C     		ldr	r4, .L26+4
 237 0028 A368     		ldr	r3, [r4, #8]
 238 002a 9847     		blx	r3
 239 002c E368     		ldr	r3, [r4, #12]
ARM GAS  C:\Users\Nathan\AppData\Local\Temp\ccr4SmdY.s 			page 5


 240 002e 9847     		blx	r3
 241 0030 F3E7     		b	.L23
 242              	.L24:
 243 0032 044C     		ldr	r4, .L26+4
 244 0034 2369     		ldr	r3, [r4, #16]
 245 0036 9847     		blx	r3
 246 0038 6369     		ldr	r3, [r4, #20]
 247 003a 9847     		blx	r3
 248 003c EDE7     		b	.L23
 249              	.L27:
 250 003e 00BF     		.align	2
 251              	.L26:
 252 0040 00000000 		.word	StopModeDisable
 253 0044 00000000 		.word	UTIL_PowerDriver
 254 0048 00000000 		.word	OffModeDisable
 256              		.section	.bss.OffModeDisable,"aw",%nobits
 257              		.align	2
 260              	OffModeDisable:
 261 0000 00000000 		.space	4
 262              		.section	.bss.StopModeDisable,"aw",%nobits
 263              		.align	2
 266              	StopModeDisable:
 267 0000 00000000 		.space	4
 268              		.ident	"GCC: (xPack GNU Arm Embedded GCC x86_64) 15.2.1 20251203"
ARM GAS  C:\Users\Nathan\AppData\Local\Temp\ccr4SmdY.s 			page 6


DEFINED SYMBOLS
                            *ABS*:00000000 stm32_lpm.c
C:\Users\Nathan\AppData\Local\Temp\ccr4SmdY.s:18     .text.UTIL_LPM_Init:00000000 $t
C:\Users\Nathan\AppData\Local\Temp\ccr4SmdY.s:24     .text.UTIL_LPM_Init:00000000 UTIL_LPM_Init
C:\Users\Nathan\AppData\Local\Temp\ccr4SmdY.s:37     .text.UTIL_LPM_Init:0000000c $d
C:\Users\Nathan\AppData\Local\Temp\ccr4SmdY.s:266    .bss.StopModeDisable:00000000 StopModeDisable
C:\Users\Nathan\AppData\Local\Temp\ccr4SmdY.s:260    .bss.OffModeDisable:00000000 OffModeDisable
C:\Users\Nathan\AppData\Local\Temp\ccr4SmdY.s:41     .text.UTIL_LPM_DeInit:00000000 $t
C:\Users\Nathan\AppData\Local\Temp\ccr4SmdY.s:47     .text.UTIL_LPM_DeInit:00000000 UTIL_LPM_DeInit
C:\Users\Nathan\AppData\Local\Temp\ccr4SmdY.s:54     .text.UTIL_LPM_SetStopMode:00000000 $t
C:\Users\Nathan\AppData\Local\Temp\ccr4SmdY.s:60     .text.UTIL_LPM_SetStopMode:00000000 UTIL_LPM_SetStopMode
C:\Users\Nathan\AppData\Local\Temp\ccr4SmdY.s:97     .text.UTIL_LPM_SetStopMode:00000028 $d
C:\Users\Nathan\AppData\Local\Temp\ccr4SmdY.s:100    .text.UTIL_LPM_SetOffMode:00000000 $t
C:\Users\Nathan\AppData\Local\Temp\ccr4SmdY.s:106    .text.UTIL_LPM_SetOffMode:00000000 UTIL_LPM_SetOffMode
C:\Users\Nathan\AppData\Local\Temp\ccr4SmdY.s:143    .text.UTIL_LPM_SetOffMode:00000028 $d
C:\Users\Nathan\AppData\Local\Temp\ccr4SmdY.s:146    .text.UTIL_LPM_GetMode:00000000 $t
C:\Users\Nathan\AppData\Local\Temp\ccr4SmdY.s:152    .text.UTIL_LPM_GetMode:00000000 UTIL_LPM_GetMode
C:\Users\Nathan\AppData\Local\Temp\ccr4SmdY.s:189    .text.UTIL_LPM_GetMode:00000024 $d
C:\Users\Nathan\AppData\Local\Temp\ccr4SmdY.s:193    .text.UTIL_LPM_EnterLowPower:00000000 $t
C:\Users\Nathan\AppData\Local\Temp\ccr4SmdY.s:199    .text.UTIL_LPM_EnterLowPower:00000000 UTIL_LPM_EnterLowPower
C:\Users\Nathan\AppData\Local\Temp\ccr4SmdY.s:252    .text.UTIL_LPM_EnterLowPower:00000040 $d
C:\Users\Nathan\AppData\Local\Temp\ccr4SmdY.s:257    .bss.OffModeDisable:00000000 $d
C:\Users\Nathan\AppData\Local\Temp\ccr4SmdY.s:263    .bss.StopModeDisable:00000000 $d

UNDEFINED SYMBOLS
UTIL_PowerDriver
