ARM GAS  C:\Users\Nathan\AppData\Local\Temp\ccak25ce.s 			page 1


   1              		.cpu cortex-m4
   2              		.arch armv7e-m
   3              		.fpu fpv4-sp-d16
   4              		.eabi_attribute 27, 1
   5              		.eabi_attribute 28, 1
   6              		.eabi_attribute 20, 1
   7              		.eabi_attribute 21, 1
   8              		.eabi_attribute 23, 3
   9              		.eabi_attribute 24, 1
  10              		.eabi_attribute 25, 1
  11              		.eabi_attribute 26, 1
  12              		.eabi_attribute 30, 1
  13              		.eabi_attribute 34, 1
  14              		.eabi_attribute 18, 4
  15              		.file	"usbd_conf.c"
  16              		.text
  17              		.section	.text.USBD_Get_USB_Status,"ax",%progbits
  18              		.align	1
  19              		.syntax unified
  20              		.thumb
  21              		.thumb_func
  23              	USBD_Get_USB_Status:
  24              		@ args = 0, pretend = 0, frame = 0
  25              		@ frame_needed = 0, uses_anonymous_args = 0
  26              		@ link register save eliminated.
  27 0000 0228     		cmp	r0, #2
  28 0002 04D0     		beq	.L3
  29 0004 05D8     		bhi	.L4
  30 0006 08B1     		cbz	r0, .L6
  31 0008 0320     		movs	r0, #3
  32 000a 7047     		bx	lr
  33              	.L6:
  34 000c 7047     		bx	lr
  35              	.L3:
  36 000e 0120     		movs	r0, #1
  37 0010 7047     		bx	lr
  38              	.L4:
  39 0012 0320     		movs	r0, #3
  40 0014 7047     		bx	lr
  42              		.section	.text.SystemClockConfig_Resume,"ax",%progbits
  43              		.align	1
  44              		.syntax unified
  45              		.thumb
  46              		.thumb_func
  48              	SystemClockConfig_Resume:
  49              		@ args = 0, pretend = 0, frame = 0
  50              		@ frame_needed = 0, uses_anonymous_args = 0
  51 0000 08B5     		push	{r3, lr}
  52 0002 FFF7FEFF 		bl	SystemClock_Config
  53 0006 08BD     		pop	{r3, pc}
  55              		.section	.text.HAL_PCD_MspInit,"ax",%progbits
  56              		.align	1
  57              		.global	HAL_PCD_MspInit
  58              		.syntax unified
  59              		.thumb
  60              		.thumb_func
  62              	HAL_PCD_MspInit:
ARM GAS  C:\Users\Nathan\AppData\Local\Temp\ccak25ce.s 			page 2


  63              		@ args = 0, pretend = 0, frame = 32
  64              		@ frame_needed = 0, uses_anonymous_args = 0
  65 0000 10B5     		push	{r4, lr}
  66 0002 88B0     		sub	sp, sp, #32
  67 0004 0023     		movs	r3, #0
  68 0006 0393     		str	r3, [sp, #12]
  69 0008 0493     		str	r3, [sp, #16]
  70 000a 0593     		str	r3, [sp, #20]
  71 000c 0693     		str	r3, [sp, #24]
  72 000e 0793     		str	r3, [sp, #28]
  73 0010 0268     		ldr	r2, [r0]
  74 0012 1B4B     		ldr	r3, .L13
  75 0014 9A42     		cmp	r2, r3
  76 0016 01D0     		beq	.L12
  77              	.L9:
  78 0018 08B0     		add	sp, sp, #32
  79              		@ sp needed
  80 001a 10BD     		pop	{r4, pc}
  81              	.L12:
  82 001c 4FF0B044 		mov	r4, #1476395008
  83 0020 E36C     		ldr	r3, [r4, #76]
  84 0022 43F00103 		orr	r3, r3, #1
  85 0026 E364     		str	r3, [r4, #76]
  86 0028 E36C     		ldr	r3, [r4, #76]
  87 002a 03F00103 		and	r3, r3, #1
  88 002e 0293     		str	r3, [sp, #8]
  89 0030 029B     		ldr	r3, [sp, #8]
  90 0032 4FF4C053 		mov	r3, #6144
  91 0036 0393     		str	r3, [sp, #12]
  92 0038 0223     		movs	r3, #2
  93 003a 0493     		str	r3, [sp, #16]
  94 003c 0A23     		movs	r3, #10
  95 003e 0793     		str	r3, [sp, #28]
  96 0040 03A9     		add	r1, sp, #12
  97 0042 4FF09040 		mov	r0, #1207959552
  98 0046 FFF7FEFF 		bl	HAL_GPIO_Init
  99 004a A36D     		ldr	r3, [r4, #88]
 100 004c 43F08063 		orr	r3, r3, #67108864
 101 0050 A365     		str	r3, [r4, #88]
 102 0052 A36D     		ldr	r3, [r4, #88]
 103 0054 03F08063 		and	r3, r3, #67108864
 104 0058 0193     		str	r3, [sp, #4]
 105 005a 019B     		ldr	r3, [sp, #4]
 106 005c 0022     		movs	r2, #0
 107 005e 1146     		mov	r1, r2
 108 0060 1320     		movs	r0, #19
 109 0062 FFF7FEFF 		bl	HAL_NVIC_SetPriority
 110 0066 1320     		movs	r0, #19
 111 0068 FFF7FEFF 		bl	HAL_NVIC_EnableIRQ
 112 006c 0022     		movs	r2, #0
 113 006e 1146     		mov	r1, r2
 114 0070 1420     		movs	r0, #20
 115 0072 FFF7FEFF 		bl	HAL_NVIC_SetPriority
 116 0076 1420     		movs	r0, #20
 117 0078 FFF7FEFF 		bl	HAL_NVIC_EnableIRQ
 118 007c CCE7     		b	.L9
 119              	.L14:
ARM GAS  C:\Users\Nathan\AppData\Local\Temp\ccak25ce.s 			page 3


 120 007e 00BF     		.align	2
 121              	.L13:
 122 0080 00680040 		.word	1073768448
 124              		.section	.text.HAL_PCD_MspDeInit,"ax",%progbits
 125              		.align	1
 126              		.global	HAL_PCD_MspDeInit
 127              		.syntax unified
 128              		.thumb
 129              		.thumb_func
 131              	HAL_PCD_MspDeInit:
 132              		@ args = 0, pretend = 0, frame = 0
 133              		@ frame_needed = 0, uses_anonymous_args = 0
 134 0000 08B5     		push	{r3, lr}
 135 0002 0268     		ldr	r2, [r0]
 136 0004 0B4B     		ldr	r3, .L19
 137 0006 9A42     		cmp	r2, r3
 138 0008 00D0     		beq	.L18
 139              	.L15:
 140 000a 08BD     		pop	{r3, pc}
 141              	.L18:
 142 000c 4FF0B042 		mov	r2, #1476395008
 143 0010 936D     		ldr	r3, [r2, #88]
 144 0012 23F08063 		bic	r3, r3, #67108864
 145 0016 9365     		str	r3, [r2, #88]
 146 0018 4FF4C051 		mov	r1, #6144
 147 001c 4FF09040 		mov	r0, #1207959552
 148 0020 FFF7FEFF 		bl	HAL_GPIO_DeInit
 149 0024 1320     		movs	r0, #19
 150 0026 FFF7FEFF 		bl	HAL_NVIC_DisableIRQ
 151 002a 1420     		movs	r0, #20
 152 002c FFF7FEFF 		bl	HAL_NVIC_DisableIRQ
 153 0030 EBE7     		b	.L15
 154              	.L20:
 155 0032 00BF     		.align	2
 156              	.L19:
 157 0034 00680040 		.word	1073768448
 159              		.section	.text.HAL_PCD_SetupStageCallback,"ax",%progbits
 160              		.align	1
 161              		.global	HAL_PCD_SetupStageCallback
 162              		.syntax unified
 163              		.thumb
 164              		.thumb_func
 166              	HAL_PCD_SetupStageCallback:
 167              		@ args = 0, pretend = 0, frame = 0
 168              		@ frame_needed = 0, uses_anonymous_args = 0
 169 0000 08B5     		push	{r3, lr}
 170 0002 00F52671 		add	r1, r0, #664
 171 0006 D0F8D802 		ldr	r0, [r0, #728]
 172 000a FFF7FEFF 		bl	USBD_LL_SetupStage
 173 000e 08BD     		pop	{r3, pc}
 175              		.section	.text.HAL_PCD_DataOutStageCallback,"ax",%progbits
 176              		.align	1
 177              		.global	HAL_PCD_DataOutStageCallback
 178              		.syntax unified
 179              		.thumb
 180              		.thumb_func
 182              	HAL_PCD_DataOutStageCallback:
ARM GAS  C:\Users\Nathan\AppData\Local\Temp\ccak25ce.s 			page 4


 183              		@ args = 0, pretend = 0, frame = 0
 184              		@ frame_needed = 0, uses_anonymous_args = 0
 185 0000 08B5     		push	{r3, lr}
 186 0002 01EB8103 		add	r3, r1, r1, lsl #2
 187 0006 00EBC303 		add	r3, r0, r3, lsl #3
 188 000a D3F86421 		ldr	r2, [r3, #356]
 189 000e D0F8D802 		ldr	r0, [r0, #728]
 190 0012 FFF7FEFF 		bl	USBD_LL_DataOutStage
 191 0016 08BD     		pop	{r3, pc}
 193              		.section	.text.HAL_PCD_DataInStageCallback,"ax",%progbits
 194              		.align	1
 195              		.global	HAL_PCD_DataInStageCallback
 196              		.syntax unified
 197              		.thumb
 198              		.thumb_func
 200              	HAL_PCD_DataInStageCallback:
 201              		@ args = 0, pretend = 0, frame = 0
 202              		@ frame_needed = 0, uses_anonymous_args = 0
 203 0000 08B5     		push	{r3, lr}
 204 0002 01EB8103 		add	r3, r1, r1, lsl #2
 205 0006 00EBC303 		add	r3, r0, r3, lsl #3
 206 000a 5A6A     		ldr	r2, [r3, #36]
 207 000c D0F8D802 		ldr	r0, [r0, #728]
 208 0010 FFF7FEFF 		bl	USBD_LL_DataInStage
 209 0014 08BD     		pop	{r3, pc}
 211              		.section	.text.HAL_PCD_SOFCallback,"ax",%progbits
 212              		.align	1
 213              		.global	HAL_PCD_SOFCallback
 214              		.syntax unified
 215              		.thumb
 216              		.thumb_func
 218              	HAL_PCD_SOFCallback:
 219              		@ args = 0, pretend = 0, frame = 0
 220              		@ frame_needed = 0, uses_anonymous_args = 0
 221 0000 08B5     		push	{r3, lr}
 222 0002 D0F8D802 		ldr	r0, [r0, #728]
 223 0006 FFF7FEFF 		bl	USBD_LL_SOF
 224 000a 08BD     		pop	{r3, pc}
 226              		.section	.text.HAL_PCD_ResetCallback,"ax",%progbits
 227              		.align	1
 228              		.global	HAL_PCD_ResetCallback
 229              		.syntax unified
 230              		.thumb
 231              		.thumb_func
 233              	HAL_PCD_ResetCallback:
 234              		@ args = 0, pretend = 0, frame = 0
 235              		@ frame_needed = 0, uses_anonymous_args = 0
 236 0000 10B5     		push	{r4, lr}
 237 0002 0446     		mov	r4, r0
 238 0004 4379     		ldrb	r3, [r0, #5]	@ zero_extendqisi2
 239 0006 022B     		cmp	r3, #2
 240 0008 09D1     		bne	.L32
 241              	.L30:
 242 000a 0121     		movs	r1, #1
 243 000c D4F8D802 		ldr	r0, [r4, #728]
 244 0010 FFF7FEFF 		bl	USBD_LL_SetSpeed
 245 0014 D4F8D802 		ldr	r0, [r4, #728]
ARM GAS  C:\Users\Nathan\AppData\Local\Temp\ccak25ce.s 			page 5


 246 0018 FFF7FEFF 		bl	USBD_LL_Reset
 247 001c 10BD     		pop	{r4, pc}
 248              	.L32:
 249 001e FFF7FEFF 		bl	Error_Handler
 250 0022 F2E7     		b	.L30
 252              		.section	.text.HAL_PCD_SuspendCallback,"ax",%progbits
 253              		.align	1
 254              		.global	HAL_PCD_SuspendCallback
 255              		.syntax unified
 256              		.thumb
 257              		.thumb_func
 259              	HAL_PCD_SuspendCallback:
 260              		@ args = 0, pretend = 0, frame = 0
 261              		@ frame_needed = 0, uses_anonymous_args = 0
 262 0000 10B5     		push	{r4, lr}
 263 0002 0446     		mov	r4, r0
 264 0004 D0F8D802 		ldr	r0, [r0, #728]
 265 0008 FFF7FEFF 		bl	USBD_LL_Suspend
 266 000c 637A     		ldrb	r3, [r4, #9]	@ zero_extendqisi2
 267 000e 23B1     		cbz	r3, .L33
 268 0010 024A     		ldr	r2, .L36
 269 0012 1369     		ldr	r3, [r2, #16]
 270 0014 43F00603 		orr	r3, r3, #6
 271 0018 1361     		str	r3, [r2, #16]
 272              	.L33:
 273 001a 10BD     		pop	{r4, pc}
 274              	.L37:
 275              		.align	2
 276              	.L36:
 277 001c 00ED00E0 		.word	-536810240
 279              		.section	.text.HAL_PCD_ResumeCallback,"ax",%progbits
 280              		.align	1
 281              		.global	HAL_PCD_ResumeCallback
 282              		.syntax unified
 283              		.thumb
 284              		.thumb_func
 286              	HAL_PCD_ResumeCallback:
 287              		@ args = 0, pretend = 0, frame = 0
 288              		@ frame_needed = 0, uses_anonymous_args = 0
 289 0000 10B5     		push	{r4, lr}
 290 0002 0446     		mov	r4, r0
 291 0004 437A     		ldrb	r3, [r0, #9]	@ zero_extendqisi2
 292 0006 23B9     		cbnz	r3, .L41
 293              	.L39:
 294 0008 D4F8D802 		ldr	r0, [r4, #728]
 295 000c FFF7FEFF 		bl	USBD_LL_Resume
 296 0010 10BD     		pop	{r4, pc}
 297              	.L41:
 298 0012 044A     		ldr	r2, .L42
 299 0014 1369     		ldr	r3, [r2, #16]
 300 0016 23F00603 		bic	r3, r3, #6
 301 001a 1361     		str	r3, [r2, #16]
 302 001c FFF7FEFF 		bl	SystemClockConfig_Resume
 303 0020 F2E7     		b	.L39
 304              	.L43:
 305 0022 00BF     		.align	2
 306              	.L42:
ARM GAS  C:\Users\Nathan\AppData\Local\Temp\ccak25ce.s 			page 6


 307 0024 00ED00E0 		.word	-536810240
 309              		.section	.text.HAL_PCD_ISOOUTIncompleteCallback,"ax",%progbits
 310              		.align	1
 311              		.global	HAL_PCD_ISOOUTIncompleteCallback
 312              		.syntax unified
 313              		.thumb
 314              		.thumb_func
 316              	HAL_PCD_ISOOUTIncompleteCallback:
 317              		@ args = 0, pretend = 0, frame = 0
 318              		@ frame_needed = 0, uses_anonymous_args = 0
 319 0000 08B5     		push	{r3, lr}
 320 0002 D0F8D802 		ldr	r0, [r0, #728]
 321 0006 FFF7FEFF 		bl	USBD_LL_IsoOUTIncomplete
 322 000a 08BD     		pop	{r3, pc}
 324              		.section	.text.HAL_PCD_ISOINIncompleteCallback,"ax",%progbits
 325              		.align	1
 326              		.global	HAL_PCD_ISOINIncompleteCallback
 327              		.syntax unified
 328              		.thumb
 329              		.thumb_func
 331              	HAL_PCD_ISOINIncompleteCallback:
 332              		@ args = 0, pretend = 0, frame = 0
 333              		@ frame_needed = 0, uses_anonymous_args = 0
 334 0000 08B5     		push	{r3, lr}
 335 0002 D0F8D802 		ldr	r0, [r0, #728]
 336 0006 FFF7FEFF 		bl	USBD_LL_IsoINIncomplete
 337 000a 08BD     		pop	{r3, pc}
 339              		.section	.text.HAL_PCD_ConnectCallback,"ax",%progbits
 340              		.align	1
 341              		.global	HAL_PCD_ConnectCallback
 342              		.syntax unified
 343              		.thumb
 344              		.thumb_func
 346              	HAL_PCD_ConnectCallback:
 347              		@ args = 0, pretend = 0, frame = 0
 348              		@ frame_needed = 0, uses_anonymous_args = 0
 349 0000 08B5     		push	{r3, lr}
 350 0002 D0F8D802 		ldr	r0, [r0, #728]
 351 0006 FFF7FEFF 		bl	USBD_LL_DevConnected
 352 000a 08BD     		pop	{r3, pc}
 354              		.section	.text.HAL_PCD_DisconnectCallback,"ax",%progbits
 355              		.align	1
 356              		.global	HAL_PCD_DisconnectCallback
 357              		.syntax unified
 358              		.thumb
 359              		.thumb_func
 361              	HAL_PCD_DisconnectCallback:
 362              		@ args = 0, pretend = 0, frame = 0
 363              		@ frame_needed = 0, uses_anonymous_args = 0
 364 0000 08B5     		push	{r3, lr}
 365 0002 D0F8D802 		ldr	r0, [r0, #728]
 366 0006 FFF7FEFF 		bl	USBD_LL_DevDisconnected
 367 000a 08BD     		pop	{r3, pc}
 369              		.section	.text.USBD_LL_Init,"ax",%progbits
 370              		.align	1
 371              		.global	USBD_LL_Init
 372              		.syntax unified
ARM GAS  C:\Users\Nathan\AppData\Local\Temp\ccak25ce.s 			page 7


 373              		.thumb
 374              		.thumb_func
 376              	USBD_LL_Init:
 377              		@ args = 0, pretend = 0, frame = 0
 378              		@ frame_needed = 0, uses_anonymous_args = 0
 379 0000 38B5     		push	{r3, r4, r5, lr}
 380 0002 0546     		mov	r5, r0
 381 0004 204C     		ldr	r4, .L56
 382 0006 C4F8D802 		str	r0, [r4, #728]
 383 000a C0F8C842 		str	r4, [r0, #712]
 384 000e FFF7FEFF 		bl	HAL_PWREx_EnableVddUSB
 385 0012 1E4B     		ldr	r3, .L56+4
 386 0014 2360     		str	r3, [r4]
 387 0016 0823     		movs	r3, #8
 388 0018 2371     		strb	r3, [r4, #4]
 389 001a 0223     		movs	r3, #2
 390 001c 6371     		strb	r3, [r4, #5]
 391 001e E371     		strb	r3, [r4, #7]
 392 0020 0023     		movs	r3, #0
 393 0022 2372     		strb	r3, [r4, #8]
 394 0024 6372     		strb	r3, [r4, #9]
 395 0026 A372     		strb	r3, [r4, #10]
 396 0028 E372     		strb	r3, [r4, #11]
 397 002a 2046     		mov	r0, r4
 398 002c FFF7FEFF 		bl	HAL_PCD_Init
 399 0030 30BB     		cbnz	r0, .L55
 400              	.L53:
 401 0032 1823     		movs	r3, #24
 402 0034 0022     		movs	r2, #0
 403 0036 1146     		mov	r1, r2
 404 0038 D5F8C802 		ldr	r0, [r5, #712]
 405 003c FFF7FEFF 		bl	HAL_PCDEx_PMAConfig
 406 0040 5823     		movs	r3, #88
 407 0042 0022     		movs	r2, #0
 408 0044 8021     		movs	r1, #128
 409 0046 D5F8C802 		ldr	r0, [r5, #712]
 410 004a FFF7FEFF 		bl	HAL_PCDEx_PMAConfig
 411 004e C023     		movs	r3, #192
 412 0050 0022     		movs	r2, #0
 413 0052 8121     		movs	r1, #129
 414 0054 D5F8C802 		ldr	r0, [r5, #712]
 415 0058 FFF7FEFF 		bl	HAL_PCDEx_PMAConfig
 416 005c 4FF48873 		mov	r3, #272
 417 0060 0022     		movs	r2, #0
 418 0062 0121     		movs	r1, #1
 419 0064 D5F8C802 		ldr	r0, [r5, #712]
 420 0068 FFF7FEFF 		bl	HAL_PCDEx_PMAConfig
 421 006c 4FF48073 		mov	r3, #256
 422 0070 0022     		movs	r2, #0
 423 0072 8221     		movs	r1, #130
 424 0074 D5F8C802 		ldr	r0, [r5, #712]
 425 0078 FFF7FEFF 		bl	HAL_PCDEx_PMAConfig
 426 007c 0020     		movs	r0, #0
 427 007e 38BD     		pop	{r3, r4, r5, pc}
 428              	.L55:
 429 0080 FFF7FEFF 		bl	Error_Handler
 430 0084 D5E7     		b	.L53
ARM GAS  C:\Users\Nathan\AppData\Local\Temp\ccak25ce.s 			page 8


 431              	.L57:
 432 0086 00BF     		.align	2
 433              	.L56:
 434 0088 00000000 		.word	hpcd_USB_FS
 435 008c 00680040 		.word	1073768448
 437              		.section	.text.USBD_LL_DeInit,"ax",%progbits
 438              		.align	1
 439              		.global	USBD_LL_DeInit
 440              		.syntax unified
 441              		.thumb
 442              		.thumb_func
 444              	USBD_LL_DeInit:
 445              		@ args = 0, pretend = 0, frame = 0
 446              		@ frame_needed = 0, uses_anonymous_args = 0
 447 0000 08B5     		push	{r3, lr}
 448 0002 D0F8C802 		ldr	r0, [r0, #712]
 449 0006 FFF7FEFF 		bl	HAL_PCD_DeInit
 450 000a FFF7FEFF 		bl	USBD_Get_USB_Status
 451 000e 08BD     		pop	{r3, pc}
 453              		.section	.text.USBD_LL_Start,"ax",%progbits
 454              		.align	1
 455              		.global	USBD_LL_Start
 456              		.syntax unified
 457              		.thumb
 458              		.thumb_func
 460              	USBD_LL_Start:
 461              		@ args = 0, pretend = 0, frame = 0
 462              		@ frame_needed = 0, uses_anonymous_args = 0
 463 0000 08B5     		push	{r3, lr}
 464 0002 D0F8C802 		ldr	r0, [r0, #712]
 465 0006 FFF7FEFF 		bl	HAL_PCD_Start
 466 000a FFF7FEFF 		bl	USBD_Get_USB_Status
 467 000e 08BD     		pop	{r3, pc}
 469              		.section	.text.USBD_LL_Stop,"ax",%progbits
 470              		.align	1
 471              		.global	USBD_LL_Stop
 472              		.syntax unified
 473              		.thumb
 474              		.thumb_func
 476              	USBD_LL_Stop:
 477              		@ args = 0, pretend = 0, frame = 0
 478              		@ frame_needed = 0, uses_anonymous_args = 0
 479 0000 08B5     		push	{r3, lr}
 480 0002 D0F8C802 		ldr	r0, [r0, #712]
 481 0006 FFF7FEFF 		bl	HAL_PCD_Stop
 482 000a FFF7FEFF 		bl	USBD_Get_USB_Status
 483 000e 08BD     		pop	{r3, pc}
 485              		.section	.text.USBD_LL_OpenEP,"ax",%progbits
 486              		.align	1
 487              		.global	USBD_LL_OpenEP
 488              		.syntax unified
 489              		.thumb
 490              		.thumb_func
 492              	USBD_LL_OpenEP:
 493              		@ args = 0, pretend = 0, frame = 0
 494              		@ frame_needed = 0, uses_anonymous_args = 0
 495 0000 08B5     		push	{r3, lr}
ARM GAS  C:\Users\Nathan\AppData\Local\Temp\ccak25ce.s 			page 9


 496 0002 9446     		mov	ip, r2
 497 0004 1A46     		mov	r2, r3
 498 0006 6346     		mov	r3, ip
 499 0008 D0F8C802 		ldr	r0, [r0, #712]
 500 000c FFF7FEFF 		bl	HAL_PCD_EP_Open
 501 0010 FFF7FEFF 		bl	USBD_Get_USB_Status
 502 0014 08BD     		pop	{r3, pc}
 504              		.section	.text.USBD_LL_CloseEP,"ax",%progbits
 505              		.align	1
 506              		.global	USBD_LL_CloseEP
 507              		.syntax unified
 508              		.thumb
 509              		.thumb_func
 511              	USBD_LL_CloseEP:
 512              		@ args = 0, pretend = 0, frame = 0
 513              		@ frame_needed = 0, uses_anonymous_args = 0
 514 0000 08B5     		push	{r3, lr}
 515 0002 D0F8C802 		ldr	r0, [r0, #712]
 516 0006 FFF7FEFF 		bl	HAL_PCD_EP_Close
 517 000a FFF7FEFF 		bl	USBD_Get_USB_Status
 518 000e 08BD     		pop	{r3, pc}
 520              		.section	.text.USBD_LL_FlushEP,"ax",%progbits
 521              		.align	1
 522              		.global	USBD_LL_FlushEP
 523              		.syntax unified
 524              		.thumb
 525              		.thumb_func
 527              	USBD_LL_FlushEP:
 528              		@ args = 0, pretend = 0, frame = 0
 529              		@ frame_needed = 0, uses_anonymous_args = 0
 530 0000 08B5     		push	{r3, lr}
 531 0002 D0F8C802 		ldr	r0, [r0, #712]
 532 0006 FFF7FEFF 		bl	HAL_PCD_EP_Flush
 533 000a FFF7FEFF 		bl	USBD_Get_USB_Status
 534 000e 08BD     		pop	{r3, pc}
 536              		.section	.text.USBD_LL_StallEP,"ax",%progbits
 537              		.align	1
 538              		.global	USBD_LL_StallEP
 539              		.syntax unified
 540              		.thumb
 541              		.thumb_func
 543              	USBD_LL_StallEP:
 544              		@ args = 0, pretend = 0, frame = 0
 545              		@ frame_needed = 0, uses_anonymous_args = 0
 546 0000 08B5     		push	{r3, lr}
 547 0002 D0F8C802 		ldr	r0, [r0, #712]
 548 0006 FFF7FEFF 		bl	HAL_PCD_EP_SetStall
 549 000a FFF7FEFF 		bl	USBD_Get_USB_Status
 550 000e 08BD     		pop	{r3, pc}
 552              		.section	.text.USBD_LL_ClearStallEP,"ax",%progbits
 553              		.align	1
 554              		.global	USBD_LL_ClearStallEP
 555              		.syntax unified
 556              		.thumb
 557              		.thumb_func
 559              	USBD_LL_ClearStallEP:
 560              		@ args = 0, pretend = 0, frame = 0
ARM GAS  C:\Users\Nathan\AppData\Local\Temp\ccak25ce.s 			page 10


 561              		@ frame_needed = 0, uses_anonymous_args = 0
 562 0000 08B5     		push	{r3, lr}
 563 0002 D0F8C802 		ldr	r0, [r0, #712]
 564 0006 FFF7FEFF 		bl	HAL_PCD_EP_ClrStall
 565 000a FFF7FEFF 		bl	USBD_Get_USB_Status
 566 000e 08BD     		pop	{r3, pc}
 568              		.section	.text.USBD_LL_IsStallEP,"ax",%progbits
 569              		.align	1
 570              		.global	USBD_LL_IsStallEP
 571              		.syntax unified
 572              		.thumb
 573              		.thumb_func
 575              	USBD_LL_IsStallEP:
 576              		@ args = 0, pretend = 0, frame = 0
 577              		@ frame_needed = 0, uses_anonymous_args = 0
 578              		@ link register save eliminated.
 579 0000 D0F8C832 		ldr	r3, [r0, #712]
 580 0004 11F0800F 		tst	r1, #128
 581 0008 08D1     		bne	.L77
 582 000a 01F07F01 		and	r1, r1, #127
 583 000e 01EB8101 		add	r1, r1, r1, lsl #2
 584 0012 03EBC103 		add	r3, r3, r1, lsl #3
 585 0016 93F85201 		ldrb	r0, [r3, #338]	@ zero_extendqisi2
 586 001a 7047     		bx	lr
 587              	.L77:
 588 001c 01F07F01 		and	r1, r1, #127
 589 0020 01EB8101 		add	r1, r1, r1, lsl #2
 590 0024 03EBC103 		add	r3, r3, r1, lsl #3
 591 0028 987C     		ldrb	r0, [r3, #18]	@ zero_extendqisi2
 592 002a 7047     		bx	lr
 594              		.section	.text.USBD_LL_SetUSBAddress,"ax",%progbits
 595              		.align	1
 596              		.global	USBD_LL_SetUSBAddress
 597              		.syntax unified
 598              		.thumb
 599              		.thumb_func
 601              	USBD_LL_SetUSBAddress:
 602              		@ args = 0, pretend = 0, frame = 0
 603              		@ frame_needed = 0, uses_anonymous_args = 0
 604 0000 08B5     		push	{r3, lr}
 605 0002 D0F8C802 		ldr	r0, [r0, #712]
 606 0006 FFF7FEFF 		bl	HAL_PCD_SetAddress
 607 000a FFF7FEFF 		bl	USBD_Get_USB_Status
 608 000e 08BD     		pop	{r3, pc}
 610              		.section	.text.USBD_LL_Transmit,"ax",%progbits
 611              		.align	1
 612              		.global	USBD_LL_Transmit
 613              		.syntax unified
 614              		.thumb
 615              		.thumb_func
 617              	USBD_LL_Transmit:
 618              		@ args = 0, pretend = 0, frame = 0
 619              		@ frame_needed = 0, uses_anonymous_args = 0
 620 0000 08B5     		push	{r3, lr}
 621 0002 D0F8C802 		ldr	r0, [r0, #712]
 622 0006 FFF7FEFF 		bl	HAL_PCD_EP_Transmit
 623 000a FFF7FEFF 		bl	USBD_Get_USB_Status
ARM GAS  C:\Users\Nathan\AppData\Local\Temp\ccak25ce.s 			page 11


 624 000e 08BD     		pop	{r3, pc}
 626              		.section	.text.USBD_LL_PrepareReceive,"ax",%progbits
 627              		.align	1
 628              		.global	USBD_LL_PrepareReceive
 629              		.syntax unified
 630              		.thumb
 631              		.thumb_func
 633              	USBD_LL_PrepareReceive:
 634              		@ args = 0, pretend = 0, frame = 0
 635              		@ frame_needed = 0, uses_anonymous_args = 0
 636 0000 08B5     		push	{r3, lr}
 637 0002 D0F8C802 		ldr	r0, [r0, #712]
 638 0006 FFF7FEFF 		bl	HAL_PCD_EP_Receive
 639 000a FFF7FEFF 		bl	USBD_Get_USB_Status
 640 000e 08BD     		pop	{r3, pc}
 642              		.section	.text.USBD_LL_GetRxDataSize,"ax",%progbits
 643              		.align	1
 644              		.global	USBD_LL_GetRxDataSize
 645              		.syntax unified
 646              		.thumb
 647              		.thumb_func
 649              	USBD_LL_GetRxDataSize:
 650              		@ args = 0, pretend = 0, frame = 0
 651              		@ frame_needed = 0, uses_anonymous_args = 0
 652 0000 08B5     		push	{r3, lr}
 653 0002 D0F8C802 		ldr	r0, [r0, #712]
 654 0006 FFF7FEFF 		bl	HAL_PCD_EP_GetRxCount
 655 000a 08BD     		pop	{r3, pc}
 657              		.section	.text.HAL_PCDEx_LPM_Callback,"ax",%progbits
 658              		.align	1
 659              		.global	HAL_PCDEx_LPM_Callback
 660              		.syntax unified
 661              		.thumb
 662              		.thumb_func
 664              	HAL_PCDEx_LPM_Callback:
 665              		@ args = 0, pretend = 0, frame = 0
 666              		@ frame_needed = 0, uses_anonymous_args = 0
 667 0000 10B5     		push	{r4, lr}
 668 0002 0446     		mov	r4, r0
 669 0004 69B1     		cbz	r1, .L87
 670 0006 0129     		cmp	r1, #1
 671 0008 11D1     		bne	.L86
 672 000a D0F8D802 		ldr	r0, [r0, #728]
 673 000e FFF7FEFF 		bl	USBD_LL_Suspend
 674 0012 637A     		ldrb	r3, [r4, #9]	@ zero_extendqisi2
 675 0014 5BB1     		cbz	r3, .L86
 676 0016 0A4A     		ldr	r2, .L93
 677 0018 1369     		ldr	r3, [r2, #16]
 678 001a 43F00603 		orr	r3, r3, #6
 679 001e 1361     		str	r3, [r2, #16]
 680 0020 05E0     		b	.L86
 681              	.L87:
 682 0022 437A     		ldrb	r3, [r0, #9]	@ zero_extendqisi2
 683 0024 23B9     		cbnz	r3, .L92
 684              	.L90:
 685 0026 D4F8D802 		ldr	r0, [r4, #728]
 686 002a FFF7FEFF 		bl	USBD_LL_Resume
ARM GAS  C:\Users\Nathan\AppData\Local\Temp\ccak25ce.s 			page 12


 687              	.L86:
 688 002e 10BD     		pop	{r4, pc}
 689              	.L92:
 690 0030 FFF7FEFF 		bl	SystemClockConfig_Resume
 691 0034 024A     		ldr	r2, .L93
 692 0036 1369     		ldr	r3, [r2, #16]
 693 0038 23F00603 		bic	r3, r3, #6
 694 003c 1361     		str	r3, [r2, #16]
 695 003e F2E7     		b	.L90
 696              	.L94:
 697              		.align	2
 698              	.L93:
 699 0040 00ED00E0 		.word	-536810240
 701              		.section	.text.USBD_LL_Delay,"ax",%progbits
 702              		.align	1
 703              		.global	USBD_LL_Delay
 704              		.syntax unified
 705              		.thumb
 706              		.thumb_func
 708              	USBD_LL_Delay:
 709              		@ args = 0, pretend = 0, frame = 0
 710              		@ frame_needed = 0, uses_anonymous_args = 0
 711 0000 08B5     		push	{r3, lr}
 712 0002 FFF7FEFF 		bl	HAL_Delay
 713 0006 08BD     		pop	{r3, pc}
 715              		.section	.text.USBD_static_malloc,"ax",%progbits
 716              		.align	1
 717              		.global	USBD_static_malloc
 718              		.syntax unified
 719              		.thumb
 720              		.thumb_func
 722              	USBD_static_malloc:
 723              		@ args = 0, pretend = 0, frame = 0
 724              		@ frame_needed = 0, uses_anonymous_args = 0
 725              		@ link register save eliminated.
 726 0000 0048     		ldr	r0, .L98
 727 0002 7047     		bx	lr
 728              	.L99:
 729              		.align	2
 730              	.L98:
 731 0004 00000000 		.word	mem.0
 733              		.section	.text.USBD_static_free,"ax",%progbits
 734              		.align	1
 735              		.global	USBD_static_free
 736              		.syntax unified
 737              		.thumb
 738              		.thumb_func
 740              	USBD_static_free:
 741              		@ args = 0, pretend = 0, frame = 0
 742              		@ frame_needed = 0, uses_anonymous_args = 0
 743              		@ link register save eliminated.
 744 0000 7047     		bx	lr
 746              		.section	.bss.mem.0,"aw",%nobits
 747              		.align	2
 750              	mem.0:
 751 0000 00000000 		.space	544
 751      00000000 
ARM GAS  C:\Users\Nathan\AppData\Local\Temp\ccak25ce.s 			page 13


 751      00000000 
 751      00000000 
 751      00000000 
 752              		.global	hpcd_USB_FS
 753              		.section	.bss.hpcd_USB_FS,"aw",%nobits
 754              		.align	2
 757              	hpcd_USB_FS:
 758 0000 00000000 		.space	732
 758      00000000 
 758      00000000 
 758      00000000 
 758      00000000 
 759              		.ident	"GCC: (xPack GNU Arm Embedded GCC x86_64) 15.2.1 20251203"
ARM GAS  C:\Users\Nathan\AppData\Local\Temp\ccak25ce.s 			page 14


DEFINED SYMBOLS
                            *ABS*:00000000 usbd_conf.c
C:\Users\Nathan\AppData\Local\Temp\ccak25ce.s:18     .text.USBD_Get_USB_Status:00000000 $t
C:\Users\Nathan\AppData\Local\Temp\ccak25ce.s:23     .text.USBD_Get_USB_Status:00000000 USBD_Get_USB_Status
C:\Users\Nathan\AppData\Local\Temp\ccak25ce.s:43     .text.SystemClockConfig_Resume:00000000 $t
C:\Users\Nathan\AppData\Local\Temp\ccak25ce.s:48     .text.SystemClockConfig_Resume:00000000 SystemClockConfig_Resume
C:\Users\Nathan\AppData\Local\Temp\ccak25ce.s:56     .text.HAL_PCD_MspInit:00000000 $t
C:\Users\Nathan\AppData\Local\Temp\ccak25ce.s:62     .text.HAL_PCD_MspInit:00000000 HAL_PCD_MspInit
C:\Users\Nathan\AppData\Local\Temp\ccak25ce.s:122    .text.HAL_PCD_MspInit:00000080 $d
C:\Users\Nathan\AppData\Local\Temp\ccak25ce.s:125    .text.HAL_PCD_MspDeInit:00000000 $t
C:\Users\Nathan\AppData\Local\Temp\ccak25ce.s:131    .text.HAL_PCD_MspDeInit:00000000 HAL_PCD_MspDeInit
C:\Users\Nathan\AppData\Local\Temp\ccak25ce.s:157    .text.HAL_PCD_MspDeInit:00000034 $d
C:\Users\Nathan\AppData\Local\Temp\ccak25ce.s:160    .text.HAL_PCD_SetupStageCallback:00000000 $t
C:\Users\Nathan\AppData\Local\Temp\ccak25ce.s:166    .text.HAL_PCD_SetupStageCallback:00000000 HAL_PCD_SetupStageCallback
C:\Users\Nathan\AppData\Local\Temp\ccak25ce.s:176    .text.HAL_PCD_DataOutStageCallback:00000000 $t
C:\Users\Nathan\AppData\Local\Temp\ccak25ce.s:182    .text.HAL_PCD_DataOutStageCallback:00000000 HAL_PCD_DataOutStageCallback
C:\Users\Nathan\AppData\Local\Temp\ccak25ce.s:194    .text.HAL_PCD_DataInStageCallback:00000000 $t
C:\Users\Nathan\AppData\Local\Temp\ccak25ce.s:200    .text.HAL_PCD_DataInStageCallback:00000000 HAL_PCD_DataInStageCallback
C:\Users\Nathan\AppData\Local\Temp\ccak25ce.s:212    .text.HAL_PCD_SOFCallback:00000000 $t
C:\Users\Nathan\AppData\Local\Temp\ccak25ce.s:218    .text.HAL_PCD_SOFCallback:00000000 HAL_PCD_SOFCallback
C:\Users\Nathan\AppData\Local\Temp\ccak25ce.s:227    .text.HAL_PCD_ResetCallback:00000000 $t
C:\Users\Nathan\AppData\Local\Temp\ccak25ce.s:233    .text.HAL_PCD_ResetCallback:00000000 HAL_PCD_ResetCallback
C:\Users\Nathan\AppData\Local\Temp\ccak25ce.s:253    .text.HAL_PCD_SuspendCallback:00000000 $t
C:\Users\Nathan\AppData\Local\Temp\ccak25ce.s:259    .text.HAL_PCD_SuspendCallback:00000000 HAL_PCD_SuspendCallback
C:\Users\Nathan\AppData\Local\Temp\ccak25ce.s:277    .text.HAL_PCD_SuspendCallback:0000001c $d
C:\Users\Nathan\AppData\Local\Temp\ccak25ce.s:280    .text.HAL_PCD_ResumeCallback:00000000 $t
C:\Users\Nathan\AppData\Local\Temp\ccak25ce.s:286    .text.HAL_PCD_ResumeCallback:00000000 HAL_PCD_ResumeCallback
C:\Users\Nathan\AppData\Local\Temp\ccak25ce.s:307    .text.HAL_PCD_ResumeCallback:00000024 $d
C:\Users\Nathan\AppData\Local\Temp\ccak25ce.s:310    .text.HAL_PCD_ISOOUTIncompleteCallback:00000000 $t
C:\Users\Nathan\AppData\Local\Temp\ccak25ce.s:316    .text.HAL_PCD_ISOOUTIncompleteCallback:00000000 HAL_PCD_ISOOUTIncompleteCallback
C:\Users\Nathan\AppData\Local\Temp\ccak25ce.s:325    .text.HAL_PCD_ISOINIncompleteCallback:00000000 $t
C:\Users\Nathan\AppData\Local\Temp\ccak25ce.s:331    .text.HAL_PCD_ISOINIncompleteCallback:00000000 HAL_PCD_ISOINIncompleteCallback
C:\Users\Nathan\AppData\Local\Temp\ccak25ce.s:340    .text.HAL_PCD_ConnectCallback:00000000 $t
C:\Users\Nathan\AppData\Local\Temp\ccak25ce.s:346    .text.HAL_PCD_ConnectCallback:00000000 HAL_PCD_ConnectCallback
C:\Users\Nathan\AppData\Local\Temp\ccak25ce.s:355    .text.HAL_PCD_DisconnectCallback:00000000 $t
C:\Users\Nathan\AppData\Local\Temp\ccak25ce.s:361    .text.HAL_PCD_DisconnectCallback:00000000 HAL_PCD_DisconnectCallback
C:\Users\Nathan\AppData\Local\Temp\ccak25ce.s:370    .text.USBD_LL_Init:00000000 $t
C:\Users\Nathan\AppData\Local\Temp\ccak25ce.s:376    .text.USBD_LL_Init:00000000 USBD_LL_Init
C:\Users\Nathan\AppData\Local\Temp\ccak25ce.s:434    .text.USBD_LL_Init:00000088 $d
C:\Users\Nathan\AppData\Local\Temp\ccak25ce.s:757    .bss.hpcd_USB_FS:00000000 hpcd_USB_FS
C:\Users\Nathan\AppData\Local\Temp\ccak25ce.s:438    .text.USBD_LL_DeInit:00000000 $t
C:\Users\Nathan\AppData\Local\Temp\ccak25ce.s:444    .text.USBD_LL_DeInit:00000000 USBD_LL_DeInit
C:\Users\Nathan\AppData\Local\Temp\ccak25ce.s:454    .text.USBD_LL_Start:00000000 $t
C:\Users\Nathan\AppData\Local\Temp\ccak25ce.s:460    .text.USBD_LL_Start:00000000 USBD_LL_Start
C:\Users\Nathan\AppData\Local\Temp\ccak25ce.s:470    .text.USBD_LL_Stop:00000000 $t
C:\Users\Nathan\AppData\Local\Temp\ccak25ce.s:476    .text.USBD_LL_Stop:00000000 USBD_LL_Stop
C:\Users\Nathan\AppData\Local\Temp\ccak25ce.s:486    .text.USBD_LL_OpenEP:00000000 $t
C:\Users\Nathan\AppData\Local\Temp\ccak25ce.s:492    .text.USBD_LL_OpenEP:00000000 USBD_LL_OpenEP
C:\Users\Nathan\AppData\Local\Temp\ccak25ce.s:505    .text.USBD_LL_CloseEP:00000000 $t
C:\Users\Nathan\AppData\Local\Temp\ccak25ce.s:511    .text.USBD_LL_CloseEP:00000000 USBD_LL_CloseEP
C:\Users\Nathan\AppData\Local\Temp\ccak25ce.s:521    .text.USBD_LL_FlushEP:00000000 $t
C:\Users\Nathan\AppData\Local\Temp\ccak25ce.s:527    .text.USBD_LL_FlushEP:00000000 USBD_LL_FlushEP
C:\Users\Nathan\AppData\Local\Temp\ccak25ce.s:537    .text.USBD_LL_StallEP:00000000 $t
C:\Users\Nathan\AppData\Local\Temp\ccak25ce.s:543    .text.USBD_LL_StallEP:00000000 USBD_LL_StallEP
C:\Users\Nathan\AppData\Local\Temp\ccak25ce.s:553    .text.USBD_LL_ClearStallEP:00000000 $t
C:\Users\Nathan\AppData\Local\Temp\ccak25ce.s:559    .text.USBD_LL_ClearStallEP:00000000 USBD_LL_ClearStallEP
C:\Users\Nathan\AppData\Local\Temp\ccak25ce.s:569    .text.USBD_LL_IsStallEP:00000000 $t
ARM GAS  C:\Users\Nathan\AppData\Local\Temp\ccak25ce.s 			page 15


C:\Users\Nathan\AppData\Local\Temp\ccak25ce.s:575    .text.USBD_LL_IsStallEP:00000000 USBD_LL_IsStallEP
C:\Users\Nathan\AppData\Local\Temp\ccak25ce.s:595    .text.USBD_LL_SetUSBAddress:00000000 $t
C:\Users\Nathan\AppData\Local\Temp\ccak25ce.s:601    .text.USBD_LL_SetUSBAddress:00000000 USBD_LL_SetUSBAddress
C:\Users\Nathan\AppData\Local\Temp\ccak25ce.s:611    .text.USBD_LL_Transmit:00000000 $t
C:\Users\Nathan\AppData\Local\Temp\ccak25ce.s:617    .text.USBD_LL_Transmit:00000000 USBD_LL_Transmit
C:\Users\Nathan\AppData\Local\Temp\ccak25ce.s:627    .text.USBD_LL_PrepareReceive:00000000 $t
C:\Users\Nathan\AppData\Local\Temp\ccak25ce.s:633    .text.USBD_LL_PrepareReceive:00000000 USBD_LL_PrepareReceive
C:\Users\Nathan\AppData\Local\Temp\ccak25ce.s:643    .text.USBD_LL_GetRxDataSize:00000000 $t
C:\Users\Nathan\AppData\Local\Temp\ccak25ce.s:649    .text.USBD_LL_GetRxDataSize:00000000 USBD_LL_GetRxDataSize
C:\Users\Nathan\AppData\Local\Temp\ccak25ce.s:658    .text.HAL_PCDEx_LPM_Callback:00000000 $t
C:\Users\Nathan\AppData\Local\Temp\ccak25ce.s:664    .text.HAL_PCDEx_LPM_Callback:00000000 HAL_PCDEx_LPM_Callback
C:\Users\Nathan\AppData\Local\Temp\ccak25ce.s:699    .text.HAL_PCDEx_LPM_Callback:00000040 $d
C:\Users\Nathan\AppData\Local\Temp\ccak25ce.s:702    .text.USBD_LL_Delay:00000000 $t
C:\Users\Nathan\AppData\Local\Temp\ccak25ce.s:708    .text.USBD_LL_Delay:00000000 USBD_LL_Delay
C:\Users\Nathan\AppData\Local\Temp\ccak25ce.s:716    .text.USBD_static_malloc:00000000 $t
C:\Users\Nathan\AppData\Local\Temp\ccak25ce.s:722    .text.USBD_static_malloc:00000000 USBD_static_malloc
C:\Users\Nathan\AppData\Local\Temp\ccak25ce.s:731    .text.USBD_static_malloc:00000004 $d
C:\Users\Nathan\AppData\Local\Temp\ccak25ce.s:750    .bss.mem.0:00000000 mem.0
C:\Users\Nathan\AppData\Local\Temp\ccak25ce.s:734    .text.USBD_static_free:00000000 $t
C:\Users\Nathan\AppData\Local\Temp\ccak25ce.s:740    .text.USBD_static_free:00000000 USBD_static_free
C:\Users\Nathan\AppData\Local\Temp\ccak25ce.s:747    .bss.mem.0:00000000 $d
C:\Users\Nathan\AppData\Local\Temp\ccak25ce.s:754    .bss.hpcd_USB_FS:00000000 $d

UNDEFINED SYMBOLS
SystemClock_Config
HAL_GPIO_Init
HAL_NVIC_SetPriority
HAL_NVIC_EnableIRQ
HAL_GPIO_DeInit
HAL_NVIC_DisableIRQ
USBD_LL_SetupStage
USBD_LL_DataOutStage
USBD_LL_DataInStage
USBD_LL_SOF
USBD_LL_SetSpeed
USBD_LL_Reset
Error_Handler
USBD_LL_Suspend
USBD_LL_Resume
USBD_LL_IsoOUTIncomplete
USBD_LL_IsoINIncomplete
USBD_LL_DevConnected
USBD_LL_DevDisconnected
HAL_PWREx_EnableVddUSB
HAL_PCD_Init
HAL_PCDEx_PMAConfig
HAL_PCD_DeInit
HAL_PCD_Start
HAL_PCD_Stop
HAL_PCD_EP_Open
HAL_PCD_EP_Close
HAL_PCD_EP_Flush
HAL_PCD_EP_SetStall
HAL_PCD_EP_ClrStall
HAL_PCD_SetAddress
HAL_PCD_EP_Transmit
HAL_PCD_EP_Receive
ARM GAS  C:\Users\Nathan\AppData\Local\Temp\ccak25ce.s 			page 16


HAL_PCD_EP_GetRxCount
HAL_Delay
